0810  A9 93       LDA #$93
0812  20 D2 FF    JSR $FFD2
0815  A9 00       LDA #$00
0817  8D 20 D0    STA $D020
081A  A9 06       LDA #$06
081C  8D 21 D0    STA $D021
081F  A9 01       LDA #$01
0821  8D 86 02    STA $0286
0824  A2 00       LDX #$00
0826        printat_loop_0:
0826  BD DF 08    LDA str_screen_0,X
0829  F0 0C       BEQ printat_done_1
082B  9D 00 04    STA $0400,X
082E  A9 01       LDA #$01
0830  9D 00 D8    STA $D800,X
0833  E8          INX
0834  4C 26 08    JMP printat_loop_0
0837        printat_done_1:
0837  A2 00       LDX #$00
0839        printat_loop_2:
0839  BD F4 08    LDA str_screen_1,X
083C  F0 0C       BEQ printat_done_3
083E  9D 50 04    STA $0450,X
0841  A9 01       LDA #$01
0843  9D 50 D8    STA $D850,X
0846  E8          INX
0847  4C 39 08    JMP printat_loop_2
084A        printat_done_3:
084A  A2 00       LDX #$00
084C        printat_loop_4:
084C  BD 13 09    LDA str_screen_2,X
084F  F0 0C       BEQ printat_done_5
0851  9D A0 04    STA $04A0,X
0854  A9 01       LDA #$01
0856  9D A0 D8    STA $D8A0,X
0859  E8          INX
085A  4C 4C 08    JMP printat_loop_4
085D        printat_done_5:
085D  A2 00       LDX #$00
085F        printat_loop_6:
085F  BD 32 09    LDA str_screen_3,X
0862  F0 0C       BEQ printat_done_7
0864  9D F0 04    STA $04F0,X
0867  A9 01       LDA #$01
0869  9D F0 D8    STA $D8F0,X
086C  E8          INX
086D  4C 5F 08    JMP printat_loop_6
0870        printat_done_7:
0870  78          SEI
0871  A9 00       LDA #$00
0873  85 FB       STA $FB
0875  A9 01       LDA #$01
0877  8D 1A D0    STA $D01A
087A  A9 01       LDA #$01
087C  8D 19 D0    STA $D019
087F  A9 F5       LDA #$F5
0881  8D 12 D0    STA $D012
0884  AD 11 D0    LDA $D011
0887  29 7F       AND #$7F
0889  8D 11 D0    STA $D011
088C  A9 9F       LDA #<irq_dispatch
088E  8D 14 03    STA $0314
0891  A9 08       LDA #>irq_dispatch
0893  8D 15 03    STA $0315
0896  58          CLI
0897  A9 05       LDA #$05
0899  8D 01 C0    STA $C001
089C  4C DE 08    JMP program_end
            ; Raster IRQ dispatcher
089F        irq_dispatch:
089F  48          PHA
08A0  8A          TXA
08A1  48          PHA
08A2  98          TYA
08A3  48          PHA
08A4  A5 FB       LDA $FB
08A6  C9 00       CMP #$00
08A8  F0 03       BEQ irq_handler_0
08AA  4C AD 08    JMP irq_handler_0
08AD        irq_handler_0:
08AD  AD 01 C0    LDA $C001
08B0  18          CLC
08B1  69 01       ADC #$01
08B3  29 0F       AND #$0F
08B5  8D 01 C0    STA $C001
08B8  8D 20 D0    STA $D020
08BB  49 0F       EOR #$0F
08BD  8D 21 D0    STA $D021
08C0  A9 00       LDA #$00
08C2  85 FB       STA $FB
08C4  A9 F5       LDA #$F5
08C6  8D 12 D0    STA $D012
08C9  AD 11 D0    LDA $D011
08CC  29 7F       AND #$7F
08CE  8D 11 D0    STA $D011
08D1  A9 01       LDA #$01
08D3  8D 19 D0    STA $D019
08D6  68          PLA
08D7  A8          TAY
08D8  68          PLA
08D9  AA          TAX
08DA  68          PLA
08DB  4C 31 EA    JMP $EA31
08DE        program_end:
08DE  60          RTS
            ; String pool
08DF        str_screen_0:
08DF  0A 13 2D 03 36 34 20 16 09 03 05 20 13 08 0F 17 03 01 13 05 00 .byte $0A, $13, $2D, $03, $36, $34, $20, $16, $09, $03, $05, $20, $13, $08, $0F, $17, $03, $01, $13, $05, $00
08F4        str_screen_1:
08F4  09 12 11 20 04 05 0D 0F 20 12 15 0E 0E 09 0E 07 20 09 0E 20 02 01 03 0B 07 12 0F 15 0E 04 00 .byte $09, $12, $11, $20, $04, $05, $0D, $0F, $20, $12, $15, $0E, $0E, $09, $0E, $07, $20, $09, $0E, $20, $02, $01, $03, $0B, $07, $12, $0F, $15, $0E, $04, $00
0913        str_screen_2:
0913  12 05 01 04 19 20 13 08 0F 15 0C 04 20 12 05 0D 01 09 0E 20 12 05 13 10 0F 0E 13 09 16 05 00 .byte $12, $05, $01, $04, $19, $20, $13, $08, $0F, $15, $0C, $04, $20, $12, $05, $0D, $01, $09, $0E, $20, $12, $05, $13, $10, $0F, $0E, $13, $09, $16, $05, $00
0932        str_screen_3:
0932  02 0F 12 04 05 12 20 01 0E 04 20 02 07 20 0B 05 05 10 20 03 19 03 0C 09 0E 07 00 .byte $02, $0F, $12, $04, $05, $12, $20, $01, $0E, $04, $20, $02, $07, $20, $0B, $05, $05, $10, $20, $03, $19, $03, $0C, $09, $0E, $07, $00
