0810  A2 00       LDX #$00
0812        copydata_3000_sprite_frames_breakout_ball_0_63_0:
0812  BD 2C 14    LDA sprite_frames_breakout_ball_0,X
0815  9D 00 30    STA $3000,X
0818  E8          INX
0819  E0 3F       CPX #$3F
081B  D0 F5       BNE copydata_3000_sprite_frames_breakout_ball_0_63_0
081D  A9 00       LDA #$00
081F  8D 3F 30    STA $303F
0822  A2 00       LDX #$00
0824        copydata_3040_sprite_frames_breakout_ball_1_63_1:
0824  BD 6B 14    LDA sprite_frames_breakout_ball_1,X
0827  9D 40 30    STA $3040,X
082A  E8          INX
082B  E0 3F       CPX #$3F
082D  D0 F5       BNE copydata_3040_sprite_frames_breakout_ball_1_63_1
082F  A9 00       LDA #$00
0831  8D 7F 30    STA $307F
0834  A9 05       LDA #$05
0836  8D 00 C1    STA $C100
0839  A9 35       LDA #$35
083B  8D 01 C1    STA $C101
083E  A9 A0       LDA #$A0
0840  8D 00 C5    STA $C500
0843  A9 00       LDA #$00
0845  8D 01 C5    STA $C501
0848  A9 E6       LDA #$E6
084A  8D 02 C5    STA $C502
084D  A9 00       LDA #$00
084F  8D 03 C5    STA $C503
0852  A9 00       LDA #$00
0854  8D 04 C5    STA $C504
0857  A9 01       LDA #$01
0859  8D 05 C5    STA $C505
085C  20 D4 11    JSR runtime_sprite_sync_0
085F  A2 00       LDX #$00
0861        copydata_2000_sprite_data_0_0_63_2:
0861  BD AA 14    LDA sprite_data_0_0,X
0864  9D 00 20    STA $2000,X
0867  E8          INX
0868  E0 3F       CPX #$3F
086A  D0 F5       BNE copydata_2000_sprite_data_0_0_63_2
086C  A9 80       LDA #$80
086E  8D 04 C4    STA $C404
0871  AD 04 C4    LDA $C404
0874  8D F8 07    STA $07F8
0877  A9 07       LDA #$07
0879  8D 05 C4    STA $C405
087C  A9 07       LDA #$07
087E  8D 27 D0    STA $D027
0881  A9 A0       LDA #$A0
0883  8D 08 C5    STA $C508
0886  A9 00       LDA #$00
0888  8D 09 C5    STA $C509
088B  A9 96       LDA #$96
088D  8D 0A C5    STA $C50A
0890  A9 02       LDA #$02
0892  8D 0B C5    STA $C50B
0895  A9 FE       LDA #$FE
0897  8D 0C C5    STA $C50C
089A  A9 01       LDA #$01
089C  8D 0D C5    STA $C50D
089F  20 13 12    JSR runtime_sprite_sync_1
08A2  A9 C0       LDA #$C0
08A4  8D 0C C4    STA $C40C
08A7  AD 0C C4    LDA $C40C
08AA  8D F9 07    STA $07F9
08AD  A9 01       LDA #$01
08AF  8D 0D C4    STA $C40D
08B2  A9 01       LDA #$01
08B4  8D 28 D0    STA $D028
08B7  A9 00       LDA #$00
08B9  8D 08 C4    STA $C408
08BC  8D 09 C4    STA $C409
08BF  8D 0A C4    STA $C40A
08C2  8D 0B C4    STA $C40B
08C5  AD 08 C4    LDA $C408
08C8  C9 00       CMP #$00
08CA  D0 05       BNE sprite_play_start_1_0_3
08CC  AD 0B C4    LDA $C40B
08CF  D0 20       BNE sprite_play_done_1_0_4
08D1        sprite_play_start_1_0_3:
08D1  A9 00       LDA #$00
08D3  8D 08 C4    STA $C408
08D6  A9 00       LDA #$00
08D8  8D 09 C4    STA $C409
08DB  A9 00       LDA #$00
08DD  8D 0A C4    STA $C40A
08E0  A9 01       LDA #$01
08E2  8D 0B C4    STA $C40B
08E5  AD E9 14    LDA sprite_sequence_1_spin
08E8  8D 0C C4    STA $C40C
08EB  AD 0C C4    LDA $C40C
08EE  8D F9 07    STA $07F9
08F1        sprite_play_done_1_0_4:
08F1  A9 2D       LDA #$2D
08F3  8D 10 C5    STA $C510
08F6  A9 00       LDA #$00
08F8  8D 11 C5    STA $C511
08FB  A9 55       LDA #$55
08FD  8D 12 C5    STA $C512
0900  A9 00       LDA #$00
0902  8D 13 C5    STA $C513
0905  A9 00       LDA #$00
0907  8D 14 C5    STA $C514
090A  A9 01       LDA #$01
090C  8D 15 C5    STA $C515
090F  20 52 12    JSR runtime_sprite_sync_2
0912  A2 00       LDX #$00
0914        copydata_2080_sprite_data_2_1_63_5:
0914  BD EB 14    LDA sprite_data_2_1,X
0917  9D 80 20    STA $2080,X
091A  E8          INX
091B  E0 3F       CPX #$3F
091D  D0 F5       BNE copydata_2080_sprite_data_2_1_63_5
091F  A9 82       LDA #$82
0921  8D 14 C4    STA $C414
0924  AD 14 C4    LDA $C414
0927  8D FA 07    STA $07FA
092A  A9 02       LDA #$02
092C  8D 15 C4    STA $C415
092F  A9 02       LDA #$02
0931  8D 29 D0    STA $D029
0934  A9 69       LDA #$69
0936  8D 18 C5    STA $C518
0939  A9 00       LDA #$00
093B  8D 19 C5    STA $C519
093E  A9 55       LDA #$55
0940  8D 1A C5    STA $C51A
0943  A9 00       LDA #$00
0945  8D 1B C5    STA $C51B
0948  A9 00       LDA #$00
094A  8D 1C C5    STA $C51C
094D  A9 01       LDA #$01
094F  8D 1D C5    STA $C51D
0952  20 91 12    JSR runtime_sprite_sync_3
0955  A9 82       LDA #$82
0957  8D 1C C4    STA $C41C
095A  AD 1C C4    LDA $C41C
095D  8D FB 07    STA $07FB
0960  A9 08       LDA #$08
0962  8D 1D C4    STA $C41D
0965  A9 08       LDA #$08
0967  8D 2A D0    STA $D02A
096A  A9 A5       LDA #$A5
096C  8D 20 C5    STA $C520
096F  A9 00       LDA #$00
0971  8D 21 C5    STA $C521
0974  A9 55       LDA #$55
0976  8D 22 C5    STA $C522
0979  A9 00       LDA #$00
097B  8D 23 C5    STA $C523
097E  A9 00       LDA #$00
0980  8D 24 C5    STA $C524
0983  A9 01       LDA #$01
0985  8D 25 C5    STA $C525
0988  20 D0 12    JSR runtime_sprite_sync_4
098B  A9 82       LDA #$82
098D  8D 24 C4    STA $C424
0990  AD 24 C4    LDA $C424
0993  8D FC 07    STA $07FC
0996  A9 05       LDA #$05
0998  8D 25 C4    STA $C425
099B  A9 05       LDA #$05
099D  8D 2B D0    STA $D02B
09A0  A9 E1       LDA #$E1
09A2  8D 28 C5    STA $C528
09A5  A9 00       LDA #$00
09A7  8D 29 C5    STA $C529
09AA  A9 55       LDA #$55
09AC  8D 2A C5    STA $C52A
09AF  A9 00       LDA #$00
09B1  8D 2B C5    STA $C52B
09B4  A9 00       LDA #$00
09B6  8D 2C C5    STA $C52C
09B9  A9 01       LDA #$01
09BB  8D 2D C5    STA $C52D
09BE  20 0F 13    JSR runtime_sprite_sync_5
09C1  A9 82       LDA #$82
09C3  8D 2C C4    STA $C42C
09C6  AD 2C C4    LDA $C42C
09C9  8D FD 07    STA $07FD
09CC  A9 03       LDA #$03
09CE  8D 2D C4    STA $C42D
09D1  A9 03       LDA #$03
09D3  8D 2C D0    STA $D02C
09D6  A9 1D       LDA #$1D
09D8  8D 30 C5    STA $C530
09DB  A9 01       LDA #$01
09DD  8D 31 C5    STA $C531
09E0  A9 55       LDA #$55
09E2  8D 32 C5    STA $C532
09E5  A9 00       LDA #$00
09E7  8D 33 C5    STA $C533
09EA  A9 00       LDA #$00
09EC  8D 34 C5    STA $C534
09EF  A9 01       LDA #$01
09F1  8D 35 C5    STA $C535
09F4  20 4E 13    JSR runtime_sprite_sync_6
09F7  A9 82       LDA #$82
09F9  8D 34 C4    STA $C434
09FC  AD 34 C4    LDA $C434
09FF  8D FE 07    STA $07FE
0A02  A9 04       LDA #$04
0A04  8D 35 C4    STA $C435
0A07  A9 04       LDA #$04
0A09  8D 2D D0    STA $D02D
0A0C  A9 93       LDA #$93
0A0E  20 D2 FF    JSR $FFD2
0A11  A9 00       LDA #$00
0A13  8D 20 D0    STA $D020
0A16  A9 06       LDA #$06
0A18  8D 21 D0    STA $D021
0A1B  A9 01       LDA #$01
0A1D  8D 86 02    STA $0286
0A20  A2 00       LDX #$00
0A22        printat_loop_6:
0A22  BD 07 14    LDA str_screen_0,X
0A25  F0 0B       BEQ printat_done_7
0A27  9D 00 04    STA $0400,X
0A2A  A9 01       LDA #$01
0A2C  9D 00 D8    STA $D800,X
0A2F  E8          INX
0A30  D0 F0       BNE printat_loop_6
0A32        printat_done_7:
0A32  A2 00       LDX #$00
0A34        printat_loop_8:
0A34  BD 22 14    LDA str_screen_1,X
0A37  F0 0B       BEQ printat_done_9
0A39  9D 28 04    STA $0428,X
0A3C  A9 01       LDA #$01
0A3E  9D 28 D8    STA $D828,X
0A41  E8          INX
0A42  D0 F0       BNE printat_loop_8
0A44        printat_done_9:
0A44  A9 0C       LDA #$0C
0A46  8D 18 D4    STA $D418
            ; Deterministic game frame loop
0A49  A9 00       LDA #$00
0A4B  8D 6A C7    STA $C76A
0A4E  A9 00       LDA #$00
0A50  8D 6B C7    STA $C76B
0A53  A9 00       LDA #$00
0A55  8D 70 C7    STA $C770
0A58  A9 FF       LDA #$FF
0A5A  8D 67 C7    STA $C767
0A5D  A9 FF       LDA #$FF
0A5F  8D 69 C7    STA $C769
0A62  A9 3C       LDA #$3C
0A64  8D 6F C7    STA $C76F
0A67        game_video_detect_low:
0A67  AD 11 D0    LDA $D011
0A6A  30 FB       BMI game_video_detect_low
0A6C        game_video_detect_high:
0A6C  AD 11 D0    LDA $D011
0A6F  10 FB       BPL game_video_detect_high
0A71        game_video_detect_scan:
0A71  AD 11 D0    LDA $D011
0A74  10 0F       BPL game_video_detect_done
0A76  AD 12 D0    LDA $D012
0A79  C9 20       CMP #$20
0A7B  B0 03       BCS game_video_detect_pal
0A7D  4C 71 0A    JMP game_video_detect_scan
0A80        game_video_detect_pal:
0A80  A9 32       LDA #$32
0A82  8D 6F C7    STA $C76F
0A85        game_video_detect_done:
0A85        game_frame_loop:
0A85        game_frame_wait_leave:
0A85  AD 11 D0    LDA $D011
0A88  30 FB       BMI game_frame_wait_leave
0A8A  AD 12 D0    LDA $D012
0A8D  C9 F0       CMP #$F0
0A8F  B0 F4       BCS game_frame_wait_leave
0A91        game_frame_wait_target:
0A91  AD 11 D0    LDA $D011
0A94  30 07       BMI game_frame_target_reached
0A96  AD 12 D0    LDA $D012
0A99  C9 F0       CMP #$F0
0A9B  90 F4       BCC game_frame_wait_target
0A9D        game_frame_target_reached:
0A9D  18          CLC
0A9E  AD 70 C7    LDA $C770
0AA1  69 32       ADC #$32
0AA3  8D 70 C7    STA $C770
0AA6  CD 6F C7    CMP $C76F
0AA9  B0 03       BCS game_frame_logical_tick
0AAB  4C 85 0A    JMP game_frame_loop
0AAE        game_frame_logical_tick:
0AAE  38          SEC
0AAF  AD 70 C7    LDA $C770
0AB2  ED 6F C7    SBC $C76F
0AB5  8D 70 C7    STA $C770
0AB8  AD 67 C7    LDA $C767
0ABB  8D 69 C7    STA $C769
0ABE  AD 00 DC    LDA $DC00
0AC1  8D 67 C7    STA $C767
0AC4  EE 6A C7    INC $C76A
0AC7  D0 03       BNE game_frame_counter_done_10
0AC9  EE 6B C7    INC $C76B
0ACC        game_frame_counter_done_10:
0ACC  A9 00       LDA #$00
0ACE  8D 03 C5    STA $C503
0AD1  A9 00       LDA #$00
0AD3  8D 04 C5    STA $C504
0AD6  AD 67 C7    LDA $C767
0AD9  29 04       AND #$04
0ADB  F0 03       BEQ condition_pass_12
0ADD  4C ED 0A    JMP control_if_else_11
0AE0        condition_pass_12:
0AE0  A9 FC       LDA #$FC
0AE2  8D 03 C5    STA $C503
0AE5  A9 00       LDA #$00
0AE7  8D 04 C5    STA $C504
0AEA  4C ED 0A    JMP control_if_end_11
0AED        control_if_else_11:
0AED        control_if_end_11:
0AED  AD 67 C7    LDA $C767
0AF0  29 08       AND #$08
0AF2  F0 03       BEQ condition_pass_14
0AF4  4C 04 0B    JMP control_if_else_13
0AF7        condition_pass_14:
0AF7  A9 04       LDA #$04
0AF9  8D 03 C5    STA $C503
0AFC  A9 00       LDA #$00
0AFE  8D 04 C5    STA $C504
0B01  4C 04 0B    JMP control_if_end_13
0B04        control_if_else_13:
0B04        control_if_end_13:
0B04  AD 05 C5    LDA $C505
0B07  D0 03       BNE sprite_update_active_0_16
0B09  4C AA 0B    JMP sprite_update_inactive_0_15
0B0C        sprite_update_active_0_16:
0B0C  18          CLC
0B0D  AD 00 C5    LDA $C500
0B10  6D 03 C5    ADC $C503
0B13  8D 00 C5    STA $C500
0B16  AD 03 C5    LDA $C503
0B19  10 08       BPL sprite_vx_positive_17
0B1B  AD 01 C5    LDA $C501
0B1E  69 FF       ADC #$FF
0B20  4C 28 0B    JMP sprite_vx_done_17
0B23        sprite_vx_positive_17:
0B23  AD 01 C5    LDA $C501
0B26  69 00       ADC #$00
0B28        sprite_vx_done_17:
0B28  8D 01 C5    STA $C501
0B2B  AD 04 C5    LDA $C504
0B2E  10 0C       BPL sprite_vy_positive_18
0B30  18          CLC
0B31  AD 02 C5    LDA $C502
0B34  6D 04 C5    ADC $C504
0B37  90 12       BCC sprite_vy_clamp_min_18
0B39  4C 45 0B    JMP sprite_vy_store_18
0B3C        sprite_vy_positive_18:
0B3C  18          CLC
0B3D  AD 02 C5    LDA $C502
0B40  6D 04 C5    ADC $C504
0B43  B0 0E       BCS sprite_vy_clamp_max_18
0B45        sprite_vy_store_18:
0B45  8D 02 C5    STA $C502
0B48  4C 58 0B    JMP sprite_vy_done_18
0B4B        sprite_vy_clamp_min_18:
0B4B  A9 E6       LDA #$E6
0B4D  8D 02 C5    STA $C502
0B50  4C 58 0B    JMP sprite_vy_done_18
0B53        sprite_vy_clamp_max_18:
0B53  A9 E6       LDA #$E6
0B55  8D 02 C5    STA $C502
0B58        sprite_vy_done_18:
0B58  AD 01 C5    LDA $C501
0B5B  30 0D       BMI sprite_x_clamp_min_19
0B5D  C9 00       CMP #$00
0B5F  90 09       BCC sprite_x_clamp_min_19
0B61  D0 11       BNE sprite_x_min_ok_19
0B63  AD 00 C5    LDA $C500
0B66  C9 18       CMP #$18
0B68  B0 0A       BCS sprite_x_min_ok_19
0B6A        sprite_x_clamp_min_19:
0B6A  A9 18       LDA #$18
0B6C  8D 00 C5    STA $C500
0B6F  A9 00       LDA #$00
0B71  8D 01 C5    STA $C501
0B74        sprite_x_min_ok_19:
0B74  AD 01 C5    LDA $C501
0B77  C9 01       CMP #$01
0B79  90 15       BCC sprite_x_max_ok_19
0B7B  D0 09       BNE sprite_x_clamp_max_19
0B7D  AD 00 C5    LDA $C500
0B80  C9 40       CMP #$40
0B82  90 0C       BCC sprite_x_max_ok_19
0B84  F0 0A       BEQ sprite_x_max_ok_19
0B86        sprite_x_clamp_max_19:
0B86  A9 40       LDA #$40
0B88  8D 00 C5    STA $C500
0B8B  A9 01       LDA #$01
0B8D  8D 01 C5    STA $C501
0B90        sprite_x_max_ok_19:
0B90  AD 02 C5    LDA $C502
0B93  C9 E6       CMP #$E6
0B95  B0 05       BCS sprite_y_min_ok_19
0B97  A9 E6       LDA #$E6
0B99  8D 02 C5    STA $C502
0B9C        sprite_y_min_ok_19:
0B9C  AD 02 C5    LDA $C502
0B9F  C9 E6       CMP #$E6
0BA1  90 07       BCC sprite_y_max_ok_19
0BA3  F0 05       BEQ sprite_y_max_ok_19
0BA5  A9 E6       LDA #$E6
0BA7  8D 02 C5    STA $C502
0BAA        sprite_y_max_ok_19:
0BAA        sprite_update_inactive_0_15:
0BAA  20 D4 11    JSR runtime_sprite_sync_0
0BAD  AD 0D C5    LDA $C50D
0BB0  D0 03       BNE sprite_update_active_1_21
0BB2  4C 65 0C    JMP sprite_update_inactive_1_20
0BB5        sprite_update_active_1_21:
0BB5  18          CLC
0BB6  AD 08 C5    LDA $C508
0BB9  6D 0B C5    ADC $C50B
0BBC  8D 08 C5    STA $C508
0BBF  AD 0B C5    LDA $C50B
0BC2  10 08       BPL sprite_vx_positive_22
0BC4  AD 09 C5    LDA $C509
0BC7  69 FF       ADC #$FF
0BC9  4C D1 0B    JMP sprite_vx_done_22
0BCC        sprite_vx_positive_22:
0BCC  AD 09 C5    LDA $C509
0BCF  69 00       ADC #$00
0BD1        sprite_vx_done_22:
0BD1  8D 09 C5    STA $C509
0BD4  AD 0C C5    LDA $C50C
0BD7  10 0C       BPL sprite_vy_positive_23
0BD9  18          CLC
0BDA  AD 0A C5    LDA $C50A
0BDD  6D 0C C5    ADC $C50C
0BE0  90 12       BCC sprite_vy_clamp_min_23
0BE2  4C EE 0B    JMP sprite_vy_store_23
0BE5        sprite_vy_positive_23:
0BE5  18          CLC
0BE6  AD 0A C5    LDA $C50A
0BE9  6D 0C C5    ADC $C50C
0BEC  B0 0E       BCS sprite_vy_clamp_max_23
0BEE        sprite_vy_store_23:
0BEE  8D 0A C5    STA $C50A
0BF1  4C 01 0C    JMP sprite_vy_done_23
0BF4        sprite_vy_clamp_min_23:
0BF4  A9 37       LDA #$37
0BF6  8D 0A C5    STA $C50A
0BF9  4C 01 0C    JMP sprite_vy_done_23
0BFC        sprite_vy_clamp_max_23:
0BFC  A9 FA       LDA #$FA
0BFE  8D 0A C5    STA $C50A
0C01        sprite_vy_done_23:
0C01  AD 09 C5    LDA $C509
0C04  30 0D       BMI sprite_x_clamp_min_24
0C06  C9 00       CMP #$00
0C08  90 09       BCC sprite_x_clamp_min_24
0C0A  D0 1A       BNE sprite_x_min_ok_24
0C0C  AD 08 C5    LDA $C508
0C0F  C9 18       CMP #$18
0C11  B0 13       BCS sprite_x_min_ok_24
0C13        sprite_x_clamp_min_24:
0C13  A9 18       LDA #$18
0C15  8D 08 C5    STA $C508
0C18  A9 00       LDA #$00
0C1A  8D 09 C5    STA $C509
0C1D  A9 00       LDA #$00
0C1F  38          SEC
0C20  ED 0B C5    SBC $C50B
0C23  8D 0B C5    STA $C50B
0C26        sprite_x_min_ok_24:
0C26  AD 09 C5    LDA $C509
0C29  C9 01       CMP #$01
0C2B  90 1E       BCC sprite_x_max_ok_24
0C2D  D0 09       BNE sprite_x_clamp_max_24
0C2F  AD 08 C5    LDA $C508
0C32  C9 50       CMP #$50
0C34  90 15       BCC sprite_x_max_ok_24
0C36  F0 13       BEQ sprite_x_max_ok_24
0C38        sprite_x_clamp_max_24:
0C38  A9 50       LDA #$50
0C3A  8D 08 C5    STA $C508
0C3D  A9 01       LDA #$01
0C3F  8D 09 C5    STA $C509
0C42  A9 00       LDA #$00
0C44  38          SEC
0C45  ED 0B C5    SBC $C50B
0C48  8D 0B C5    STA $C50B
0C4B        sprite_x_max_ok_24:
0C4B  AD 0A C5    LDA $C50A
0C4E  C9 37       CMP #$37
0C50  B0 05       BCS sprite_y_min_ok_24
0C52  A9 37       LDA #$37
0C54  8D 0A C5    STA $C50A
0C57        sprite_y_min_ok_24:
0C57  AD 0A C5    LDA $C50A
0C5A  C9 FA       CMP #$FA
0C5C  90 07       BCC sprite_y_max_ok_24
0C5E  F0 05       BEQ sprite_y_max_ok_24
0C60  A9 FA       LDA #$FA
0C62  8D 0A C5    STA $C50A
0C65        sprite_y_max_ok_24:
0C65        sprite_update_inactive_1_20:
0C65  AD 0B C4    LDA $C40B
0C68  D0 03       BNE sprite_anim_active_1_26
0C6A  4C A7 0C    JMP sprite_anim_done_1_25
0C6D        sprite_anim_active_1_26:
0C6D  AD 08 C4    LDA $C408
0C70  C9 00       CMP #$00
0C72  D0 33       BNE sprite_anim_next_seq_1_0_27
0C74  EE 0A C4    INC $C40A
0C77  AD 0A C4    LDA $C40A
0C7A  C9 04       CMP #$04
0C7C  B0 03       BCS sprite_anim_advance_1_0_28
0C7E  4C A7 0C    JMP sprite_anim_done_1_25
0C81        sprite_anim_advance_1_0_28:
0C81  A9 00       LDA #$00
0C83  8D 0A C4    STA $C40A
0C86  EE 09 C4    INC $C409
0C89  AD 09 C4    LDA $C409
0C8C  C9 02       CMP #$02
0C8E  90 05       BCC sprite_anim_pos_ok_1_0_29
0C90  A9 00       LDA #$00
0C92  8D 09 C4    STA $C409
0C95        sprite_anim_pos_ok_1_0_29:
0C95  AE 09 C4    LDX $C409
0C98  BD E9 14    LDA sprite_sequence_1_spin,X
0C9B  8D 0C C4    STA $C40C
0C9E  AD 0C C4    LDA $C40C
0CA1  8D F9 07    STA $07F9
0CA4  4C A7 0C    JMP sprite_anim_done_1_25
0CA7        sprite_anim_next_seq_1_0_27:
0CA7        sprite_anim_done_1_25:
0CA7  20 13 12    JSR runtime_sprite_sync_1
0CAA  AD 0A C5    LDA $C50A
0CAD  C9 37       CMP #$37
0CAF  90 05       BCC condition_pass_31
0CB1  F0 03       BEQ condition_pass_31
0CB3  4C BE 0C    JMP control_if_else_30
0CB6        condition_pass_31:
0CB6  A9 02       LDA #$02
0CB8  8D 0C C5    STA $C50C
0CBB  4C BE 0C    JMP control_if_end_30
0CBE        control_if_else_30:
0CBE        control_if_end_30:
0CBE  AD 0D C5    LDA $C50D
0CC1  D0 03       BNE aabb_a_active_34
0CC3  4C 62 0D    JMP control_if_else_32
0CC6        aabb_a_active_34:
0CC6  AD 05 C5    LDA $C505
0CC9  D0 03       BNE aabb_b_active_35
0CCB  4C 62 0D    JMP control_if_else_32
0CCE        aabb_b_active_35:
0CCE  18          CLC
0CCF  AD 08 C5    LDA $C508
0CD2  69 00       ADC #$00
0CD4  8D A0 C7    STA $C7A0
0CD7  AD 09 C5    LDA $C509
0CDA  69 00       ADC #$00
0CDC  8D A1 C7    STA $C7A1
0CDF  18          CLC
0CE0  AD 08 C5    LDA $C508
0CE3  69 08       ADC #$08
0CE5  8D A2 C7    STA $C7A2
0CE8  AD 09 C5    LDA $C509
0CEB  69 00       ADC #$00
0CED  8D A3 C7    STA $C7A3
0CF0  18          CLC
0CF1  AD 00 C5    LDA $C500
0CF4  69 00       ADC #$00
0CF6  8D A4 C7    STA $C7A4
0CF9  AD 01 C5    LDA $C501
0CFC  69 00       ADC #$00
0CFE  8D A5 C7    STA $C7A5
0D01  18          CLC
0D02  AD 00 C5    LDA $C500
0D05  69 18       ADC #$18
0D07  8D A6 C7    STA $C7A6
0D0A  AD 01 C5    LDA $C501
0D0D  69 00       ADC #$00
0D0F  8D A7 C7    STA $C7A7
0D12  18          CLC
0D13  AD 0A C5    LDA $C50A
0D16  69 00       ADC #$00
0D18  8D A8 C7    STA $C7A8
0D1B  A9 00       LDA #$00
0D1D  69 00       ADC #$00
0D1F  8D A9 C7    STA $C7A9
0D22  18          CLC
0D23  AD 0A C5    LDA $C50A
0D26  69 08       ADC #$08
0D28  8D AA C7    STA $C7AA
0D2B  A9 00       LDA #$00
0D2D  69 00       ADC #$00
0D2F  8D AB C7    STA $C7AB
0D32  18          CLC
0D33  AD 02 C5    LDA $C502
0D36  69 00       ADC #$00
0D38  8D AC C7    STA $C7AC
0D3B  A9 00       LDA #$00
0D3D  69 00       ADC #$00
0D3F  8D AD C7    STA $C7AD
0D42  18          CLC
0D43  AD 02 C5    LDA $C502
0D46  69 05       ADC #$05
0D48  8D AE C7    STA $C7AE
0D4B  A9 00       LDA #$00
0D4D  69 00       ADC #$00
0D4F  8D AF C7    STA $C7AF
0D52  20 8D 13    JSR runtime_sprite_aabb_compare
0D55  D0 03       BNE sprite_aabb_pass_36
0D57  4C 62 0D    JMP control_if_else_32
0D5A        sprite_aabb_pass_36:
0D5A  A9 FE       LDA #$FE
0D5C  8D 0C C5    STA $C50C
0D5F  4C 62 0D    JMP control_if_end_32
0D62        control_if_else_32:
0D62        control_if_end_32:
0D62  AD 0A C5    LDA $C50A
0D65  C9 FA       CMP #$FA
0D67  B0 03       BCS condition_pass_38
0D69  4C 8B 0D    JMP control_if_else_37
0D6C        condition_pass_38:
0D6C  A9 A0       LDA #$A0
0D6E  8D 08 C5    STA $C508
0D71  A9 00       LDA #$00
0D73  8D 09 C5    STA $C509
0D76  A9 96       LDA #$96
0D78  8D 0A C5    STA $C50A
0D7B  20 13 12    JSR runtime_sprite_sync_1
0D7E  A9 02       LDA #$02
0D80  8D 0B C5    STA $C50B
0D83  A9 FE       LDA #$FE
0D85  8D 0C C5    STA $C50C
0D88  4C 8B 0D    JMP control_if_end_37
0D8B        control_if_else_37:
0D8B        control_if_end_37:
0D8B  AD 0D C5    LDA $C50D
0D8E  D0 03       BNE aabb_a_active_41
0D90  4C 5B 0E    JMP control_if_else_39
0D93        aabb_a_active_41:
0D93  AD 15 C5    LDA $C515
0D96  D0 03       BNE aabb_b_active_42
0D98  4C 5B 0E    JMP control_if_else_39
0D9B        aabb_b_active_42:
0D9B  18          CLC
0D9C  AD 08 C5    LDA $C508
0D9F  69 00       ADC #$00
0DA1  8D A0 C7    STA $C7A0
0DA4  AD 09 C5    LDA $C509
0DA7  69 00       ADC #$00
0DA9  8D A1 C7    STA $C7A1
0DAC  18          CLC
0DAD  AD 08 C5    LDA $C508
0DB0  69 08       ADC #$08
0DB2  8D A2 C7    STA $C7A2
0DB5  AD 09 C5    LDA $C509
0DB8  69 00       ADC #$00
0DBA  8D A3 C7    STA $C7A3
0DBD  18          CLC
0DBE  AD 10 C5    LDA $C510
0DC1  69 00       ADC #$00
0DC3  8D A4 C7    STA $C7A4
0DC6  AD 11 C5    LDA $C511
0DC9  69 00       ADC #$00
0DCB  8D A5 C7    STA $C7A5
0DCE  18          CLC
0DCF  AD 10 C5    LDA $C510
0DD2  69 18       ADC #$18
0DD4  8D A6 C7    STA $C7A6
0DD7  AD 11 C5    LDA $C511
0DDA  69 00       ADC #$00
0DDC  8D A7 C7    STA $C7A7
0DDF  18          CLC
0DE0  AD 0A C5    LDA $C50A
0DE3  69 00       ADC #$00
0DE5  8D A8 C7    STA $C7A8
0DE8  A9 00       LDA #$00
0DEA  69 00       ADC #$00
0DEC  8D A9 C7    STA $C7A9
0DEF  18          CLC
0DF0  AD 0A C5    LDA $C50A
0DF3  69 08       ADC #$08
0DF5  8D AA C7    STA $C7AA
0DF8  A9 00       LDA #$00
0DFA  69 00       ADC #$00
0DFC  8D AB C7    STA $C7AB
0DFF  18          CLC
0E00  AD 12 C5    LDA $C512
0E03  69 00       ADC #$00
0E05  8D AC C7    STA $C7AC
0E08  A9 00       LDA #$00
0E0A  69 00       ADC #$00
0E0C  8D AD C7    STA $C7AD
0E0F  18          CLC
0E10  AD 12 C5    LDA $C512
0E13  69 07       ADC #$07
0E15  8D AE C7    STA $C7AE
0E18  A9 00       LDA #$00
0E1A  69 00       ADC #$00
0E1C  8D AF C7    STA $C7AF
0E1F  20 8D 13    JSR runtime_sprite_aabb_compare
0E22  D0 03       BNE sprite_aabb_pass_43
0E24  4C 5B 0E    JMP control_if_else_39
0E27        sprite_aabb_pass_43:
0E27  A9 00       LDA #$00
0E29  8D 15 C5    STA $C515
0E2C  20 52 12    JSR runtime_sprite_sync_2
0E2F  A9 00       LDA #$00
0E31  38          SEC
0E32  ED 0C C5    SBC $C50C
0E35  8D 0C C5    STA $C50C
0E38  CE 00 C1    DEC $C100
0E3B  AD 00 C1    LDA $C100
0E3E  8D 01 C1    STA $C101
0E41  AD 01 C1    LDA $C101
0E44  18          CLC
0E45  69 30       ADC #$30
0E47  8D 01 C1    STA $C101
0E4A  AD 01 C1    LDA $C101
0E4D  8D 30 04    STA $0430
0E50  A9 0F       LDA #$0F
0E52  8D 18 D4    STA $D418
0E55  20 B0 11    JSR runtime_sid_click
0E58  4C 5B 0E    JMP control_if_end_39
0E5B        control_if_else_39:
0E5B        control_if_end_39:
0E5B  AD 0D C5    LDA $C50D
0E5E  D0 03       BNE aabb_a_active_46
0E60  4C 2B 0F    JMP control_if_else_44
0E63        aabb_a_active_46:
0E63  AD 1D C5    LDA $C51D
0E66  D0 03       BNE aabb_b_active_47
0E68  4C 2B 0F    JMP control_if_else_44
0E6B        aabb_b_active_47:
0E6B  18          CLC
0E6C  AD 08 C5    LDA $C508
0E6F  69 00       ADC #$00
0E71  8D A0 C7    STA $C7A0
0E74  AD 09 C5    LDA $C509
0E77  69 00       ADC #$00
0E79  8D A1 C7    STA $C7A1
0E7C  18          CLC
0E7D  AD 08 C5    LDA $C508
0E80  69 08       ADC #$08
0E82  8D A2 C7    STA $C7A2
0E85  AD 09 C5    LDA $C509
0E88  69 00       ADC #$00
0E8A  8D A3 C7    STA $C7A3
0E8D  18          CLC
0E8E  AD 18 C5    LDA $C518
0E91  69 00       ADC #$00
0E93  8D A4 C7    STA $C7A4
0E96  AD 19 C5    LDA $C519
0E99  69 00       ADC #$00
0E9B  8D A5 C7    STA $C7A5
0E9E  18          CLC
0E9F  AD 18 C5    LDA $C518
0EA2  69 18       ADC #$18
0EA4  8D A6 C7    STA $C7A6
0EA7  AD 19 C5    LDA $C519
0EAA  69 00       ADC #$00
0EAC  8D A7 C7    STA $C7A7
0EAF  18          CLC
0EB0  AD 0A C5    LDA $C50A
0EB3  69 00       ADC #$00
0EB5  8D A8 C7    STA $C7A8
0EB8  A9 00       LDA #$00
0EBA  69 00       ADC #$00
0EBC  8D A9 C7    STA $C7A9
0EBF  18          CLC
0EC0  AD 0A C5    LDA $C50A
0EC3  69 08       ADC #$08
0EC5  8D AA C7    STA $C7AA
0EC8  A9 00       LDA #$00
0ECA  69 00       ADC #$00
0ECC  8D AB C7    STA $C7AB
0ECF  18          CLC
0ED0  AD 1A C5    LDA $C51A
0ED3  69 00       ADC #$00
0ED5  8D AC C7    STA $C7AC
0ED8  A9 00       LDA #$00
0EDA  69 00       ADC #$00
0EDC  8D AD C7    STA $C7AD
0EDF  18          CLC
0EE0  AD 1A C5    LDA $C51A
0EE3  69 07       ADC #$07
0EE5  8D AE C7    STA $C7AE
0EE8  A9 00       LDA #$00
0EEA  69 00       ADC #$00
0EEC  8D AF C7    STA $C7AF
0EEF  20 8D 13    JSR runtime_sprite_aabb_compare
0EF2  D0 03       BNE sprite_aabb_pass_48
0EF4  4C 2B 0F    JMP control_if_else_44
0EF7        sprite_aabb_pass_48:
0EF7  A9 00       LDA #$00
0EF9  8D 1D C5    STA $C51D
0EFC  20 91 12    JSR runtime_sprite_sync_3
0EFF  A9 00       LDA #$00
0F01  38          SEC
0F02  ED 0C C5    SBC $C50C
0F05  8D 0C C5    STA $C50C
0F08  CE 00 C1    DEC $C100
0F0B  AD 00 C1    LDA $C100
0F0E  8D 01 C1    STA $C101
0F11  AD 01 C1    LDA $C101
0F14  18          CLC
0F15  69 30       ADC #$30
0F17  8D 01 C1    STA $C101
0F1A  AD 01 C1    LDA $C101
0F1D  8D 30 04    STA $0430
0F20  A9 0F       LDA #$0F
0F22  8D 18 D4    STA $D418
0F25  20 B0 11    JSR runtime_sid_click
0F28  4C 2B 0F    JMP control_if_end_44
0F2B        control_if_else_44:
0F2B        control_if_end_44:
0F2B  AD 0D C5    LDA $C50D
0F2E  D0 03       BNE aabb_a_active_51
0F30  4C FB 0F    JMP control_if_else_49
0F33        aabb_a_active_51:
0F33  AD 25 C5    LDA $C525
0F36  D0 03       BNE aabb_b_active_52
0F38  4C FB 0F    JMP control_if_else_49
0F3B        aabb_b_active_52:
0F3B  18          CLC
0F3C  AD 08 C5    LDA $C508
0F3F  69 00       ADC #$00
0F41  8D A0 C7    STA $C7A0
0F44  AD 09 C5    LDA $C509
0F47  69 00       ADC #$00
0F49  8D A1 C7    STA $C7A1
0F4C  18          CLC
0F4D  AD 08 C5    LDA $C508
0F50  69 08       ADC #$08
0F52  8D A2 C7    STA $C7A2
0F55  AD 09 C5    LDA $C509
0F58  69 00       ADC #$00
0F5A  8D A3 C7    STA $C7A3
0F5D  18          CLC
0F5E  AD 20 C5    LDA $C520
0F61  69 00       ADC #$00
0F63  8D A4 C7    STA $C7A4
0F66  AD 21 C5    LDA $C521
0F69  69 00       ADC #$00
0F6B  8D A5 C7    STA $C7A5
0F6E  18          CLC
0F6F  AD 20 C5    LDA $C520
0F72  69 18       ADC #$18
0F74  8D A6 C7    STA $C7A6
0F77  AD 21 C5    LDA $C521
0F7A  69 00       ADC #$00
0F7C  8D A7 C7    STA $C7A7
0F7F  18          CLC
0F80  AD 0A C5    LDA $C50A
0F83  69 00       ADC #$00
0F85  8D A8 C7    STA $C7A8
0F88  A9 00       LDA #$00
0F8A  69 00       ADC #$00
0F8C  8D A9 C7    STA $C7A9
0F8F  18          CLC
0F90  AD 0A C5    LDA $C50A
0F93  69 08       ADC #$08
0F95  8D AA C7    STA $C7AA
0F98  A9 00       LDA #$00
0F9A  69 00       ADC #$00
0F9C  8D AB C7    STA $C7AB
0F9F  18          CLC
0FA0  AD 22 C5    LDA $C522
0FA3  69 00       ADC #$00
0FA5  8D AC C7    STA $C7AC
0FA8  A9 00       LDA #$00
0FAA  69 00       ADC #$00
0FAC  8D AD C7    STA $C7AD
0FAF  18          CLC
0FB0  AD 22 C5    LDA $C522
0FB3  69 07       ADC #$07
0FB5  8D AE C7    STA $C7AE
0FB8  A9 00       LDA #$00
0FBA  69 00       ADC #$00
0FBC  8D AF C7    STA $C7AF
0FBF  20 8D 13    JSR runtime_sprite_aabb_compare
0FC2  D0 03       BNE sprite_aabb_pass_53
0FC4  4C FB 0F    JMP control_if_else_49
0FC7        sprite_aabb_pass_53:
0FC7  A9 00       LDA #$00
0FC9  8D 25 C5    STA $C525
0FCC  20 D0 12    JSR runtime_sprite_sync_4
0FCF  A9 00       LDA #$00
0FD1  38          SEC
0FD2  ED 0C C5    SBC $C50C
0FD5  8D 0C C5    STA $C50C
0FD8  CE 00 C1    DEC $C100
0FDB  AD 00 C1    LDA $C100
0FDE  8D 01 C1    STA $C101
0FE1  AD 01 C1    LDA $C101
0FE4  18          CLC
0FE5  69 30       ADC #$30
0FE7  8D 01 C1    STA $C101
0FEA  AD 01 C1    LDA $C101
0FED  8D 30 04    STA $0430
0FF0  A9 0F       LDA #$0F
0FF2  8D 18 D4    STA $D418
0FF5  20 B0 11    JSR runtime_sid_click
0FF8  4C FB 0F    JMP control_if_end_49
0FFB        control_if_else_49:
0FFB        control_if_end_49:
0FFB  AD 0D C5    LDA $C50D
0FFE  D0 03       BNE aabb_a_active_56
1000  4C CB 10    JMP control_if_else_54
1003        aabb_a_active_56:
1003  AD 2D C5    LDA $C52D
1006  D0 03       BNE aabb_b_active_57
1008  4C CB 10    JMP control_if_else_54
100B        aabb_b_active_57:
100B  18          CLC
100C  AD 08 C5    LDA $C508
100F  69 00       ADC #$00
1011  8D A0 C7    STA $C7A0
1014  AD 09 C5    LDA $C509
1017  69 00       ADC #$00
1019  8D A1 C7    STA $C7A1
101C  18          CLC
101D  AD 08 C5    LDA $C508
1020  69 08       ADC #$08
1022  8D A2 C7    STA $C7A2
1025  AD 09 C5    LDA $C509
1028  69 00       ADC #$00
102A  8D A3 C7    STA $C7A3
102D  18          CLC
102E  AD 28 C5    LDA $C528
1031  69 00       ADC #$00
1033  8D A4 C7    STA $C7A4
1036  AD 29 C5    LDA $C529
1039  69 00       ADC #$00
103B  8D A5 C7    STA $C7A5
103E  18          CLC
103F  AD 28 C5    LDA $C528
1042  69 18       ADC #$18
1044  8D A6 C7    STA $C7A6
1047  AD 29 C5    LDA $C529
104A  69 00       ADC #$00
104C  8D A7 C7    STA $C7A7
104F  18          CLC
1050  AD 0A C5    LDA $C50A
1053  69 00       ADC #$00
1055  8D A8 C7    STA $C7A8
1058  A9 00       LDA #$00
105A  69 00       ADC #$00
105C  8D A9 C7    STA $C7A9
105F  18          CLC
1060  AD 0A C5    LDA $C50A
1063  69 08       ADC #$08
1065  8D AA C7    STA $C7AA
1068  A9 00       LDA #$00
106A  69 00       ADC #$00
106C  8D AB C7    STA $C7AB
106F  18          CLC
1070  AD 2A C5    LDA $C52A
1073  69 00       ADC #$00
1075  8D AC C7    STA $C7AC
1078  A9 00       LDA #$00
107A  69 00       ADC #$00
107C  8D AD C7    STA $C7AD
107F  18          CLC
1080  AD 2A C5    LDA $C52A
1083  69 07       ADC #$07
1085  8D AE C7    STA $C7AE
1088  A9 00       LDA #$00
108A  69 00       ADC #$00
108C  8D AF C7    STA $C7AF
108F  20 8D 13    JSR runtime_sprite_aabb_compare
1092  D0 03       BNE sprite_aabb_pass_58
1094  4C CB 10    JMP control_if_else_54
1097        sprite_aabb_pass_58:
1097  A9 00       LDA #$00
1099  8D 2D C5    STA $C52D
109C  20 0F 13    JSR runtime_sprite_sync_5
109F  A9 00       LDA #$00
10A1  38          SEC
10A2  ED 0C C5    SBC $C50C
10A5  8D 0C C5    STA $C50C
10A8  CE 00 C1    DEC $C100
10AB  AD 00 C1    LDA $C100
10AE  8D 01 C1    STA $C101
10B1  AD 01 C1    LDA $C101
10B4  18          CLC
10B5  69 30       ADC #$30
10B7  8D 01 C1    STA $C101
10BA  AD 01 C1    LDA $C101
10BD  8D 30 04    STA $0430
10C0  A9 0F       LDA #$0F
10C2  8D 18 D4    STA $D418
10C5  20 B0 11    JSR runtime_sid_click
10C8  4C CB 10    JMP control_if_end_54
10CB        control_if_else_54:
10CB        control_if_end_54:
10CB  AD 0D C5    LDA $C50D
10CE  D0 03       BNE aabb_a_active_61
10D0  4C 9B 11    JMP control_if_else_59
10D3        aabb_a_active_61:
10D3  AD 35 C5    LDA $C535
10D6  D0 03       BNE aabb_b_active_62
10D8  4C 9B 11    JMP control_if_else_59
10DB        aabb_b_active_62:
10DB  18          CLC
10DC  AD 08 C5    LDA $C508
10DF  69 00       ADC #$00
10E1  8D A0 C7    STA $C7A0
10E4  AD 09 C5    LDA $C509
10E7  69 00       ADC #$00
10E9  8D A1 C7    STA $C7A1
10EC  18          CLC
10ED  AD 08 C5    LDA $C508
10F0  69 08       ADC #$08
10F2  8D A2 C7    STA $C7A2
10F5  AD 09 C5    LDA $C509
10F8  69 00       ADC #$00
10FA  8D A3 C7    STA $C7A3
10FD  18          CLC
10FE  AD 30 C5    LDA $C530
1101  69 00       ADC #$00
1103  8D A4 C7    STA $C7A4
1106  AD 31 C5    LDA $C531
1109  69 00       ADC #$00
110B  8D A5 C7    STA $C7A5
110E  18          CLC
110F  AD 30 C5    LDA $C530
1112  69 18       ADC #$18
1114  8D A6 C7    STA $C7A6
1117  AD 31 C5    LDA $C531
111A  69 00       ADC #$00
111C  8D A7 C7    STA $C7A7
111F  18          CLC
1120  AD 0A C5    LDA $C50A
1123  69 00       ADC #$00
1125  8D A8 C7    STA $C7A8
1128  A9 00       LDA #$00
112A  69 00       ADC #$00
112C  8D A9 C7    STA $C7A9
112F  18          CLC
1130  AD 0A C5    LDA $C50A
1133  69 08       ADC #$08
1135  8D AA C7    STA $C7AA
1138  A9 00       LDA #$00
113A  69 00       ADC #$00
113C  8D AB C7    STA $C7AB
113F  18          CLC
1140  AD 32 C5    LDA $C532
1143  69 00       ADC #$00
1145  8D AC C7    STA $C7AC
1148  A9 00       LDA #$00
114A  69 00       ADC #$00
114C  8D AD C7    STA $C7AD
114F  18          CLC
1150  AD 32 C5    LDA $C532
1153  69 07       ADC #$07
1155  8D AE C7    STA $C7AE
1158  A9 00       LDA #$00
115A  69 00       ADC #$00
115C  8D AF C7    STA $C7AF
115F  20 8D 13    JSR runtime_sprite_aabb_compare
1162  D0 03       BNE sprite_aabb_pass_63
1164  4C 9B 11    JMP control_if_else_59
1167        sprite_aabb_pass_63:
1167  A9 00       LDA #$00
1169  8D 35 C5    STA $C535
116C  20 4E 13    JSR runtime_sprite_sync_6
116F  A9 00       LDA #$00
1171  38          SEC
1172  ED 0C C5    SBC $C50C
1175  8D 0C C5    STA $C50C
1178  CE 00 C1    DEC $C100
117B  AD 00 C1    LDA $C100
117E  8D 01 C1    STA $C101
1181  AD 01 C1    LDA $C101
1184  18          CLC
1185  69 30       ADC #$30
1187  8D 01 C1    STA $C101
118A  AD 01 C1    LDA $C101
118D  8D 30 04    STA $0430
1190  A9 0F       LDA #$0F
1192  8D 18 D4    STA $D418
1195  20 B0 11    JSR runtime_sid_click
1198  4C 9B 11    JMP control_if_end_59
119B        control_if_else_59:
119B        control_if_end_59:
119B  AD 00 C1    LDA $C100
119E  C9 00       CMP #$00
11A0  F0 03       BEQ condition_pass_65
11A2  4C AD 11    JMP control_if_else_64
11A5        condition_pass_65:
11A5  A9 05       LDA #$05
11A7  8D 20 D0    STA $D020
11AA  4C AD 11    JMP control_if_end_64
11AD        control_if_else_64:
11AD        control_if_end_64:
11AD  4C 85 0A    JMP game_frame_loop
            ; Shared non-blocking SID click
11B0        runtime_sid_click:
11B0  A9 00       LDA #$00
11B2  8D 04 D4    STA $D404
11B5  A9 10       LDA #$10
11B7  8D 04 D4    STA $D404
11BA  A9 00       LDA #$00
11BC  8D 05 D4    STA $D405
11BF  A9 00       LDA #$00
11C1  8D 06 D4    STA $D406
11C4  A9 39       LDA #$39
11C6  8D 00 D4    STA $D400
11C9  A9 8B       LDA #$8B
11CB  8D 01 D4    STA $D401
11CE  A9 11       LDA #$11
11D0  8D 04 D4    STA $D404
11D3  60          RTS
            ; Shared VIC-II synchronization for sprite 0
11D4        runtime_sprite_sync_0:
11D4  AD 05 C5    LDA $C505
11D7  D0 0B       BNE sprite_runtime_active_0_66
11D9  AD 15 D0    LDA $D015
11DC  29 FE       AND #$FE
11DE  8D 15 D0    STA $D015
11E1  4C 12 12    JMP sprite_runtime_sync_done_0_69
11E4        sprite_runtime_active_0_66:
11E4  AD 15 D0    LDA $D015
11E7  09 01       ORA #$01
11E9  8D 15 D0    STA $D015
11EC  AD 00 C5    LDA $C500
11EF  8D 00 D0    STA $D000
11F2  AD 01 C5    LDA $C501
11F5  29 01       AND #$01
11F7  D0 0B       BNE sprite_runtime_xhigh_0_67
11F9  AD 10 D0    LDA $D010
11FC  29 FE       AND #$FE
11FE  8D 10 D0    STA $D010
1201  4C 0C 12    JMP sprite_runtime_xdone_0_68
1204        sprite_runtime_xhigh_0_67:
1204  AD 10 D0    LDA $D010
1207  09 01       ORA #$01
1209  8D 10 D0    STA $D010
120C        sprite_runtime_xdone_0_68:
120C  AD 02 C5    LDA $C502
120F  8D 01 D0    STA $D001
1212        sprite_runtime_sync_done_0_69:
1212  60          RTS
            ; Shared VIC-II synchronization for sprite 1
1213        runtime_sprite_sync_1:
1213  AD 0D C5    LDA $C50D
1216  D0 0B       BNE sprite_runtime_active_1_70
1218  AD 15 D0    LDA $D015
121B  29 FD       AND #$FD
121D  8D 15 D0    STA $D015
1220  4C 51 12    JMP sprite_runtime_sync_done_1_73
1223        sprite_runtime_active_1_70:
1223  AD 15 D0    LDA $D015
1226  09 02       ORA #$02
1228  8D 15 D0    STA $D015
122B  AD 08 C5    LDA $C508
122E  8D 02 D0    STA $D002
1231  AD 09 C5    LDA $C509
1234  29 01       AND #$01
1236  D0 0B       BNE sprite_runtime_xhigh_1_71
1238  AD 10 D0    LDA $D010
123B  29 FD       AND #$FD
123D  8D 10 D0    STA $D010
1240  4C 4B 12    JMP sprite_runtime_xdone_1_72
1243        sprite_runtime_xhigh_1_71:
1243  AD 10 D0    LDA $D010
1246  09 02       ORA #$02
1248  8D 10 D0    STA $D010
124B        sprite_runtime_xdone_1_72:
124B  AD 0A C5    LDA $C50A
124E  8D 03 D0    STA $D003
1251        sprite_runtime_sync_done_1_73:
1251  60          RTS
            ; Shared VIC-II synchronization for sprite 2
1252        runtime_sprite_sync_2:
1252  AD 15 C5    LDA $C515
1255  D0 0B       BNE sprite_runtime_active_2_74
1257  AD 15 D0    LDA $D015
125A  29 FB       AND #$FB
125C  8D 15 D0    STA $D015
125F  4C 90 12    JMP sprite_runtime_sync_done_2_77
1262        sprite_runtime_active_2_74:
1262  AD 15 D0    LDA $D015
1265  09 04       ORA #$04
1267  8D 15 D0    STA $D015
126A  AD 10 C5    LDA $C510
126D  8D 04 D0    STA $D004
1270  AD 11 C5    LDA $C511
1273  29 01       AND #$01
1275  D0 0B       BNE sprite_runtime_xhigh_2_75
1277  AD 10 D0    LDA $D010
127A  29 FB       AND #$FB
127C  8D 10 D0    STA $D010
127F  4C 8A 12    JMP sprite_runtime_xdone_2_76
1282        sprite_runtime_xhigh_2_75:
1282  AD 10 D0    LDA $D010
1285  09 04       ORA #$04
1287  8D 10 D0    STA $D010
128A        sprite_runtime_xdone_2_76:
128A  AD 12 C5    LDA $C512
128D  8D 05 D0    STA $D005
1290        sprite_runtime_sync_done_2_77:
1290  60          RTS
            ; Shared VIC-II synchronization for sprite 3
1291        runtime_sprite_sync_3:
1291  AD 1D C5    LDA $C51D
1294  D0 0B       BNE sprite_runtime_active_3_78
1296  AD 15 D0    LDA $D015
1299  29 F7       AND #$F7
129B  8D 15 D0    STA $D015
129E  4C CF 12    JMP sprite_runtime_sync_done_3_81
12A1        sprite_runtime_active_3_78:
12A1  AD 15 D0    LDA $D015
12A4  09 08       ORA #$08
12A6  8D 15 D0    STA $D015
12A9  AD 18 C5    LDA $C518
12AC  8D 06 D0    STA $D006
12AF  AD 19 C5    LDA $C519
12B2  29 01       AND #$01
12B4  D0 0B       BNE sprite_runtime_xhigh_3_79
12B6  AD 10 D0    LDA $D010
12B9  29 F7       AND #$F7
12BB  8D 10 D0    STA $D010
12BE  4C C9 12    JMP sprite_runtime_xdone_3_80
12C1        sprite_runtime_xhigh_3_79:
12C1  AD 10 D0    LDA $D010
12C4  09 08       ORA #$08
12C6  8D 10 D0    STA $D010
12C9        sprite_runtime_xdone_3_80:
12C9  AD 1A C5    LDA $C51A
12CC  8D 07 D0    STA $D007
12CF        sprite_runtime_sync_done_3_81:
12CF  60          RTS
            ; Shared VIC-II synchronization for sprite 4
12D0        runtime_sprite_sync_4:
12D0  AD 25 C5    LDA $C525
12D3  D0 0B       BNE sprite_runtime_active_4_82
12D5  AD 15 D0    LDA $D015
12D8  29 EF       AND #$EF
12DA  8D 15 D0    STA $D015
12DD  4C 0E 13    JMP sprite_runtime_sync_done_4_85
12E0        sprite_runtime_active_4_82:
12E0  AD 15 D0    LDA $D015
12E3  09 10       ORA #$10
12E5  8D 15 D0    STA $D015
12E8  AD 20 C5    LDA $C520
12EB  8D 08 D0    STA $D008
12EE  AD 21 C5    LDA $C521
12F1  29 01       AND #$01
12F3  D0 0B       BNE sprite_runtime_xhigh_4_83
12F5  AD 10 D0    LDA $D010
12F8  29 EF       AND #$EF
12FA  8D 10 D0    STA $D010
12FD  4C 08 13    JMP sprite_runtime_xdone_4_84
1300        sprite_runtime_xhigh_4_83:
1300  AD 10 D0    LDA $D010
1303  09 10       ORA #$10
1305  8D 10 D0    STA $D010
1308        sprite_runtime_xdone_4_84:
1308  AD 22 C5    LDA $C522
130B  8D 09 D0    STA $D009
130E        sprite_runtime_sync_done_4_85:
130E  60          RTS
            ; Shared VIC-II synchronization for sprite 5
130F        runtime_sprite_sync_5:
130F  AD 2D C5    LDA $C52D
1312  D0 0B       BNE sprite_runtime_active_5_86
1314  AD 15 D0    LDA $D015
1317  29 DF       AND #$DF
1319  8D 15 D0    STA $D015
131C  4C 4D 13    JMP sprite_runtime_sync_done_5_89
131F        sprite_runtime_active_5_86:
131F  AD 15 D0    LDA $D015
1322  09 20       ORA #$20
1324  8D 15 D0    STA $D015
1327  AD 28 C5    LDA $C528
132A  8D 0A D0    STA $D00A
132D  AD 29 C5    LDA $C529
1330  29 01       AND #$01
1332  D0 0B       BNE sprite_runtime_xhigh_5_87
1334  AD 10 D0    LDA $D010
1337  29 DF       AND #$DF
1339  8D 10 D0    STA $D010
133C  4C 47 13    JMP sprite_runtime_xdone_5_88
133F        sprite_runtime_xhigh_5_87:
133F  AD 10 D0    LDA $D010
1342  09 20       ORA #$20
1344  8D 10 D0    STA $D010
1347        sprite_runtime_xdone_5_88:
1347  AD 2A C5    LDA $C52A
134A  8D 0B D0    STA $D00B
134D        sprite_runtime_sync_done_5_89:
134D  60          RTS
            ; Shared VIC-II synchronization for sprite 6
134E        runtime_sprite_sync_6:
134E  AD 35 C5    LDA $C535
1351  D0 0B       BNE sprite_runtime_active_6_90
1353  AD 15 D0    LDA $D015
1356  29 BF       AND #$BF
1358  8D 15 D0    STA $D015
135B  4C 8C 13    JMP sprite_runtime_sync_done_6_93
135E        sprite_runtime_active_6_90:
135E  AD 15 D0    LDA $D015
1361  09 40       ORA #$40
1363  8D 15 D0    STA $D015
1366  AD 30 C5    LDA $C530
1369  8D 0C D0    STA $D00C
136C  AD 31 C5    LDA $C531
136F  29 01       AND #$01
1371  D0 0B       BNE sprite_runtime_xhigh_6_91
1373  AD 10 D0    LDA $D010
1376  29 BF       AND #$BF
1378  8D 10 D0    STA $D010
137B  4C 86 13    JMP sprite_runtime_xdone_6_92
137E        sprite_runtime_xhigh_6_91:
137E  AD 10 D0    LDA $D010
1381  09 40       ORA #$40
1383  8D 10 D0    STA $D010
1386        sprite_runtime_xdone_6_92:
1386  AD 32 C5    LDA $C532
1389  8D 0D D0    STA $D00D
138C        sprite_runtime_sync_done_6_93:
138C  60          RTS
            ; Shared strict AABB bounds comparison
138D        runtime_sprite_aabb_compare:
138D  AD A3 C7    LDA $C7A3
1390  CD A5 C7    CMP $C7A5
1393  F0 05       BEQ aabb_high_equal_runtime_0
1395  B0 13       BCS aabb_greater_runtime_0
1397  4C 04 14    JMP runtime_sprite_aabb_false
139A        aabb_high_equal_runtime_0:
139A  AD A2 C7    LDA $C7A2
139D  CD A4 C7    CMP $C7A4
13A0  D0 03       BNE aabb_low_not_equal_runtime_0
13A2  4C 04 14    JMP runtime_sprite_aabb_false
13A5        aabb_low_not_equal_runtime_0:
13A5  B0 03       BCS aabb_greater_runtime_0
13A7  4C 04 14    JMP runtime_sprite_aabb_false
13AA        aabb_greater_runtime_0:
13AA  AD A7 C7    LDA $C7A7
13AD  CD A1 C7    CMP $C7A1
13B0  F0 05       BEQ aabb_high_equal_runtime_1
13B2  B0 13       BCS aabb_greater_runtime_1
13B4  4C 04 14    JMP runtime_sprite_aabb_false
13B7        aabb_high_equal_runtime_1:
13B7  AD A6 C7    LDA $C7A6
13BA  CD A0 C7    CMP $C7A0
13BD  D0 03       BNE aabb_low_not_equal_runtime_1
13BF  4C 04 14    JMP runtime_sprite_aabb_false
13C2        aabb_low_not_equal_runtime_1:
13C2  B0 03       BCS aabb_greater_runtime_1
13C4  4C 04 14    JMP runtime_sprite_aabb_false
13C7        aabb_greater_runtime_1:
13C7  AD AB C7    LDA $C7AB
13CA  CD AD C7    CMP $C7AD
13CD  F0 05       BEQ aabb_high_equal_runtime_2
13CF  B0 13       BCS aabb_greater_runtime_2
13D1  4C 04 14    JMP runtime_sprite_aabb_false
13D4        aabb_high_equal_runtime_2:
13D4  AD AA C7    LDA $C7AA
13D7  CD AC C7    CMP $C7AC
13DA  D0 03       BNE aabb_low_not_equal_runtime_2
13DC  4C 04 14    JMP runtime_sprite_aabb_false
13DF        aabb_low_not_equal_runtime_2:
13DF  B0 03       BCS aabb_greater_runtime_2
13E1  4C 04 14    JMP runtime_sprite_aabb_false
13E4        aabb_greater_runtime_2:
13E4  AD AF C7    LDA $C7AF
13E7  CD A9 C7    CMP $C7A9
13EA  F0 05       BEQ aabb_high_equal_runtime_3
13EC  B0 13       BCS aabb_greater_runtime_3
13EE  4C 04 14    JMP runtime_sprite_aabb_false
13F1        aabb_high_equal_runtime_3:
13F1  AD AE C7    LDA $C7AE
13F4  CD A8 C7    CMP $C7A8
13F7  D0 03       BNE aabb_low_not_equal_runtime_3
13F9  4C 04 14    JMP runtime_sprite_aabb_false
13FC        aabb_low_not_equal_runtime_3:
13FC  B0 03       BCS aabb_greater_runtime_3
13FE  4C 04 14    JMP runtime_sprite_aabb_false
1401        aabb_greater_runtime_3:
1401  A9 01       LDA #$01
1403  60          RTS
1404        runtime_sprite_aabb_false:
1404  A9 00       LDA #$00
1406  60          RTS
            ; String pool
1407        str_screen_0:
1407  02 12 05 01 0B 0F 15 14 20 0D 09 0E 09 20 2D 20 0A 0F 19 13 14 09 03 0B 20 32 00 .byte $02, $12, $05, $01, $0B, $0F, $15, $14, $20, $0D, $09, $0E, $09, $20, $2D, $20, $0A, $0F, $19, $13, $14, $09, $03, $0B, $20, $32, $00
1422        str_screen_1:
1422  02 0C 0F 03 0B 13 3A 20 35 00 .byte $02, $0C, $0F, $03, $0B, $13, $3A, $20, $35, $00
            ; User data
142C        sprite_frames_breakout_ball_0:
142C  3C 00 00 7E 00 00 FF 00 00 FF 00 00 FF 00 00 FF 00 00 7E 00 00 3C 00 00 00 00 00 00 00 00 00 00 00 00 00 00 00 00 00 00 00 00 00 00 00 00 00 00 00 00 00 00 00 00 00 00 00 00 00 00 00 00 00 .byte $3C, $00, $00, $7E, $00, $00, $FF, $00, $00, $FF, $00, $00, $FF, $00, $00, $FF, $00, $00, $7E, $00, $00, $3C, $00, $00, $00, $00, $00, $00, $00, $00, $00, $00, $00, $00, $00, $00, $00, $00, $00, $00, $00, $00, $00, $00, $00, $00, $00, $00, $00, $00, $00, $00, $00, $00, $00, $00, $00, $00, $00, $00, $00, $00, $00
146B        sprite_frames_breakout_ball_1:
146B  1E 00 00 3F 00 00 FF 00 00 FF 00 00 FF 00 00 FF 00 00 3F 00 00 1E 00 00 00 00 00 00 00 00 00 00 00 00 00 00 00 00 00 00 00 00 00 00 00 00 00 00 00 00 00 00 00 00 00 00 00 00 00 00 00 00 00 .byte $1E, $00, $00, $3F, $00, $00, $FF, $00, $00, $FF, $00, $00, $FF, $00, $00, $FF, $00, $00, $3F, $00, $00, $1E, $00, $00, $00, $00, $00, $00, $00, $00, $00, $00, $00, $00, $00, $00, $00, $00, $00, $00, $00, $00, $00, $00, $00, $00, $00, $00, $00, $00, $00, $00, $00, $00, $00, $00, $00, $00, $00, $00, $00, $00, $00
14AA        sprite_data_0_0:
14AA  FF FF FF FF FF FF FF FF FF FF FF FF FF FF FF 00 00 00 00 00 00 00 00 00 00 00 00 00 00 00 00 00 00 00 00 00 00 00 00 00 00 00 00 00 00 00 00 00 00 00 00 00 00 00 00 00 00 00 00 00 00 00 00 .byte $FF, $FF, $FF, $FF, $FF, $FF, $FF, $FF, $FF, $FF, $FF, $FF, $FF, $FF, $FF, $00, $00, $00, $00, $00, $00, $00, $00, $00, $00, $00, $00, $00, $00, $00, $00, $00, $00, $00, $00, $00, $00, $00, $00, $00, $00, $00, $00, $00, $00, $00, $00, $00, $00, $00, $00, $00, $00, $00, $00, $00, $00, $00, $00, $00, $00, $00, $00
14E9        sprite_sequence_1_spin:
14E9  C0 C1       .byte $C0, $C1
14EB        sprite_data_2_1:
14EB  FF FF FF FF FF FF FF FF FF FF FF FF FF FF FF FF FF FF FF FF FF 00 00 00 00 00 00 00 00 00 00 00 00 00 00 00 00 00 00 00 00 00 00 00 00 00 00 00 00 00 00 00 00 00 00 00 00 00 00 00 00 00 00 .byte $FF, $FF, $FF, $FF, $FF, $FF, $FF, $FF, $FF, $FF, $FF, $FF, $FF, $FF, $FF, $FF, $FF, $FF, $FF, $FF, $FF, $00, $00, $00, $00, $00, $00, $00, $00, $00, $00, $00, $00, $00, $00, $00, $00, $00, $00, $00, $00, $00, $00, $00, $00, $00, $00, $00, $00, $00, $00, $00, $00, $00, $00, $00, $00, $00, $00, $00, $00, $00, $00
