0810  A9 93       LDA #$93
0812  20 D2 FF    JSR $FFD2
0815  A9 06       LDA #$06
0817  8D 20 D0    STA $D020
081A  A9 06       LDA #$06
081C  8D 21 D0    STA $D021
081F  A9 0E       LDA #$0E
0821  8D 86 02    STA $0286
0824  A9 93       LDA #$93
0826  20 D2 FF    JSR $FFD2
0829  A9 01       LDA #$01
082B  8D 86 02    STA $0286
082E  A9 51       LDA #$51
0830  A2 00       LDX #$00
0832        memset_47a_81_36:
0832  9D 7A 04    STA $047A,X
0835  E8          INX
0836  E0 24       CPX #$24
0838  D0 F8       BNE memset_47a_81_36
083A  A9 01       LDA #$01
083C  A2 00       LDX #$00
083E        memset_d87a_1_36:
083E  9D 7A D8    STA $D87A,X
0841  E8          INX
0842  E0 24       CPX #$24
0844  D0 F8       BNE memset_d87a_1_36
0846  A9 51       LDA #$51
0848  A2 00       LDX #$00
084A        memset_5e2_81_36:
084A  9D E2 05    STA $05E2,X
084D  E8          INX
084E  E0 24       CPX #$24
0850  D0 F8       BNE memset_5e2_81_36
0852  A9 01       LDA #$01
0854  A2 00       LDX #$00
0856        memset_d9e2_1_36:
0856  9D E2 D9    STA $D9E2,X
0859  E8          INX
085A  E0 24       CPX #$24
085C  D0 F8       BNE memset_d9e2_1_36
085E  A9 51       LDA #$51
0860  8D A2 04    STA $04A2
0863  A9 01       LDA #$01
0865  8D A2 D8    STA $D8A2
0868  A9 51       LDA #$51
086A  8D C5 04    STA $04C5
086D  A9 01       LDA #$01
086F  8D C5 D8    STA $D8C5
0872  A9 51       LDA #$51
0874  8D CA 04    STA $04CA
0877  A9 01       LDA #$01
0879  8D CA D8    STA $D8CA
087C  A9 51       LDA #$51
087E  8D ED 04    STA $04ED
0881  A9 01       LDA #$01
0883  8D ED D8    STA $D8ED
0886  A9 51       LDA #$51
0888  8D F2 04    STA $04F2
088B  A9 01       LDA #$01
088D  8D F2 D8    STA $D8F2
0890  A9 51       LDA #$51
0892  8D 15 05    STA $0515
0895  A9 01       LDA #$01
0897  8D 15 D9    STA $D915
089A  A9 51       LDA #$51
089C  8D 1A 05    STA $051A
089F  A9 01       LDA #$01
08A1  8D 1A D9    STA $D91A
08A4  A9 51       LDA #$51
08A6  8D 3D 05    STA $053D
08A9  A9 01       LDA #$01
08AB  8D 3D D9    STA $D93D
08AE  A9 51       LDA #$51
08B0  8D 42 05    STA $0542
08B3  A9 01       LDA #$01
08B5  8D 42 D9    STA $D942
08B8  A9 51       LDA #$51
08BA  8D 65 05    STA $0565
08BD  A9 01       LDA #$01
08BF  8D 65 D9    STA $D965
08C2  A9 51       LDA #$51
08C4  8D 6A 05    STA $056A
08C7  A9 01       LDA #$01
08C9  8D 6A D9    STA $D96A
08CC  A9 51       LDA #$51
08CE  8D 8D 05    STA $058D
08D1  A9 01       LDA #$01
08D3  8D 8D D9    STA $D98D
08D6  A9 51       LDA #$51
08D8  8D 92 05    STA $0592
08DB  A9 01       LDA #$01
08DD  8D 92 D9    STA $D992
08E0  A9 51       LDA #$51
08E2  8D B5 05    STA $05B5
08E5  A9 01       LDA #$01
08E7  8D B5 D9    STA $D9B5
08EA  A9 51       LDA #$51
08EC  8D BA 05    STA $05BA
08EF  A9 01       LDA #$01
08F1  8D BA D9    STA $D9BA
08F4  A9 51       LDA #$51
08F6  8D DD 05    STA $05DD
08F9  A9 01       LDA #$01
08FB  8D DD D9    STA $D9DD
08FE  A2 00       LDX #$00
0900        printat_loop_0:
0900  BD 23 09    LDA str_screen_0,X
0903  F0 0B       BEQ printat_done_1
0905  9D D5 04    STA $04D5,X
0908  A9 01       LDA #$01
090A  9D D5 D8    STA $D8D5,X
090D  E8          INX
090E  D0 F0       BNE printat_loop_0
0910        printat_done_1:
0910  A2 00       LDX #$00
0912        printat_loop_2:
0912  BD 31 09    LDA str_screen_1,X
0915  F0 0B       BEQ printat_done_3
0917  9D 1F 05    STA $051F,X
091A  A9 01       LDA #$01
091C  9D 1F D9    STA $D91F,X
091F  E8          INX
0920  D0 F0       BNE printat_loop_2
0922        printat_done_3:
0922  60          RTS
            ; String pool
0923        str_screen_0:
0923  0A 13 2D 03 36 34 20 16 30 2E 32 2E 30 00 .byte $0A, $13, $2D, $03, $36, $34, $20, $16, $30, $2E, $32, $2E, $30, $00
0931        str_screen_1:
0931  06 12 01 0D 05 20 2B 20 06 09 0C 0C 12 05 03 14 20 2B 20 03 05 0E 14 05 12 00 .byte $06, $12, $01, $0D, $05, $20, $2B, $20, $06, $09, $0C, $0C, $12, $05, $03, $14, $20, $2B, $20, $03, $05, $0E, $14, $05, $12, $00
