0810  A9 00       LDA #$00
0812  8D 00 C1    STA $C100
0815  A9 00       LDA #$00
0817  8D 01 C1    STA $C101
081A  A9 00       LDA #$00
081C  8D 02 C1    STA $C102
081F  A9 00       LDA #$00
0821  8D 03 C1    STA $C103
0824  A9 64       LDA #$64
0826  8D 00 C5    STA $C500
0829  A9 00       LDA #$00
082B  8D 01 C5    STA $C501
082E  A9 D2       LDA #$D2
0830  8D 02 C5    STA $C502
0833  A9 00       LDA #$00
0835  8D 03 C5    STA $C503
0838  A9 00       LDA #$00
083A  8D 04 C5    STA $C504
083D  A9 01       LDA #$01
083F  8D 05 C5    STA $C505
0842  20 77 0C    JSR runtime_sprite_sync_0
0845  A2 00       LDX #$00
0847        copydata_2000_sprite_data_0_0_63_0:
0847  BD FD 0C    LDA sprite_data_0_0,X
084A  9D 00 20    STA $2000,X
084D  E8          INX
084E  E0 3F       CPX #$3F
0850  D0 F5       BNE copydata_2000_sprite_data_0_0_63_0
0852  A9 80       LDA #$80
0854  8D 04 C4    STA $C404
0857  AD 04 C4    LDA $C404
085A  8D F8 07    STA $07F8
085D  A9 07       LDA #$07
085F  8D 05 C4    STA $C405
0862  A9 07       LDA #$07
0864  8D 27 D0    STA $D027
0867  4C 75 08    JMP user_routine_move_player_left_after
086A        user_routine_move_player_left:
086A  A9 FD       LDA #$FD
086C  8D 03 C5    STA $C503
086F  A9 00       LDA #$00
0871  8D 04 C5    STA $C504
0874  60          RTS
0875        user_routine_move_player_left_after:
0875  4C 83 08    JMP user_routine_move_player_right_after
0878        user_routine_move_player_right:
0878  A9 03       LDA #$03
087A  8D 03 C5    STA $C503
087D  A9 00       LDA #$00
087F  8D 04 C5    STA $C504
0882  60          RTS
0883        user_routine_move_player_right_after:
0883  A9 93       LDA #$93
0885  20 D2 FF    JSR $FFD2
0888  A9 00       LDA #$00
088A  8D 20 D0    STA $D020
088D  A9 06       LDA #$06
088F  8D 21 D0    STA $D021
0892  A9 01       LDA #$01
0894  8D 86 02    STA $0286
0897  A2 00       LDX #$00
0899        printat_loop_1:
0899  BD B6 0C    LDA str_screen_0,X
089C  F0 0B       BEQ printat_done_2
089E  9D 32 04    STA $0432,X
08A1  A9 01       LDA #$01
08A3  9D 32 D8    STA $D832,X
08A6  E8          INX
08A7  D0 F0       BNE printat_loop_1
08A9        printat_done_2:
08A9  A2 00       LDX #$00
08AB        printat_loop_3:
08AB  BD CB 0C    LDA str_screen_1,X
08AE  F0 0B       BEQ printat_done_4
08B0  9D 81 04    STA $0481,X
08B3  A9 01       LDA #$01
08B5  9D 81 D8    STA $D881,X
08B8  E8          INX
08B9  D0 F0       BNE printat_loop_3
08BB        printat_done_4:
08BB  A2 00       LDX #$00
08BD        printat_loop_5:
08BD  BD E1 0C    LDA str_screen_2,X
08C0  F0 0B       BEQ printat_done_6
08C2  9D A6 04    STA $04A6,X
08C5  A9 01       LDA #$01
08C7  9D A6 D8    STA $D8A6,X
08CA  E8          INX
08CB  D0 F0       BNE printat_loop_5
08CD        printat_done_6:
08CD  A9 0C       LDA #$0C
08CF  8D 18 D4    STA $D418
08D2  A9 10       LDA #$10
08D4  8D 04 D4    STA $D404
08D7  A9 11       LDA #$11
08D9  8D 05 D4    STA $D405
08DC  A9 90       LDA #$90
08DE  8D 06 D4    STA $D406
08E1  A9 3C       LDA #$3C
08E3  8D 6F C7    STA $C76F
08E6        game_video_detect_low:
08E6  AD 11 D0    LDA $D011
08E9  30 FB       BMI game_video_detect_low
08EB        game_video_detect_high:
08EB  AD 11 D0    LDA $D011
08EE  10 FB       BPL game_video_detect_high
08F0        game_video_detect_scan:
08F0  AD 11 D0    LDA $D011
08F3  10 0F       BPL game_video_detect_done
08F5  AD 12 D0    LDA $D012
08F8  C9 20       CMP #$20
08FA  B0 03       BCS game_video_detect_pal
08FC  4C F0 08    JMP game_video_detect_scan
08FF        game_video_detect_pal:
08FF  A9 32       LDA #$32
0901  8D 6F C7    STA $C76F
0904        game_video_detect_done:
0904  A9 00       LDA #$00
0906  8D 63 C7    STA $C763
0909  A9 00       LDA #$00
090B  8D 64 C7    STA $C764
090E  A9 00       LDA #$00
0910  8D 71 C7    STA $C771
0913  A9 0C       LDA #$0C
0915  8D 72 C7    STA $C772
0918  A9 00       LDA #$00
091A  8D 76 C7    STA $C776
091D  A9 01       LDA #$01
091F  8D 65 C7    STA $C765
0922  78          SEI
0923  A9 01       LDA #$01
0925  8D 1A D0    STA $D01A
0928  A9 01       LDA #$01
092A  8D 19 D0    STA $D019
092D  A9 FA       LDA #$FA
092F  8D 12 D0    STA $D012
0932  AD 11 D0    LDA $D011
0935  29 7F       AND #$7F
0937  8D 11 D0    STA $D011
093A  A9 48       LDA #<sid_player_irq
093C  8D 14 03    STA $0314
093F  A9 09       LDA #>sid_player_irq
0941  8D 15 03    STA $0315
0944  58          CLI
0945  4C 4F 0A    JMP program_end_after_sid_player
            ; SID player IRQ
0948        sid_player_irq:
0948  48          PHA
0949  8A          TXA
094A  48          PHA
094B  98          TYA
094C  48          PHA
094D  AD 19 D0    LDA $D019
0950  29 01       AND #$01
0952  D0 08       BNE sid_player_vic_raster
0954  68          PLA
0955  A8          TAY
0956  68          PLA
0957  AA          TAX
0958  68          PLA
0959  4C 31 EA    JMP $EA31
095C        sid_player_vic_raster:
095C  A9 01       LDA #$01
095E  8D 19 D0    STA $D019
0961  AD 65 C7    LDA $C765
0964  C9 01       CMP #$01
0966  D0 22       BNE sid_irq_done_jump_3
0968  AD 71 C7    LDA $C771
096B  18          CLC
096C  69 32       ADC #$32
096E  8D 71 C7    STA $C771
0971  CD 6F C7    CMP $C76F
0974  B0 03       BCS sid_irq_rate_continue_3
0976  4C 3A 0A    JMP sid_irq_done_3
0979        sid_irq_rate_continue_3:
0979  ED 6F C7    SBC $C76F
097C  8D 71 C7    STA $C771
097F  AD 64 C7    LDA $C764
0982  F0 09       BEQ sid_irq_process_jump_3
0984  CE 64 C7    DEC $C764
0987  4C 3A 0A    JMP sid_irq_done_3
098A        sid_irq_done_jump_3:
098A  4C 3A 0A    JMP sid_irq_done_3
098D        sid_irq_process_jump_3:
098D  4C 90 09    JMP sid_irq_process_3
0990        sid_irq_process_3:
0990  AE 63 C7    LDX $C763
0993  E0 04       CPX #$04
0995  D0 03       BNE sid_irq_stop_continue_3
0997  4C 23 0A    JMP sid_irq_stop_3
099A        sid_irq_stop_continue_3:
099A        sid_irq_loop_continue_3:
099A  BD 3C 0D    LDA sid_song_irq_3_v1_action,X
099D  F0 1D       BEQ sid_irq_voice1_rest_3
099F  C9 01       CMP #$01
09A1  F0 21       BEQ sid_irq_voice1_hold_3
09A3  BD 40 0D    LDA sid_song_irq_3_v1_lo,X
09A6  8D 00 D4    STA $D400
09A9  BD 44 0D    LDA sid_song_irq_3_v1_hi,X
09AC  8D 01 D4    STA $D401
09AF  A9 10       LDA #$10
09B1  8D 04 D4    STA $D404
09B4  A9 11       LDA #$11
09B6  8D 04 D4    STA $D404
09B9  4C C4 09    JMP sid_irq_voice1_done_3
09BC        sid_irq_voice1_rest_3:
09BC  A9 10       LDA #$10
09BE  8D 04 D4    STA $D404
09C1  4C C4 09    JMP sid_irq_voice1_done_3
09C4        sid_irq_voice1_hold_3:
            ; hold sid voice 1
09C4        sid_irq_voice1_done_3:
09C4  BD 48 0D    LDA sid_song_irq_3_v2_action,X
09C7  F0 1D       BEQ sid_irq_voice2_rest_3
09C9  C9 01       CMP #$01
09CB  F0 21       BEQ sid_irq_voice2_hold_3
09CD  BD 4C 0D    LDA sid_song_irq_3_v2_lo,X
09D0  8D 07 D4    STA $D407
09D3  BD 50 0D    LDA sid_song_irq_3_v2_hi,X
09D6  8D 08 D4    STA $D408
09D9  A9 10       LDA #$10
09DB  8D 0B D4    STA $D40B
09DE  A9 11       LDA #$11
09E0  8D 0B D4    STA $D40B
09E3  4C EE 09    JMP sid_irq_voice2_done_3
09E6        sid_irq_voice2_rest_3:
09E6  A9 10       LDA #$10
09E8  8D 0B D4    STA $D40B
09EB  4C EE 09    JMP sid_irq_voice2_done_3
09EE        sid_irq_voice2_hold_3:
            ; hold sid voice 2
09EE        sid_irq_voice2_done_3:
09EE  BD 54 0D    LDA sid_song_irq_3_v3_action,X
09F1  F0 1D       BEQ sid_irq_voice3_rest_3
09F3  C9 01       CMP #$01
09F5  F0 21       BEQ sid_irq_voice3_hold_3
09F7  BD 58 0D    LDA sid_song_irq_3_v3_lo,X
09FA  8D 0E D4    STA $D40E
09FD  BD 5C 0D    LDA sid_song_irq_3_v3_hi,X
0A00  8D 0F D4    STA $D40F
0A03  A9 10       LDA #$10
0A05  8D 12 D4    STA $D412
0A08  A9 11       LDA #$11
0A0A  8D 12 D4    STA $D412
0A0D  4C 18 0A    JMP sid_irq_voice3_done_3
0A10        sid_irq_voice3_rest_3:
0A10  A9 10       LDA #$10
0A12  8D 12 D4    STA $D412
0A15  4C 18 0A    JMP sid_irq_voice3_done_3
0A18        sid_irq_voice3_hold_3:
            ; hold sid voice 3
0A18        sid_irq_voice3_done_3:
0A18  EE 63 C7    INC $C763
0A1B  A9 05       LDA #$05
0A1D  8D 64 C7    STA $C764
0A20  4C 3A 0A    JMP sid_irq_done_3
0A23        sid_irq_stop_3:
0A23  A9 00       LDA #$00
0A25  8D 65 C7    STA $C765
0A28  A9 10       LDA #$10
0A2A  8D 04 D4    STA $D404
0A2D  A9 10       LDA #$10
0A2F  8D 0B D4    STA $D40B
0A32  A9 10       LDA #$10
0A34  8D 12 D4    STA $D412
0A37  4C 3A 0A    JMP sid_irq_done_3
0A3A        sid_irq_done_3:
0A3A  A9 FA       LDA #$FA
0A3C  8D 12 D0    STA $D012
0A3F  AD 11 D0    LDA $D011
0A42  29 7F       AND #$7F
0A44  8D 11 D0    STA $D011
0A47  68          PLA
0A48  A8          TAY
0A49  68          PLA
0A4A  AA          TAX
0A4B  68          PLA
0A4C  4C 81 EA    JMP $EA81
0A4F        program_end_after_sid_player:
            ; Deterministic game frame loop
0A4F  A9 00       LDA #$00
0A51  8D 6A C7    STA $C76A
0A54  A9 00       LDA #$00
0A56  8D 6B C7    STA $C76B
0A59  A9 00       LDA #$00
0A5B  8D 70 C7    STA $C770
0A5E  A9 00       LDA #$00
0A60  8D 04 C1    STA $C104
0A63  A9 FF       LDA #$FF
0A65  8D 67 C7    STA $C767
0A68  A9 FF       LDA #$FF
0A6A  8D 69 C7    STA $C769
0A6D  A9 01       LDA #$01
0A6F  8D 80 C7    STA $C780
0A72  A9 01       LDA #$01
0A74  8D 90 C7    STA $C790
0A77        game_frame_loop:
0A77        game_frame_wait_leave:
0A77  AD 11 D0    LDA $D011
0A7A  30 FB       BMI game_frame_wait_leave
0A7C  AD 12 D0    LDA $D012
0A7F  C9 F0       CMP #$F0
0A81  B0 F4       BCS game_frame_wait_leave
0A83        game_frame_wait_target:
0A83  AD 11 D0    LDA $D011
0A86  30 07       BMI game_frame_target_reached
0A88  AD 12 D0    LDA $D012
0A8B  C9 F0       CMP #$F0
0A8D  90 F4       BCC game_frame_wait_target
0A8F        game_frame_target_reached:
0A8F  18          CLC
0A90  AD 70 C7    LDA $C770
0A93  69 32       ADC #$32
0A95  8D 70 C7    STA $C770
0A98  CD 6F C7    CMP $C76F
0A9B  B0 03       BCS game_frame_logical_tick
0A9D  4C 77 0A    JMP game_frame_loop
0AA0        game_frame_logical_tick:
0AA0  38          SEC
0AA1  AD 70 C7    LDA $C770
0AA4  ED 6F C7    SBC $C76F
0AA7  8D 70 C7    STA $C770
0AAA  AD 67 C7    LDA $C767
0AAD  8D 69 C7    STA $C769
0AB0  AD 00 DC    LDA $DC00
0AB3  8D 67 C7    STA $C767
0AB6  AD 00 DC    LDA $DC00
0AB9  8D 6C C7    STA $C76C
0ABC  AD 02 DC    LDA $DC02
0ABF  8D 6D C7    STA $C76D
0AC2  AD 03 DC    LDA $DC03
0AC5  8D 6E C7    STA $C76E
0AC8  A9 FF       LDA #$FF
0ACA  8D 02 DC    STA $DC02
0ACD  A9 00       LDA #$00
0ACF  8D 03 DC    STA $DC03
0AD2  AD 80 C7    LDA $C780
0AD5  8D 90 C7    STA $C790
0AD8  A9 7F       LDA #$7F
0ADA  8D 00 DC    STA $DC00
0ADD  AD 01 DC    LDA $DC01
0AE0  29 10       AND #$10
0AE2  F0 05       BEQ keyboard_scan_pressed_60
0AE4  A9 01       LDA #$01
0AE6  4C EB 0A    JMP keyboard_scan_stored_60
0AE9        keyboard_scan_pressed_60:
0AE9  A9 00       LDA #$00
0AEB        keyboard_scan_stored_60:
0AEB  8D 80 C7    STA $C780
0AEE  AD 6C C7    LDA $C76C
0AF1  8D 00 DC    STA $DC00
0AF4  AD 6D C7    LDA $C76D
0AF7  8D 02 DC    STA $DC02
0AFA  AD 6E C7    LDA $C76E
0AFD  8D 03 DC    STA $DC03
0B00  EE 6A C7    INC $C76A
0B03  D0 03       BNE game_frame_counter_done_7
0B05  EE 6B C7    INC $C76B
0B08        game_frame_counter_done_7:
0B08  EE 02 C1    INC $C102
0B0B  D0 03       BNE runtime_word_inc_done_8
0B0D  EE 03 C1    INC $C103
0B10        runtime_word_inc_done_8:
0B10  A9 00       LDA #$00
0B12  8D 03 C5    STA $C503
0B15  A9 00       LDA #$00
0B17  8D 04 C5    STA $C504
0B1A  AD 00 C1    LDA $C100
0B1D  C9 00       CMP #$00
0B1F  F0 03       BEQ condition_pass_10
0B21  4C 47 0B    JMP control_if_else_9
0B24        condition_pass_10:
0B24  AD 67 C7    LDA $C767
0B27  29 04       AND #$04
0B29  F0 03       BEQ condition_pass_12
0B2B  4C 34 0B    JMP control_if_else_11
0B2E        condition_pass_12:
0B2E  20 6A 08    JSR user_routine_move_player_left
0B31  4C 34 0B    JMP control_if_end_11
0B34        control_if_else_11:
0B34        control_if_end_11:
0B34  AD 67 C7    LDA $C767
0B37  29 08       AND #$08
0B39  F0 03       BEQ condition_pass_14
0B3B  4C 44 0B    JMP control_if_else_13
0B3E        condition_pass_14:
0B3E  20 78 08    JSR user_routine_move_player_right
0B41  4C 44 0B    JMP control_if_end_13
0B44        control_if_else_13:
0B44        control_if_end_13:
0B44  4C 47 0B    JMP control_if_end_9
0B47        control_if_else_9:
0B47        control_if_end_9:
0B47  AD 67 C7    LDA $C767
0B4A  29 10       AND #$10
0B4C  F0 03       BEQ joystick_current_pressed_16
0B4E  4C 63 0B    JMP control_if_else_15
0B51        joystick_current_pressed_16:
0B51  AD 69 C7    LDA $C769
0B54  29 10       AND #$10
0B56  D0 03       BNE condition_pass_16
0B58  4C 63 0B    JMP control_if_else_15
0B5B        condition_pass_16:
0B5B  A9 02       LDA #$02
0B5D  8D 20 D0    STA $D020
0B60  4C 63 0B    JMP control_if_end_15
0B63        control_if_else_15:
0B63        control_if_end_15:
0B63  AD 67 C7    LDA $C767
0B66  29 10       AND #$10
0B68  D0 03       BNE joystick_current_released_18
0B6A  4C 7F 0B    JMP control_if_else_17
0B6D        joystick_current_released_18:
0B6D  AD 69 C7    LDA $C769
0B70  29 10       AND #$10
0B72  F0 03       BEQ condition_pass_18
0B74  4C 7F 0B    JMP control_if_else_17
0B77        condition_pass_18:
0B77  A9 00       LDA #$00
0B79  8D 20 D0    STA $D020
0B7C  4C 7F 0B    JMP control_if_end_17
0B7F        control_if_else_17:
0B7F        control_if_end_17:
0B7F  AD 80 C7    LDA $C780
0B82  F0 03       BEQ keyboard_pressed_20
0B84  4C 9A 0B    JMP control_if_else_19
0B87        keyboard_pressed_20:
0B87  AD 90 C7    LDA $C790
0B8A  D0 03       BNE condition_pass_20
0B8C  4C 9A 0B    JMP control_if_else_19
0B8F        condition_pass_20:
0B8F  AD 00 C1    LDA $C100
0B92  49 01       EOR #$01
0B94  8D 00 C1    STA $C100
0B97  4C 9A 0B    JMP control_if_end_19
0B9A        control_if_else_19:
0B9A        control_if_end_19:
0B9A  EE 04 C1    INC $C104
0B9D  AD 04 C1    LDA $C104
0BA0  C9 19       CMP #$19
0BA2  B0 03       BCS game_every_run_21
0BA4  4C CB 0B    JMP game_every_done_22
0BA7        game_every_run_21:
0BA7  A9 00       LDA #$00
0BA9  8D 04 C1    STA $C104
0BAC  AD 01 C1    LDA $C101
0BAF  49 01       EOR #$01
0BB1  8D 01 C1    STA $C101
0BB4  AD 01 C1    LDA $C101
0BB7  C9 01       CMP #$01
0BB9  F0 03       BEQ condition_pass_24
0BBB  4C C6 0B    JMP control_if_else_23
0BBE        condition_pass_24:
0BBE  A9 06       LDA #$06
0BC0  8D 21 D0    STA $D021
0BC3  4C CB 0B    JMP control_if_end_23
0BC6        control_if_else_23:
0BC6  A9 04       LDA #$04
0BC8  8D 21 D0    STA $D021
0BCB        control_if_end_23:
0BCB        game_every_done_22:
0BCB  AD 05 C5    LDA $C505
0BCE  D0 03       BNE sprite_update_active_0_26
0BD0  4C 71 0C    JMP sprite_update_inactive_0_25
0BD3        sprite_update_active_0_26:
0BD3  18          CLC
0BD4  AD 00 C5    LDA $C500
0BD7  6D 03 C5    ADC $C503
0BDA  8D 00 C5    STA $C500
0BDD  AD 03 C5    LDA $C503
0BE0  10 08       BPL sprite_vx_positive_27
0BE2  AD 01 C5    LDA $C501
0BE5  69 FF       ADC #$FF
0BE7  4C EF 0B    JMP sprite_vx_done_27
0BEA        sprite_vx_positive_27:
0BEA  AD 01 C5    LDA $C501
0BED  69 00       ADC #$00
0BEF        sprite_vx_done_27:
0BEF  8D 01 C5    STA $C501
0BF2  AD 04 C5    LDA $C504
0BF5  10 0C       BPL sprite_vy_positive_28
0BF7  18          CLC
0BF8  AD 02 C5    LDA $C502
0BFB  6D 04 C5    ADC $C504
0BFE  90 12       BCC sprite_vy_clamp_min_28
0C00  4C 0C 0C    JMP sprite_vy_store_28
0C03        sprite_vy_positive_28:
0C03  18          CLC
0C04  AD 02 C5    LDA $C502
0C07  6D 04 C5    ADC $C504
0C0A  B0 0E       BCS sprite_vy_clamp_max_28
0C0C        sprite_vy_store_28:
0C0C  8D 02 C5    STA $C502
0C0F  4C 1F 0C    JMP sprite_vy_done_28
0C12        sprite_vy_clamp_min_28:
0C12  A9 D2       LDA #$D2
0C14  8D 02 C5    STA $C502
0C17  4C 1F 0C    JMP sprite_vy_done_28
0C1A        sprite_vy_clamp_max_28:
0C1A  A9 D2       LDA #$D2
0C1C  8D 02 C5    STA $C502
0C1F        sprite_vy_done_28:
0C1F  AD 01 C5    LDA $C501
0C22  30 0D       BMI sprite_x_clamp_min_29
0C24  C9 00       CMP #$00
0C26  90 09       BCC sprite_x_clamp_min_29
0C28  D0 11       BNE sprite_x_min_ok_29
0C2A  AD 00 C5    LDA $C500
0C2D  C9 18       CMP #$18
0C2F  B0 0A       BCS sprite_x_min_ok_29
0C31        sprite_x_clamp_min_29:
0C31  A9 18       LDA #$18
0C33  8D 00 C5    STA $C500
0C36  A9 00       LDA #$00
0C38  8D 01 C5    STA $C501
0C3B        sprite_x_min_ok_29:
0C3B  AD 01 C5    LDA $C501
0C3E  C9 01       CMP #$01
0C40  90 15       BCC sprite_x_max_ok_29
0C42  D0 09       BNE sprite_x_clamp_max_29
0C44  AD 00 C5    LDA $C500
0C47  C9 40       CMP #$40
0C49  90 0C       BCC sprite_x_max_ok_29
0C4B  F0 0A       BEQ sprite_x_max_ok_29
0C4D        sprite_x_clamp_max_29:
0C4D  A9 40       LDA #$40
0C4F  8D 00 C5    STA $C500
0C52  A9 01       LDA #$01
0C54  8D 01 C5    STA $C501
0C57        sprite_x_max_ok_29:
0C57  AD 02 C5    LDA $C502
0C5A  C9 D2       CMP #$D2
0C5C  B0 05       BCS sprite_y_min_ok_29
0C5E  A9 D2       LDA #$D2
0C60  8D 02 C5    STA $C502
0C63        sprite_y_min_ok_29:
0C63  AD 02 C5    LDA $C502
0C66  C9 D2       CMP #$D2
0C68  90 07       BCC sprite_y_max_ok_29
0C6A  F0 05       BEQ sprite_y_max_ok_29
0C6C  A9 D2       LDA #$D2
0C6E  8D 02 C5    STA $C502
0C71        sprite_y_max_ok_29:
0C71        sprite_update_inactive_0_25:
0C71  20 77 0C    JSR runtime_sprite_sync_0
0C74  4C 77 0A    JMP game_frame_loop
            ; Shared VIC-II synchronization for sprite 0
0C77        runtime_sprite_sync_0:
0C77  AD 05 C5    LDA $C505
0C7A  D0 0B       BNE sprite_runtime_active_0_30
0C7C  AD 15 D0    LDA $D015
0C7F  29 FE       AND #$FE
0C81  8D 15 D0    STA $D015
0C84  4C B5 0C    JMP sprite_runtime_sync_done_0_33
0C87        sprite_runtime_active_0_30:
0C87  AD 15 D0    LDA $D015
0C8A  09 01       ORA #$01
0C8C  8D 15 D0    STA $D015
0C8F  AD 00 C5    LDA $C500
0C92  8D 00 D0    STA $D000
0C95  AD 01 C5    LDA $C501
0C98  29 01       AND #$01
0C9A  D0 0B       BNE sprite_runtime_xhigh_0_31
0C9C  AD 10 D0    LDA $D010
0C9F  29 FE       AND #$FE
0CA1  8D 10 D0    STA $D010
0CA4  4C AF 0C    JMP sprite_runtime_xdone_0_32
0CA7        sprite_runtime_xhigh_0_31:
0CA7  AD 10 D0    LDA $D010
0CAA  09 01       ORA #$01
0CAC  8D 10 D0    STA $D010
0CAF        sprite_runtime_xdone_0_32:
0CAF  AD 02 C5    LDA $C502
0CB2  8D 01 D0    STA $D001
0CB5        sprite_runtime_sync_done_0_33:
0CB5  60          RTS
            ; String pool
0CB6        str_screen_0:
0CB6  16 30 2E 38 20 07 01 0D 05 10 0C 01 19 20 13 10 12 09 14 05 00 .byte $16, $30, $2E, $38, $20, $07, $01, $0D, $05, $10, $0C, $01, $19, $20, $13, $10, $12, $09, $14, $05, $00
0CCB        str_screen_1:
0CCB  0D 0F 16 05 3A 20 0A 0F 19 13 14 09 03 0B 20 10 0F 12 14 20 32 00 .byte $0D, $0F, $16, $05, $3A, $20, $0A, $0F, $19, $13, $14, $09, $03, $0B, $20, $10, $0F, $12, $14, $20, $32, $00
0CE1        str_screen_2:
0CE1  06 09 12 05 3A 20 02 0F 12 04 05 12 20 2F 20 13 10 01 03 05 3A 20 10 01 15 13 05 00 .byte $06, $09, $12, $05, $3A, $20, $02, $0F, $12, $04, $05, $12, $20, $2F, $20, $13, $10, $01, $03, $05, $3A, $20, $10, $01, $15, $13, $05, $00
            ; User data
0CFD        sprite_data_0_0:
0CFD  FF FF FF FF FF FF FF FF FF FF FF FF FF FF FF 00 00 00 00 00 00 00 00 00 00 00 00 00 00 00 00 00 00 00 00 00 00 00 00 00 00 00 00 00 00 00 00 00 00 00 00 00 00 00 00 00 00 00 00 00 00 00 00 .byte $FF, $FF, $FF, $FF, $FF, $FF, $FF, $FF, $FF, $FF, $FF, $FF, $FF, $FF, $FF, $00, $00, $00, $00, $00, $00, $00, $00, $00, $00, $00, $00, $00, $00, $00, $00, $00, $00, $00, $00, $00, $00, $00, $00, $00, $00, $00, $00, $00, $00, $00, $00, $00, $00, $00, $00, $00, $00, $00, $00, $00, $00, $00, $00, $00, $00, $00, $00
0D3C        sid_song_irq_3_v1_action:
0D3C  02 02 02 02 .byte $02, $02, $02, $02
0D40        sid_song_irq_3_v1_lo:
0D40  67 ED 13 ED .byte $67, $ED, $13, $ED
0D44        sid_song_irq_3_v1_hi:
0D44  11 15 1A 15 .byte $11, $15, $1A, $15
0D48        sid_song_irq_3_v2_action:
0D48  02 00 02 00 .byte $02, $00, $02, $00
0D4C        sid_song_irq_3_v2_lo:
0D4C  B4 00 85 00 .byte $B4, $00, $85, $00
0D50        sid_song_irq_3_v2_hi:
0D50  08 00 06 00 .byte $08, $00, $06, $00
0D54        sid_song_irq_3_v3_action:
0D54  00 02 00 02 .byte $00, $02, $00, $02
0D58        sid_song_irq_3_v3_lo:
0D58  00 CE 00 13 .byte $00, $CE, $00, $13
0D5C        sid_song_irq_3_v3_hi:
0D5C  00 22 00 1A .byte $00, $22, $00, $1A
