0810  A2 00       LDX #$00
0812        copydata_2e00_sprite_frames_hero_0_63_0:
0812  BD AB 1F    LDA sprite_frames_hero_0,X
0815  9D 00 2E    STA $2E00,X
0818  E8          INX
0819  E0 3F       CPX #$3F
081B  D0 F5       BNE copydata_2e00_sprite_frames_hero_0_63_0
081D  A9 00       LDA #$00
081F  8D 3F 2E    STA $2E3F
0822  A2 00       LDX #$00
0824        copydata_2e40_sprite_frames_hero_1_63_1:
0824  BD EA 1F    LDA sprite_frames_hero_1,X
0827  9D 40 2E    STA $2E40,X
082A  E8          INX
082B  E0 3F       CPX #$3F
082D  D0 F5       BNE copydata_2e40_sprite_frames_hero_1_63_1
082F  A9 00       LDA #$00
0831  8D 7F 2E    STA $2E7F
0834  A2 00       LDX #$00
0836  A0 00       LDY #$00
0838        asset_map_initial_rle_2:
0838  BD 35 20    LDA asset_rle_1,X
083B  8D 77 C7    STA $C777
083E  E8          INX
083F  BD 35 20    LDA asset_rle_1,X
0842  E8          INX
0843        asset_map_initial_rle_2_repeat:
0843  99 00 80    STA $8000,Y
0846  C8          INY
0847  CE 77 C7    DEC $C777
084A  D0 F7       BNE asset_map_initial_rle_2_repeat
084C  E0 04       CPX #$04
084E  D0 E8       BNE asset_map_initial_rle_2
0850  A2 00       LDX #$00
0852  A0 00       LDY #$00
0854        asset_map_initial_rle_3:
0854  BD 35 20    LDA asset_rle_1,X
0857  8D 77 C7    STA $C777
085A  E8          INX
085B  BD 35 20    LDA asset_rle_1,X
085E  E8          INX
085F        asset_map_initial_rle_3_repeat:
085F  99 00 81    STA $8100,Y
0862  C8          INY
0863  CE 77 C7    DEC $C777
0866  D0 F7       BNE asset_map_initial_rle_3_repeat
0868  E0 04       CPX #$04
086A  D0 E8       BNE asset_map_initial_rle_3
086C  A2 00       LDX #$00
086E  A0 00       LDY #$00
0870        asset_map_initial_rle_4:
0870  BD 35 20    LDA asset_rle_1,X
0873  8D 77 C7    STA $C777
0876  E8          INX
0877  BD 35 20    LDA asset_rle_1,X
087A  E8          INX
087B        asset_map_initial_rle_4_repeat:
087B  99 00 82    STA $8200,Y
087E  C8          INY
087F  CE 77 C7    DEC $C777
0882  D0 F7       BNE asset_map_initial_rle_4_repeat
0884  E0 04       CPX #$04
0886  D0 E8       BNE asset_map_initial_rle_4
0888  A2 00       LDX #$00
088A  A0 00       LDY #$00
088C        asset_map_initial_rle_5:
088C  BD 35 20    LDA asset_rle_1,X
088F  8D 77 C7    STA $C777
0892  E8          INX
0893  BD 35 20    LDA asset_rle_1,X
0896  E8          INX
0897        asset_map_initial_rle_5_repeat:
0897  99 00 83    STA $8300,Y
089A  C8          INY
089B  CE 77 C7    DEC $C777
089E  D0 F7       BNE asset_map_initial_rle_5_repeat
08A0  E0 04       CPX #$04
08A2  D0 E8       BNE asset_map_initial_rle_5
08A4  A2 00       LDX #$00
08A6  A0 00       LDY #$00
08A8        asset_map_initial_rle_7:
08A8  BD 39 20    LDA asset_rle_6,X
08AB  8D 77 C7    STA $C777
08AE  E8          INX
08AF  BD 39 20    LDA asset_rle_6,X
08B2  E8          INX
08B3        asset_map_initial_rle_7_repeat:
08B3  99 00 84    STA $8400,Y
08B6  C8          INY
08B7  CE 77 C7    DEC $C777
08BA  D0 F7       BNE asset_map_initial_rle_7_repeat
08BC  E0 0A       CPX #$0A
08BE  D0 E8       BNE asset_map_initial_rle_7
08C0  A2 00       LDX #$00
08C2  A0 00       LDY #$00
08C4        asset_map_initial_rle_9:
08C4  BD 43 20    LDA asset_rle_8,X
08C7  8D 77 C7    STA $C777
08CA  E8          INX
08CB  BD 43 20    LDA asset_rle_8,X
08CE  E8          INX
08CF        asset_map_initial_rle_9_repeat:
08CF  99 00 85    STA $8500,Y
08D2  C8          INY
08D3  CE 77 C7    DEC $C777
08D6  D0 F7       BNE asset_map_initial_rle_9_repeat
08D8  E0 30       CPX #$30
08DA  D0 E8       BNE asset_map_initial_rle_9
08DC  A2 00       LDX #$00
08DE  A0 00       LDY #$00
08E0        asset_map_initial_rle_11:
08E0  BD 73 20    LDA asset_rle_10,X
08E3  8D 77 C7    STA $C777
08E6  E8          INX
08E7  BD 73 20    LDA asset_rle_10,X
08EA  E8          INX
08EB        asset_map_initial_rle_11_repeat:
08EB  99 00 86    STA $8600,Y
08EE  C8          INY
08EF  CE 77 C7    DEC $C777
08F2  D0 F7       BNE asset_map_initial_rle_11_repeat
08F4  E0 02       CPX #$02
08F6  D0 E8       BNE asset_map_initial_rle_11
08F8  A9 00       LDA #$00
08FA  8D 00 C5    STA $C500
08FD  A9 00       LDA #$00
08FF  8D 01 C5    STA $C501
0902  A9 00       LDA #$00
0904  8D 02 C5    STA $C502
0907  A9 00       LDA #$00
0909  8D 03 C5    STA $C503
090C  A9 00       LDA #$00
090E  8D 04 C5    STA $C504
0911  A9 00       LDA #$00
0913  8D 05 C5    STA $C505
0916  AD 05 C5    LDA $C505
0919  D0 0B       BNE sprite_runtime_active_0_2
091B  AD 15 D0    LDA $D015
091E  29 FE       AND #$FE
0920  8D 15 D0    STA $D015
0923  4C 54 09    JMP sprite_runtime_sync_done_0_5
0926        sprite_runtime_active_0_2:
0926  AD 15 D0    LDA $D015
0929  09 01       ORA #$01
092B  8D 15 D0    STA $D015
092E  AD 00 C5    LDA $C500
0931  8D 00 D0    STA $D000
0934  AD 01 C5    LDA $C501
0937  29 01       AND #$01
0939  D0 0B       BNE sprite_runtime_xhigh_0_3
093B  AD 10 D0    LDA $D010
093E  29 FE       AND #$FE
0940  8D 10 D0    STA $D010
0943  4C 4E 09    JMP sprite_runtime_xdone_0_4
0946        sprite_runtime_xhigh_0_3:
0946  AD 10 D0    LDA $D010
0949  09 01       ORA #$01
094B  8D 10 D0    STA $D010
094E        sprite_runtime_xdone_0_4:
094E  AD 02 C5    LDA $C502
0951  8D 01 D0    STA $D001
0954        sprite_runtime_sync_done_0_5:
0954  A9 B8       LDA #$B8
0956  8D 04 C4    STA $C404
0959  AD 04 C4    LDA $C404
095C  8D F8 07    STA $07F8
095F  A9 07       LDA #$07
0961  8D 05 C4    STA $C405
0964  A9 07       LDA #$07
0966  8D 27 D0    STA $D027
0969  AD 06 C4    LDA $C406
096C  29 FE       AND #$FE
096E  8D 06 C4    STA $C406
0971  AD 1C D0    LDA $D01C
0974  29 FE       AND #$FE
0976  8D 1C D0    STA $D01C
0979  A9 00       LDA #$00
097B  8D 00 C4    STA $C400
097E  8D 01 C4    STA $C401
0981  8D 02 C4    STA $C402
0984  8D 03 C4    STA $C403
0987  AD 00 C4    LDA $C400
098A  C9 00       CMP #$00
098C  D0 05       BNE sprite_play_start_0_0_6
098E  AD 03 C4    LDA $C403
0991  D0 20       BNE sprite_play_done_0_0_7
0993        sprite_play_start_0_0_6:
0993  A9 00       LDA #$00
0995  8D 00 C4    STA $C400
0998  A9 00       LDA #$00
099A  8D 01 C4    STA $C401
099D  A9 00       LDA #$00
099F  8D 02 C4    STA $C402
09A2  A9 01       LDA #$01
09A4  8D 03 C4    STA $C403
09A7  AD 75 20    LDA sprite_sequence_0_idle-right
09AA  8D 04 C4    STA $C404
09AD  AD 04 C4    LDA $C404
09B0  8D F8 07    STA $07F8
09B3        sprite_play_done_0_0_7:
09B3  A9 18       LDA #$18
09B5  8D 00 C1    STA $C100
09B8  A9 00       LDA #$00
09BA  8D 01 C1    STA $C101
09BD  A9 80       LDA #$80
09BF  8D 02 C1    STA $C102
09C2  A9 00       LDA #$00
09C4  8D 03 C1    STA $C103
09C7  A9 00       LDA #$00
09C9  8D 04 C1    STA $C104
09CC  A9 00       LDA #$00
09CE  8D 05 C1    STA $C105
09D1  A9 00       LDA #$00
09D3  8D 06 C1    STA $C106
09D6  A9 00       LDA #$00
09D8  8D 07 C1    STA $C107
09DB  A9 00       LDA #$00
09DD  8D 08 C1    STA $C108
09E0  A9 00       LDA #$00
09E2  8D 09 C1    STA $C109
09E5  A9 01       LDA #$01
09E7  8D 0A C1    STA $C10A
09EA  A9 00       LDA #$00
09EC  8D 0B C1    STA $C10B
09EF  A9 00       LDA #$00
09F1  8D 0C C1    STA $C10C
09F4  A9 00       LDA #$00
09F6  8D 0D C1    STA $C10D
09F9  A9 00       LDA #$00
09FB  8D 0E C1    STA $C10E
09FE  A9 07       LDA #$07
0A00  8D 0F C1    STA $C10F
0A03  A9 00       LDA #$00
0A05  8D 10 C1    STA $C110
0A08  A9 07       LDA #$07
0A0A  8D 11 C1    STA $C111
0A0D  A9 00       LDA #$00
0A0F  8D 14 C1    STA $C114
0A12  A9 00       LDA #$00
0A14  8D 15 C1    STA $C115
0A17  A9 00       LDA #$00
0A19  8D 16 C1    STA $C116
0A1C  A9 00       LDA #$00
0A1E  8D 17 C1    STA $C117
0A21  AD 11 D0    LDA $D011
0A24  29 7F       AND #$7F
0A26  8D 12 C1    STA $C112
0A29  AD 16 D0    LDA $D016
0A2C  8D 13 C1    STA $C113
0A2F  08          PHP
0A30  78          SEI
0A31  A5 01       LDA $01
0A33  48          PHA
0A34  29 FB       AND #$FB
0A36  85 01       STA $01
0A38  A2 00       LDX #$00
0A3A        charset_rom_copy_8:
0A3A  BD 00 D0    LDA $D000,X
0A3D  9D 00 30    STA $3000,X
0A40  BD 00 D1    LDA $D100,X
0A43  9D 00 31    STA $3100,X
0A46  E8          INX
0A47  D0 F1       BNE charset_rom_copy_8
0A49  68          PLA
0A4A  85 01       STA $01
0A4C  28          PLP
0A4D  A2 00       LDX #$00
0A4F        asset_charset_copy_13:
0A4F  BD 78 20    LDA asset_bytes_12,X
0A52  9D 00 32    STA $3200,X
0A55  E8          INX
0A56  E0 20       CPX #$20
0A58  D0 F5       BNE asset_charset_copy_13
0A5A  AD 00 DD    LDA $DD00
0A5D  29 FC       AND #$FC
0A5F  09 03       ORA #$03
0A61  8D 00 DD    STA $DD00
0A64  AD 18 D0    LDA $D018
0A67  29 F1       AND #$F1
0A69  09 0C       ORA #$0C
0A6B  8D 18 D0    STA $D018
0A6E  AD 16 D0    LDA $D016
0A71  29 EF       AND #$EF
0A73  8D 16 D0    STA $D016
0A76  A9 00       LDA #$00
0A78  8D 20 D0    STA $D020
0A7B  A9 00       LDA #$00
0A7D  8D 21 D0    STA $D021
0A80  AD 0E C1    LDA $C10E
0A83  8D C0 C7    STA $C7C0
0A86  AD 10 C1    LDA $C110
0A89  8D C1 C7    STA $C7C1
0A8C  AD 11 D0    LDA $D011
0A8F  29 7F       AND #$7F
0A91  8D 12 C1    STA $C112
0A94  AD 16 D0    LDA $D016
0A97  8D 13 C1    STA $C113
0A9A  20 D0 13    JSR runtime_map_viewport_0
0A9D  20 1A 14    JSR runtime_map_scroll_restore_0
0AA0  78          SEI
0AA1  A9 7F       LDA #$7F
0AA3  8D 0D DC    STA $DC0D
0AA6  8D 0D DD    STA $DD0D
0AA9  AD 0D DC    LDA $DC0D
0AAC  AD 0D DD    LDA $DD0D
0AAF  A9 00       LDA #$00
0AB1  8D FE C0    STA $C0FE
0AB4  78          SEI
0AB5  A9 01       LDA #$01
0AB7  8D 1A D0    STA $D01A
0ABA  A9 01       LDA #$01
0ABC  8D 19 D0    STA $D019
0ABF  A9 1E       LDA #$1E
0AC1  8D 12 D0    STA $D012
0AC4  AD 11 D0    LDA $D011
0AC7  29 7F       AND #$7F
0AC9  8D 11 D0    STA $D011
0ACC  A9 DA       LDA #<irq_dispatch
0ACE  8D 14 03    STA $0314
0AD1  A9 0A       LDA #>irq_dispatch
0AD3  8D 15 03    STA $0315
0AD6  58          CLI
0AD7  4C 4D 0B    JMP program_end
            ; Raster IRQ dispatcher
0ADA        irq_dispatch:
0ADA  48          PHA
0ADB  8A          TXA
0ADC  48          PHA
0ADD  98          TYA
0ADE  48          PHA
0ADF  AD 19 D0    LDA $D019
0AE2  29 01       AND #$01
0AE4  D0 0E       BNE irq_dispatch_vic_raster
0AE6  AD 0D DC    LDA $DC0D
0AE9  AD 0D DD    LDA $DD0D
0AEC  68          PLA
0AED  A8          TAY
0AEE  68          PLA
0AEF  AA          TAX
0AF0  68          PLA
0AF1  4C 81 EA    JMP $EA81
0AF4        irq_dispatch_vic_raster:
0AF4  A9 01       LDA #$01
0AF6  8D 19 D0    STA $D019
0AF9  AD FE C0    LDA $C0FE
0AFC  C9 00       CMP #$00
0AFE  F0 03       BEQ irq_dispatch_match_0
0B00  4C 06 0B    JMP irq_dispatch_next_0
0B03        irq_dispatch_match_0:
0B03  4C 13 0B    JMP irq_handler_0
0B06        irq_dispatch_next_0:
0B06  C9 01       CMP #$01
0B08  F0 03       BEQ irq_dispatch_match_1
0B0A  4C 10 0B    JMP irq_dispatch_next_1
0B0D        irq_dispatch_match_1:
0B0D  4C 30 0B    JMP irq_handler_1
0B10        irq_dispatch_next_1:
0B10  4C 13 0B    JMP irq_handler_0
0B13        irq_handler_0:
0B13  20 06 14    JSR runtime_map_scroll_apply_0
0B16  A9 01       LDA #$01
0B18  8D FE C0    STA $C0FE
0B1B  A9 D2       LDA #$D2
0B1D  8D 12 D0    STA $D012
0B20  AD 11 D0    LDA $D011
0B23  29 7F       AND #$7F
0B25  8D 11 D0    STA $D011
0B28  68          PLA
0B29  A8          TAY
0B2A  68          PLA
0B2B  AA          TAX
0B2C  68          PLA
0B2D  4C 81 EA    JMP $EA81
0B30        irq_handler_1:
0B30  20 13 14    JSR runtime_map_scroll_leave_0
0B33  A9 00       LDA #$00
0B35  8D FE C0    STA $C0FE
0B38  A9 1E       LDA #$1E
0B3A  8D 12 D0    STA $D012
0B3D  AD 11 D0    LDA $D011
0B40  29 7F       AND #$7F
0B42  8D 11 D0    STA $D011
0B45  68          PLA
0B46  A8          TAY
0B47  68          PLA
0B48  AA          TAX
0B49  68          PLA
0B4A  4C 81 EA    JMP $EA81
0B4D        program_end:
            ; Deterministic game frame loop
0B4D  A9 00       LDA #$00
0B4F  8D 6A C7    STA $C76A
0B52  A9 00       LDA #$00
0B54  8D 6B C7    STA $C76B
0B57  A9 00       LDA #$00
0B59  8D 70 C7    STA $C770
0B5C  A9 FF       LDA #$FF
0B5E  8D 67 C7    STA $C767
0B61  A9 FF       LDA #$FF
0B63  8D 69 C7    STA $C769
0B66  A9 3C       LDA #$3C
0B68  8D 6F C7    STA $C76F
0B6B        game_video_detect_low:
0B6B  AD 11 D0    LDA $D011
0B6E  30 FB       BMI game_video_detect_low
0B70        game_video_detect_high:
0B70  AD 11 D0    LDA $D011
0B73  10 FB       BPL game_video_detect_high
0B75        game_video_detect_scan:
0B75  AD 11 D0    LDA $D011
0B78  10 0F       BPL game_video_detect_done
0B7A  AD 12 D0    LDA $D012
0B7D  C9 20       CMP #$20
0B7F  B0 03       BCS game_video_detect_pal
0B81  4C 75 0B    JMP game_video_detect_scan
0B84        game_video_detect_pal:
0B84  A9 32       LDA #$32
0B86  8D 6F C7    STA $C76F
0B89        game_video_detect_done:
0B89        game_frame_loop:
0B89        game_frame_wait_leave:
0B89  AD 11 D0    LDA $D011
0B8C  30 FB       BMI game_frame_wait_leave
0B8E  AD 12 D0    LDA $D012
0B91  C9 D6       CMP #$D6
0B93  B0 F4       BCS game_frame_wait_leave
0B95        game_frame_wait_target:
0B95  AD 11 D0    LDA $D011
0B98  30 07       BMI game_frame_target_reached
0B9A  AD 12 D0    LDA $D012
0B9D  C9 D6       CMP #$D6
0B9F  90 F4       BCC game_frame_wait_target
0BA1        game_frame_target_reached:
0BA1  18          CLC
0BA2  AD 70 C7    LDA $C770
0BA5  69 32       ADC #$32
0BA7  8D 70 C7    STA $C770
0BAA  CD 6F C7    CMP $C76F
0BAD  B0 03       BCS game_frame_logical_tick
0BAF  4C 89 0B    JMP game_frame_loop
0BB2        game_frame_logical_tick:
0BB2  38          SEC
0BB3  AD 70 C7    LDA $C770
0BB6  ED 6F C7    SBC $C76F
0BB9  8D 70 C7    STA $C770
0BBC  AD 67 C7    LDA $C767
0BBF  8D 69 C7    STA $C769
0BC2  AD 00 DC    LDA $DC00
0BC5  8D 67 C7    STA $C767
0BC8  EE 6A C7    INC $C76A
0BCB  D0 03       BNE game_frame_counter_done_9
0BCD  EE 6B C7    INC $C76B
0BD0        game_frame_counter_done_9:
0BD0  A9 00       LDA #$00
0BD2  8D 04 C1    STA $C104
0BD5  AD 67 C7    LDA $C767
0BD8  29 04       AND #$04
0BDA  F0 03       BEQ condition_pass_11
0BDC  4C E7 0B    JMP control_if_else_10
0BDF        condition_pass_11:
0BDF  A9 FE       LDA #$FE
0BE1  8D 04 C1    STA $C104
0BE4  4C E7 0B    JMP control_if_end_10
0BE7        control_if_else_10:
0BE7        control_if_end_10:
0BE7  AD 67 C7    LDA $C767
0BEA  29 08       AND #$08
0BEC  F0 03       BEQ condition_pass_13
0BEE  4C F9 0B    JMP control_if_else_12
0BF1        condition_pass_13:
0BF1  A9 02       LDA #$02
0BF3  8D 04 C1    STA $C104
0BF6  4C F9 0B    JMP control_if_end_12
0BF9        control_if_else_12:
0BF9        control_if_end_12:
0BF9  AD 04 C1    LDA $C104
0BFC  C9 00       CMP #$00
0BFE  F0 03       BEQ condition_pass_15
0C00  4C 32 0C    JMP control_if_else_14
0C03        condition_pass_15:
0C03  AD 00 C4    LDA $C400
0C06  C9 00       CMP #$00
0C08  D0 05       BNE sprite_play_start_0_0_16
0C0A  AD 03 C4    LDA $C403
0C0D  D0 20       BNE sprite_play_done_0_0_17
0C0F        sprite_play_start_0_0_16:
0C0F  A9 00       LDA #$00
0C11  8D 00 C4    STA $C400
0C14  A9 00       LDA #$00
0C16  8D 01 C4    STA $C401
0C19  A9 00       LDA #$00
0C1B  8D 02 C4    STA $C402
0C1E  A9 01       LDA #$01
0C20  8D 03 C4    STA $C403
0C23  AD 75 20    LDA sprite_sequence_0_idle-right
0C26  8D 04 C4    STA $C404
0C29  AD 04 C4    LDA $C404
0C2C  8D F8 07    STA $07F8
0C2F        sprite_play_done_0_0_17:
0C2F  4C 5E 0C    JMP control_if_end_14
0C32        control_if_else_14:
0C32  AD 00 C4    LDA $C400
0C35  C9 01       CMP #$01
0C37  D0 05       BNE sprite_play_start_0_1_18
0C39  AD 03 C4    LDA $C403
0C3C  D0 20       BNE sprite_play_done_0_1_19
0C3E        sprite_play_start_0_1_18:
0C3E  A9 01       LDA #$01
0C40  8D 00 C4    STA $C400
0C43  A9 00       LDA #$00
0C45  8D 01 C4    STA $C401
0C48  A9 00       LDA #$00
0C4A  8D 02 C4    STA $C402
0C4D  A9 01       LDA #$01
0C4F  8D 03 C4    STA $C403
0C52  AD 76 20    LDA sprite_sequence_0_run-right
0C55  8D 04 C4    STA $C404
0C58  AD 04 C4    LDA $C404
0C5B  8D F8 07    STA $07F8
0C5E        sprite_play_done_0_1_19:
0C5E        control_if_end_14:
0C5E  AD 06 C1    LDA $C106
0C61  C9 01       CMP #$01
0C63  F0 03       BEQ condition_pass_21
0C65  4C 8C 0C    JMP control_if_else_20
0C68        condition_pass_21:
0C68  AD 67 C7    LDA $C767
0C6B  29 10       AND #$10
0C6D  F0 03       BEQ joystick_current_pressed_23
0C6F  4C 89 0C    JMP control_if_else_22
0C72        joystick_current_pressed_23:
0C72  AD 69 C7    LDA $C769
0C75  29 10       AND #$10
0C77  D0 03       BNE condition_pass_23
0C79  4C 89 0C    JMP control_if_else_22
0C7C        condition_pass_23:
0C7C  A9 FA       LDA #$FA
0C7E  8D 05 C1    STA $C105
0C81  A9 00       LDA #$00
0C83  8D 06 C1    STA $C106
0C86  4C 89 0C    JMP control_if_end_22
0C89        control_if_else_22:
0C89        control_if_end_22:
0C89  4C 8C 0C    JMP control_if_end_20
0C8C        control_if_else_20:
0C8C        control_if_end_20:
0C8C  AD 05 C1    LDA $C105
0C8F  18          CLC
0C90  69 01       ADC #$01
0C92  8D 05 C1    STA $C105
0C95  20 84 0F    JSR runtime_map_entity_move_0
0C98  AD 03 C4    LDA $C403
0C9B  D0 03       BNE sprite_anim_active_0_25
0C9D  4C 14 0D    JMP sprite_anim_done_0_24
0CA0        sprite_anim_active_0_25:
0CA0  AD 00 C4    LDA $C400
0CA3  C9 00       CMP #$00
0CA5  D0 33       BNE sprite_anim_next_seq_0_0_26
0CA7  EE 02 C4    INC $C402
0CAA  AD 02 C4    LDA $C402
0CAD  C9 08       CMP #$08
0CAF  B0 03       BCS sprite_anim_advance_0_0_27
0CB1  4C 14 0D    JMP sprite_anim_done_0_24
0CB4        sprite_anim_advance_0_0_27:
0CB4  A9 00       LDA #$00
0CB6  8D 02 C4    STA $C402
0CB9  EE 01 C4    INC $C401
0CBC  AD 01 C4    LDA $C401
0CBF  C9 01       CMP #$01
0CC1  90 05       BCC sprite_anim_pos_ok_0_0_28
0CC3  A9 00       LDA #$00
0CC5  8D 01 C4    STA $C401
0CC8        sprite_anim_pos_ok_0_0_28:
0CC8  AE 01 C4    LDX $C401
0CCB  BD 75 20    LDA sprite_sequence_0_idle-right,X
0CCE  8D 04 C4    STA $C404
0CD1  AD 04 C4    LDA $C404
0CD4  8D F8 07    STA $07F8
0CD7  4C 14 0D    JMP sprite_anim_done_0_24
0CDA        sprite_anim_next_seq_0_0_26:
0CDA  AD 00 C4    LDA $C400
0CDD  C9 01       CMP #$01
0CDF  D0 33       BNE sprite_anim_next_seq_0_1_29
0CE1  EE 02 C4    INC $C402
0CE4  AD 02 C4    LDA $C402
0CE7  C9 05       CMP #$05
0CE9  B0 03       BCS sprite_anim_advance_0_1_30
0CEB  4C 14 0D    JMP sprite_anim_done_0_24
0CEE        sprite_anim_advance_0_1_30:
0CEE  A9 00       LDA #$00
0CF0  8D 02 C4    STA $C402
0CF3  EE 01 C4    INC $C401
0CF6  AD 01 C4    LDA $C401
0CF9  C9 02       CMP #$02
0CFB  90 05       BCC sprite_anim_pos_ok_0_1_31
0CFD  A9 00       LDA #$00
0CFF  8D 01 C4    STA $C401
0D02        sprite_anim_pos_ok_0_1_31:
0D02  AE 01 C4    LDX $C401
0D05  BD 76 20    LDA sprite_sequence_0_run-right,X
0D08  8D 04 C4    STA $C404
0D0B  AD 04 C4    LDA $C404
0D0E  8D F8 07    STA $07F8
0D11  4C 14 0D    JMP sprite_anim_done_0_24
0D14        sprite_anim_next_seq_0_1_29:
0D14        sprite_anim_done_0_24:
0D14  18          CLC
0D15  AD 00 C1    LDA $C100
0D18  69 0C       ADC #$0C
0D1A  8D C4 C7    STA $C7C4
0D1D  AD 01 C1    LDA $C101
0D20  69 00       ADC #$00
0D22  8D C5 C7    STA $C7C5
0D25  18          CLC
0D26  AD 14 C1    LDA $C114
0D29  69 C7       ADC #$C7
0D2B  8D BD C7    STA $C7BD
0D2E  AD 15 C1    LDA $C115
0D31  69 00       ADC #$00
0D33  8D BE C7    STA $C7BE
0D36  AD C5 C7    LDA $C7C5
0D39  CD BE C7    CMP $C7BE
0D3C  F0 05       BEQ map_camera_follow_x_0_0_32_0_positive_compare_high_equal
0D3E  90 10       BCC map_camera_follow_x_0_0_32_0_positive_compare_false
0D40  4C 81 0D    JMP map_camera_follow_x_0_0_32_0_move_positive
0D43        map_camera_follow_x_0_0_32_0_positive_compare_high_equal:
0D43  AD C4 C7    LDA $C7C4
0D46  CD BD C7    CMP $C7BD
0D49  F0 05       BEQ map_camera_follow_x_0_0_32_0_positive_compare_false
0D4B  90 03       BCC map_camera_follow_x_0_0_32_0_positive_compare_false
0D4D  4C 81 0D    JMP map_camera_follow_x_0_0_32_0_move_positive
0D50        map_camera_follow_x_0_0_32_0_positive_compare_false:
0D50  4C 53 0D    JMP map_camera_follow_x_0_0_32_0_check_negative
0D53        map_camera_follow_x_0_0_32_0_check_negative:
0D53  18          CLC
0D54  AD 14 C1    LDA $C114
0D57  69 68       ADC #$68
0D59  8D BD C7    STA $C7BD
0D5C  AD 15 C1    LDA $C115
0D5F  69 00       ADC #$00
0D61  8D BE C7    STA $C7BE
0D64  AD BE C7    LDA $C7BE
0D67  CD C5 C7    CMP $C7C5
0D6A  F0 05       BEQ map_camera_follow_x_0_0_32_0_negative_compare_high_equal
0D6C  90 10       BCC map_camera_follow_x_0_0_32_0_negative_compare_false
0D6E  4C A9 0D    JMP map_camera_follow_x_0_0_32_0_move_negative
0D71        map_camera_follow_x_0_0_32_0_negative_compare_high_equal:
0D71  AD BD C7    LDA $C7BD
0D74  CD C4 C7    CMP $C7C4
0D77  F0 05       BEQ map_camera_follow_x_0_0_32_0_negative_compare_false
0D79  90 03       BCC map_camera_follow_x_0_0_32_0_negative_compare_false
0D7B  4C A9 0D    JMP map_camera_follow_x_0_0_32_0_move_negative
0D7E        map_camera_follow_x_0_0_32_0_negative_compare_false:
0D7E  4C D8 0D    JMP map_camera_follow_x_0_0_32_0_done
0D81        map_camera_follow_x_0_0_32_0_move_positive:
0D81  AD 0E C1    LDA $C10E
0D84  C9 2A       CMP #$2A
0D86  F0 1E       BEQ map_scroll_done_33
0D88        map_scroll_can_move_33:
0D88  AD 0F C1    LDA $C10F
0D8B  F0 06       BEQ map_scroll_wrap_33
0D8D  CE 0F C1    DEC $C10F
0D90  4C 9E 0D    JMP map_scroll_moved_33
0D93        map_scroll_wrap_33:
0D93  EE 0E C1    INC $C10E
0D96  A9 07       LDA #$07
0D98  8D 0F C1    STA $C10F
0D9B  20 21 14    JSR runtime_map_scroll_shift_left_0
0D9E        map_scroll_moved_33:
0D9E  EE 14 C1    INC $C114
0DA1  D0 03       BNE map_scroll_pixel_x_inc_33_done
0DA3  EE 15 C1    INC $C115
0DA6        map_scroll_pixel_x_inc_33_done:
0DA6        map_scroll_done_33:
0DA6  4C D8 0D    JMP map_camera_follow_x_0_0_32_0_done
0DA9        map_camera_follow_x_0_0_32_0_move_negative:
0DA9  AD 0E C1    LDA $C10E
0DAC  D0 07       BNE map_scroll_can_move_34
0DAE  AD 0F C1    LDA $C10F
0DB1  C9 07       CMP #$07
0DB3  F0 23       BEQ map_scroll_done_34
0DB5        map_scroll_can_move_34:
0DB5  AD 0F C1    LDA $C10F
0DB8  C9 07       CMP #$07
0DBA  F0 06       BEQ map_scroll_wrap_34
0DBC  EE 0F C1    INC $C10F
0DBF  4C CD 0D    JMP map_scroll_moved_34
0DC2        map_scroll_wrap_34:
0DC2  CE 0E C1    DEC $C10E
0DC5  A9 00       LDA #$00
0DC7  8D 0F C1    STA $C10F
0DCA  20 C7 19    JSR runtime_map_scroll_shift_right_0
0DCD        map_scroll_moved_34:
0DCD  AD 14 C1    LDA $C114
0DD0  D0 03       BNE map_scroll_pixel_x_dec_34_low
0DD2  CE 15 C1    DEC $C115
0DD5        map_scroll_pixel_x_dec_34_low:
0DD5  CE 14 C1    DEC $C114
0DD8        map_scroll_done_34:
0DD8        map_camera_follow_x_0_0_32_0_done:
0DD8  18          CLC
0DD9  AD 00 C1    LDA $C100
0DDC  69 0C       ADC #$0C
0DDE  8D C4 C7    STA $C7C4
0DE1  AD 01 C1    LDA $C101
0DE4  69 00       ADC #$00
0DE6  8D C5 C7    STA $C7C5
0DE9  18          CLC
0DEA  AD 14 C1    LDA $C114
0DED  69 C7       ADC #$C7
0DEF  8D BD C7    STA $C7BD
0DF2  AD 15 C1    LDA $C115
0DF5  69 00       ADC #$00
0DF7  8D BE C7    STA $C7BE
0DFA  AD C5 C7    LDA $C7C5
0DFD  CD BE C7    CMP $C7BE
0E00  F0 05       BEQ map_camera_follow_x_0_0_35_1_positive_compare_high_equal
0E02  90 10       BCC map_camera_follow_x_0_0_35_1_positive_compare_false
0E04  4C 45 0E    JMP map_camera_follow_x_0_0_35_1_move_positive
0E07        map_camera_follow_x_0_0_35_1_positive_compare_high_equal:
0E07  AD C4 C7    LDA $C7C4
0E0A  CD BD C7    CMP $C7BD
0E0D  F0 05       BEQ map_camera_follow_x_0_0_35_1_positive_compare_false
0E0F  90 03       BCC map_camera_follow_x_0_0_35_1_positive_compare_false
0E11  4C 45 0E    JMP map_camera_follow_x_0_0_35_1_move_positive
0E14        map_camera_follow_x_0_0_35_1_positive_compare_false:
0E14  4C 17 0E    JMP map_camera_follow_x_0_0_35_1_check_negative
0E17        map_camera_follow_x_0_0_35_1_check_negative:
0E17  18          CLC
0E18  AD 14 C1    LDA $C114
0E1B  69 68       ADC #$68
0E1D  8D BD C7    STA $C7BD
0E20  AD 15 C1    LDA $C115
0E23  69 00       ADC #$00
0E25  8D BE C7    STA $C7BE
0E28  AD BE C7    LDA $C7BE
0E2B  CD C5 C7    CMP $C7C5
0E2E  F0 05       BEQ map_camera_follow_x_0_0_35_1_negative_compare_high_equal
0E30  90 10       BCC map_camera_follow_x_0_0_35_1_negative_compare_false
0E32  4C 6D 0E    JMP map_camera_follow_x_0_0_35_1_move_negative
0E35        map_camera_follow_x_0_0_35_1_negative_compare_high_equal:
0E35  AD BD C7    LDA $C7BD
0E38  CD C4 C7    CMP $C7C4
0E3B  F0 05       BEQ map_camera_follow_x_0_0_35_1_negative_compare_false
0E3D  90 03       BCC map_camera_follow_x_0_0_35_1_negative_compare_false
0E3F  4C 6D 0E    JMP map_camera_follow_x_0_0_35_1_move_negative
0E42        map_camera_follow_x_0_0_35_1_negative_compare_false:
0E42  4C 9C 0E    JMP map_camera_follow_x_0_0_35_1_done
0E45        map_camera_follow_x_0_0_35_1_move_positive:
0E45  AD 0E C1    LDA $C10E
0E48  C9 2A       CMP #$2A
0E4A  F0 1E       BEQ map_scroll_done_36
0E4C        map_scroll_can_move_36:
0E4C  AD 0F C1    LDA $C10F
0E4F  F0 06       BEQ map_scroll_wrap_36
0E51  CE 0F C1    DEC $C10F
0E54  4C 62 0E    JMP map_scroll_moved_36
0E57        map_scroll_wrap_36:
0E57  EE 0E C1    INC $C10E
0E5A  A9 07       LDA #$07
0E5C  8D 0F C1    STA $C10F
0E5F  20 21 14    JSR runtime_map_scroll_shift_left_0
0E62        map_scroll_moved_36:
0E62  EE 14 C1    INC $C114
0E65  D0 03       BNE map_scroll_pixel_x_inc_36_done
0E67  EE 15 C1    INC $C115
0E6A        map_scroll_pixel_x_inc_36_done:
0E6A        map_scroll_done_36:
0E6A  4C 9C 0E    JMP map_camera_follow_x_0_0_35_1_done
0E6D        map_camera_follow_x_0_0_35_1_move_negative:
0E6D  AD 0E C1    LDA $C10E
0E70  D0 07       BNE map_scroll_can_move_37
0E72  AD 0F C1    LDA $C10F
0E75  C9 07       CMP #$07
0E77  F0 23       BEQ map_scroll_done_37
0E79        map_scroll_can_move_37:
0E79  AD 0F C1    LDA $C10F
0E7C  C9 07       CMP #$07
0E7E  F0 06       BEQ map_scroll_wrap_37
0E80  EE 0F C1    INC $C10F
0E83  4C 91 0E    JMP map_scroll_moved_37
0E86        map_scroll_wrap_37:
0E86  CE 0E C1    DEC $C10E
0E89  A9 00       LDA #$00
0E8B  8D 0F C1    STA $C10F
0E8E  20 C7 19    JSR runtime_map_scroll_shift_right_0
0E91        map_scroll_moved_37:
0E91  AD 14 C1    LDA $C114
0E94  D0 03       BNE map_scroll_pixel_x_dec_37_low
0E96  CE 15 C1    DEC $C115
0E99        map_scroll_pixel_x_dec_37_low:
0E99  CE 14 C1    DEC $C114
0E9C        map_scroll_done_37:
0E9C        map_camera_follow_x_0_0_35_1_done:
0E9C  AD 0A C1    LDA $C10A
0E9F  D0 03       BNE map_entity_enabled_0_38
0EA1  4C 3E 0F    JMP map_entity_hidden_0_38
0EA4        map_entity_enabled_0_38:
0EA4  18          CLC
0EA5  AD 00 C1    LDA $C100
0EA8  69 00       ADC #$00
0EAA  8D BD C7    STA $C7BD
0EAD  AD 01 C1    LDA $C101
0EB0  69 00       ADC #$00
0EB2  8D BE C7    STA $C7BE
0EB5  38          SEC
0EB6  AD BD C7    LDA $C7BD
0EB9  ED 14 C1    SBC $C114
0EBC  8D BD C7    STA $C7BD
0EBF  AD BE C7    LDA $C7BE
0EC2  ED 15 C1    SBC $C115
0EC5  8D BE C7    STA $C7BE
0EC8  B0 03       BCS map_entity_x_38_not_before_39
0ECA  4C 3E 0F    JMP map_entity_hidden_0_38
0ECD        map_entity_x_38_not_before_39:
0ECD  AD BE C7    LDA $C7BE
0ED0  C9 01       CMP #$01
0ED2  90 0C       BCC map_entity_x_visible_38
0ED4  D0 07       BNE map_entity_x_visible_38_hidden
0ED6  AD BD C7    LDA $C7BD
0ED9  C9 30       CMP #$30
0EDB  90 03       BCC map_entity_x_visible_38
0EDD        map_entity_x_visible_38_hidden:
0EDD  4C 3E 0F    JMP map_entity_hidden_0_38
0EE0        map_entity_x_visible_38:
0EE0  18          CLC
0EE1  AD 02 C1    LDA $C102
0EE4  69 00       ADC #$00
0EE6  8D BB C7    STA $C7BB
0EE9  AD 03 C1    LDA $C103
0EEC  69 00       ADC #$00
0EEE  8D BC C7    STA $C7BC
0EF1  38          SEC
0EF2  AD BB C7    LDA $C7BB
0EF5  ED 16 C1    SBC $C116
0EF8  8D BB C7    STA $C7BB
0EFB  AD BC C7    LDA $C7BC
0EFE  ED 17 C1    SBC $C117
0F01  8D BC C7    STA $C7BC
0F04  B0 03       BCS map_entity_y_38_not_before_40
0F06  4C 3E 0F    JMP map_entity_hidden_0_38
0F09        map_entity_y_38_not_before_40:
0F09  AD BC C7    LDA $C7BC
0F0C  C9 00       CMP #$00
0F0E  90 0C       BCC map_entity_y_visible_38
0F10  D0 07       BNE map_entity_y_visible_38_hidden
0F12  AD BB C7    LDA $C7BB
0F15  C9 A0       CMP #$A0
0F17  90 03       BCC map_entity_y_visible_38
0F19        map_entity_y_visible_38_hidden:
0F19  4C 3E 0F    JMP map_entity_hidden_0_38
0F1C        map_entity_y_visible_38:
0F1C  18          CLC
0F1D  AD BD C7    LDA $C7BD
0F20  69 27       ADC #$27
0F22  8D 00 C5    STA $C500
0F25  AD BE C7    LDA $C7BE
0F28  69 00       ADC #$00
0F2A  8D 01 C5    STA $C501
0F2D  18          CLC
0F2E  AD BB C7    LDA $C7BB
0F31  69 32       ADC #$32
0F33  8D 02 C5    STA $C502
0F36  A9 01       LDA #$01
0F38  8D 05 C5    STA $C505
0F3B  4C 43 0F    JMP map_entity_shown_0_38
0F3E        map_entity_hidden_0_38:
0F3E  A9 00       LDA #$00
0F40  8D 05 C5    STA $C505
0F43        map_entity_shown_0_38:
0F43  AD 05 C5    LDA $C505
0F46  D0 0B       BNE sprite_runtime_active_0_41
0F48  AD 15 D0    LDA $D015
0F4B  29 FE       AND #$FE
0F4D  8D 15 D0    STA $D015
0F50  4C 81 0F    JMP sprite_runtime_sync_done_0_44
0F53        sprite_runtime_active_0_41:
0F53  AD 15 D0    LDA $D015
0F56  09 01       ORA #$01
0F58  8D 15 D0    STA $D015
0F5B  AD 00 C5    LDA $C500
0F5E  8D 00 D0    STA $D000
0F61  AD 01 C5    LDA $C501
0F64  29 01       AND #$01
0F66  D0 0B       BNE sprite_runtime_xhigh_0_42
0F68  AD 10 D0    LDA $D010
0F6B  29 FE       AND #$FE
0F6D  8D 10 D0    STA $D010
0F70  4C 7B 0F    JMP sprite_runtime_xdone_0_43
0F73        sprite_runtime_xhigh_0_42:
0F73  AD 10 D0    LDA $D010
0F76  09 01       ORA #$01
0F78  8D 10 D0    STA $D010
0F7B        sprite_runtime_xdone_0_43:
0F7B  AD 02 C5    LDA $C502
0F7E  8D 01 D0    STA $D001
0F81        sprite_runtime_sync_done_0_44:
0F81        map_entity_project_done_0_38:
0F81  4C 89 0B    JMP game_frame_loop
            ; Map entity 0: pixel-stepped X/Y tile collision
0F84        runtime_map_entity_move_0:
0F84  A9 00       LDA #$00
0F86  8D 06 C1    STA $C106
0F89  A9 00       LDA #$00
0F8B  8D 07 C1    STA $C107
0F8E  A9 00       LDA #$00
0F90  8D 08 C1    STA $C108
0F93  A9 00       LDA #$00
0F95  8D 09 C1    STA $C109
0F98  A9 00       LDA #$00
0F9A  8D 0B C1    STA $C10B
0F9D  A9 00       LDA #$00
0F9F  8D 0C C1    STA $C10C
0FA2  A9 00       LDA #$00
0FA4  8D 0D C1    STA $C10D
0FA7  A9 00       LDA #$00
0FA9  8D C9 C7    STA $C7C9
0FAC  AD 04 C1    LDA $C104
0FAF  D0 03       BNE runtime_map_entity_0_x_has_velocity
0FB1  4C 19 11    JMP runtime_map_entity_0_x_done
0FB4        runtime_map_entity_0_x_has_velocity:
0FB4  10 03       BPL runtime_map_entity_0_x_positive
0FB6  4C 68 10    JMP runtime_map_entity_0_x_negative
0FB9        runtime_map_entity_0_x_positive:
0FB9  AD 04 C1    LDA $C104
0FBC  C9 09       CMP #$09
0FBE  90 02       BCC runtime_map_entity_0_x_positive_count_store
0FC0  A9 08       LDA #$08
0FC2        runtime_map_entity_0_x_positive_count_store:
0FC2  8D C8 C7    STA $C7C8
0FC5        runtime_map_entity_0_x_positive_loop:
0FC5  EE 00 C1    INC $C100
0FC8  D0 03       BNE runtime_map_entity_0_x_positive_step_done
0FCA  EE 01 C1    INC $C101
0FCD        runtime_map_entity_0_x_positive_step_done:
0FCD  18          CLC
0FCE  AD 00 C1    LDA $C100
0FD1  69 13       ADC #$13
0FD3  8D C4 C7    STA $C7C4
0FD6  AD 01 C1    LDA $C101
0FD9  69 00       ADC #$00
0FDB  8D C5 C7    STA $C7C5
0FDE  18          CLC
0FDF  AD 02 C1    LDA $C102
0FE2  69 01       ADC #$01
0FE4  8D C6 C7    STA $C7C6
0FE7  AD 03 C1    LDA $C103
0FEA  69 00       ADC #$00
0FEC  8D C7 C7    STA $C7C7
0FEF  20 43 13    JSR runtime_map_entity_point_solid_0
0FF2  F0 03       BEQ runtime_map_entity_0_x_positive_sample_0_clear
0FF4  4C 50 10    JMP runtime_map_entity_0_x_positive_hit
0FF7        runtime_map_entity_0_x_positive_sample_0_clear:
0FF7  18          CLC
0FF8  AD 02 C1    LDA $C102
0FFB  69 09       ADC #$09
0FFD  8D C6 C7    STA $C7C6
1000  AD 03 C1    LDA $C103
1003  69 00       ADC #$00
1005  8D C7 C7    STA $C7C7
1008  20 43 13    JSR runtime_map_entity_point_solid_0
100B  F0 03       BEQ runtime_map_entity_0_x_positive_sample_1_clear
100D  4C 50 10    JMP runtime_map_entity_0_x_positive_hit
1010        runtime_map_entity_0_x_positive_sample_1_clear:
1010  18          CLC
1011  AD 02 C1    LDA $C102
1014  69 11       ADC #$11
1016  8D C6 C7    STA $C7C6
1019  AD 03 C1    LDA $C103
101C  69 00       ADC #$00
101E  8D C7 C7    STA $C7C7
1021  20 43 13    JSR runtime_map_entity_point_solid_0
1024  F0 03       BEQ runtime_map_entity_0_x_positive_sample_2_clear
1026  4C 50 10    JMP runtime_map_entity_0_x_positive_hit
1029        runtime_map_entity_0_x_positive_sample_2_clear:
1029  18          CLC
102A  AD 02 C1    LDA $C102
102D  69 14       ADC #$14
102F  8D C6 C7    STA $C7C6
1032  AD 03 C1    LDA $C103
1035  69 00       ADC #$00
1037  8D C7 C7    STA $C7C7
103A  20 43 13    JSR runtime_map_entity_point_solid_0
103D  F0 03       BEQ runtime_map_entity_0_x_positive_sample_3_clear
103F  4C 50 10    JMP runtime_map_entity_0_x_positive_hit
1042        runtime_map_entity_0_x_positive_sample_3_clear:
1042  CE C8 C7    DEC $C7C8
1045  AD C8 C7    LDA $C7C8
1048  F0 03       BEQ runtime_map_entity_0_x_positive_done
104A  4C C5 0F    JMP runtime_map_entity_0_x_positive_loop
104D        runtime_map_entity_0_x_positive_done:
104D  4C 19 11    JMP runtime_map_entity_0_x_done
1050        runtime_map_entity_0_x_positive_hit:
1050  AD 00 C1    LDA $C100
1053  D0 03       BNE runtime_map_entity_0_x_positive_undo_low
1055  CE 01 C1    DEC $C101
1058        runtime_map_entity_0_x_positive_undo_low:
1058  CE 00 C1    DEC $C100
105B  A9 01       LDA #$01
105D  8D 09 C1    STA $C109
1060  A9 00       LDA #$00
1062  8D 04 C1    STA $C104
1065  4C 19 11    JMP runtime_map_entity_0_x_done
1068        runtime_map_entity_0_x_negative:
1068  AD 04 C1    LDA $C104
106B  49 FF       EOR #$FF
106D  18          CLC
106E  69 01       ADC #$01
1070  C9 09       CMP #$09
1072  90 02       BCC runtime_map_entity_0_x_negative_count_store
1074  A9 08       LDA #$08
1076        runtime_map_entity_0_x_negative_count_store:
1076  8D C8 C7    STA $C7C8
1079        runtime_map_entity_0_x_negative_loop:
1079  AD 00 C1    LDA $C100
107C  D0 03       BNE runtime_map_entity_0_x_negative_step_low
107E  CE 01 C1    DEC $C101
1081        runtime_map_entity_0_x_negative_step_low:
1081  CE 00 C1    DEC $C100
1084  18          CLC
1085  AD 00 C1    LDA $C100
1088  69 04       ADC #$04
108A  8D C4 C7    STA $C7C4
108D  AD 01 C1    LDA $C101
1090  69 00       ADC #$00
1092  8D C5 C7    STA $C7C5
1095  18          CLC
1096  AD 02 C1    LDA $C102
1099  69 01       ADC #$01
109B  8D C6 C7    STA $C7C6
109E  AD 03 C1    LDA $C103
10A1  69 00       ADC #$00
10A3  8D C7 C7    STA $C7C7
10A6  20 43 13    JSR runtime_map_entity_point_solid_0
10A9  F0 03       BEQ runtime_map_entity_0_x_negative_sample_0_clear
10AB  4C 07 11    JMP runtime_map_entity_0_x_negative_hit
10AE        runtime_map_entity_0_x_negative_sample_0_clear:
10AE  18          CLC
10AF  AD 02 C1    LDA $C102
10B2  69 09       ADC #$09
10B4  8D C6 C7    STA $C7C6
10B7  AD 03 C1    LDA $C103
10BA  69 00       ADC #$00
10BC  8D C7 C7    STA $C7C7
10BF  20 43 13    JSR runtime_map_entity_point_solid_0
10C2  F0 03       BEQ runtime_map_entity_0_x_negative_sample_1_clear
10C4  4C 07 11    JMP runtime_map_entity_0_x_negative_hit
10C7        runtime_map_entity_0_x_negative_sample_1_clear:
10C7  18          CLC
10C8  AD 02 C1    LDA $C102
10CB  69 11       ADC #$11
10CD  8D C6 C7    STA $C7C6
10D0  AD 03 C1    LDA $C103
10D3  69 00       ADC #$00
10D5  8D C7 C7    STA $C7C7
10D8  20 43 13    JSR runtime_map_entity_point_solid_0
10DB  F0 03       BEQ runtime_map_entity_0_x_negative_sample_2_clear
10DD  4C 07 11    JMP runtime_map_entity_0_x_negative_hit
10E0        runtime_map_entity_0_x_negative_sample_2_clear:
10E0  18          CLC
10E1  AD 02 C1    LDA $C102
10E4  69 14       ADC #$14
10E6  8D C6 C7    STA $C7C6
10E9  AD 03 C1    LDA $C103
10EC  69 00       ADC #$00
10EE  8D C7 C7    STA $C7C7
10F1  20 43 13    JSR runtime_map_entity_point_solid_0
10F4  F0 03       BEQ runtime_map_entity_0_x_negative_sample_3_clear
10F6  4C 07 11    JMP runtime_map_entity_0_x_negative_hit
10F9        runtime_map_entity_0_x_negative_sample_3_clear:
10F9  CE C8 C7    DEC $C7C8
10FC  AD C8 C7    LDA $C7C8
10FF  F0 03       BEQ runtime_map_entity_0_x_negative_done
1101  4C 79 10    JMP runtime_map_entity_0_x_negative_loop
1104        runtime_map_entity_0_x_negative_done:
1104  4C 19 11    JMP runtime_map_entity_0_x_done
1107        runtime_map_entity_0_x_negative_hit:
1107  EE 00 C1    INC $C100
110A  D0 03       BNE runtime_map_entity_0_x_negative_undo_done
110C  EE 01 C1    INC $C101
110F        runtime_map_entity_0_x_negative_undo_done:
110F  A9 01       LDA #$01
1111  8D 08 C1    STA $C108
1114  A9 00       LDA #$00
1116  8D 04 C1    STA $C104
1119        runtime_map_entity_0_x_done:
1119  AD 05 C1    LDA $C105
111C  D0 03       BNE runtime_map_entity_0_y_has_velocity
111E  4C 5E 12    JMP runtime_map_entity_0_y_done
1121        runtime_map_entity_0_y_has_velocity:
1121  10 03       BPL runtime_map_entity_0_y_positive
1123  4C C1 11    JMP runtime_map_entity_0_y_negative
1126        runtime_map_entity_0_y_positive:
1126  A9 01       LDA #$01
1128  8D C9 C7    STA $C7C9
112B  AD 05 C1    LDA $C105
112E  C9 09       CMP #$09
1130  90 02       BCC runtime_map_entity_0_y_positive_count_store
1132  A9 08       LDA #$08
1134        runtime_map_entity_0_y_positive_count_store:
1134  8D C8 C7    STA $C7C8
1137        runtime_map_entity_0_y_positive_loop:
1137  EE 02 C1    INC $C102
113A  D0 03       BNE runtime_map_entity_0_y_positive_step_done
113C  EE 03 C1    INC $C103
113F        runtime_map_entity_0_y_positive_step_done:
113F  18          CLC
1140  AD 02 C1    LDA $C102
1143  69 14       ADC #$14
1145  8D C6 C7    STA $C7C6
1148  AD 03 C1    LDA $C103
114B  69 00       ADC #$00
114D  8D C7 C7    STA $C7C7
1150  18          CLC
1151  AD 00 C1    LDA $C100
1154  69 04       ADC #$04
1156  8D C4 C7    STA $C7C4
1159  AD 01 C1    LDA $C101
115C  69 00       ADC #$00
115E  8D C5 C7    STA $C7C5
1161  20 43 13    JSR runtime_map_entity_point_solid_0
1164  F0 03       BEQ runtime_map_entity_0_y_positive_sample_0_clear
1166  4C A9 11    JMP runtime_map_entity_0_y_positive_hit
1169        runtime_map_entity_0_y_positive_sample_0_clear:
1169  18          CLC
116A  AD 00 C1    LDA $C100
116D  69 0C       ADC #$0C
116F  8D C4 C7    STA $C7C4
1172  AD 01 C1    LDA $C101
1175  69 00       ADC #$00
1177  8D C5 C7    STA $C7C5
117A  20 43 13    JSR runtime_map_entity_point_solid_0
117D  F0 03       BEQ runtime_map_entity_0_y_positive_sample_1_clear
117F  4C A9 11    JMP runtime_map_entity_0_y_positive_hit
1182        runtime_map_entity_0_y_positive_sample_1_clear:
1182  18          CLC
1183  AD 00 C1    LDA $C100
1186  69 13       ADC #$13
1188  8D C4 C7    STA $C7C4
118B  AD 01 C1    LDA $C101
118E  69 00       ADC #$00
1190  8D C5 C7    STA $C7C5
1193  20 43 13    JSR runtime_map_entity_point_solid_0
1196  F0 03       BEQ runtime_map_entity_0_y_positive_sample_2_clear
1198  4C A9 11    JMP runtime_map_entity_0_y_positive_hit
119B        runtime_map_entity_0_y_positive_sample_2_clear:
119B  CE C8 C7    DEC $C7C8
119E  AD C8 C7    LDA $C7C8
11A1  F0 03       BEQ runtime_map_entity_0_y_positive_done
11A3  4C 37 11    JMP runtime_map_entity_0_y_positive_loop
11A6        runtime_map_entity_0_y_positive_done:
11A6  4C 5E 12    JMP runtime_map_entity_0_y_done
11A9        runtime_map_entity_0_y_positive_hit:
11A9  AD 02 C1    LDA $C102
11AC  D0 03       BNE runtime_map_entity_0_y_positive_undo_low
11AE  CE 03 C1    DEC $C103
11B1        runtime_map_entity_0_y_positive_undo_low:
11B1  CE 02 C1    DEC $C102
11B4  A9 01       LDA #$01
11B6  8D 06 C1    STA $C106
11B9  A9 00       LDA #$00
11BB  8D 05 C1    STA $C105
11BE  4C 5E 12    JMP runtime_map_entity_0_y_done
11C1        runtime_map_entity_0_y_negative:
11C1  A9 00       LDA #$00
11C3  8D C9 C7    STA $C7C9
11C6  AD 05 C1    LDA $C105
11C9  49 FF       EOR #$FF
11CB  18          CLC
11CC  69 01       ADC #$01
11CE  C9 09       CMP #$09
11D0  90 02       BCC runtime_map_entity_0_y_negative_count_store
11D2  A9 08       LDA #$08
11D4        runtime_map_entity_0_y_negative_count_store:
11D4  8D C8 C7    STA $C7C8
11D7        runtime_map_entity_0_y_negative_loop:
11D7  AD 02 C1    LDA $C102
11DA  D0 03       BNE runtime_map_entity_0_y_negative_step_low
11DC  CE 03 C1    DEC $C103
11DF        runtime_map_entity_0_y_negative_step_low:
11DF  CE 02 C1    DEC $C102
11E2  18          CLC
11E3  AD 02 C1    LDA $C102
11E6  69 01       ADC #$01
11E8  8D C6 C7    STA $C7C6
11EB  AD 03 C1    LDA $C103
11EE  69 00       ADC #$00
11F0  8D C7 C7    STA $C7C7
11F3  18          CLC
11F4  AD 00 C1    LDA $C100
11F7  69 04       ADC #$04
11F9  8D C4 C7    STA $C7C4
11FC  AD 01 C1    LDA $C101
11FF  69 00       ADC #$00
1201  8D C5 C7    STA $C7C5
1204  20 43 13    JSR runtime_map_entity_point_solid_0
1207  F0 03       BEQ runtime_map_entity_0_y_negative_sample_0_clear
1209  4C 4C 12    JMP runtime_map_entity_0_y_negative_hit
120C        runtime_map_entity_0_y_negative_sample_0_clear:
120C  18          CLC
120D  AD 00 C1    LDA $C100
1210  69 0C       ADC #$0C
1212  8D C4 C7    STA $C7C4
1215  AD 01 C1    LDA $C101
1218  69 00       ADC #$00
121A  8D C5 C7    STA $C7C5
121D  20 43 13    JSR runtime_map_entity_point_solid_0
1220  F0 03       BEQ runtime_map_entity_0_y_negative_sample_1_clear
1222  4C 4C 12    JMP runtime_map_entity_0_y_negative_hit
1225        runtime_map_entity_0_y_negative_sample_1_clear:
1225  18          CLC
1226  AD 00 C1    LDA $C100
1229  69 13       ADC #$13
122B  8D C4 C7    STA $C7C4
122E  AD 01 C1    LDA $C101
1231  69 00       ADC #$00
1233  8D C5 C7    STA $C7C5
1236  20 43 13    JSR runtime_map_entity_point_solid_0
1239  F0 03       BEQ runtime_map_entity_0_y_negative_sample_2_clear
123B  4C 4C 12    JMP runtime_map_entity_0_y_negative_hit
123E        runtime_map_entity_0_y_negative_sample_2_clear:
123E  CE C8 C7    DEC $C7C8
1241  AD C8 C7    LDA $C7C8
1244  F0 03       BEQ runtime_map_entity_0_y_negative_done
1246  4C D7 11    JMP runtime_map_entity_0_y_negative_loop
1249        runtime_map_entity_0_y_negative_done:
1249  4C 5E 12    JMP runtime_map_entity_0_y_done
124C        runtime_map_entity_0_y_negative_hit:
124C  EE 02 C1    INC $C102
124F  D0 03       BNE runtime_map_entity_0_y_negative_undo_done
1251  EE 03 C1    INC $C103
1254        runtime_map_entity_0_y_negative_undo_done:
1254  A9 01       LDA #$01
1256  8D 07 C1    STA $C107
1259  A9 00       LDA #$00
125B  8D 05 C1    STA $C105
125E        runtime_map_entity_0_y_done:
125E  A9 01       LDA #$01
1260  8D C9 C7    STA $C7C9
1263  18          CLC
1264  AD 02 C1    LDA $C102
1267  69 15       ADC #$15
1269  8D C6 C7    STA $C7C6
126C  AD 03 C1    LDA $C103
126F  69 00       ADC #$00
1271  8D C7 C7    STA $C7C7
1274  18          CLC
1275  AD 00 C1    LDA $C100
1278  69 04       ADC #$04
127A  8D C4 C7    STA $C7C4
127D  AD 01 C1    LDA $C101
1280  69 00       ADC #$00
1282  8D C5 C7    STA $C7C5
1285  20 43 13    JSR runtime_map_entity_point_solid_0
1288  F0 03       BEQ runtime_map_entity_0_ground_probe_sample_0_clear
128A  4C C2 12    JMP runtime_map_entity_0_grounded
128D        runtime_map_entity_0_ground_probe_sample_0_clear:
128D  18          CLC
128E  AD 00 C1    LDA $C100
1291  69 0C       ADC #$0C
1293  8D C4 C7    STA $C7C4
1296  AD 01 C1    LDA $C101
1299  69 00       ADC #$00
129B  8D C5 C7    STA $C7C5
129E  20 43 13    JSR runtime_map_entity_point_solid_0
12A1  F0 03       BEQ runtime_map_entity_0_ground_probe_sample_1_clear
12A3  4C C2 12    JMP runtime_map_entity_0_grounded
12A6        runtime_map_entity_0_ground_probe_sample_1_clear:
12A6  18          CLC
12A7  AD 00 C1    LDA $C100
12AA  69 13       ADC #$13
12AC  8D C4 C7    STA $C7C4
12AF  AD 01 C1    LDA $C101
12B2  69 00       ADC #$00
12B4  8D C5 C7    STA $C7C5
12B7  20 43 13    JSR runtime_map_entity_point_solid_0
12BA  F0 03       BEQ runtime_map_entity_0_ground_probe_sample_2_clear
12BC  4C C2 12    JMP runtime_map_entity_0_grounded
12BF        runtime_map_entity_0_ground_probe_sample_2_clear:
12BF  4C C7 12    JMP runtime_map_entity_0_behavior_probe
12C2        runtime_map_entity_0_grounded:
12C2  A9 01       LDA #$01
12C4  8D 06 C1    STA $C106
12C7        runtime_map_entity_0_behavior_probe:
12C7        runtime_map_entity_0_done:
12C7  60          RTS
            ; Map 0: logical collision lookup from 16-bit world pixels
12C8        runtime_map_entity_point_value_0:
12C8  AD C5 C7    LDA $C7C5
12CB  C9 02       CMP #$02
12CD  90 0C       BCC runtime_map_entity_point_0_x_inside
12CF  D0 07       BNE runtime_map_entity_point_0_x_outside
12D1  AD C4 C7    LDA $C7C4
12D4  C9 80       CMP #$80
12D6  90 03       BCC runtime_map_entity_point_0_x_inside
12D8        runtime_map_entity_point_0_x_outside:
12D8  4C 40 13    JMP runtime_map_entity_point_0_outside
12DB        runtime_map_entity_point_0_x_inside:
12DB  AD C7 C7    LDA $C7C7
12DE  C9 00       CMP #$00
12E0  90 0C       BCC runtime_map_entity_point_0_y_inside
12E2  D0 07       BNE runtime_map_entity_point_0_y_outside
12E4  AD C6 C7    LDA $C7C6
12E7  C9 A0       CMP #$A0
12E9  90 03       BCC runtime_map_entity_point_0_y_inside
12EB        runtime_map_entity_point_0_y_outside:
12EB  4C 40 13    JMP runtime_map_entity_point_0_outside
12EE        runtime_map_entity_point_0_y_inside:
12EE  AD C4 C7    LDA $C7C4
12F1  8D BB C7    STA $C7BB
12F4  AD C5 C7    LDA $C7C5
12F7  8D BC C7    STA $C7BC
12FA  4E BC C7    LSR $C7BC
12FD  6E BB C7    ROR $C7BB
1300  4E BC C7    LSR $C7BC
1303  6E BB C7    ROR $C7BB
1306  4E BC C7    LSR $C7BC
1309  6E BB C7    ROR $C7BB
130C  AD BB C7    LDA $C7BB
130F  8D B2 C7    STA $C7B2
1312  AD C6 C7    LDA $C7C6
1315  8D BB C7    STA $C7BB
1318  AD C7 C7    LDA $C7C7
131B  8D BC C7    STA $C7BC
131E  4E BC C7    LSR $C7BC
1321  6E BB C7    ROR $C7BB
1324  4E BC C7    LSR $C7BC
1327  6E BB C7    ROR $C7BB
132A  4E BC C7    LSR $C7BC
132D  6E BB C7    ROR $C7BB
1330  AD BB C7    LDA $C7BB
1333  8D B3 C7    STA $C7B3
1336  20 6D 1F    JSR runtime_map_pointer_0
1339  B1 FB       LDA ($FB),Y
133B  AA          TAX
133C  BD 29 20    LDA asset_map_collisions_0,X
133F  60          RTS
1340        runtime_map_entity_point_0_outside:
1340  A9 FF       LDA #$FF
1342  60          RTS
1343        runtime_map_entity_point_solid_0:
1343  20 C8 12    JSR runtime_map_entity_point_value_0
1346  C9 FF       CMP #$FF
1348  F0 02       BEQ runtime_map_entity_point_0_solid
134A  F0 03       BEQ runtime_map_entity_point_0_clear
134C        runtime_map_entity_point_0_solid:
134C  A9 01       LDA #$01
134E  60          RTS
134F        runtime_map_entity_point_0_clear:
134F  A9 00       LDA #$00
1351  60          RTS
            ; Dynamic map 0: draw one changed metatile
1352        runtime_map_draw_tile_0:
1352  AD B2 C7    LDA $C7B2
1355  8D C2 C7    STA $C7C2
1358  AD B3 C7    LDA $C7B3
135B  8D C3 C7    STA $C7C3
135E        runtime_map_draw_tile_body_0:
135E  20 6D 1F    JSR runtime_map_pointer_0
1361  B1 FB       LDA ($FB),Y
1363  8D B4 C7    STA $C7B4
1366  AD B4 C7    LDA $C7B4
1369  8D B5 C7    STA $C7B5
136C  A9 01       LDA #$01
136E  85 FB       STA $FB
1370  A9 04       LDA #$04
1372  85 FC       STA $FC
1374  AD C3 C7    LDA $C7C3
1377  8D B7 C7    STA $C7B7
137A        runtime_map_screen_y_loop_0:
137A  AD B7 C7    LDA $C7B7
137D  F0 13       BEQ runtime_map_screen_y_done_0
137F  18          CLC
1380  A5 FB       LDA $FB
1382  69 28       ADC #$28
1384  85 FB       STA $FB
1386  A5 FC       LDA $FC
1388  69 00       ADC #$00
138A  85 FC       STA $FC
138C  CE B7 C7    DEC $C7B7
138F  4C 7A 13    JMP runtime_map_screen_y_loop_0
1392        runtime_map_screen_y_done_0:
1392  AD C2 C7    LDA $C7C2
1395  8D B9 C7    STA $C7B9
1398  18          CLC
1399  A5 FB       LDA $FB
139B  6D B9 C7    ADC $C7B9
139E  85 FB       STA $FB
13A0  A5 FC       LDA $FC
13A2  69 00       ADC #$00
13A4  85 FC       STA $FC
13A6  18          CLC
13A7  A5 FB       LDA $FB
13A9  69 00       ADC #$00
13AB  85 FD       STA $FD
13AD  A5 FC       LDA $FC
13AF  69 D4       ADC #$D4
13B1  85 FE       STA $FE
13B3  18          CLC
13B4  AD B5 C7    LDA $C7B5
13B7  69 00       ADC #$00
13B9  A8          TAY
13BA  B9 2D 20    LDA asset_map_chars_0,Y
13BD  A0 00       LDY #$00
13BF  91 FB       STA ($FB),Y
13C1  18          CLC
13C2  AD B5 C7    LDA $C7B5
13C5  69 00       ADC #$00
13C7  A8          TAY
13C8  B9 31 20    LDA asset_map_colors_0,Y
13CB  A0 00       LDY #$00
13CD  91 FD       STA ($FD),Y
13CF  60          RTS
            ; Map 0: bounded coarse viewport 38x20
13D0        runtime_map_viewport_0:
13D0  A9 00       LDA #$00
13D2  8D C3 C7    STA $C7C3
13D5        runtime_map_viewport_row_0:
13D5  18          CLC
13D6  AD C1 C7    LDA $C7C1
13D9  6D C3 C7    ADC $C7C3
13DC  8D B3 C7    STA $C7B3
13DF  A9 00       LDA #$00
13E1  8D C2 C7    STA $C7C2
13E4        runtime_map_viewport_column_0:
13E4  18          CLC
13E5  AD C0 C7    LDA $C7C0
13E8  6D C2 C7    ADC $C7C2
13EB  8D B2 C7    STA $C7B2
13EE  20 5E 13    JSR runtime_map_draw_tile_body_0
13F1  EE C2 C7    INC $C7C2
13F4  AD C2 C7    LDA $C7C2
13F7  C9 26       CMP #$26
13F9  D0 E9       BNE runtime_map_viewport_column_0
13FB  EE C3 C7    INC $C7C3
13FE  AD C3 C7    LDA $C7C3
1401  C9 14       CMP #$14
1403  D0 D0       BNE runtime_map_viewport_row_0
1405  60          RTS
            ; Map 0: enter raster-banded fine X/Y viewport
1406        runtime_map_scroll_apply_0:
1406  AD 16 D0    LDA $D016
1409  29 F0       AND #$F0
140B  0D 0F C1    ORA $C10F
140E  8D 16 D0    STA $D016
1411  60          RTS
            ; Map 0: cycle-stable VCBASE transition into the fixed panel
1412        runtime_map_scroll_prepare_panel_0:
1412  60          RTS
            ; Map 0: leave the scroll area with the fixed horizontal phase
1413        runtime_map_scroll_leave_0:
1413  AD 13 C1    LDA $C113
1416  8D 16 D0    STA $D016
1419  60          RTS
            ; Map 0: restore both fixed-panel VIC-II phases after a full redraw
141A        runtime_map_scroll_restore_0:
141A  AD 13 C1    LDA $C113
141D  8D 16 D0    STA $D016
1420  60          RTS
            ; Map 0: shift Screen RAM and Color RAM one character left
1421        runtime_map_scroll_shift_left_0:
1421  AD 0E C1    LDA $C10E
1424  18          CLC
1425  69 25       ADC #$25
1427  8D B2 C7    STA $C7B2
142A  AD 10 C1    LDA $C110
142D  8D B3 C7    STA $C7B3
1430  20 6D 1F    JSR runtime_map_pointer_0
1433  AD 02 04    LDA $0402
1436  8D 01 04    STA $0401
1439  AD 02 D8    LDA $D802
143C  8D 01 D8    STA $D801
143F  A2 DC       LDX #$DC
1441        runtime_map_scroll_left_row_0_0:
1441  BD 27 03    LDA $0327,X
1444  9D 26 03    STA $0326,X
1447  BD 27 D7    LDA $D727,X
144A  9D 26 D7    STA $D726,X
144D  E8          INX
144E  BD 27 03    LDA $0327,X
1451  9D 26 03    STA $0326,X
1454  BD 27 D7    LDA $D727,X
1457  9D 26 D7    STA $D726,X
145A  E8          INX
145B  D0 E4       BNE runtime_map_scroll_left_row_0_0
145D  A0 00       LDY #$00
145F  B1 FB       LDA ($FB),Y
1461  AA          TAX
1462  BD 2D 20    LDA asset_map_chars_0,X
1465  8D 26 04    STA $0426
1468  BD 31 20    LDA asset_map_colors_0,X
146B  8D 26 D8    STA $D826
146E  18          CLC
146F  A5 FB       LDA $FB
1471  69 50       ADC #$50
1473  85 FB       STA $FB
1475  A5 FC       LDA $FC
1477  69 00       ADC #$00
1479  85 FC       STA $FC
147B  AD 2A 04    LDA $042A
147E  8D 29 04    STA $0429
1481  AD 2A D8    LDA $D82A
1484  8D 29 D8    STA $D829
1487  A2 DC       LDX #$DC
1489        runtime_map_scroll_left_row_0_1:
1489  BD 4F 03    LDA $034F,X
148C  9D 4E 03    STA $034E,X
148F  BD 4F D7    LDA $D74F,X
1492  9D 4E D7    STA $D74E,X
1495  E8          INX
1496  BD 4F 03    LDA $034F,X
1499  9D 4E 03    STA $034E,X
149C  BD 4F D7    LDA $D74F,X
149F  9D 4E D7    STA $D74E,X
14A2  E8          INX
14A3  D0 E4       BNE runtime_map_scroll_left_row_0_1
14A5  A0 00       LDY #$00
14A7  B1 FB       LDA ($FB),Y
14A9  AA          TAX
14AA  BD 2D 20    LDA asset_map_chars_0,X
14AD  8D 4E 04    STA $044E
14B0  BD 31 20    LDA asset_map_colors_0,X
14B3  8D 4E D8    STA $D84E
14B6  18          CLC
14B7  A5 FB       LDA $FB
14B9  69 50       ADC #$50
14BB  85 FB       STA $FB
14BD  A5 FC       LDA $FC
14BF  69 00       ADC #$00
14C1  85 FC       STA $FC
14C3  AD 52 04    LDA $0452
14C6  8D 51 04    STA $0451
14C9  AD 52 D8    LDA $D852
14CC  8D 51 D8    STA $D851
14CF  A2 DC       LDX #$DC
14D1        runtime_map_scroll_left_row_0_2:
14D1  BD 77 03    LDA $0377,X
14D4  9D 76 03    STA $0376,X
14D7  BD 77 D7    LDA $D777,X
14DA  9D 76 D7    STA $D776,X
14DD  E8          INX
14DE  BD 77 03    LDA $0377,X
14E1  9D 76 03    STA $0376,X
14E4  BD 77 D7    LDA $D777,X
14E7  9D 76 D7    STA $D776,X
14EA  E8          INX
14EB  D0 E4       BNE runtime_map_scroll_left_row_0_2
14ED  A0 00       LDY #$00
14EF  B1 FB       LDA ($FB),Y
14F1  AA          TAX
14F2  BD 2D 20    LDA asset_map_chars_0,X
14F5  8D 76 04    STA $0476
14F8  BD 31 20    LDA asset_map_colors_0,X
14FB  8D 76 D8    STA $D876
14FE  18          CLC
14FF  A5 FB       LDA $FB
1501  69 50       ADC #$50
1503  85 FB       STA $FB
1505  A5 FC       LDA $FC
1507  69 00       ADC #$00
1509  85 FC       STA $FC
150B  AD 7A 04    LDA $047A
150E  8D 79 04    STA $0479
1511  AD 7A D8    LDA $D87A
1514  8D 79 D8    STA $D879
1517  A2 DC       LDX #$DC
1519        runtime_map_scroll_left_row_0_3:
1519  BD 9F 03    LDA $039F,X
151C  9D 9E 03    STA $039E,X
151F  BD 9F D7    LDA $D79F,X
1522  9D 9E D7    STA $D79E,X
1525  E8          INX
1526  BD 9F 03    LDA $039F,X
1529  9D 9E 03    STA $039E,X
152C  BD 9F D7    LDA $D79F,X
152F  9D 9E D7    STA $D79E,X
1532  E8          INX
1533  D0 E4       BNE runtime_map_scroll_left_row_0_3
1535  A0 00       LDY #$00
1537  B1 FB       LDA ($FB),Y
1539  AA          TAX
153A  BD 2D 20    LDA asset_map_chars_0,X
153D  8D 9E 04    STA $049E
1540  BD 31 20    LDA asset_map_colors_0,X
1543  8D 9E D8    STA $D89E
1546  18          CLC
1547  A5 FB       LDA $FB
1549  69 50       ADC #$50
154B  85 FB       STA $FB
154D  A5 FC       LDA $FC
154F  69 00       ADC #$00
1551  85 FC       STA $FC
1553  AD A2 04    LDA $04A2
1556  8D A1 04    STA $04A1
1559  AD A2 D8    LDA $D8A2
155C  8D A1 D8    STA $D8A1
155F  A2 DC       LDX #$DC
1561        runtime_map_scroll_left_row_0_4:
1561  BD C7 03    LDA $03C7,X
1564  9D C6 03    STA $03C6,X
1567  BD C7 D7    LDA $D7C7,X
156A  9D C6 D7    STA $D7C6,X
156D  E8          INX
156E  BD C7 03    LDA $03C7,X
1571  9D C6 03    STA $03C6,X
1574  BD C7 D7    LDA $D7C7,X
1577  9D C6 D7    STA $D7C6,X
157A  E8          INX
157B  D0 E4       BNE runtime_map_scroll_left_row_0_4
157D  A0 00       LDY #$00
157F  B1 FB       LDA ($FB),Y
1581  AA          TAX
1582  BD 2D 20    LDA asset_map_chars_0,X
1585  8D C6 04    STA $04C6
1588  BD 31 20    LDA asset_map_colors_0,X
158B  8D C6 D8    STA $D8C6
158E  18          CLC
158F  A5 FB       LDA $FB
1591  69 50       ADC #$50
1593  85 FB       STA $FB
1595  A5 FC       LDA $FC
1597  69 00       ADC #$00
1599  85 FC       STA $FC
159B  AD CA 04    LDA $04CA
159E  8D C9 04    STA $04C9
15A1  AD CA D8    LDA $D8CA
15A4  8D C9 D8    STA $D8C9
15A7  A2 DC       LDX #$DC
15A9        runtime_map_scroll_left_row_0_5:
15A9  BD EF 03    LDA $03EF,X
15AC  9D EE 03    STA $03EE,X
15AF  BD EF D7    LDA $D7EF,X
15B2  9D EE D7    STA $D7EE,X
15B5  E8          INX
15B6  BD EF 03    LDA $03EF,X
15B9  9D EE 03    STA $03EE,X
15BC  BD EF D7    LDA $D7EF,X
15BF  9D EE D7    STA $D7EE,X
15C2  E8          INX
15C3  D0 E4       BNE runtime_map_scroll_left_row_0_5
15C5  A0 00       LDY #$00
15C7  B1 FB       LDA ($FB),Y
15C9  AA          TAX
15CA  BD 2D 20    LDA asset_map_chars_0,X
15CD  8D EE 04    STA $04EE
15D0  BD 31 20    LDA asset_map_colors_0,X
15D3  8D EE D8    STA $D8EE
15D6  18          CLC
15D7  A5 FB       LDA $FB
15D9  69 50       ADC #$50
15DB  85 FB       STA $FB
15DD  A5 FC       LDA $FC
15DF  69 00       ADC #$00
15E1  85 FC       STA $FC
15E3  AD F2 04    LDA $04F2
15E6  8D F1 04    STA $04F1
15E9  AD F2 D8    LDA $D8F2
15EC  8D F1 D8    STA $D8F1
15EF  A2 DC       LDX #$DC
15F1        runtime_map_scroll_left_row_0_6:
15F1  BD 17 04    LDA $0417,X
15F4  9D 16 04    STA $0416,X
15F7  BD 17 D8    LDA $D817,X
15FA  9D 16 D8    STA $D816,X
15FD  E8          INX
15FE  BD 17 04    LDA $0417,X
1601  9D 16 04    STA $0416,X
1604  BD 17 D8    LDA $D817,X
1607  9D 16 D8    STA $D816,X
160A  E8          INX
160B  D0 E4       BNE runtime_map_scroll_left_row_0_6
160D  A0 00       LDY #$00
160F  B1 FB       LDA ($FB),Y
1611  AA          TAX
1612  BD 2D 20    LDA asset_map_chars_0,X
1615  8D 16 05    STA $0516
1618  BD 31 20    LDA asset_map_colors_0,X
161B  8D 16 D9    STA $D916
161E  18          CLC
161F  A5 FB       LDA $FB
1621  69 50       ADC #$50
1623  85 FB       STA $FB
1625  A5 FC       LDA $FC
1627  69 00       ADC #$00
1629  85 FC       STA $FC
162B  AD 1A 05    LDA $051A
162E  8D 19 05    STA $0519
1631  AD 1A D9    LDA $D91A
1634  8D 19 D9    STA $D919
1637  A2 DC       LDX #$DC
1639        runtime_map_scroll_left_row_0_7:
1639  BD 3F 04    LDA $043F,X
163C  9D 3E 04    STA $043E,X
163F  BD 3F D8    LDA $D83F,X
1642  9D 3E D8    STA $D83E,X
1645  E8          INX
1646  BD 3F 04    LDA $043F,X
1649  9D 3E 04    STA $043E,X
164C  BD 3F D8    LDA $D83F,X
164F  9D 3E D8    STA $D83E,X
1652  E8          INX
1653  D0 E4       BNE runtime_map_scroll_left_row_0_7
1655  A0 00       LDY #$00
1657  B1 FB       LDA ($FB),Y
1659  AA          TAX
165A  BD 2D 20    LDA asset_map_chars_0,X
165D  8D 3E 05    STA $053E
1660  BD 31 20    LDA asset_map_colors_0,X
1663  8D 3E D9    STA $D93E
1666  18          CLC
1667  A5 FB       LDA $FB
1669  69 50       ADC #$50
166B  85 FB       STA $FB
166D  A5 FC       LDA $FC
166F  69 00       ADC #$00
1671  85 FC       STA $FC
1673  AD 42 05    LDA $0542
1676  8D 41 05    STA $0541
1679  AD 42 D9    LDA $D942
167C  8D 41 D9    STA $D941
167F  A2 DC       LDX #$DC
1681        runtime_map_scroll_left_row_0_8:
1681  BD 67 04    LDA $0467,X
1684  9D 66 04    STA $0466,X
1687  BD 67 D8    LDA $D867,X
168A  9D 66 D8    STA $D866,X
168D  E8          INX
168E  BD 67 04    LDA $0467,X
1691  9D 66 04    STA $0466,X
1694  BD 67 D8    LDA $D867,X
1697  9D 66 D8    STA $D866,X
169A  E8          INX
169B  D0 E4       BNE runtime_map_scroll_left_row_0_8
169D  A0 00       LDY #$00
169F  B1 FB       LDA ($FB),Y
16A1  AA          TAX
16A2  BD 2D 20    LDA asset_map_chars_0,X
16A5  8D 66 05    STA $0566
16A8  BD 31 20    LDA asset_map_colors_0,X
16AB  8D 66 D9    STA $D966
16AE  18          CLC
16AF  A5 FB       LDA $FB
16B1  69 50       ADC #$50
16B3  85 FB       STA $FB
16B5  A5 FC       LDA $FC
16B7  69 00       ADC #$00
16B9  85 FC       STA $FC
16BB  AD 6A 05    LDA $056A
16BE  8D 69 05    STA $0569
16C1  AD 6A D9    LDA $D96A
16C4  8D 69 D9    STA $D969
16C7  A2 DC       LDX #$DC
16C9        runtime_map_scroll_left_row_0_9:
16C9  BD 8F 04    LDA $048F,X
16CC  9D 8E 04    STA $048E,X
16CF  BD 8F D8    LDA $D88F,X
16D2  9D 8E D8    STA $D88E,X
16D5  E8          INX
16D6  BD 8F 04    LDA $048F,X
16D9  9D 8E 04    STA $048E,X
16DC  BD 8F D8    LDA $D88F,X
16DF  9D 8E D8    STA $D88E,X
16E2  E8          INX
16E3  D0 E4       BNE runtime_map_scroll_left_row_0_9
16E5  A0 00       LDY #$00
16E7  B1 FB       LDA ($FB),Y
16E9  AA          TAX
16EA  BD 2D 20    LDA asset_map_chars_0,X
16ED  8D 8E 05    STA $058E
16F0  BD 31 20    LDA asset_map_colors_0,X
16F3  8D 8E D9    STA $D98E
16F6  18          CLC
16F7  A5 FB       LDA $FB
16F9  69 50       ADC #$50
16FB  85 FB       STA $FB
16FD  A5 FC       LDA $FC
16FF  69 00       ADC #$00
1701  85 FC       STA $FC
1703  AD 92 05    LDA $0592
1706  8D 91 05    STA $0591
1709  AD 92 D9    LDA $D992
170C  8D 91 D9    STA $D991
170F  A2 DC       LDX #$DC
1711        runtime_map_scroll_left_row_0_10:
1711  BD B7 04    LDA $04B7,X
1714  9D B6 04    STA $04B6,X
1717  BD B7 D8    LDA $D8B7,X
171A  9D B6 D8    STA $D8B6,X
171D  E8          INX
171E  BD B7 04    LDA $04B7,X
1721  9D B6 04    STA $04B6,X
1724  BD B7 D8    LDA $D8B7,X
1727  9D B6 D8    STA $D8B6,X
172A  E8          INX
172B  D0 E4       BNE runtime_map_scroll_left_row_0_10
172D  A0 00       LDY #$00
172F  B1 FB       LDA ($FB),Y
1731  AA          TAX
1732  BD 2D 20    LDA asset_map_chars_0,X
1735  8D B6 05    STA $05B6
1738  BD 31 20    LDA asset_map_colors_0,X
173B  8D B6 D9    STA $D9B6
173E  18          CLC
173F  A5 FB       LDA $FB
1741  69 50       ADC #$50
1743  85 FB       STA $FB
1745  A5 FC       LDA $FC
1747  69 00       ADC #$00
1749  85 FC       STA $FC
174B  AD BA 05    LDA $05BA
174E  8D B9 05    STA $05B9
1751  AD BA D9    LDA $D9BA
1754  8D B9 D9    STA $D9B9
1757  A2 DC       LDX #$DC
1759        runtime_map_scroll_left_row_0_11:
1759  BD DF 04    LDA $04DF,X
175C  9D DE 04    STA $04DE,X
175F  BD DF D8    LDA $D8DF,X
1762  9D DE D8    STA $D8DE,X
1765  E8          INX
1766  BD DF 04    LDA $04DF,X
1769  9D DE 04    STA $04DE,X
176C  BD DF D8    LDA $D8DF,X
176F  9D DE D8    STA $D8DE,X
1772  E8          INX
1773  D0 E4       BNE runtime_map_scroll_left_row_0_11
1775  A0 00       LDY #$00
1777  B1 FB       LDA ($FB),Y
1779  AA          TAX
177A  BD 2D 20    LDA asset_map_chars_0,X
177D  8D DE 05    STA $05DE
1780  BD 31 20    LDA asset_map_colors_0,X
1783  8D DE D9    STA $D9DE
1786  18          CLC
1787  A5 FB       LDA $FB
1789  69 50       ADC #$50
178B  85 FB       STA $FB
178D  A5 FC       LDA $FC
178F  69 00       ADC #$00
1791  85 FC       STA $FC
1793  AD E2 05    LDA $05E2
1796  8D E1 05    STA $05E1
1799  AD E2 D9    LDA $D9E2
179C  8D E1 D9    STA $D9E1
179F  A2 DC       LDX #$DC
17A1        runtime_map_scroll_left_row_0_12:
17A1  BD 07 05    LDA $0507,X
17A4  9D 06 05    STA $0506,X
17A7  BD 07 D9    LDA $D907,X
17AA  9D 06 D9    STA $D906,X
17AD  E8          INX
17AE  BD 07 05    LDA $0507,X
17B1  9D 06 05    STA $0506,X
17B4  BD 07 D9    LDA $D907,X
17B7  9D 06 D9    STA $D906,X
17BA  E8          INX
17BB  D0 E4       BNE runtime_map_scroll_left_row_0_12
17BD  A0 00       LDY #$00
17BF  B1 FB       LDA ($FB),Y
17C1  AA          TAX
17C2  BD 2D 20    LDA asset_map_chars_0,X
17C5  8D 06 06    STA $0606
17C8  BD 31 20    LDA asset_map_colors_0,X
17CB  8D 06 DA    STA $DA06
17CE  18          CLC
17CF  A5 FB       LDA $FB
17D1  69 50       ADC #$50
17D3  85 FB       STA $FB
17D5  A5 FC       LDA $FC
17D7  69 00       ADC #$00
17D9  85 FC       STA $FC
17DB  AD 0A 06    LDA $060A
17DE  8D 09 06    STA $0609
17E1  AD 0A DA    LDA $DA0A
17E4  8D 09 DA    STA $DA09
17E7  A2 DC       LDX #$DC
17E9        runtime_map_scroll_left_row_0_13:
17E9  BD 2F 05    LDA $052F,X
17EC  9D 2E 05    STA $052E,X
17EF  BD 2F D9    LDA $D92F,X
17F2  9D 2E D9    STA $D92E,X
17F5  E8          INX
17F6  BD 2F 05    LDA $052F,X
17F9  9D 2E 05    STA $052E,X
17FC  BD 2F D9    LDA $D92F,X
17FF  9D 2E D9    STA $D92E,X
1802  E8          INX
1803  D0 E4       BNE runtime_map_scroll_left_row_0_13
1805  A0 00       LDY #$00
1807  B1 FB       LDA ($FB),Y
1809  AA          TAX
180A  BD 2D 20    LDA asset_map_chars_0,X
180D  8D 2E 06    STA $062E
1810  BD 31 20    LDA asset_map_colors_0,X
1813  8D 2E DA    STA $DA2E
1816  18          CLC
1817  A5 FB       LDA $FB
1819  69 50       ADC #$50
181B  85 FB       STA $FB
181D  A5 FC       LDA $FC
181F  69 00       ADC #$00
1821  85 FC       STA $FC
1823  AD 32 06    LDA $0632
1826  8D 31 06    STA $0631
1829  AD 32 DA    LDA $DA32
182C  8D 31 DA    STA $DA31
182F  A2 DC       LDX #$DC
1831        runtime_map_scroll_left_row_0_14:
1831  BD 57 05    LDA $0557,X
1834  9D 56 05    STA $0556,X
1837  BD 57 D9    LDA $D957,X
183A  9D 56 D9    STA $D956,X
183D  E8          INX
183E  BD 57 05    LDA $0557,X
1841  9D 56 05    STA $0556,X
1844  BD 57 D9    LDA $D957,X
1847  9D 56 D9    STA $D956,X
184A  E8          INX
184B  D0 E4       BNE runtime_map_scroll_left_row_0_14
184D  A0 00       LDY #$00
184F  B1 FB       LDA ($FB),Y
1851  AA          TAX
1852  BD 2D 20    LDA asset_map_chars_0,X
1855  8D 56 06    STA $0656
1858  BD 31 20    LDA asset_map_colors_0,X
185B  8D 56 DA    STA $DA56
185E  18          CLC
185F  A5 FB       LDA $FB
1861  69 50       ADC #$50
1863  85 FB       STA $FB
1865  A5 FC       LDA $FC
1867  69 00       ADC #$00
1869  85 FC       STA $FC
186B  AD 5A 06    LDA $065A
186E  8D 59 06    STA $0659
1871  AD 5A DA    LDA $DA5A
1874  8D 59 DA    STA $DA59
1877  A2 DC       LDX #$DC
1879        runtime_map_scroll_left_row_0_15:
1879  BD 7F 05    LDA $057F,X
187C  9D 7E 05    STA $057E,X
187F  BD 7F D9    LDA $D97F,X
1882  9D 7E D9    STA $D97E,X
1885  E8          INX
1886  BD 7F 05    LDA $057F,X
1889  9D 7E 05    STA $057E,X
188C  BD 7F D9    LDA $D97F,X
188F  9D 7E D9    STA $D97E,X
1892  E8          INX
1893  D0 E4       BNE runtime_map_scroll_left_row_0_15
1895  A0 00       LDY #$00
1897  B1 FB       LDA ($FB),Y
1899  AA          TAX
189A  BD 2D 20    LDA asset_map_chars_0,X
189D  8D 7E 06    STA $067E
18A0  BD 31 20    LDA asset_map_colors_0,X
18A3  8D 7E DA    STA $DA7E
18A6  18          CLC
18A7  A5 FB       LDA $FB
18A9  69 50       ADC #$50
18AB  85 FB       STA $FB
18AD  A5 FC       LDA $FC
18AF  69 00       ADC #$00
18B1  85 FC       STA $FC
18B3  AD 82 06    LDA $0682
18B6  8D 81 06    STA $0681
18B9  AD 82 DA    LDA $DA82
18BC  8D 81 DA    STA $DA81
18BF  A2 DC       LDX #$DC
18C1        runtime_map_scroll_left_row_0_16:
18C1  BD A7 05    LDA $05A7,X
18C4  9D A6 05    STA $05A6,X
18C7  BD A7 D9    LDA $D9A7,X
18CA  9D A6 D9    STA $D9A6,X
18CD  E8          INX
18CE  BD A7 05    LDA $05A7,X
18D1  9D A6 05    STA $05A6,X
18D4  BD A7 D9    LDA $D9A7,X
18D7  9D A6 D9    STA $D9A6,X
18DA  E8          INX
18DB  D0 E4       BNE runtime_map_scroll_left_row_0_16
18DD  A0 00       LDY #$00
18DF  B1 FB       LDA ($FB),Y
18E1  AA          TAX
18E2  BD 2D 20    LDA asset_map_chars_0,X
18E5  8D A6 06    STA $06A6
18E8  BD 31 20    LDA asset_map_colors_0,X
18EB  8D A6 DA    STA $DAA6
18EE  18          CLC
18EF  A5 FB       LDA $FB
18F1  69 50       ADC #$50
18F3  85 FB       STA $FB
18F5  A5 FC       LDA $FC
18F7  69 00       ADC #$00
18F9  85 FC       STA $FC
18FB  AD AA 06    LDA $06AA
18FE  8D A9 06    STA $06A9
1901  AD AA DA    LDA $DAAA
1904  8D A9 DA    STA $DAA9
1907  A2 DC       LDX #$DC
1909        runtime_map_scroll_left_row_0_17:
1909  BD CF 05    LDA $05CF,X
190C  9D CE 05    STA $05CE,X
190F  BD CF D9    LDA $D9CF,X
1912  9D CE D9    STA $D9CE,X
1915  E8          INX
1916  BD CF 05    LDA $05CF,X
1919  9D CE 05    STA $05CE,X
191C  BD CF D9    LDA $D9CF,X
191F  9D CE D9    STA $D9CE,X
1922  E8          INX
1923  D0 E4       BNE runtime_map_scroll_left_row_0_17
1925  A0 00       LDY #$00
1927  B1 FB       LDA ($FB),Y
1929  AA          TAX
192A  BD 2D 20    LDA asset_map_chars_0,X
192D  8D CE 06    STA $06CE
1930  BD 31 20    LDA asset_map_colors_0,X
1933  8D CE DA    STA $DACE
1936  18          CLC
1937  A5 FB       LDA $FB
1939  69 50       ADC #$50
193B  85 FB       STA $FB
193D  A5 FC       LDA $FC
193F  69 00       ADC #$00
1941  85 FC       STA $FC
1943  AD D2 06    LDA $06D2
1946  8D D1 06    STA $06D1
1949  AD D2 DA    LDA $DAD2
194C  8D D1 DA    STA $DAD1
194F  A2 DC       LDX #$DC
1951        runtime_map_scroll_left_row_0_18:
1951  BD F7 05    LDA $05F7,X
1954  9D F6 05    STA $05F6,X
1957  BD F7 D9    LDA $D9F7,X
195A  9D F6 D9    STA $D9F6,X
195D  E8          INX
195E  BD F7 05    LDA $05F7,X
1961  9D F6 05    STA $05F6,X
1964  BD F7 D9    LDA $D9F7,X
1967  9D F6 D9    STA $D9F6,X
196A  E8          INX
196B  D0 E4       BNE runtime_map_scroll_left_row_0_18
196D  A0 00       LDY #$00
196F  B1 FB       LDA ($FB),Y
1971  AA          TAX
1972  BD 2D 20    LDA asset_map_chars_0,X
1975  8D F6 06    STA $06F6
1978  BD 31 20    LDA asset_map_colors_0,X
197B  8D F6 DA    STA $DAF6
197E  18          CLC
197F  A5 FB       LDA $FB
1981  69 50       ADC #$50
1983  85 FB       STA $FB
1985  A5 FC       LDA $FC
1987  69 00       ADC #$00
1989  85 FC       STA $FC
198B  AD FA 06    LDA $06FA
198E  8D F9 06    STA $06F9
1991  AD FA DA    LDA $DAFA
1994  8D F9 DA    STA $DAF9
1997  A2 DC       LDX #$DC
1999        runtime_map_scroll_left_row_0_19:
1999  BD 1F 06    LDA $061F,X
199C  9D 1E 06    STA $061E,X
199F  BD 1F DA    LDA $DA1F,X
19A2  9D 1E DA    STA $DA1E,X
19A5  E8          INX
19A6  BD 1F 06    LDA $061F,X
19A9  9D 1E 06    STA $061E,X
19AC  BD 1F DA    LDA $DA1F,X
19AF  9D 1E DA    STA $DA1E,X
19B2  E8          INX
19B3  D0 E4       BNE runtime_map_scroll_left_row_0_19
19B5  A0 00       LDY #$00
19B7  B1 FB       LDA ($FB),Y
19B9  AA          TAX
19BA  BD 2D 20    LDA asset_map_chars_0,X
19BD  8D 1E 07    STA $071E
19C0  BD 31 20    LDA asset_map_colors_0,X
19C3  8D 1E DB    STA $DB1E
19C6  60          RTS
            ; Map 0: shift Screen RAM and Color RAM one character right
19C7        runtime_map_scroll_shift_right_0:
19C7  AD 0E C1    LDA $C10E
19CA  8D B2 C7    STA $C7B2
19CD  AD 10 C1    LDA $C110
19D0  8D B3 C7    STA $C7B3
19D3  20 6D 1F    JSR runtime_map_pointer_0
19D6  AD 25 04    LDA $0425
19D9  8D 26 04    STA $0426
19DC  AD 25 D8    LDA $D825
19DF  8D 26 D8    STA $D826
19E2  A2 23       LDX #$23
19E4        runtime_map_scroll_right_row_0_0:
19E4  BD 01 04    LDA $0401,X
19E7  9D 02 04    STA $0402,X
19EA  BD 01 D8    LDA $D801,X
19ED  9D 02 D8    STA $D802,X
19F0  CA          DEX
19F1  BD 01 04    LDA $0401,X
19F4  9D 02 04    STA $0402,X
19F7  BD 01 D8    LDA $D801,X
19FA  9D 02 D8    STA $D802,X
19FD  CA          DEX
19FE  10 E4       BPL runtime_map_scroll_right_row_0_0
1A00  A0 00       LDY #$00
1A02  B1 FB       LDA ($FB),Y
1A04  AA          TAX
1A05  BD 2D 20    LDA asset_map_chars_0,X
1A08  8D 01 04    STA $0401
1A0B  BD 31 20    LDA asset_map_colors_0,X
1A0E  8D 01 D8    STA $D801
1A11  18          CLC
1A12  A5 FB       LDA $FB
1A14  69 50       ADC #$50
1A16  85 FB       STA $FB
1A18  A5 FC       LDA $FC
1A1A  69 00       ADC #$00
1A1C  85 FC       STA $FC
1A1E  AD 4D 04    LDA $044D
1A21  8D 4E 04    STA $044E
1A24  AD 4D D8    LDA $D84D
1A27  8D 4E D8    STA $D84E
1A2A  A2 23       LDX #$23
1A2C        runtime_map_scroll_right_row_0_1:
1A2C  BD 29 04    LDA $0429,X
1A2F  9D 2A 04    STA $042A,X
1A32  BD 29 D8    LDA $D829,X
1A35  9D 2A D8    STA $D82A,X
1A38  CA          DEX
1A39  BD 29 04    LDA $0429,X
1A3C  9D 2A 04    STA $042A,X
1A3F  BD 29 D8    LDA $D829,X
1A42  9D 2A D8    STA $D82A,X
1A45  CA          DEX
1A46  10 E4       BPL runtime_map_scroll_right_row_0_1
1A48  A0 00       LDY #$00
1A4A  B1 FB       LDA ($FB),Y
1A4C  AA          TAX
1A4D  BD 2D 20    LDA asset_map_chars_0,X
1A50  8D 29 04    STA $0429
1A53  BD 31 20    LDA asset_map_colors_0,X
1A56  8D 29 D8    STA $D829
1A59  18          CLC
1A5A  A5 FB       LDA $FB
1A5C  69 50       ADC #$50
1A5E  85 FB       STA $FB
1A60  A5 FC       LDA $FC
1A62  69 00       ADC #$00
1A64  85 FC       STA $FC
1A66  AD 75 04    LDA $0475
1A69  8D 76 04    STA $0476
1A6C  AD 75 D8    LDA $D875
1A6F  8D 76 D8    STA $D876
1A72  A2 23       LDX #$23
1A74        runtime_map_scroll_right_row_0_2:
1A74  BD 51 04    LDA $0451,X
1A77  9D 52 04    STA $0452,X
1A7A  BD 51 D8    LDA $D851,X
1A7D  9D 52 D8    STA $D852,X
1A80  CA          DEX
1A81  BD 51 04    LDA $0451,X
1A84  9D 52 04    STA $0452,X
1A87  BD 51 D8    LDA $D851,X
1A8A  9D 52 D8    STA $D852,X
1A8D  CA          DEX
1A8E  10 E4       BPL runtime_map_scroll_right_row_0_2
1A90  A0 00       LDY #$00
1A92  B1 FB       LDA ($FB),Y
1A94  AA          TAX
1A95  BD 2D 20    LDA asset_map_chars_0,X
1A98  8D 51 04    STA $0451
1A9B  BD 31 20    LDA asset_map_colors_0,X
1A9E  8D 51 D8    STA $D851
1AA1  18          CLC
1AA2  A5 FB       LDA $FB
1AA4  69 50       ADC #$50
1AA6  85 FB       STA $FB
1AA8  A5 FC       LDA $FC
1AAA  69 00       ADC #$00
1AAC  85 FC       STA $FC
1AAE  AD 9D 04    LDA $049D
1AB1  8D 9E 04    STA $049E
1AB4  AD 9D D8    LDA $D89D
1AB7  8D 9E D8    STA $D89E
1ABA  A2 23       LDX #$23
1ABC        runtime_map_scroll_right_row_0_3:
1ABC  BD 79 04    LDA $0479,X
1ABF  9D 7A 04    STA $047A,X
1AC2  BD 79 D8    LDA $D879,X
1AC5  9D 7A D8    STA $D87A,X
1AC8  CA          DEX
1AC9  BD 79 04    LDA $0479,X
1ACC  9D 7A 04    STA $047A,X
1ACF  BD 79 D8    LDA $D879,X
1AD2  9D 7A D8    STA $D87A,X
1AD5  CA          DEX
1AD6  10 E4       BPL runtime_map_scroll_right_row_0_3
1AD8  A0 00       LDY #$00
1ADA  B1 FB       LDA ($FB),Y
1ADC  AA          TAX
1ADD  BD 2D 20    LDA asset_map_chars_0,X
1AE0  8D 79 04    STA $0479
1AE3  BD 31 20    LDA asset_map_colors_0,X
1AE6  8D 79 D8    STA $D879
1AE9  18          CLC
1AEA  A5 FB       LDA $FB
1AEC  69 50       ADC #$50
1AEE  85 FB       STA $FB
1AF0  A5 FC       LDA $FC
1AF2  69 00       ADC #$00
1AF4  85 FC       STA $FC
1AF6  AD C5 04    LDA $04C5
1AF9  8D C6 04    STA $04C6
1AFC  AD C5 D8    LDA $D8C5
1AFF  8D C6 D8    STA $D8C6
1B02  A2 23       LDX #$23
1B04        runtime_map_scroll_right_row_0_4:
1B04  BD A1 04    LDA $04A1,X
1B07  9D A2 04    STA $04A2,X
1B0A  BD A1 D8    LDA $D8A1,X
1B0D  9D A2 D8    STA $D8A2,X
1B10  CA          DEX
1B11  BD A1 04    LDA $04A1,X
1B14  9D A2 04    STA $04A2,X
1B17  BD A1 D8    LDA $D8A1,X
1B1A  9D A2 D8    STA $D8A2,X
1B1D  CA          DEX
1B1E  10 E4       BPL runtime_map_scroll_right_row_0_4
1B20  A0 00       LDY #$00
1B22  B1 FB       LDA ($FB),Y
1B24  AA          TAX
1B25  BD 2D 20    LDA asset_map_chars_0,X
1B28  8D A1 04    STA $04A1
1B2B  BD 31 20    LDA asset_map_colors_0,X
1B2E  8D A1 D8    STA $D8A1
1B31  18          CLC
1B32  A5 FB       LDA $FB
1B34  69 50       ADC #$50
1B36  85 FB       STA $FB
1B38  A5 FC       LDA $FC
1B3A  69 00       ADC #$00
1B3C  85 FC       STA $FC
1B3E  AD ED 04    LDA $04ED
1B41  8D EE 04    STA $04EE
1B44  AD ED D8    LDA $D8ED
1B47  8D EE D8    STA $D8EE
1B4A  A2 23       LDX #$23
1B4C        runtime_map_scroll_right_row_0_5:
1B4C  BD C9 04    LDA $04C9,X
1B4F  9D CA 04    STA $04CA,X
1B52  BD C9 D8    LDA $D8C9,X
1B55  9D CA D8    STA $D8CA,X
1B58  CA          DEX
1B59  BD C9 04    LDA $04C9,X
1B5C  9D CA 04    STA $04CA,X
1B5F  BD C9 D8    LDA $D8C9,X
1B62  9D CA D8    STA $D8CA,X
1B65  CA          DEX
1B66  10 E4       BPL runtime_map_scroll_right_row_0_5
1B68  A0 00       LDY #$00
1B6A  B1 FB       LDA ($FB),Y
1B6C  AA          TAX
1B6D  BD 2D 20    LDA asset_map_chars_0,X
1B70  8D C9 04    STA $04C9
1B73  BD 31 20    LDA asset_map_colors_0,X
1B76  8D C9 D8    STA $D8C9
1B79  18          CLC
1B7A  A5 FB       LDA $FB
1B7C  69 50       ADC #$50
1B7E  85 FB       STA $FB
1B80  A5 FC       LDA $FC
1B82  69 00       ADC #$00
1B84  85 FC       STA $FC
1B86  AD 15 05    LDA $0515
1B89  8D 16 05    STA $0516
1B8C  AD 15 D9    LDA $D915
1B8F  8D 16 D9    STA $D916
1B92  A2 23       LDX #$23
1B94        runtime_map_scroll_right_row_0_6:
1B94  BD F1 04    LDA $04F1,X
1B97  9D F2 04    STA $04F2,X
1B9A  BD F1 D8    LDA $D8F1,X
1B9D  9D F2 D8    STA $D8F2,X
1BA0  CA          DEX
1BA1  BD F1 04    LDA $04F1,X
1BA4  9D F2 04    STA $04F2,X
1BA7  BD F1 D8    LDA $D8F1,X
1BAA  9D F2 D8    STA $D8F2,X
1BAD  CA          DEX
1BAE  10 E4       BPL runtime_map_scroll_right_row_0_6
1BB0  A0 00       LDY #$00
1BB2  B1 FB       LDA ($FB),Y
1BB4  AA          TAX
1BB5  BD 2D 20    LDA asset_map_chars_0,X
1BB8  8D F1 04    STA $04F1
1BBB  BD 31 20    LDA asset_map_colors_0,X
1BBE  8D F1 D8    STA $D8F1
1BC1  18          CLC
1BC2  A5 FB       LDA $FB
1BC4  69 50       ADC #$50
1BC6  85 FB       STA $FB
1BC8  A5 FC       LDA $FC
1BCA  69 00       ADC #$00
1BCC  85 FC       STA $FC
1BCE  AD 3D 05    LDA $053D
1BD1  8D 3E 05    STA $053E
1BD4  AD 3D D9    LDA $D93D
1BD7  8D 3E D9    STA $D93E
1BDA  A2 23       LDX #$23
1BDC        runtime_map_scroll_right_row_0_7:
1BDC  BD 19 05    LDA $0519,X
1BDF  9D 1A 05    STA $051A,X
1BE2  BD 19 D9    LDA $D919,X
1BE5  9D 1A D9    STA $D91A,X
1BE8  CA          DEX
1BE9  BD 19 05    LDA $0519,X
1BEC  9D 1A 05    STA $051A,X
1BEF  BD 19 D9    LDA $D919,X
1BF2  9D 1A D9    STA $D91A,X
1BF5  CA          DEX
1BF6  10 E4       BPL runtime_map_scroll_right_row_0_7
1BF8  A0 00       LDY #$00
1BFA  B1 FB       LDA ($FB),Y
1BFC  AA          TAX
1BFD  BD 2D 20    LDA asset_map_chars_0,X
1C00  8D 19 05    STA $0519
1C03  BD 31 20    LDA asset_map_colors_0,X
1C06  8D 19 D9    STA $D919
1C09  18          CLC
1C0A  A5 FB       LDA $FB
1C0C  69 50       ADC #$50
1C0E  85 FB       STA $FB
1C10  A5 FC       LDA $FC
1C12  69 00       ADC #$00
1C14  85 FC       STA $FC
1C16  AD 65 05    LDA $0565
1C19  8D 66 05    STA $0566
1C1C  AD 65 D9    LDA $D965
1C1F  8D 66 D9    STA $D966
1C22  A2 23       LDX #$23
1C24        runtime_map_scroll_right_row_0_8:
1C24  BD 41 05    LDA $0541,X
1C27  9D 42 05    STA $0542,X
1C2A  BD 41 D9    LDA $D941,X
1C2D  9D 42 D9    STA $D942,X
1C30  CA          DEX
1C31  BD 41 05    LDA $0541,X
1C34  9D 42 05    STA $0542,X
1C37  BD 41 D9    LDA $D941,X
1C3A  9D 42 D9    STA $D942,X
1C3D  CA          DEX
1C3E  10 E4       BPL runtime_map_scroll_right_row_0_8
1C40  A0 00       LDY #$00
1C42  B1 FB       LDA ($FB),Y
1C44  AA          TAX
1C45  BD 2D 20    LDA asset_map_chars_0,X
1C48  8D 41 05    STA $0541
1C4B  BD 31 20    LDA asset_map_colors_0,X
1C4E  8D 41 D9    STA $D941
1C51  18          CLC
1C52  A5 FB       LDA $FB
1C54  69 50       ADC #$50
1C56  85 FB       STA $FB
1C58  A5 FC       LDA $FC
1C5A  69 00       ADC #$00
1C5C  85 FC       STA $FC
1C5E  AD 8D 05    LDA $058D
1C61  8D 8E 05    STA $058E
1C64  AD 8D D9    LDA $D98D
1C67  8D 8E D9    STA $D98E
1C6A  A2 23       LDX #$23
1C6C        runtime_map_scroll_right_row_0_9:
1C6C  BD 69 05    LDA $0569,X
1C6F  9D 6A 05    STA $056A,X
1C72  BD 69 D9    LDA $D969,X
1C75  9D 6A D9    STA $D96A,X
1C78  CA          DEX
1C79  BD 69 05    LDA $0569,X
1C7C  9D 6A 05    STA $056A,X
1C7F  BD 69 D9    LDA $D969,X
1C82  9D 6A D9    STA $D96A,X
1C85  CA          DEX
1C86  10 E4       BPL runtime_map_scroll_right_row_0_9
1C88  A0 00       LDY #$00
1C8A  B1 FB       LDA ($FB),Y
1C8C  AA          TAX
1C8D  BD 2D 20    LDA asset_map_chars_0,X
1C90  8D 69 05    STA $0569
1C93  BD 31 20    LDA asset_map_colors_0,X
1C96  8D 69 D9    STA $D969
1C99  18          CLC
1C9A  A5 FB       LDA $FB
1C9C  69 50       ADC #$50
1C9E  85 FB       STA $FB
1CA0  A5 FC       LDA $FC
1CA2  69 00       ADC #$00
1CA4  85 FC       STA $FC
1CA6  AD B5 05    LDA $05B5
1CA9  8D B6 05    STA $05B6
1CAC  AD B5 D9    LDA $D9B5
1CAF  8D B6 D9    STA $D9B6
1CB2  A2 23       LDX #$23
1CB4        runtime_map_scroll_right_row_0_10:
1CB4  BD 91 05    LDA $0591,X
1CB7  9D 92 05    STA $0592,X
1CBA  BD 91 D9    LDA $D991,X
1CBD  9D 92 D9    STA $D992,X
1CC0  CA          DEX
1CC1  BD 91 05    LDA $0591,X
1CC4  9D 92 05    STA $0592,X
1CC7  BD 91 D9    LDA $D991,X
1CCA  9D 92 D9    STA $D992,X
1CCD  CA          DEX
1CCE  10 E4       BPL runtime_map_scroll_right_row_0_10
1CD0  A0 00       LDY #$00
1CD2  B1 FB       LDA ($FB),Y
1CD4  AA          TAX
1CD5  BD 2D 20    LDA asset_map_chars_0,X
1CD8  8D 91 05    STA $0591
1CDB  BD 31 20    LDA asset_map_colors_0,X
1CDE  8D 91 D9    STA $D991
1CE1  18          CLC
1CE2  A5 FB       LDA $FB
1CE4  69 50       ADC #$50
1CE6  85 FB       STA $FB
1CE8  A5 FC       LDA $FC
1CEA  69 00       ADC #$00
1CEC  85 FC       STA $FC
1CEE  AD DD 05    LDA $05DD
1CF1  8D DE 05    STA $05DE
1CF4  AD DD D9    LDA $D9DD
1CF7  8D DE D9    STA $D9DE
1CFA  A2 23       LDX #$23
1CFC        runtime_map_scroll_right_row_0_11:
1CFC  BD B9 05    LDA $05B9,X
1CFF  9D BA 05    STA $05BA,X
1D02  BD B9 D9    LDA $D9B9,X
1D05  9D BA D9    STA $D9BA,X
1D08  CA          DEX
1D09  BD B9 05    LDA $05B9,X
1D0C  9D BA 05    STA $05BA,X
1D0F  BD B9 D9    LDA $D9B9,X
1D12  9D BA D9    STA $D9BA,X
1D15  CA          DEX
1D16  10 E4       BPL runtime_map_scroll_right_row_0_11
1D18  A0 00       LDY #$00
1D1A  B1 FB       LDA ($FB),Y
1D1C  AA          TAX
1D1D  BD 2D 20    LDA asset_map_chars_0,X
1D20  8D B9 05    STA $05B9
1D23  BD 31 20    LDA asset_map_colors_0,X
1D26  8D B9 D9    STA $D9B9
1D29  18          CLC
1D2A  A5 FB       LDA $FB
1D2C  69 50       ADC #$50
1D2E  85 FB       STA $FB
1D30  A5 FC       LDA $FC
1D32  69 00       ADC #$00
1D34  85 FC       STA $FC
1D36  AD 05 06    LDA $0605
1D39  8D 06 06    STA $0606
1D3C  AD 05 DA    LDA $DA05
1D3F  8D 06 DA    STA $DA06
1D42  A2 23       LDX #$23
1D44        runtime_map_scroll_right_row_0_12:
1D44  BD E1 05    LDA $05E1,X
1D47  9D E2 05    STA $05E2,X
1D4A  BD E1 D9    LDA $D9E1,X
1D4D  9D E2 D9    STA $D9E2,X
1D50  CA          DEX
1D51  BD E1 05    LDA $05E1,X
1D54  9D E2 05    STA $05E2,X
1D57  BD E1 D9    LDA $D9E1,X
1D5A  9D E2 D9    STA $D9E2,X
1D5D  CA          DEX
1D5E  10 E4       BPL runtime_map_scroll_right_row_0_12
1D60  A0 00       LDY #$00
1D62  B1 FB       LDA ($FB),Y
1D64  AA          TAX
1D65  BD 2D 20    LDA asset_map_chars_0,X
1D68  8D E1 05    STA $05E1
1D6B  BD 31 20    LDA asset_map_colors_0,X
1D6E  8D E1 D9    STA $D9E1
1D71  18          CLC
1D72  A5 FB       LDA $FB
1D74  69 50       ADC #$50
1D76  85 FB       STA $FB
1D78  A5 FC       LDA $FC
1D7A  69 00       ADC #$00
1D7C  85 FC       STA $FC
1D7E  AD 2D 06    LDA $062D
1D81  8D 2E 06    STA $062E
1D84  AD 2D DA    LDA $DA2D
1D87  8D 2E DA    STA $DA2E
1D8A  A2 23       LDX #$23
1D8C        runtime_map_scroll_right_row_0_13:
1D8C  BD 09 06    LDA $0609,X
1D8F  9D 0A 06    STA $060A,X
1D92  BD 09 DA    LDA $DA09,X
1D95  9D 0A DA    STA $DA0A,X
1D98  CA          DEX
1D99  BD 09 06    LDA $0609,X
1D9C  9D 0A 06    STA $060A,X
1D9F  BD 09 DA    LDA $DA09,X
1DA2  9D 0A DA    STA $DA0A,X
1DA5  CA          DEX
1DA6  10 E4       BPL runtime_map_scroll_right_row_0_13
1DA8  A0 00       LDY #$00
1DAA  B1 FB       LDA ($FB),Y
1DAC  AA          TAX
1DAD  BD 2D 20    LDA asset_map_chars_0,X
1DB0  8D 09 06    STA $0609
1DB3  BD 31 20    LDA asset_map_colors_0,X
1DB6  8D 09 DA    STA $DA09
1DB9  18          CLC
1DBA  A5 FB       LDA $FB
1DBC  69 50       ADC #$50
1DBE  85 FB       STA $FB
1DC0  A5 FC       LDA $FC
1DC2  69 00       ADC #$00
1DC4  85 FC       STA $FC
1DC6  AD 55 06    LDA $0655
1DC9  8D 56 06    STA $0656
1DCC  AD 55 DA    LDA $DA55
1DCF  8D 56 DA    STA $DA56
1DD2  A2 23       LDX #$23
1DD4        runtime_map_scroll_right_row_0_14:
1DD4  BD 31 06    LDA $0631,X
1DD7  9D 32 06    STA $0632,X
1DDA  BD 31 DA    LDA $DA31,X
1DDD  9D 32 DA    STA $DA32,X
1DE0  CA          DEX
1DE1  BD 31 06    LDA $0631,X
1DE4  9D 32 06    STA $0632,X
1DE7  BD 31 DA    LDA $DA31,X
1DEA  9D 32 DA    STA $DA32,X
1DED  CA          DEX
1DEE  10 E4       BPL runtime_map_scroll_right_row_0_14
1DF0  A0 00       LDY #$00
1DF2  B1 FB       LDA ($FB),Y
1DF4  AA          TAX
1DF5  BD 2D 20    LDA asset_map_chars_0,X
1DF8  8D 31 06    STA $0631
1DFB  BD 31 20    LDA asset_map_colors_0,X
1DFE  8D 31 DA    STA $DA31
1E01  18          CLC
1E02  A5 FB       LDA $FB
1E04  69 50       ADC #$50
1E06  85 FB       STA $FB
1E08  A5 FC       LDA $FC
1E0A  69 00       ADC #$00
1E0C  85 FC       STA $FC
1E0E  AD 7D 06    LDA $067D
1E11  8D 7E 06    STA $067E
1E14  AD 7D DA    LDA $DA7D
1E17  8D 7E DA    STA $DA7E
1E1A  A2 23       LDX #$23
1E1C        runtime_map_scroll_right_row_0_15:
1E1C  BD 59 06    LDA $0659,X
1E1F  9D 5A 06    STA $065A,X
1E22  BD 59 DA    LDA $DA59,X
1E25  9D 5A DA    STA $DA5A,X
1E28  CA          DEX
1E29  BD 59 06    LDA $0659,X
1E2C  9D 5A 06    STA $065A,X
1E2F  BD 59 DA    LDA $DA59,X
1E32  9D 5A DA    STA $DA5A,X
1E35  CA          DEX
1E36  10 E4       BPL runtime_map_scroll_right_row_0_15
1E38  A0 00       LDY #$00
1E3A  B1 FB       LDA ($FB),Y
1E3C  AA          TAX
1E3D  BD 2D 20    LDA asset_map_chars_0,X
1E40  8D 59 06    STA $0659
1E43  BD 31 20    LDA asset_map_colors_0,X
1E46  8D 59 DA    STA $DA59
1E49  18          CLC
1E4A  A5 FB       LDA $FB
1E4C  69 50       ADC #$50
1E4E  85 FB       STA $FB
1E50  A5 FC       LDA $FC
1E52  69 00       ADC #$00
1E54  85 FC       STA $FC
1E56  AD A5 06    LDA $06A5
1E59  8D A6 06    STA $06A6
1E5C  AD A5 DA    LDA $DAA5
1E5F  8D A6 DA    STA $DAA6
1E62  A2 23       LDX #$23
1E64        runtime_map_scroll_right_row_0_16:
1E64  BD 81 06    LDA $0681,X
1E67  9D 82 06    STA $0682,X
1E6A  BD 81 DA    LDA $DA81,X
1E6D  9D 82 DA    STA $DA82,X
1E70  CA          DEX
1E71  BD 81 06    LDA $0681,X
1E74  9D 82 06    STA $0682,X
1E77  BD 81 DA    LDA $DA81,X
1E7A  9D 82 DA    STA $DA82,X
1E7D  CA          DEX
1E7E  10 E4       BPL runtime_map_scroll_right_row_0_16
1E80  A0 00       LDY #$00
1E82  B1 FB       LDA ($FB),Y
1E84  AA          TAX
1E85  BD 2D 20    LDA asset_map_chars_0,X
1E88  8D 81 06    STA $0681
1E8B  BD 31 20    LDA asset_map_colors_0,X
1E8E  8D 81 DA    STA $DA81
1E91  18          CLC
1E92  A5 FB       LDA $FB
1E94  69 50       ADC #$50
1E96  85 FB       STA $FB
1E98  A5 FC       LDA $FC
1E9A  69 00       ADC #$00
1E9C  85 FC       STA $FC
1E9E  AD CD 06    LDA $06CD
1EA1  8D CE 06    STA $06CE
1EA4  AD CD DA    LDA $DACD
1EA7  8D CE DA    STA $DACE
1EAA  A2 23       LDX #$23
1EAC        runtime_map_scroll_right_row_0_17:
1EAC  BD A9 06    LDA $06A9,X
1EAF  9D AA 06    STA $06AA,X
1EB2  BD A9 DA    LDA $DAA9,X
1EB5  9D AA DA    STA $DAAA,X
1EB8  CA          DEX
1EB9  BD A9 06    LDA $06A9,X
1EBC  9D AA 06    STA $06AA,X
1EBF  BD A9 DA    LDA $DAA9,X
1EC2  9D AA DA    STA $DAAA,X
1EC5  CA          DEX
1EC6  10 E4       BPL runtime_map_scroll_right_row_0_17
1EC8  A0 00       LDY #$00
1ECA  B1 FB       LDA ($FB),Y
1ECC  AA          TAX
1ECD  BD 2D 20    LDA asset_map_chars_0,X
1ED0  8D A9 06    STA $06A9
1ED3  BD 31 20    LDA asset_map_colors_0,X
1ED6  8D A9 DA    STA $DAA9
1ED9  18          CLC
1EDA  A5 FB       LDA $FB
1EDC  69 50       ADC #$50
1EDE  85 FB       STA $FB
1EE0  A5 FC       LDA $FC
1EE2  69 00       ADC #$00
1EE4  85 FC       STA $FC
1EE6  AD F5 06    LDA $06F5
1EE9  8D F6 06    STA $06F6
1EEC  AD F5 DA    LDA $DAF5
1EEF  8D F6 DA    STA $DAF6
1EF2  A2 23       LDX #$23
1EF4        runtime_map_scroll_right_row_0_18:
1EF4  BD D1 06    LDA $06D1,X
1EF7  9D D2 06    STA $06D2,X
1EFA  BD D1 DA    LDA $DAD1,X
1EFD  9D D2 DA    STA $DAD2,X
1F00  CA          DEX
1F01  BD D1 06    LDA $06D1,X
1F04  9D D2 06    STA $06D2,X
1F07  BD D1 DA    LDA $DAD1,X
1F0A  9D D2 DA    STA $DAD2,X
1F0D  CA          DEX
1F0E  10 E4       BPL runtime_map_scroll_right_row_0_18
1F10  A0 00       LDY #$00
1F12  B1 FB       LDA ($FB),Y
1F14  AA          TAX
1F15  BD 2D 20    LDA asset_map_chars_0,X
1F18  8D D1 06    STA $06D1
1F1B  BD 31 20    LDA asset_map_colors_0,X
1F1E  8D D1 DA    STA $DAD1
1F21  18          CLC
1F22  A5 FB       LDA $FB
1F24  69 50       ADC #$50
1F26  85 FB       STA $FB
1F28  A5 FC       LDA $FC
1F2A  69 00       ADC #$00
1F2C  85 FC       STA $FC
1F2E  AD 1D 07    LDA $071D
1F31  8D 1E 07    STA $071E
1F34  AD 1D DB    LDA $DB1D
1F37  8D 1E DB    STA $DB1E
1F3A  A2 23       LDX #$23
1F3C        runtime_map_scroll_right_row_0_19:
1F3C  BD F9 06    LDA $06F9,X
1F3F  9D FA 06    STA $06FA,X
1F42  BD F9 DA    LDA $DAF9,X
1F45  9D FA DA    STA $DAFA,X
1F48  CA          DEX
1F49  BD F9 06    LDA $06F9,X
1F4C  9D FA 06    STA $06FA,X
1F4F  BD F9 DA    LDA $DAF9,X
1F52  9D FA DA    STA $DAFA,X
1F55  CA          DEX
1F56  10 E4       BPL runtime_map_scroll_right_row_0_19
1F58  A0 00       LDY #$00
1F5A  B1 FB       LDA ($FB),Y
1F5C  AA          TAX
1F5D  BD 2D 20    LDA asset_map_chars_0,X
1F60  8D F9 06    STA $06F9
1F63  BD 31 20    LDA asset_map_colors_0,X
1F66  8D F9 DA    STA $DAF9
1F69  60          RTS
            ; Dynamic map 0: redraw visible cells from runtime RAM
1F6A        runtime_map_redraw_0:
1F6A  4C D0 13    JMP runtime_map_viewport_0
1F6D        runtime_map_pointer_0:
1F6D  AC B3 C7    LDY $C7B3
1F70  18          CLC
1F71  B9 83 1F    LDA runtime_map_row_lo_0,Y
1F74  6D B2 C7    ADC $C7B2
1F77  85 FB       STA $FB
1F79  B9 97 1F    LDA runtime_map_row_hi_0,Y
1F7C  69 00       ADC #$00
1F7E  85 FC       STA $FC
1F80  A0 00       LDY #$00
1F82  60          RTS
1F83        runtime_map_row_lo_0:
1F83  00 50 A0 F0 40 90 E0 30 80 D0 20 70 C0 10 60 B0 00 50 A0 F0 .byte $00, $50, $A0, $F0, $40, $90, $E0, $30, $80, $D0, $20, $70, $C0, $10, $60, $B0, $00, $50, $A0, $F0
1F97        runtime_map_row_hi_0:
1F97  80 80 80 80 81 81 81 82 82 82 83 83 83 84 84 84 85 85 85 85 .byte $80, $80, $80, $80, $81, $81, $81, $82, $82, $82, $83, $83, $83, $84, $84, $84, $85, $85, $85, $85
            ; User data
1FAB        sprite_frames_hero_0:
1FAB  00 18 00 00 3C 00 00 7E 00 00 DB 00 01 FF 80 03 FF C0 03 3C C0 03 7E C0 03 FF C0 01 FF 80 00 7E 00 00 3C 00 00 66 00 00 C3 00 01 81 80 03 00 C0 06 00 60 0C 00 30 18 00 18 30 00 0C 60 00 06 .byte $00, $18, $00, $00, $3C, $00, $00, $7E, $00, $00, $DB, $00, $01, $FF, $80, $03, $FF, $C0, $03, $3C, $C0, $03, $7E, $C0, $03, $FF, $C0, $01, $FF, $80, $00, $7E, $00, $00, $3C, $00, $00, $66, $00, $00, $C3, $00, $01, $81, $80, $03, $00, $C0, $06, $00, $60, $0C, $00, $30, $18, $00, $18, $30, $00, $0C, $60, $00, $06
1FEA        sprite_frames_hero_1:
1FEA  00 18 00 00 3C 00 00 7E 00 00 DB 00 01 FF 80 03 FF C0 03 3C C0 03 7E C0 03 FF C0 01 FF 80 00 7E 00 00 3C 00 00 66 00 00 C3 00 01 81 80 03 00 C0 06 00 60 18 00 18 30 00 0C 60 00 06 30 00 0C .byte $00, $18, $00, $00, $3C, $00, $00, $7E, $00, $00, $DB, $00, $01, $FF, $80, $03, $FF, $C0, $03, $3C, $C0, $03, $7E, $C0, $03, $FF, $C0, $01, $FF, $80, $00, $7E, $00, $00, $3C, $00, $00, $66, $00, $00, $C3, $00, $01, $81, $80, $03, $00, $C0, $06, $00, $60, $18, $00, $18, $30, $00, $0C, $60, $00, $06, $30, $00, $0C
2029        asset_map_collisions_0:
2029  00 01 00 01 .byte $00, $01, $00, $01
202D        asset_map_chars_0:
202D  40 41 42 43 .byte $40, $41, $42, $43
2031        asset_map_colors_0:
2031  00 0E 07 05 .byte $00, $0E, $07, $05
2035        asset_rle_1:
2035  FF 00 01 00 .byte $FF, $00, $01, $00
2039        asset_rle_6:
2039  3F 00 06 03 8A 00 06 03 2B 00 .byte $3F, $00, $06, $03, $8A, $00, $06, $03, $2B, $00
2043        asset_rle_8:
2043  3F 00 06 03 17 00 02 02 0A 00 03 02 0C 00 02 02 0E 00 03 02 0C 00 02 02 14 00 02 01 0A 00 03 01 0C 00 02 01 0E 00 03 01 0C 00 02 01 08 00 10 01 .byte $3F, $00, $06, $03, $17, $00, $02, $02, $0A, $00, $03, $02, $0C, $00, $02, $02, $0E, $00, $03, $02, $0C, $00, $02, $02, $14, $00, $02, $01, $0A, $00, $03, $01, $0C, $00, $02, $01, $0E, $00, $03, $01, $0C, $00, $02, $01, $08, $00, $10, $01
2073        asset_rle_10:
2073  40 01       .byte $40, $01
2075        sprite_sequence_0_idle-right:
2075  B8          .byte $B8
2076        sprite_sequence_0_run-right:
2076  B8 B9       .byte $B8, $B9
2078        asset_bytes_12:
2078  00 00 00 00 00 00 00 00 FF 81 BD A5 A5 BD 81 FF 00 00 00 00 00 00 FF FF FF FF 18 18 18 18 18 18 .byte $00, $00, $00, $00, $00, $00, $00, $00, $FF, $81, $BD, $A5, $A5, $BD, $81, $FF, $00, $00, $00, $00, $00, $00, $FF, $FF, $FF, $FF, $18, $18, $18, $18, $18, $18
