0810  A2 00       LDX #$00
0812        asset_map_initial_copy_2:
0812  BD 1C 0C    LDA asset_bytes_1,X
0815  9D 00 80    STA $8000,X
0818  E8          INX
0819  D0 F7       BNE asset_map_initial_copy_2
081B  A2 00       LDX #$00
081D  A0 00       LDY #$00
081F        asset_map_initial_rle_4:
081F  BD 1C 0D    LDA asset_rle_3,X
0822  8D 77 C7    STA $C777
0825  E8          INX
0826  BD 1C 0D    LDA asset_rle_3,X
0829  E8          INX
082A        asset_map_initial_rle_4_repeat:
082A  99 00 81    STA $8100,Y
082D  C8          INY
082E  CE 77 C7    DEC $C777
0831  D0 F7       BNE asset_map_initial_rle_4_repeat
0833  E0 14       CPX #$14
0835  D0 E8       BNE asset_map_initial_rle_4
0837  A9 01       LDA #$01
0839  8D 00 C1    STA $C100
083C  A9 01       LDA #$01
083E  8D 01 C1    STA $C101
0841  A9 01       LDA #$01
0843  8D 02 C1    STA $C102
0846  A9 01       LDA #$01
0848  8D 03 C1    STA $C103
084B  A9 93       LDA #$93
084D  20 D2 FF    JSR $FFD2
0850  A9 00       LDA #$00
0852  8D 20 D0    STA $D020
0855  08          PHP
0856  78          SEI
0857  A5 01       LDA $01
0859  48          PHA
085A  29 FB       AND #$FB
085C  85 01       STA $01
085E  A2 00       LDX #$00
0860        charset_rom_copy_0:
0860  BD 00 D0    LDA $D000,X
0863  9D 00 30    STA $3000,X
0866  BD 00 D1    LDA $D100,X
0869  9D 00 31    STA $3100,X
086C  E8          INX
086D  D0 F1       BNE charset_rom_copy_0
086F  68          PLA
0870  85 01       STA $01
0872  28          PLP
0873  A2 00       LDX #$00
0875        asset_charset_copy_6:
0875  BD 30 0D    LDA asset_bytes_5,X
0878  9D 00 32    STA $3200,X
087B  E8          INX
087C  E0 20       CPX #$20
087E  D0 F5       BNE asset_charset_copy_6
0880  AD 00 DD    LDA $DD00
0883  29 FC       AND #$FC
0885  09 03       ORA #$03
0887  8D 00 DD    STA $DD00
088A  AD 18 D0    LDA $D018
088D  29 F1       AND #$F1
088F  09 0C       ORA #$0C
0891  8D 18 D0    STA $D018
0894  AD 16 D0    LDA $D016
0897  09 10       ORA #$10
0899  8D 16 D0    STA $D016
089C  A9 00       LDA #$00
089E  8D 21 D0    STA $D021
08A1  A9 05       LDA #$05
08A3  8D 22 D0    STA $D022
08A6  A9 0A       LDA #$0A
08A8  8D 23 D0    STA $D023
08AB  20 5A 0B    JSR runtime_map_redraw_0
08AE  A2 00       LDX #$00
08B0        printat_loop_1:
08B0  BD F3 0B    LDA str_screen_0,X
08B3  F0 0B       BEQ printat_done_2
08B5  9D B7 04    STA $04B7,X
08B8  A9 01       LDA #$01
08BA  9D B7 D8    STA $D8B7,X
08BD  E8          INX
08BE  D0 F0       BNE printat_loop_1
08C0        printat_done_2:
08C0  A2 00       LDX #$00
08C2        printat_loop_3:
08C2  BD FD 0B    LDA str_screen_1,X
08C5  F0 0B       BEQ printat_done_4
08C7  9D 07 05    STA $0507,X
08CA  A9 01       LDA #$01
08CC  9D 07 D9    STA $D907,X
08CF  E8          INX
08D0  D0 F0       BNE printat_loop_3
08D2        printat_done_4:
08D2  A2 00       LDX #$00
08D4        printat_loop_5:
08D4  BD 06 0C    LDA str_screen_2,X
08D7  F0 0B       BEQ printat_done_6
08D9  9D 2F 05    STA $052F,X
08DC  A9 01       LDA #$01
08DE  9D 2F D9    STA $D92F,X
08E1  E8          INX
08E2  D0 F0       BNE printat_loop_5
08E4        printat_done_6:
08E4  4C D4 09    JMP user_routine_maze_try_move_after
08E7        user_routine_maze_try_move:
08E7  AD 02 C1    LDA $C102
08EA  C9 14       CMP #$14
08EC  90 03       BCC map_x_ok_8
08EE  4C 14 09    JMP control_if_else_7
08F1        map_x_ok_8:
08F1  8D B2 C7    STA $C7B2
08F4  AD 03 C1    LDA $C103
08F7  C9 0F       CMP #$0F
08F9  90 03       BCC map_y_ok_8
08FB  4C 14 09    JMP control_if_else_7
08FE        map_y_ok_8:
08FE  8D B3 C7    STA $C7B3
0901  20 7C 0B    JSR runtime_map_pointer_0
0904  B1 FB       LDA ($FB),Y
0906  AA          TAX
0907  BD 10 0C    LDA asset_map_collisions_0,X
090A  C9 01       CMP #$01
090C  F0 03       BEQ condition_pass_8
090E  4C 14 09    JMP control_if_else_7
0911        condition_pass_8:
0911  4C D3 09    JMP control_if_end_7
0914        control_if_else_7:
0914  AD 00 C1    LDA $C100
0917  C9 14       CMP #$14
0919  90 03       BCC map_x_ok_9
091B  4C 45 09    JMP map_set_done_9
091E        map_x_ok_9:
091E  8D B2 C7    STA $C7B2
0921  AD 01 C1    LDA $C101
0924  C9 0F       CMP #$0F
0926  90 03       BCC map_y_ok_9
0928  4C 45 09    JMP map_set_done_9
092B        map_y_ok_9:
092B  8D B3 C7    STA $C7B3
092E  A9 00       LDA #$00
0930  C9 04       CMP #$04
0932  90 03       BCC map_value_ok_9
0934  4C 45 09    JMP map_set_done_9
0937        map_value_ok_9:
0937  8D B8 C7    STA $C7B8
093A  20 7C 0B    JSR runtime_map_pointer_0
093D  AD B8 C7    LDA $C7B8
0940  91 FB       STA ($FB),Y
0942  20 DA 0A    JSR runtime_map_draw_tile_0
0945        map_set_done_9:
0945  AD 02 C1    LDA $C102
0948  C9 14       CMP #$14
094A  90 03       BCC map_x_ok_11
094C  4C 96 09    JMP control_if_else_10
094F        map_x_ok_11:
094F  8D B2 C7    STA $C7B2
0952  AD 03 C1    LDA $C103
0955  C9 0F       CMP #$0F
0957  90 03       BCC map_y_ok_11
0959  4C 96 09    JMP control_if_else_10
095C        map_y_ok_11:
095C  8D B3 C7    STA $C7B3
095F  20 7C 0B    JSR runtime_map_pointer_0
0962  B1 FB       LDA ($FB),Y
0964  C9 02       CMP #$02
0966  F0 03       BEQ condition_pass_11
0968  4C 96 09    JMP control_if_else_10
096B        condition_pass_11:
096B  A9 0F       LDA #$0F
096D  8D 18 D4    STA $D418
0970  A9 00       LDA #$00
0972  8D 04 D4    STA $D404
0975  A9 10       LDA #$10
0977  8D 04 D4    STA $D404
097A  A9 00       LDA #$00
097C  8D 05 D4    STA $D405
097F  A9 00       LDA #$00
0981  8D 06 D4    STA $D406
0984  A9 39       LDA #$39
0986  8D 00 D4    STA $D400
0989  A9 8B       LDA #$8B
098B  8D 01 D4    STA $D401
098E  A9 11       LDA #$11
0990  8D 04 D4    STA $D404
0993  4C 96 09    JMP control_if_end_10
0996        control_if_else_10:
0996        control_if_end_10:
0996  AD 02 C1    LDA $C102
0999  8D 00 C1    STA $C100
099C  AD 03 C1    LDA $C103
099F  8D 01 C1    STA $C101
09A2  AD 00 C1    LDA $C100
09A5  C9 14       CMP #$14
09A7  90 03       BCC map_x_ok_12
09A9  4C D3 09    JMP map_set_done_12
09AC        map_x_ok_12:
09AC  8D B2 C7    STA $C7B2
09AF  AD 01 C1    LDA $C101
09B2  C9 0F       CMP #$0F
09B4  90 03       BCC map_y_ok_12
09B6  4C D3 09    JMP map_set_done_12
09B9        map_y_ok_12:
09B9  8D B3 C7    STA $C7B3
09BC  A9 03       LDA #$03
09BE  C9 04       CMP #$04
09C0  90 03       BCC map_value_ok_12
09C2  4C D3 09    JMP map_set_done_12
09C5        map_value_ok_12:
09C5  8D B8 C7    STA $C7B8
09C8  20 7C 0B    JSR runtime_map_pointer_0
09CB  AD B8 C7    LDA $C7B8
09CE  91 FB       STA ($FB),Y
09D0  20 DA 0A    JSR runtime_map_draw_tile_0
09D3        map_set_done_12:
09D3        control_if_end_7:
09D3  60          RTS
09D4        user_routine_maze_try_move_after:
            ; Deterministic game frame loop
09D4  A9 00       LDA #$00
09D6  8D 6A C7    STA $C76A
09D9  A9 00       LDA #$00
09DB  8D 6B C7    STA $C76B
09DE  A9 00       LDA #$00
09E0  8D 70 C7    STA $C770
09E3  A9 FF       LDA #$FF
09E5  8D 67 C7    STA $C767
09E8  A9 FF       LDA #$FF
09EA  8D 69 C7    STA $C769
09ED  A9 3C       LDA #$3C
09EF  8D 6F C7    STA $C76F
09F2        game_video_detect_low:
09F2  AD 11 D0    LDA $D011
09F5  30 FB       BMI game_video_detect_low
09F7        game_video_detect_high:
09F7  AD 11 D0    LDA $D011
09FA  10 FB       BPL game_video_detect_high
09FC        game_video_detect_scan:
09FC  AD 11 D0    LDA $D011
09FF  10 0F       BPL game_video_detect_done
0A01  AD 12 D0    LDA $D012
0A04  C9 20       CMP #$20
0A06  B0 03       BCS game_video_detect_pal
0A08  4C FC 09    JMP game_video_detect_scan
0A0B        game_video_detect_pal:
0A0B  A9 32       LDA #$32
0A0D  8D 6F C7    STA $C76F
0A10        game_video_detect_done:
0A10        game_frame_loop:
0A10        game_frame_wait_leave:
0A10  AD 11 D0    LDA $D011
0A13  30 FB       BMI game_frame_wait_leave
0A15  AD 12 D0    LDA $D012
0A18  C9 F0       CMP #$F0
0A1A  B0 F4       BCS game_frame_wait_leave
0A1C        game_frame_wait_target:
0A1C  AD 11 D0    LDA $D011
0A1F  30 07       BMI game_frame_target_reached
0A21  AD 12 D0    LDA $D012
0A24  C9 F0       CMP #$F0
0A26  90 F4       BCC game_frame_wait_target
0A28        game_frame_target_reached:
0A28  18          CLC
0A29  AD 70 C7    LDA $C770
0A2C  69 32       ADC #$32
0A2E  8D 70 C7    STA $C770
0A31  CD 6F C7    CMP $C76F
0A34  B0 03       BCS game_frame_logical_tick
0A36  4C 10 0A    JMP game_frame_loop
0A39        game_frame_logical_tick:
0A39  38          SEC
0A3A  AD 70 C7    LDA $C770
0A3D  ED 6F C7    SBC $C76F
0A40  8D 70 C7    STA $C770
0A43  AD 67 C7    LDA $C767
0A46  8D 69 C7    STA $C769
0A49  AD 00 DC    LDA $DC00
0A4C  8D 67 C7    STA $C767
0A4F  EE 6A C7    INC $C76A
0A52  D0 03       BNE game_frame_counter_done_13
0A54  EE 6B C7    INC $C76B
0A57        game_frame_counter_done_13:
0A57  AD 00 C1    LDA $C100
0A5A  8D 02 C1    STA $C102
0A5D  AD 01 C1    LDA $C101
0A60  8D 03 C1    STA $C103
0A63  AD 67 C7    LDA $C767
0A66  29 01       AND #$01
0A68  F0 03       BEQ joystick_current_pressed_15
0A6A  4C 80 0A    JMP control_if_else_14
0A6D        joystick_current_pressed_15:
0A6D  AD 69 C7    LDA $C769
0A70  29 01       AND #$01
0A72  D0 03       BNE condition_pass_15
0A74  4C 80 0A    JMP control_if_else_14
0A77        condition_pass_15:
0A77  CE 03 C1    DEC $C103
0A7A  20 E7 08    JSR user_routine_maze_try_move
0A7D  4C 80 0A    JMP control_if_end_14
0A80        control_if_else_14:
0A80        control_if_end_14:
0A80  AD 67 C7    LDA $C767
0A83  29 02       AND #$02
0A85  F0 03       BEQ joystick_current_pressed_17
0A87  4C 9D 0A    JMP control_if_else_16
0A8A        joystick_current_pressed_17:
0A8A  AD 69 C7    LDA $C769
0A8D  29 02       AND #$02
0A8F  D0 03       BNE condition_pass_17
0A91  4C 9D 0A    JMP control_if_else_16
0A94        condition_pass_17:
0A94  EE 03 C1    INC $C103
0A97  20 E7 08    JSR user_routine_maze_try_move
0A9A  4C 9D 0A    JMP control_if_end_16
0A9D        control_if_else_16:
0A9D        control_if_end_16:
0A9D  AD 67 C7    LDA $C767
0AA0  29 04       AND #$04
0AA2  F0 03       BEQ joystick_current_pressed_19
0AA4  4C BA 0A    JMP control_if_else_18
0AA7        joystick_current_pressed_19:
0AA7  AD 69 C7    LDA $C769
0AAA  29 04       AND #$04
0AAC  D0 03       BNE condition_pass_19
0AAE  4C BA 0A    JMP control_if_else_18
0AB1        condition_pass_19:
0AB1  CE 02 C1    DEC $C102
0AB4  20 E7 08    JSR user_routine_maze_try_move
0AB7  4C BA 0A    JMP control_if_end_18
0ABA        control_if_else_18:
0ABA        control_if_end_18:
0ABA  AD 67 C7    LDA $C767
0ABD  29 08       AND #$08
0ABF  F0 03       BEQ joystick_current_pressed_21
0AC1  4C D7 0A    JMP control_if_else_20
0AC4        joystick_current_pressed_21:
0AC4  AD 69 C7    LDA $C769
0AC7  29 08       AND #$08
0AC9  D0 03       BNE condition_pass_21
0ACB  4C D7 0A    JMP control_if_else_20
0ACE        condition_pass_21:
0ACE  EE 02 C1    INC $C102
0AD1  20 E7 08    JSR user_routine_maze_try_move
0AD4  4C D7 0A    JMP control_if_end_20
0AD7        control_if_else_20:
0AD7        control_if_end_20:
0AD7  4C 10 0A    JMP game_frame_loop
            ; Dynamic map 0: draw one changed metatile
0ADA        runtime_map_draw_tile_0:
0ADA  AD B2 C7    LDA $C7B2
0ADD  8D C2 C7    STA $C7C2
0AE0  AD B3 C7    LDA $C7B3
0AE3  8D C3 C7    STA $C7C3
0AE6        runtime_map_draw_tile_body_0:
0AE6  20 7C 0B    JSR runtime_map_pointer_0
0AE9  B1 FB       LDA ($FB),Y
0AEB  8D B4 C7    STA $C7B4
0AEE  AD B4 C7    LDA $C7B4
0AF1  8D B5 C7    STA $C7B5
0AF4  A9 A1       LDA #$A1
0AF6  85 FB       STA $FB
0AF8  A9 04       LDA #$04
0AFA  85 FC       STA $FC
0AFC  AD C3 C7    LDA $C7C3
0AFF  8D B7 C7    STA $C7B7
0B02        runtime_map_screen_y_loop_0:
0B02  AD B7 C7    LDA $C7B7
0B05  F0 13       BEQ runtime_map_screen_y_done_0
0B07  18          CLC
0B08  A5 FB       LDA $FB
0B0A  69 28       ADC #$28
0B0C  85 FB       STA $FB
0B0E  A5 FC       LDA $FC
0B10  69 00       ADC #$00
0B12  85 FC       STA $FC
0B14  CE B7 C7    DEC $C7B7
0B17  4C 02 0B    JMP runtime_map_screen_y_loop_0
0B1A        runtime_map_screen_y_done_0:
0B1A  AD C2 C7    LDA $C7C2
0B1D  8D B9 C7    STA $C7B9
0B20  18          CLC
0B21  A5 FB       LDA $FB
0B23  6D B9 C7    ADC $C7B9
0B26  85 FB       STA $FB
0B28  A5 FC       LDA $FC
0B2A  69 00       ADC #$00
0B2C  85 FC       STA $FC
0B2E  18          CLC
0B2F  A5 FB       LDA $FB
0B31  69 00       ADC #$00
0B33  85 FD       STA $FD
0B35  A5 FC       LDA $FC
0B37  69 D4       ADC #$D4
0B39  85 FE       STA $FE
0B3B  18          CLC
0B3C  AD B5 C7    LDA $C7B5
0B3F  69 00       ADC #$00
0B41  A8          TAY
0B42  B9 14 0C    LDA asset_map_chars_0,Y
0B45  A0 00       LDY #$00
0B47  91 FB       STA ($FB),Y
0B49  18          CLC
0B4A  AD B5 C7    LDA $C7B5
0B4D  69 00       ADC #$00
0B4F  A8          TAY
0B50  B9 18 0C    LDA asset_map_colors_0,Y
0B53  09 08       ORA #$08
0B55  A0 00       LDY #$00
0B57  91 FD       STA ($FD),Y
0B59  60          RTS
            ; Dynamic map 0: redraw visible cells from runtime RAM
0B5A        runtime_map_redraw_0:
0B5A  A9 00       LDA #$00
0B5C  8D B3 C7    STA $C7B3
0B5F        runtime_map_redraw_row_0:
0B5F  A9 00       LDA #$00
0B61  8D B2 C7    STA $C7B2
0B64        runtime_map_redraw_column_0:
0B64  20 DA 0A    JSR runtime_map_draw_tile_0
0B67  EE B2 C7    INC $C7B2
0B6A  AD B2 C7    LDA $C7B2
0B6D  C9 14       CMP #$14
0B6F  D0 F3       BNE runtime_map_redraw_column_0
0B71  EE B3 C7    INC $C7B3
0B74  AD B3 C7    LDA $C7B3
0B77  C9 0F       CMP #$0F
0B79  D0 E4       BNE runtime_map_redraw_row_0
0B7B  60          RTS
0B7C        runtime_map_pointer_0:
0B7C  A9 00       LDA #$00
0B7E  8D B6 C7    STA $C7B6
0B81  A9 00       LDA #$00
0B83  8D BA C7    STA $C7BA
0B86  AD B3 C7    LDA $C7B3
0B89  8D B7 C7    STA $C7B7
0B8C  A9 00       LDA #$00
0B8E  8D BF C7    STA $C7BF
0B91  0E B7 C7    ASL $C7B7
0B94  2E BF C7    ROL $C7BF
0B97  0E B7 C7    ASL $C7B7
0B9A  2E BF C7    ROL $C7BF
0B9D  18          CLC
0B9E  AD B6 C7    LDA $C7B6
0BA1  6D B7 C7    ADC $C7B7
0BA4  8D B6 C7    STA $C7B6
0BA7  AD BA C7    LDA $C7BA
0BAA  6D BF C7    ADC $C7BF
0BAD  8D BA C7    STA $C7BA
0BB0  0E B7 C7    ASL $C7B7
0BB3  2E BF C7    ROL $C7BF
0BB6  0E B7 C7    ASL $C7B7
0BB9  2E BF C7    ROL $C7BF
0BBC  18          CLC
0BBD  AD B6 C7    LDA $C7B6
0BC0  6D B7 C7    ADC $C7B7
0BC3  8D B6 C7    STA $C7B6
0BC6  AD BA C7    LDA $C7BA
0BC9  6D BF C7    ADC $C7BF
0BCC  8D BA C7    STA $C7BA
0BCF  18          CLC
0BD0  AD B6 C7    LDA $C7B6
0BD3  6D B2 C7    ADC $C7B2
0BD6  8D B6 C7    STA $C7B6
0BD9  AD BA C7    LDA $C7BA
0BDC  69 00       ADC #$00
0BDE  8D BA C7    STA $C7BA
0BE1  18          CLC
0BE2  AD B6 C7    LDA $C7B6
0BE5  69 00       ADC #$00
0BE7  85 FB       STA $FB
0BE9  AD BA C7    LDA $C7BA
0BEC  69 80       ADC #$80
0BEE  85 FC       STA $FC
0BF0  A0 00       LDY #$00
0BF2  60          RTS
            ; String pool
0BF3        str_screen_0:
0BF3  0D 01 1A 05 20 16 30 2E 39 00 .byte $0D, $01, $1A, $05, $20, $16, $30, $2E, $39, $00
0BFD        str_screen_1:
0BFD  12 01 0D 01 13 13 05 1A 00 .byte $12, $01, $0D, $01, $13, $13, $05, $1A, $00
0C06        str_screen_2:
0C06  0C 05 13 20 03 12 0F 09 18 00 .byte $0C, $05, $13, $20, $03, $12, $0F, $09, $18, $00
            ; User data
0C10        asset_map_collisions_0:
0C10  00 01 00 00 .byte $00, $01, $00, $00
0C14        asset_map_chars_0:
0C14  40 41 42 43 .byte $40, $41, $42, $43
0C18        asset_map_colors_0:
0C18  00 06 07 02 .byte $00, $06, $07, $02
0C1C        asset_bytes_1:
0C1C  01 01 01 01 01 01 01 01 01 01 01 01 01 01 01 01 01 01 01 01 01 03 00 00 02 00 00 00 01 00 00 00 02 00 00 00 00 02 00 01 01 00 01 01 01 00 01 00 01 00 01 01 01 01 01 00 01 01 00 01 01 00 01 02 00 00 01 00 00 00 01 00 00 00 00 00 01 02 00 01 01 00 01 00 01 01 01 01 01 00 01 00 01 01 01 01 01 00 01 01 01 00 00 00 01 00 00 02 00 00 01 00 00 00 00 02 00 00 00 01 01 01 01 00 01 00 01 01 01 01 01 01 01 00 01 01 01 01 00 01 01 02 00 00 00 00 01 00 00 00 02 00 01 00 00 00 00 01 00 01 01 00 01 01 01 01 01 00 01 01 01 00 01 01 01 01 00 01 00 01 01 00 00 00 02 00 00 00 01 00 00 00 00 00 00 01 00 00 00 01 01 00 01 01 01 01 01 01 01 00 01 01 01 01 00 01 01 01 00 01 01 00 01 00 00 00 02 00 00 00 01 00 02 00 00 00 00 01 00 01 01 00 01 00 01 01 01 01 01 01 01 00 01 01 01 01 .byte $01, $01, $01, $01, $01, $01, $01, $01, $01, $01, $01, $01, $01, $01, $01, $01, $01, $01, $01, $01, $01, $03, $00, $00, $02, $00, $00, $00, $01, $00, $00, $00, $02, $00, $00, $00, $00, $02, $00, $01, $01, $00, $01, $01, $01, $00, $01, $00, $01, $00, $01, $01, $01, $01, $01, $00, $01, $01, $00, $01, $01, $00, $01, $02, $00, $00, $01, $00, $00, $00, $01, $00, $00, $00, $00, $00, $01, $02, $00, $01, $01, $00, $01, $00, $01, $01, $01, $01, $01, $00, $01, $00, $01, $01, $01, $01, $01, $00, $01, $01, $01, $00, $00, $00, $01, $00, $00, $02, $00, $00, $01, $00, $00, $00, $00, $02, $00, $00, $00, $01, $01, $01, $01, $00, $01, $00, $01, $01, $01, $01, $01, $01, $01, $00, $01, $01, $01, $01, $00, $01, $01, $02, $00, $00, $00, $00, $01, $00, $00, $00, $02, $00, $01, $00, $00, $00, $00, $01, $00, $01, $01, $00, $01, $01, $01, $01, $01, $00, $01, $01, $01, $00, $01, $01, $01, $01, $00, $01, $00, $01, $01, $00, $00, $00, $02, $00, $00, $00, $01, $00, $00, $00, $00, $00, $00, $01, $00, $00, $00, $01, $01, $00, $01, $01, $01, $01, $01, $01, $01, $00, $01, $01, $01, $01, $00, $01, $01, $01, $00, $01, $01, $00, $01, $00, $00, $00, $02, $00, $00, $00, $01, $00, $02, $00, $00, $00, $00, $01, $00, $01, $01, $00, $01, $00, $01, $01, $01, $01, $01, $01, $01, $00, $01, $01, $01, $01
0D1C        asset_rle_3:
0D1C  01 00 01 01 01 00 02 01 01 02 0B 00 01 02 04 00 01 02 15 01 .byte $01, $00, $01, $01, $01, $00, $02, $01, $01, $02, $0B, $00, $01, $02, $04, $00, $01, $02, $15, $01
0D30        asset_bytes_5:
0D30  00 00 00 00 00 00 00 00 FF C3 99 A5 A5 99 C3 FF 00 18 18 7E 7E 18 18 00 3C 7E DB FF FF DB 7E 3C .byte $00, $00, $00, $00, $00, $00, $00, $00, $FF, $C3, $99, $A5, $A5, $99, $C3, $FF, $00, $18, $18, $7E, $7E, $18, $18, $00, $3C, $7E, $DB, $FF, $FF, $DB, $7E, $3C
