0810  A9 FF       LDA #$FF
0812  8D 78 C7    STA $C778
0815  A9 FF       LDA #$FF
0817  8D 79 C7    STA $C779
081A  A9 FF       LDA #$FF
081C  8D 7A C7    STA $C77A
081F  A9 FF       LDA #$FF
0821  8D 7B C7    STA $C77B
0824  20 33 0D    JSR runtime_map_activate_0
0827  20 A5 0F    JSR runtime_map_activate_1
082A  20 17 12    JSR runtime_map_activate_2
082D  A2 00       LDX #$00
082F        copydata_2000_sprite_frames_platformerActors_0_63_0:
082F  BD 76 15    LDA sprite_frames_platformerActors_0,X
0832  9D 00 20    STA $2000,X
0835  E8          INX
0836  E0 3F       CPX #$3F
0838  D0 F5       BNE copydata_2000_sprite_frames_platformerActors_0_63_0
083A  A9 00       LDA #$00
083C  8D 3F 20    STA $203F
083F  A2 00       LDX #$00
0841        copydata_2040_sprite_frames_platformerActors_1_63_1:
0841  BD B5 15    LDA sprite_frames_platformerActors_1,X
0844  9D 40 20    STA $2040,X
0847  E8          INX
0848  E0 3F       CPX #$3F
084A  D0 F5       BNE copydata_2040_sprite_frames_platformerActors_1_63_1
084C  A9 00       LDA #$00
084E  8D 7F 20    STA $207F
0851  A2 00       LDX #$00
0853        copydata_2200_sprite_frames_platformerEnemy_0_63_2:
0853  BD F4 15    LDA sprite_frames_platformerEnemy_0,X
0856  9D 00 22    STA $2200,X
0859  E8          INX
085A  E0 3F       CPX #$3F
085C  D0 F5       BNE copydata_2200_sprite_frames_platformerEnemy_0_63_2
085E  A9 00       LDA #$00
0860  8D 3F 22    STA $223F
0863  A2 00       LDX #$00
0865        copydata_2200_sprite_frames_platformerCoin_0_63_3:
0865  BD 33 16    LDA sprite_frames_platformerCoin_0,X
0868  9D 00 22    STA $2200,X
086B  E8          INX
086C  E0 3F       CPX #$3F
086E  D0 F5       BNE copydata_2200_sprite_frames_platformerCoin_0_63_3
0870  A9 00       LDA #$00
0872  8D 3F 22    STA $223F
0875  A2 00       LDX #$00
0877        copydata_2200_sprite_frames_levelPortal_0_63_4:
0877  BD 72 16    LDA sprite_frames_levelPortal_0,X
087A  9D 00 22    STA $2200,X
087D  E8          INX
087E  E0 3F       CPX #$3F
0880  D0 F5       BNE copydata_2200_sprite_frames_levelPortal_0_63_4
0882  A9 00       LDA #$00
0884  8D 3F 22    STA $223F
0887  A9 48       LDA #$48
0889  8D 00 C5    STA $C500
088C  A9 00       LDA #$00
088E  8D 01 C5    STA $C501
0891  A9 AA       LDA #$AA
0893  8D 02 C5    STA $C502
0896  A9 00       LDA #$00
0898  8D 03 C5    STA $C503
089B  A9 00       LDA #$00
089D  8D 04 C5    STA $C504
08A0  A9 01       LDA #$01
08A2  8D 05 C5    STA $C505
08A5  20 B5 0C    JSR runtime_sprite_sync_0
08A8  A9 80       LDA #$80
08AA  8D 04 C4    STA $C404
08AD  AD 04 C4    LDA $C404
08B0  8D F8 07    STA $07F8
08B3  A9 07       LDA #$07
08B5  8D 05 C4    STA $C405
08B8  A9 07       LDA #$07
08BA  8D 27 D0    STA $D027
08BD  A9 F8       LDA #$F8
08BF  8D 08 C5    STA $C508
08C2  A9 00       LDA #$00
08C4  8D 09 C5    STA $C509
08C7  A9 AA       LDA #$AA
08C9  8D 0A C5    STA $C50A
08CC  A9 00       LDA #$00
08CE  8D 0B C5    STA $C50B
08D1  A9 00       LDA #$00
08D3  8D 0C C5    STA $C50C
08D6  A9 01       LDA #$01
08D8  8D 0D C5    STA $C50D
08DB  20 F4 0C    JSR runtime_sprite_sync_1
08DE  A9 88       LDA #$88
08E0  8D 0C C4    STA $C40C
08E3  AD 0C C4    LDA $C40C
08E6  8D F9 07    STA $07F9
08E9  A9 02       LDA #$02
08EB  8D 0D C4    STA $C40D
08EE  A9 02       LDA #$02
08F0  8D 28 D0    STA $D028
08F3  AD 79 C7    LDA $C779
08F6  C9 FF       CMP #$FF
08F8  D0 03       BNE map_activation_requested_7
08FA  4C 3D 09    JMP map_activation_done_5
08FD        map_activation_requested_7:
08FD  CD 78 C7    CMP $C778
0900  F0 36       BEQ map_activation_clear_6
0902  AD 79 C7    LDA $C779
0905  C9 00       CMP #$00
0907  D0 0B       BNE map_activation_next_0_8
0909  20 33 0D    JSR runtime_map_activate_0
090C  A9 00       LDA #$00
090E  8D 78 C7    STA $C778
0911  4C 38 09    JMP map_activation_clear_6
0914        map_activation_next_0_8:
0914  AD 79 C7    LDA $C779
0917  C9 01       CMP #$01
0919  D0 0B       BNE map_activation_next_1_9
091B  20 A5 0F    JSR runtime_map_activate_1
091E  A9 01       LDA #$01
0920  8D 78 C7    STA $C778
0923  4C 38 09    JMP map_activation_clear_6
0926        map_activation_next_1_9:
0926  AD 79 C7    LDA $C779
0929  C9 02       CMP #$02
092B  D0 0B       BNE map_activation_next_2_10
092D  20 17 12    JSR runtime_map_activate_2
0930  A9 02       LDA #$02
0932  8D 78 C7    STA $C778
0935  4C 38 09    JMP map_activation_clear_6
0938        map_activation_next_2_10:
0938        map_activation_clear_6:
0938  A9 FF       LDA #$FF
093A  8D 79 C7    STA $C779
093D        map_activation_done_5:
            ; Deterministic game frame loop
093D  A9 00       LDA #$00
093F  8D 6A C7    STA $C76A
0942  A9 00       LDA #$00
0944  8D 6B C7    STA $C76B
0947  A9 00       LDA #$00
0949  8D 70 C7    STA $C770
094C  A9 FF       LDA #$FF
094E  8D 67 C7    STA $C767
0951  A9 FF       LDA #$FF
0953  8D 69 C7    STA $C769
0956  A9 3C       LDA #$3C
0958  8D 6F C7    STA $C76F
095B        game_video_detect_low:
095B  AD 11 D0    LDA $D011
095E  30 FB       BMI game_video_detect_low
0960        game_video_detect_high:
0960  AD 11 D0    LDA $D011
0963  10 FB       BPL game_video_detect_high
0965        game_video_detect_scan:
0965  AD 11 D0    LDA $D011
0968  10 0F       BPL game_video_detect_done
096A  AD 12 D0    LDA $D012
096D  C9 20       CMP #$20
096F  B0 03       BCS game_video_detect_pal
0971  4C 65 09    JMP game_video_detect_scan
0974        game_video_detect_pal:
0974  A9 32       LDA #$32
0976  8D 6F C7    STA $C76F
0979        game_video_detect_done:
0979  A9 00       LDA #$00
097B  8D 7A C7    STA $C77A
097E  A9 FF       LDA #$FF
0980  8D 7B C7    STA $C77B
0983  20 44 0A    JSR game_scene_enter_dispatch
0986        game_frame_loop:
0986        game_frame_wait_leave:
0986  AD 11 D0    LDA $D011
0989  30 FB       BMI game_frame_wait_leave
098B  AD 12 D0    LDA $D012
098E  C9 F0       CMP #$F0
0990  B0 F4       BCS game_frame_wait_leave
0992        game_frame_wait_target:
0992  AD 11 D0    LDA $D011
0995  30 07       BMI game_frame_target_reached
0997  AD 12 D0    LDA $D012
099A  C9 F0       CMP #$F0
099C  90 F4       BCC game_frame_wait_target
099E        game_frame_target_reached:
099E  18          CLC
099F  AD 70 C7    LDA $C770
09A2  69 32       ADC #$32
09A4  8D 70 C7    STA $C770
09A7  CD 6F C7    CMP $C76F
09AA  B0 03       BCS game_frame_logical_tick
09AC  4C 86 09    JMP game_frame_loop
09AF        game_frame_logical_tick:
09AF  38          SEC
09B0  AD 70 C7    LDA $C770
09B3  ED 6F C7    SBC $C76F
09B6  8D 70 C7    STA $C770
09B9  AD 67 C7    LDA $C767
09BC  8D 69 C7    STA $C769
09BF  AD 00 DC    LDA $DC00
09C2  8D 67 C7    STA $C767
09C5  EE 6A C7    INC $C76A
09C8  D0 03       BNE game_frame_counter_done_11
09CA  EE 6B C7    INC $C76B
09CD        game_frame_counter_done_11:
09CD  20 66 0A    JSR game_scene_update_dispatch
09D0  20 20 0A    JSR game_scene_apply_transition
09D3  AD 79 C7    LDA $C779
09D6  C9 FF       CMP #$FF
09D8  D0 03       BNE map_activation_requested_14
09DA  4C 1D 0A    JMP map_activation_done_12
09DD        map_activation_requested_14:
09DD  CD 78 C7    CMP $C778
09E0  F0 36       BEQ map_activation_clear_13
09E2  AD 79 C7    LDA $C779
09E5  C9 00       CMP #$00
09E7  D0 0B       BNE map_activation_next_0_15
09E9  20 33 0D    JSR runtime_map_activate_0
09EC  A9 00       LDA #$00
09EE  8D 78 C7    STA $C778
09F1  4C 18 0A    JMP map_activation_clear_13
09F4        map_activation_next_0_15:
09F4  AD 79 C7    LDA $C779
09F7  C9 01       CMP #$01
09F9  D0 0B       BNE map_activation_next_1_16
09FB  20 A5 0F    JSR runtime_map_activate_1
09FE  A9 01       LDA #$01
0A00  8D 78 C7    STA $C778
0A03  4C 18 0A    JMP map_activation_clear_13
0A06        map_activation_next_1_16:
0A06  AD 79 C7    LDA $C779
0A09  C9 02       CMP #$02
0A0B  D0 0B       BNE map_activation_next_2_17
0A0D  20 17 12    JSR runtime_map_activate_2
0A10  A9 02       LDA #$02
0A12  8D 78 C7    STA $C778
0A15  4C 18 0A    JMP map_activation_clear_13
0A18        map_activation_next_2_17:
0A18        map_activation_clear_13:
0A18  A9 FF       LDA #$FF
0A1A  8D 79 C7    STA $C779
0A1D        map_activation_done_12:
0A1D  4C 86 09    JMP game_frame_loop
            ; Apply at most one requested scene transition between frames
0A20        game_scene_apply_transition:
0A20  AD 7B C7    LDA $C77B
0A23  C9 FF       CMP #$FF
0A25  D0 01       BNE game_scene_transition_requested
0A27  60          RTS
0A28        game_scene_transition_requested:
0A28  CD 7A C7    CMP $C77A
0A2B  D0 06       BNE game_scene_transition_changed
0A2D  A9 FF       LDA #$FF
0A2F  8D 7B C7    STA $C77B
0A32  60          RTS
0A33        game_scene_transition_changed:
0A33  48          PHA
0A34  A9 FF       LDA #$FF
0A36  8D 7B C7    STA $C77B
0A39  20 85 0A    JSR game_scene_exit_dispatch
0A3C  68          PLA
0A3D  8D 7A C7    STA $C77A
0A40  20 44 0A    JSR game_scene_enter_dispatch
0A43  60          RTS
0A44        game_scene_enter_dispatch:
0A44  AD 7A C7    LDA $C77A
0A47  C9 00       CMP #$00
0A49  D0 04       BNE game_scene_enter_dispatch_next_0
0A4B  20 9E 0A    JSR game_scene_title_enter
0A4E  60          RTS
0A4F        game_scene_enter_dispatch_next_0:
0A4F  AD 7A C7    LDA $C77A
0A52  C9 01       CMP #$01
0A54  D0 04       BNE game_scene_enter_dispatch_next_1
0A56  20 F4 0A    JSR game_scene_game_enter
0A59  60          RTS
0A5A        game_scene_enter_dispatch_next_1:
0A5A  AD 7A C7    LDA $C77A
0A5D  C9 03       CMP #$03
0A5F  D0 04       BNE game_scene_enter_dispatch_next_3
0A61  20 A4 0C    JSR game_scene_gameOver_enter
0A64  60          RTS
0A65        game_scene_enter_dispatch_next_3:
0A65  60          RTS
0A66        game_scene_update_dispatch:
0A66  AD 7A C7    LDA $C77A
0A69  C9 00       CMP #$00
0A6B  D0 04       BNE game_scene_update_dispatch_next_0
0A6D  20 D7 0A    JSR game_scene_title_update
0A70  60          RTS
0A71        game_scene_update_dispatch_next_0:
0A71  AD 7A C7    LDA $C77A
0A74  C9 01       CMP #$01
0A76  D0 04       BNE game_scene_update_dispatch_next_1
0A78  20 FA 0A    JSR game_scene_game_update
0A7B  60          RTS
0A7C        game_scene_update_dispatch_next_1:
0A7C  AD 7A C7    LDA $C77A
0A7F  C9 03       CMP #$03
0A81  D0 01       BNE game_scene_update_dispatch_next_3
0A83  60          RTS
0A84        game_scene_update_dispatch_next_3:
0A84  60          RTS
0A85        game_scene_exit_dispatch:
0A85  AD 7A C7    LDA $C77A
0A88  C9 00       CMP #$00
0A8A  D0 01       BNE game_scene_exit_dispatch_next_0
0A8C  60          RTS
0A8D        game_scene_exit_dispatch_next_0:
0A8D  AD 7A C7    LDA $C77A
0A90  C9 01       CMP #$01
0A92  D0 01       BNE game_scene_exit_dispatch_next_1
0A94  60          RTS
0A95        game_scene_exit_dispatch_next_1:
0A95  AD 7A C7    LDA $C77A
0A98  C9 03       CMP #$03
0A9A  D0 01       BNE game_scene_exit_dispatch_next_3
0A9C  60          RTS
0A9D        game_scene_exit_dispatch_next_3:
0A9D  60          RTS
            ; Scene title: enter
0A9E        game_scene_title_enter:
0A9E  A9 93       LDA #$93
0AA0  20 D2 FF    JSR $FFD2
0AA3  A9 06       LDA #$06
0AA5  8D 20 D0    STA $D020
0AA8  A9 06       LDA #$06
0AAA  8D 21 D0    STA $D021
0AAD  A9 01       LDA #$01
0AAF  8D 86 02    STA $0286
0AB2  A2 00       LDX #$00
0AB4        printat_loop_18:
0AB4  BD 89 14    LDA str_screen_0,X
0AB7  F0 0B       BEQ printat_done_19
0AB9  9D 9D 05    STA $059D,X
0ABC  A9 01       LDA #$01
0ABE  9D 9D D9    STA $D99D,X
0AC1  E8          INX
0AC2  D0 F0       BNE printat_loop_18
0AC4        printat_done_19:
0AC4  A2 00       LDX #$00
0AC6        printat_loop_20:
0AC6  BD 98 14    LDA str_screen_1,X
0AC9  F0 0B       BEQ printat_done_21
0ACB  9D 13 06    STA $0613,X
0ACE  A9 01       LDA #$01
0AD0  9D 13 DA    STA $DA13,X
0AD3  E8          INX
0AD4  D0 F0       BNE printat_loop_20
0AD6        printat_done_21:
0AD6  60          RTS
            ; Scene title: update
0AD7        game_scene_title_update:
0AD7  AD 67 C7    LDA $C767
0ADA  29 10       AND #$10
0ADC  F0 03       BEQ joystick_current_pressed_23
0ADE  4C F3 0A    JMP control_if_else_22
0AE1        joystick_current_pressed_23:
0AE1  AD 69 C7    LDA $C769
0AE4  29 10       AND #$10
0AE6  D0 03       BNE condition_pass_23
0AE8  4C F3 0A    JMP control_if_else_22
0AEB        condition_pass_23:
0AEB  A9 01       LDA #$01
0AED  8D 7B C7    STA $C77B
0AF0  4C F3 0A    JMP control_if_end_22
0AF3        control_if_else_22:
0AF3        control_if_end_22:
0AF3  60          RTS
            ; Scene game: enter
0AF4        game_scene_game_enter:
0AF4  A9 00       LDA #$00
0AF6  8D 79 C7    STA $C779
0AF9  60          RTS
            ; Scene game: update
0AFA        game_scene_game_update:
0AFA  AD 05 C5    LDA $C505
0AFD  D0 03       BNE sprite_update_active_0_25
0AFF  4C A0 0B    JMP sprite_update_inactive_0_24
0B02        sprite_update_active_0_25:
0B02  18          CLC
0B03  AD 00 C5    LDA $C500
0B06  6D 03 C5    ADC $C503
0B09  8D 00 C5    STA $C500
0B0C  AD 03 C5    LDA $C503
0B0F  10 08       BPL sprite_vx_positive_26
0B11  AD 01 C5    LDA $C501
0B14  69 FF       ADC #$FF
0B16  4C 1E 0B    JMP sprite_vx_done_26
0B19        sprite_vx_positive_26:
0B19  AD 01 C5    LDA $C501
0B1C  69 00       ADC #$00
0B1E        sprite_vx_done_26:
0B1E  8D 01 C5    STA $C501
0B21  AD 04 C5    LDA $C504
0B24  10 0C       BPL sprite_vy_positive_27
0B26  18          CLC
0B27  AD 02 C5    LDA $C502
0B2A  6D 04 C5    ADC $C504
0B2D  90 12       BCC sprite_vy_clamp_min_27
0B2F  4C 3B 0B    JMP sprite_vy_store_27
0B32        sprite_vy_positive_27:
0B32  18          CLC
0B33  AD 02 C5    LDA $C502
0B36  6D 04 C5    ADC $C504
0B39  B0 0E       BCS sprite_vy_clamp_max_27
0B3B        sprite_vy_store_27:
0B3B  8D 02 C5    STA $C502
0B3E  4C 4E 0B    JMP sprite_vy_done_27
0B41        sprite_vy_clamp_min_27:
0B41  A9 00       LDA #$00
0B43  8D 02 C5    STA $C502
0B46  4C 4E 0B    JMP sprite_vy_done_27
0B49        sprite_vy_clamp_max_27:
0B49  A9 FF       LDA #$FF
0B4B  8D 02 C5    STA $C502
0B4E        sprite_vy_done_27:
0B4E  AD 01 C5    LDA $C501
0B51  30 0D       BMI sprite_x_clamp_min_28
0B53  C9 00       CMP #$00
0B55  90 09       BCC sprite_x_clamp_min_28
0B57  D0 11       BNE sprite_x_min_ok_28
0B59  AD 00 C5    LDA $C500
0B5C  C9 00       CMP #$00
0B5E  B0 0A       BCS sprite_x_min_ok_28
0B60        sprite_x_clamp_min_28:
0B60  A9 00       LDA #$00
0B62  8D 00 C5    STA $C500
0B65  A9 00       LDA #$00
0B67  8D 01 C5    STA $C501
0B6A        sprite_x_min_ok_28:
0B6A  AD 01 C5    LDA $C501
0B6D  C9 01       CMP #$01
0B6F  90 15       BCC sprite_x_max_ok_28
0B71  D0 09       BNE sprite_x_clamp_max_28
0B73  AD 00 C5    LDA $C500
0B76  C9 FF       CMP #$FF
0B78  90 0C       BCC sprite_x_max_ok_28
0B7A  F0 0A       BEQ sprite_x_max_ok_28
0B7C        sprite_x_clamp_max_28:
0B7C  A9 FF       LDA #$FF
0B7E  8D 00 C5    STA $C500
0B81  A9 01       LDA #$01
0B83  8D 01 C5    STA $C501
0B86        sprite_x_max_ok_28:
0B86  AD 02 C5    LDA $C502
0B89  C9 00       CMP #$00
0B8B  B0 05       BCS sprite_y_min_ok_28
0B8D  A9 00       LDA #$00
0B8F  8D 02 C5    STA $C502
0B92        sprite_y_min_ok_28:
0B92  AD 02 C5    LDA $C502
0B95  C9 FF       CMP #$FF
0B97  90 07       BCC sprite_y_max_ok_28
0B99  F0 05       BEQ sprite_y_max_ok_28
0B9B  A9 FF       LDA #$FF
0B9D  8D 02 C5    STA $C502
0BA0        sprite_y_max_ok_28:
0BA0        sprite_update_inactive_0_24:
0BA0  20 B5 0C    JSR runtime_sprite_sync_0
0BA3  AD 0D C5    LDA $C50D
0BA6  D0 03       BNE sprite_update_active_1_30
0BA8  4C 49 0C    JMP sprite_update_inactive_1_29
0BAB        sprite_update_active_1_30:
0BAB  18          CLC
0BAC  AD 08 C5    LDA $C508
0BAF  6D 0B C5    ADC $C50B
0BB2  8D 08 C5    STA $C508
0BB5  AD 0B C5    LDA $C50B
0BB8  10 08       BPL sprite_vx_positive_31
0BBA  AD 09 C5    LDA $C509
0BBD  69 FF       ADC #$FF
0BBF  4C C7 0B    JMP sprite_vx_done_31
0BC2        sprite_vx_positive_31:
0BC2  AD 09 C5    LDA $C509
0BC5  69 00       ADC #$00
0BC7        sprite_vx_done_31:
0BC7  8D 09 C5    STA $C509
0BCA  AD 0C C5    LDA $C50C
0BCD  10 0C       BPL sprite_vy_positive_32
0BCF  18          CLC
0BD0  AD 0A C5    LDA $C50A
0BD3  6D 0C C5    ADC $C50C
0BD6  90 12       BCC sprite_vy_clamp_min_32
0BD8  4C E4 0B    JMP sprite_vy_store_32
0BDB        sprite_vy_positive_32:
0BDB  18          CLC
0BDC  AD 0A C5    LDA $C50A
0BDF  6D 0C C5    ADC $C50C
0BE2  B0 0E       BCS sprite_vy_clamp_max_32
0BE4        sprite_vy_store_32:
0BE4  8D 0A C5    STA $C50A
0BE7  4C F7 0B    JMP sprite_vy_done_32
0BEA        sprite_vy_clamp_min_32:
0BEA  A9 00       LDA #$00
0BEC  8D 0A C5    STA $C50A
0BEF  4C F7 0B    JMP sprite_vy_done_32
0BF2        sprite_vy_clamp_max_32:
0BF2  A9 FF       LDA #$FF
0BF4  8D 0A C5    STA $C50A
0BF7        sprite_vy_done_32:
0BF7  AD 09 C5    LDA $C509
0BFA  30 0D       BMI sprite_x_clamp_min_33
0BFC  C9 00       CMP #$00
0BFE  90 09       BCC sprite_x_clamp_min_33
0C00  D0 11       BNE sprite_x_min_ok_33
0C02  AD 08 C5    LDA $C508
0C05  C9 00       CMP #$00
0C07  B0 0A       BCS sprite_x_min_ok_33
0C09        sprite_x_clamp_min_33:
0C09  A9 00       LDA #$00
0C0B  8D 08 C5    STA $C508
0C0E  A9 00       LDA #$00
0C10  8D 09 C5    STA $C509
0C13        sprite_x_min_ok_33:
0C13  AD 09 C5    LDA $C509
0C16  C9 01       CMP #$01
0C18  90 15       BCC sprite_x_max_ok_33
0C1A  D0 09       BNE sprite_x_clamp_max_33
0C1C  AD 08 C5    LDA $C508
0C1F  C9 FF       CMP #$FF
0C21  90 0C       BCC sprite_x_max_ok_33
0C23  F0 0A       BEQ sprite_x_max_ok_33
0C25        sprite_x_clamp_max_33:
0C25  A9 FF       LDA #$FF
0C27  8D 08 C5    STA $C508
0C2A  A9 01       LDA #$01
0C2C  8D 09 C5    STA $C509
0C2F        sprite_x_max_ok_33:
0C2F  AD 0A C5    LDA $C50A
0C32  C9 00       CMP #$00
0C34  B0 05       BCS sprite_y_min_ok_33
0C36  A9 00       LDA #$00
0C38  8D 0A C5    STA $C50A
0C3B        sprite_y_min_ok_33:
0C3B  AD 0A C5    LDA $C50A
0C3E  C9 FF       CMP #$FF
0C40  90 07       BCC sprite_y_max_ok_33
0C42  F0 05       BEQ sprite_y_max_ok_33
0C44  A9 FF       LDA #$FF
0C46  8D 0A C5    STA $C50A
0C49        sprite_y_max_ok_33:
0C49        sprite_update_inactive_1_29:
0C49  20 F4 0C    JSR runtime_sprite_sync_1
0C4C  AD 67 C7    LDA $C767
0C4F  29 10       AND #$10
0C51  F0 03       BEQ joystick_current_pressed_35
0C53  4C A3 0C    JMP control_if_else_34
0C56        joystick_current_pressed_35:
0C56  AD 69 C7    LDA $C769
0C59  29 10       AND #$10
0C5B  D0 03       BNE condition_pass_35
0C5D  4C A3 0C    JMP control_if_else_34
0C60        condition_pass_35:
0C60  AD 78 C7    LDA $C778
0C63  C9 00       CMP #$00
0C65  F0 03       BEQ condition_pass_37
0C67  4C 77 0C    JMP control_if_else_36
0C6A        condition_pass_37:
0C6A  A9 01       LDA #$01
0C6C  8D 79 C7    STA $C779
0C6F  A9 07       LDA #$07
0C71  8D 28 D0    STA $D028
0C74  4C 77 0C    JMP control_if_end_36
0C77        control_if_else_36:
0C77        control_if_end_36:
0C77  AD 78 C7    LDA $C778
0C7A  C9 01       CMP #$01
0C7C  F0 03       BEQ condition_pass_39
0C7E  4C 8E 0C    JMP control_if_else_38
0C81        condition_pass_39:
0C81  A9 02       LDA #$02
0C83  8D 79 C7    STA $C779
0C86  A9 03       LDA #$03
0C88  8D 28 D0    STA $D028
0C8B  4C 8E 0C    JMP control_if_end_38
0C8E        control_if_else_38:
0C8E        control_if_end_38:
0C8E  AD 78 C7    LDA $C778
0C91  C9 02       CMP #$02
0C93  F0 03       BEQ condition_pass_41
0C95  4C A0 0C    JMP control_if_else_40
0C98        condition_pass_41:
0C98  A9 03       LDA #$03
0C9A  8D 7B C7    STA $C77B
0C9D  4C A0 0C    JMP control_if_end_40
0CA0        control_if_else_40:
0CA0        control_if_end_40:
0CA0  4C A3 0C    JMP control_if_end_34
0CA3        control_if_else_34:
0CA3        control_if_end_34:
0CA3  60          RTS
            ; Scene gameOver: enter
0CA4        game_scene_gameOver_enter:
0CA4  A9 00       LDA #$00
0CA6  8D 05 C5    STA $C505
0CA9  20 B5 0C    JSR runtime_sprite_sync_0
0CAC  A9 00       LDA #$00
0CAE  8D 0D C5    STA $C50D
0CB1  20 F4 0C    JSR runtime_sprite_sync_1
0CB4  60          RTS
            ; Shared VIC-II synchronization for sprite 0
0CB5        runtime_sprite_sync_0:
0CB5  AD 05 C5    LDA $C505
0CB8  D0 0B       BNE sprite_runtime_active_0_42
0CBA  AD 15 D0    LDA $D015
0CBD  29 FE       AND #$FE
0CBF  8D 15 D0    STA $D015
0CC2  4C F3 0C    JMP sprite_runtime_sync_done_0_45
0CC5        sprite_runtime_active_0_42:
0CC5  AD 15 D0    LDA $D015
0CC8  09 01       ORA #$01
0CCA  8D 15 D0    STA $D015
0CCD  AD 00 C5    LDA $C500
0CD0  8D 00 D0    STA $D000
0CD3  AD 01 C5    LDA $C501
0CD6  29 01       AND #$01
0CD8  D0 0B       BNE sprite_runtime_xhigh_0_43
0CDA  AD 10 D0    LDA $D010
0CDD  29 FE       AND #$FE
0CDF  8D 10 D0    STA $D010
0CE2  4C ED 0C    JMP sprite_runtime_xdone_0_44
0CE5        sprite_runtime_xhigh_0_43:
0CE5  AD 10 D0    LDA $D010
0CE8  09 01       ORA #$01
0CEA  8D 10 D0    STA $D010
0CED        sprite_runtime_xdone_0_44:
0CED  AD 02 C5    LDA $C502
0CF0  8D 01 D0    STA $D001
0CF3        sprite_runtime_sync_done_0_45:
0CF3  60          RTS
            ; Shared VIC-II synchronization for sprite 1
0CF4        runtime_sprite_sync_1:
0CF4  AD 0D C5    LDA $C50D
0CF7  D0 0B       BNE sprite_runtime_active_1_46
0CF9  AD 15 D0    LDA $D015
0CFC  29 FD       AND #$FD
0CFE  8D 15 D0    STA $D015
0D01  4C 32 0D    JMP sprite_runtime_sync_done_1_49
0D04        sprite_runtime_active_1_46:
0D04  AD 15 D0    LDA $D015
0D07  09 02       ORA #$02
0D09  8D 15 D0    STA $D015
0D0C  AD 08 C5    LDA $C508
0D0F  8D 02 D0    STA $D002
0D12  AD 09 C5    LDA $C509
0D15  29 01       AND #$01
0D17  D0 0B       BNE sprite_runtime_xhigh_1_47
0D19  AD 10 D0    LDA $D010
0D1C  29 FD       AND #$FD
0D1E  8D 10 D0    STA $D010
0D21  4C 2C 0D    JMP sprite_runtime_xdone_1_48
0D24        sprite_runtime_xhigh_1_47:
0D24  AD 10 D0    LDA $D010
0D27  09 02       ORA #$02
0D29  8D 10 D0    STA $D010
0D2C        sprite_runtime_xdone_1_48:
0D2C  AD 0A C5    LDA $C50A
0D2F  8D 03 D0    STA $D003
0D32        sprite_runtime_sync_done_1_49:
0D32  60          RTS
            ; Map 0: restore its embedded cells into runtime RAM
0D33        runtime_map_activate_0:
0D33  A2 00       LDX #$00
0D35  A0 00       LDY #$00
0D37        asset_map_initial_rle_4:
0D37  BD B1 16    LDA asset_rle_3,X
0D3A  8D 77 C7    STA $C777
0D3D  E8          INX
0D3E  BD B1 16    LDA asset_rle_3,X
0D41  E8          INX
0D42        asset_map_initial_rle_4_repeat:
0D42  99 00 80    STA $8000,Y
0D45  C8          INY
0D46  CE 77 C7    DEC $C777
0D49  D0 F7       BNE asset_map_initial_rle_4_repeat
0D4B  E0 18       CPX #$18
0D4D  D0 E8       BNE asset_map_initial_rle_4
0D4F  08          PHP
0D50  78          SEI
0D51  A5 01       LDA $01
0D53  48          PHA
0D54  29 FB       AND #$FB
0D56  85 01       STA $01
0D58  A2 00       LDX #$00
0D5A        charset_rom_copy_50:
0D5A  BD 00 D0    LDA $D000,X
0D5D  9D 00 30    STA $3000,X
0D60  BD 00 D1    LDA $D100,X
0D63  9D 00 31    STA $3100,X
0D66  E8          INX
0D67  D0 F1       BNE charset_rom_copy_50
0D69  68          PLA
0D6A  85 01       STA $01
0D6C  28          PLP
0D6D  A2 00       LDX #$00
0D6F        asset_charset_copy_6:
0D6F  BD C9 16    LDA asset_bytes_5,X
0D72  9D 00 32    STA $3200,X
0D75  E8          INX
0D76  E0 20       CPX #$20
0D78  D0 F5       BNE asset_charset_copy_6
0D7A  AD 00 DD    LDA $DD00
0D7D  29 FC       AND #$FC
0D7F  09 03       ORA #$03
0D81  8D 00 DD    STA $DD00
0D84  AD 18 D0    LDA $D018
0D87  29 F1       AND #$F1
0D89  09 0C       ORA #$0C
0D8B  8D 18 D0    STA $D018
0D8E  AD 16 D0    LDA $D016
0D91  29 EF       AND #$EF
0D93  8D 16 D0    STA $D016
0D96  20 12 0F    JSR runtime_map_redraw_0
0D99  60          RTS
            ; Dynamic map 0: draw one changed metatile
0D9A        runtime_map_draw_tile_0:
0D9A  AD B2 C7    LDA $C7B2
0D9D  8D C2 C7    STA $C7C2
0DA0  AD B3 C7    LDA $C7B3
0DA3  8D C3 C7    STA $C7C3
0DA6        runtime_map_draw_tile_body_0:
0DA6  20 34 0F    JSR runtime_map_pointer_0
0DA9  B1 FB       LDA ($FB),Y
0DAB  8D B4 C7    STA $C7B4
0DAE  AD B4 C7    LDA $C7B4
0DB1  0A          ASL A
0DB2  0A          ASL A
0DB3  0A          ASL A
0DB4  8D B5 C7    STA $C7B5
0DB7  A9 00       LDA #$00
0DB9  85 FB       STA $FB
0DBB  A9 04       LDA #$04
0DBD  85 FC       STA $FC
0DBF  AD C3 C7    LDA $C7C3
0DC2  8D B7 C7    STA $C7B7
0DC5        runtime_map_screen_y_loop_0:
0DC5  AD B7 C7    LDA $C7B7
0DC8  F0 13       BEQ runtime_map_screen_y_done_0
0DCA  18          CLC
0DCB  A5 FB       LDA $FB
0DCD  69 50       ADC #$50
0DCF  85 FB       STA $FB
0DD1  A5 FC       LDA $FC
0DD3  69 00       ADC #$00
0DD5  85 FC       STA $FC
0DD7  CE B7 C7    DEC $C7B7
0DDA  4C C5 0D    JMP runtime_map_screen_y_loop_0
0DDD        runtime_map_screen_y_done_0:
0DDD  A9 00       LDA #$00
0DDF  8D B9 C7    STA $C7B9
0DE2  AD C2 C7    LDA $C7C2
0DE5  8D B7 C7    STA $C7B7
0DE8        runtime_map_screen_x_loop_0:
0DE8  AD B7 C7    LDA $C7B7
0DEB  F0 0F       BEQ runtime_map_screen_x_done_0
0DED  18          CLC
0DEE  AD B9 C7    LDA $C7B9
0DF1  69 04       ADC #$04
0DF3  8D B9 C7    STA $C7B9
0DF6  CE B7 C7    DEC $C7B7
0DF9  4C E8 0D    JMP runtime_map_screen_x_loop_0
0DFC        runtime_map_screen_x_done_0:
0DFC  18          CLC
0DFD  A5 FB       LDA $FB
0DFF  6D B9 C7    ADC $C7B9
0E02  85 FB       STA $FB
0E04  A5 FC       LDA $FC
0E06  69 00       ADC #$00
0E08  85 FC       STA $FC
0E0A  18          CLC
0E0B  A5 FB       LDA $FB
0E0D  69 00       ADC #$00
0E0F  85 FD       STA $FD
0E11  A5 FC       LDA $FC
0E13  69 D4       ADC #$D4
0E15  85 FE       STA $FE
0E17  18          CLC
0E18  AD B5 C7    LDA $C7B5
0E1B  69 00       ADC #$00
0E1D  A8          TAY
0E1E  B9 AE 14    LDA asset_map_chars_0,Y
0E21  A0 00       LDY #$00
0E23  91 FB       STA ($FB),Y
0E25  18          CLC
0E26  AD B5 C7    LDA $C7B5
0E29  69 00       ADC #$00
0E2B  A8          TAY
0E2C  B9 CE 14    LDA asset_map_colors_0,Y
0E2F  A0 00       LDY #$00
0E31  91 FD       STA ($FD),Y
0E33  18          CLC
0E34  AD B5 C7    LDA $C7B5
0E37  69 01       ADC #$01
0E39  A8          TAY
0E3A  B9 AE 14    LDA asset_map_chars_0,Y
0E3D  A0 01       LDY #$01
0E3F  91 FB       STA ($FB),Y
0E41  18          CLC
0E42  AD B5 C7    LDA $C7B5
0E45  69 01       ADC #$01
0E47  A8          TAY
0E48  B9 CE 14    LDA asset_map_colors_0,Y
0E4B  A0 01       LDY #$01
0E4D  91 FD       STA ($FD),Y
0E4F  18          CLC
0E50  AD B5 C7    LDA $C7B5
0E53  69 02       ADC #$02
0E55  A8          TAY
0E56  B9 AE 14    LDA asset_map_chars_0,Y
0E59  A0 02       LDY #$02
0E5B  91 FB       STA ($FB),Y
0E5D  18          CLC
0E5E  AD B5 C7    LDA $C7B5
0E61  69 02       ADC #$02
0E63  A8          TAY
0E64  B9 CE 14    LDA asset_map_colors_0,Y
0E67  A0 02       LDY #$02
0E69  91 FD       STA ($FD),Y
0E6B  18          CLC
0E6C  AD B5 C7    LDA $C7B5
0E6F  69 03       ADC #$03
0E71  A8          TAY
0E72  B9 AE 14    LDA asset_map_chars_0,Y
0E75  A0 03       LDY #$03
0E77  91 FB       STA ($FB),Y
0E79  18          CLC
0E7A  AD B5 C7    LDA $C7B5
0E7D  69 03       ADC #$03
0E7F  A8          TAY
0E80  B9 CE 14    LDA asset_map_colors_0,Y
0E83  A0 03       LDY #$03
0E85  91 FD       STA ($FD),Y
0E87  18          CLC
0E88  A5 FB       LDA $FB
0E8A  69 28       ADC #$28
0E8C  85 FB       STA $FB
0E8E  A5 FC       LDA $FC
0E90  69 00       ADC #$00
0E92  85 FC       STA $FC
0E94  18          CLC
0E95  A5 FD       LDA $FD
0E97  69 28       ADC #$28
0E99  85 FD       STA $FD
0E9B  A5 FE       LDA $FE
0E9D  69 00       ADC #$00
0E9F  85 FE       STA $FE
0EA1  18          CLC
0EA2  AD B5 C7    LDA $C7B5
0EA5  69 04       ADC #$04
0EA7  A8          TAY
0EA8  B9 AE 14    LDA asset_map_chars_0,Y
0EAB  A0 00       LDY #$00
0EAD  91 FB       STA ($FB),Y
0EAF  18          CLC
0EB0  AD B5 C7    LDA $C7B5
0EB3  69 04       ADC #$04
0EB5  A8          TAY
0EB6  B9 CE 14    LDA asset_map_colors_0,Y
0EB9  A0 00       LDY #$00
0EBB  91 FD       STA ($FD),Y
0EBD  18          CLC
0EBE  AD B5 C7    LDA $C7B5
0EC1  69 05       ADC #$05
0EC3  A8          TAY
0EC4  B9 AE 14    LDA asset_map_chars_0,Y
0EC7  A0 01       LDY #$01
0EC9  91 FB       STA ($FB),Y
0ECB  18          CLC
0ECC  AD B5 C7    LDA $C7B5
0ECF  69 05       ADC #$05
0ED1  A8          TAY
0ED2  B9 CE 14    LDA asset_map_colors_0,Y
0ED5  A0 01       LDY #$01
0ED7  91 FD       STA ($FD),Y
0ED9  18          CLC
0EDA  AD B5 C7    LDA $C7B5
0EDD  69 06       ADC #$06
0EDF  A8          TAY
0EE0  B9 AE 14    LDA asset_map_chars_0,Y
0EE3  A0 02       LDY #$02
0EE5  91 FB       STA ($FB),Y
0EE7  18          CLC
0EE8  AD B5 C7    LDA $C7B5
0EEB  69 06       ADC #$06
0EED  A8          TAY
0EEE  B9 CE 14    LDA asset_map_colors_0,Y
0EF1  A0 02       LDY #$02
0EF3  91 FD       STA ($FD),Y
0EF5  18          CLC
0EF6  AD B5 C7    LDA $C7B5
0EF9  69 07       ADC #$07
0EFB  A8          TAY
0EFC  B9 AE 14    LDA asset_map_chars_0,Y
0EFF  A0 03       LDY #$03
0F01  91 FB       STA ($FB),Y
0F03  18          CLC
0F04  AD B5 C7    LDA $C7B5
0F07  69 07       ADC #$07
0F09  A8          TAY
0F0A  B9 CE 14    LDA asset_map_colors_0,Y
0F0D  A0 03       LDY #$03
0F0F  91 FD       STA ($FD),Y
0F11  60          RTS
            ; Dynamic map 0: redraw visible cells from runtime RAM
0F12        runtime_map_redraw_0:
0F12  A9 00       LDA #$00
0F14  8D B3 C7    STA $C7B3
0F17        runtime_map_redraw_row_0:
0F17  A9 00       LDA #$00
0F19  8D B2 C7    STA $C7B2
0F1C        runtime_map_redraw_column_0:
0F1C  20 9A 0D    JSR runtime_map_draw_tile_0
0F1F  EE B2 C7    INC $C7B2
0F22  AD B2 C7    LDA $C7B2
0F25  C9 0A       CMP #$0A
0F27  D0 F3       BNE runtime_map_redraw_column_0
0F29  EE B3 C7    INC $C7B3
0F2C  AD B3 C7    LDA $C7B3
0F2F  C9 0A       CMP #$0A
0F31  D0 E4       BNE runtime_map_redraw_row_0
0F33  60          RTS
0F34        runtime_map_pointer_0:
0F34  A9 00       LDA #$00
0F36  8D B6 C7    STA $C7B6
0F39  A9 00       LDA #$00
0F3B  8D BA C7    STA $C7BA
0F3E  AD B3 C7    LDA $C7B3
0F41  8D B7 C7    STA $C7B7
0F44  A9 00       LDA #$00
0F46  8D BF C7    STA $C7BF
0F49  0E B7 C7    ASL $C7B7
0F4C  2E BF C7    ROL $C7BF
0F4F  18          CLC
0F50  AD B6 C7    LDA $C7B6
0F53  6D B7 C7    ADC $C7B7
0F56  8D B6 C7    STA $C7B6
0F59  AD BA C7    LDA $C7BA
0F5C  6D BF C7    ADC $C7BF
0F5F  8D BA C7    STA $C7BA
0F62  0E B7 C7    ASL $C7B7
0F65  2E BF C7    ROL $C7BF
0F68  0E B7 C7    ASL $C7B7
0F6B  2E BF C7    ROL $C7BF
0F6E  18          CLC
0F6F  AD B6 C7    LDA $C7B6
0F72  6D B7 C7    ADC $C7B7
0F75  8D B6 C7    STA $C7B6
0F78  AD BA C7    LDA $C7BA
0F7B  6D BF C7    ADC $C7BF
0F7E  8D BA C7    STA $C7BA
0F81  18          CLC
0F82  AD B6 C7    LDA $C7B6
0F85  6D B2 C7    ADC $C7B2
0F88  8D B6 C7    STA $C7B6
0F8B  AD BA C7    LDA $C7BA
0F8E  69 00       ADC #$00
0F90  8D BA C7    STA $C7BA
0F93  18          CLC
0F94  AD B6 C7    LDA $C7B6
0F97  69 00       ADC #$00
0F99  85 FB       STA $FB
0F9B  AD BA C7    LDA $C7BA
0F9E  69 80       ADC #$80
0FA0  85 FC       STA $FC
0FA2  A0 00       LDY #$00
0FA4  60          RTS
            ; Map 1: restore its embedded cells into runtime RAM
0FA5        runtime_map_activate_1:
0FA5  A2 00       LDX #$00
0FA7  A0 00       LDY #$00
0FA9        asset_map_initial_rle_8:
0FA9  BD E9 16    LDA asset_rle_7,X
0FAC  8D 77 C7    STA $C777
0FAF  E8          INX
0FB0  BD E9 16    LDA asset_rle_7,X
0FB3  E8          INX
0FB4        asset_map_initial_rle_8_repeat:
0FB4  99 64 80    STA $8064,Y
0FB7  C8          INY
0FB8  CE 77 C7    DEC $C777
0FBB  D0 F7       BNE asset_map_initial_rle_8_repeat
0FBD  E0 24       CPX #$24
0FBF  D0 E8       BNE asset_map_initial_rle_8
0FC1  08          PHP
0FC2  78          SEI
0FC3  A5 01       LDA $01
0FC5  48          PHA
0FC6  29 FB       AND #$FB
0FC8  85 01       STA $01
0FCA  A2 00       LDX #$00
0FCC        charset_rom_copy_51:
0FCC  BD 00 D0    LDA $D000,X
0FCF  9D 00 30    STA $3000,X
0FD2  BD 00 D1    LDA $D100,X
0FD5  9D 00 31    STA $3100,X
0FD8  E8          INX
0FD9  D0 F1       BNE charset_rom_copy_51
0FDB  68          PLA
0FDC  85 01       STA $01
0FDE  28          PLP
0FDF  A2 00       LDX #$00
0FE1        asset_charset_copy_9:
0FE1  BD C9 16    LDA asset_bytes_5,X
0FE4  9D 00 32    STA $3200,X
0FE7  E8          INX
0FE8  E0 20       CPX #$20
0FEA  D0 F5       BNE asset_charset_copy_9
0FEC  AD 00 DD    LDA $DD00
0FEF  29 FC       AND #$FC
0FF1  09 03       ORA #$03
0FF3  8D 00 DD    STA $DD00
0FF6  AD 18 D0    LDA $D018
0FF9  29 F1       AND #$F1
0FFB  09 0C       ORA #$0C
0FFD  8D 18 D0    STA $D018
1000  AD 16 D0    LDA $D016
1003  29 EF       AND #$EF
1005  8D 16 D0    STA $D016
1008  20 84 11    JSR runtime_map_redraw_1
100B  60          RTS
            ; Dynamic map 1: draw one changed metatile
100C        runtime_map_draw_tile_1:
100C  AD B2 C7    LDA $C7B2
100F  8D C2 C7    STA $C7C2
1012  AD B3 C7    LDA $C7B3
1015  8D C3 C7    STA $C7C3
1018        runtime_map_draw_tile_body_1:
1018  20 A6 11    JSR runtime_map_pointer_1
101B  B1 FB       LDA ($FB),Y
101D  8D B4 C7    STA $C7B4
1020  AD B4 C7    LDA $C7B4
1023  0A          ASL A
1024  0A          ASL A
1025  0A          ASL A
1026  8D B5 C7    STA $C7B5
1029  A9 00       LDA #$00
102B  85 FB       STA $FB
102D  A9 04       LDA #$04
102F  85 FC       STA $FC
1031  AD C3 C7    LDA $C7C3
1034  8D B7 C7    STA $C7B7
1037        runtime_map_screen_y_loop_1:
1037  AD B7 C7    LDA $C7B7
103A  F0 13       BEQ runtime_map_screen_y_done_1
103C  18          CLC
103D  A5 FB       LDA $FB
103F  69 50       ADC #$50
1041  85 FB       STA $FB
1043  A5 FC       LDA $FC
1045  69 00       ADC #$00
1047  85 FC       STA $FC
1049  CE B7 C7    DEC $C7B7
104C  4C 37 10    JMP runtime_map_screen_y_loop_1
104F        runtime_map_screen_y_done_1:
104F  A9 00       LDA #$00
1051  8D B9 C7    STA $C7B9
1054  AD C2 C7    LDA $C7C2
1057  8D B7 C7    STA $C7B7
105A        runtime_map_screen_x_loop_1:
105A  AD B7 C7    LDA $C7B7
105D  F0 0F       BEQ runtime_map_screen_x_done_1
105F  18          CLC
1060  AD B9 C7    LDA $C7B9
1063  69 04       ADC #$04
1065  8D B9 C7    STA $C7B9
1068  CE B7 C7    DEC $C7B7
106B  4C 5A 10    JMP runtime_map_screen_x_loop_1
106E        runtime_map_screen_x_done_1:
106E  18          CLC
106F  A5 FB       LDA $FB
1071  6D B9 C7    ADC $C7B9
1074  85 FB       STA $FB
1076  A5 FC       LDA $FC
1078  69 00       ADC #$00
107A  85 FC       STA $FC
107C  18          CLC
107D  A5 FB       LDA $FB
107F  69 00       ADC #$00
1081  85 FD       STA $FD
1083  A5 FC       LDA $FC
1085  69 D4       ADC #$D4
1087  85 FE       STA $FE
1089  18          CLC
108A  AD B5 C7    LDA $C7B5
108D  69 00       ADC #$00
108F  A8          TAY
1090  B9 F2 14    LDA asset_map_chars_1,Y
1093  A0 00       LDY #$00
1095  91 FB       STA ($FB),Y
1097  18          CLC
1098  AD B5 C7    LDA $C7B5
109B  69 00       ADC #$00
109D  A8          TAY
109E  B9 12 15    LDA asset_map_colors_1,Y
10A1  A0 00       LDY #$00
10A3  91 FD       STA ($FD),Y
10A5  18          CLC
10A6  AD B5 C7    LDA $C7B5
10A9  69 01       ADC #$01
10AB  A8          TAY
10AC  B9 F2 14    LDA asset_map_chars_1,Y
10AF  A0 01       LDY #$01
10B1  91 FB       STA ($FB),Y
10B3  18          CLC
10B4  AD B5 C7    LDA $C7B5
10B7  69 01       ADC #$01
10B9  A8          TAY
10BA  B9 12 15    LDA asset_map_colors_1,Y
10BD  A0 01       LDY #$01
10BF  91 FD       STA ($FD),Y
10C1  18          CLC
10C2  AD B5 C7    LDA $C7B5
10C5  69 02       ADC #$02
10C7  A8          TAY
10C8  B9 F2 14    LDA asset_map_chars_1,Y
10CB  A0 02       LDY #$02
10CD  91 FB       STA ($FB),Y
10CF  18          CLC
10D0  AD B5 C7    LDA $C7B5
10D3  69 02       ADC #$02
10D5  A8          TAY
10D6  B9 12 15    LDA asset_map_colors_1,Y
10D9  A0 02       LDY #$02
10DB  91 FD       STA ($FD),Y
10DD  18          CLC
10DE  AD B5 C7    LDA $C7B5
10E1  69 03       ADC #$03
10E3  A8          TAY
10E4  B9 F2 14    LDA asset_map_chars_1,Y
10E7  A0 03       LDY #$03
10E9  91 FB       STA ($FB),Y
10EB  18          CLC
10EC  AD B5 C7    LDA $C7B5
10EF  69 03       ADC #$03
10F1  A8          TAY
10F2  B9 12 15    LDA asset_map_colors_1,Y
10F5  A0 03       LDY #$03
10F7  91 FD       STA ($FD),Y
10F9  18          CLC
10FA  A5 FB       LDA $FB
10FC  69 28       ADC #$28
10FE  85 FB       STA $FB
1100  A5 FC       LDA $FC
1102  69 00       ADC #$00
1104  85 FC       STA $FC
1106  18          CLC
1107  A5 FD       LDA $FD
1109  69 28       ADC #$28
110B  85 FD       STA $FD
110D  A5 FE       LDA $FE
110F  69 00       ADC #$00
1111  85 FE       STA $FE
1113  18          CLC
1114  AD B5 C7    LDA $C7B5
1117  69 04       ADC #$04
1119  A8          TAY
111A  B9 F2 14    LDA asset_map_chars_1,Y
111D  A0 00       LDY #$00
111F  91 FB       STA ($FB),Y
1121  18          CLC
1122  AD B5 C7    LDA $C7B5
1125  69 04       ADC #$04
1127  A8          TAY
1128  B9 12 15    LDA asset_map_colors_1,Y
112B  A0 00       LDY #$00
112D  91 FD       STA ($FD),Y
112F  18          CLC
1130  AD B5 C7    LDA $C7B5
1133  69 05       ADC #$05
1135  A8          TAY
1136  B9 F2 14    LDA asset_map_chars_1,Y
1139  A0 01       LDY #$01
113B  91 FB       STA ($FB),Y
113D  18          CLC
113E  AD B5 C7    LDA $C7B5
1141  69 05       ADC #$05
1143  A8          TAY
1144  B9 12 15    LDA asset_map_colors_1,Y
1147  A0 01       LDY #$01
1149  91 FD       STA ($FD),Y
114B  18          CLC
114C  AD B5 C7    LDA $C7B5
114F  69 06       ADC #$06
1151  A8          TAY
1152  B9 F2 14    LDA asset_map_chars_1,Y
1155  A0 02       LDY #$02
1157  91 FB       STA ($FB),Y
1159  18          CLC
115A  AD B5 C7    LDA $C7B5
115D  69 06       ADC #$06
115F  A8          TAY
1160  B9 12 15    LDA asset_map_colors_1,Y
1163  A0 02       LDY #$02
1165  91 FD       STA ($FD),Y
1167  18          CLC
1168  AD B5 C7    LDA $C7B5
116B  69 07       ADC #$07
116D  A8          TAY
116E  B9 F2 14    LDA asset_map_chars_1,Y
1171  A0 03       LDY #$03
1173  91 FB       STA ($FB),Y
1175  18          CLC
1176  AD B5 C7    LDA $C7B5
1179  69 07       ADC #$07
117B  A8          TAY
117C  B9 12 15    LDA asset_map_colors_1,Y
117F  A0 03       LDY #$03
1181  91 FD       STA ($FD),Y
1183  60          RTS
            ; Dynamic map 1: redraw visible cells from runtime RAM
1184        runtime_map_redraw_1:
1184  A9 00       LDA #$00
1186  8D B3 C7    STA $C7B3
1189        runtime_map_redraw_row_1:
1189  A9 00       LDA #$00
118B  8D B2 C7    STA $C7B2
118E        runtime_map_redraw_column_1:
118E  20 0C 10    JSR runtime_map_draw_tile_1
1191  EE B2 C7    INC $C7B2
1194  AD B2 C7    LDA $C7B2
1197  C9 0A       CMP #$0A
1199  D0 F3       BNE runtime_map_redraw_column_1
119B  EE B3 C7    INC $C7B3
119E  AD B3 C7    LDA $C7B3
11A1  C9 0A       CMP #$0A
11A3  D0 E4       BNE runtime_map_redraw_row_1
11A5  60          RTS
11A6        runtime_map_pointer_1:
11A6  A9 00       LDA #$00
11A8  8D B6 C7    STA $C7B6
11AB  A9 00       LDA #$00
11AD  8D BA C7    STA $C7BA
11B0  AD B3 C7    LDA $C7B3
11B3  8D B7 C7    STA $C7B7
11B6  A9 00       LDA #$00
11B8  8D BF C7    STA $C7BF
11BB  0E B7 C7    ASL $C7B7
11BE  2E BF C7    ROL $C7BF
11C1  18          CLC
11C2  AD B6 C7    LDA $C7B6
11C5  6D B7 C7    ADC $C7B7
11C8  8D B6 C7    STA $C7B6
11CB  AD BA C7    LDA $C7BA
11CE  6D BF C7    ADC $C7BF
11D1  8D BA C7    STA $C7BA
11D4  0E B7 C7    ASL $C7B7
11D7  2E BF C7    ROL $C7BF
11DA  0E B7 C7    ASL $C7B7
11DD  2E BF C7    ROL $C7BF
11E0  18          CLC
11E1  AD B6 C7    LDA $C7B6
11E4  6D B7 C7    ADC $C7B7
11E7  8D B6 C7    STA $C7B6
11EA  AD BA C7    LDA $C7BA
11ED  6D BF C7    ADC $C7BF
11F0  8D BA C7    STA $C7BA
11F3  18          CLC
11F4  AD B6 C7    LDA $C7B6
11F7  6D B2 C7    ADC $C7B2
11FA  8D B6 C7    STA $C7B6
11FD  AD BA C7    LDA $C7BA
1200  69 00       ADC #$00
1202  8D BA C7    STA $C7BA
1205  18          CLC
1206  AD B6 C7    LDA $C7B6
1209  69 64       ADC #$64
120B  85 FB       STA $FB
120D  AD BA C7    LDA $C7BA
1210  69 80       ADC #$80
1212  85 FC       STA $FC
1214  A0 00       LDY #$00
1216  60          RTS
            ; Map 2: restore its embedded cells into runtime RAM
1217        runtime_map_activate_2:
1217  A2 00       LDX #$00
1219  A0 00       LDY #$00
121B        asset_map_initial_rle_11:
121B  BD 0D 17    LDA asset_rle_10,X
121E  8D 77 C7    STA $C777
1221  E8          INX
1222  BD 0D 17    LDA asset_rle_10,X
1225  E8          INX
1226        asset_map_initial_rle_11_repeat:
1226  99 C8 80    STA $80C8,Y
1229  C8          INY
122A  CE 77 C7    DEC $C777
122D  D0 F7       BNE asset_map_initial_rle_11_repeat
122F  E0 34       CPX #$34
1231  D0 E8       BNE asset_map_initial_rle_11
1233  08          PHP
1234  78          SEI
1235  A5 01       LDA $01
1237  48          PHA
1238  29 FB       AND #$FB
123A  85 01       STA $01
123C  A2 00       LDX #$00
123E        charset_rom_copy_52:
123E  BD 00 D0    LDA $D000,X
1241  9D 00 30    STA $3000,X
1244  BD 00 D1    LDA $D100,X
1247  9D 00 31    STA $3100,X
124A  E8          INX
124B  D0 F1       BNE charset_rom_copy_52
124D  68          PLA
124E  85 01       STA $01
1250  28          PLP
1251  A2 00       LDX #$00
1253        asset_charset_copy_12:
1253  BD C9 16    LDA asset_bytes_5,X
1256  9D 00 32    STA $3200,X
1259  E8          INX
125A  E0 20       CPX #$20
125C  D0 F5       BNE asset_charset_copy_12
125E  AD 00 DD    LDA $DD00
1261  29 FC       AND #$FC
1263  09 03       ORA #$03
1265  8D 00 DD    STA $DD00
1268  AD 18 D0    LDA $D018
126B  29 F1       AND #$F1
126D  09 0C       ORA #$0C
126F  8D 18 D0    STA $D018
1272  AD 16 D0    LDA $D016
1275  29 EF       AND #$EF
1277  8D 16 D0    STA $D016
127A  20 F6 13    JSR runtime_map_redraw_2
127D  60          RTS
            ; Dynamic map 2: draw one changed metatile
127E        runtime_map_draw_tile_2:
127E  AD B2 C7    LDA $C7B2
1281  8D C2 C7    STA $C7C2
1284  AD B3 C7    LDA $C7B3
1287  8D C3 C7    STA $C7C3
128A        runtime_map_draw_tile_body_2:
128A  20 18 14    JSR runtime_map_pointer_2
128D  B1 FB       LDA ($FB),Y
128F  8D B4 C7    STA $C7B4
1292  AD B4 C7    LDA $C7B4
1295  0A          ASL A
1296  0A          ASL A
1297  0A          ASL A
1298  8D B5 C7    STA $C7B5
129B  A9 00       LDA #$00
129D  85 FB       STA $FB
129F  A9 04       LDA #$04
12A1  85 FC       STA $FC
12A3  AD C3 C7    LDA $C7C3
12A6  8D B7 C7    STA $C7B7
12A9        runtime_map_screen_y_loop_2:
12A9  AD B7 C7    LDA $C7B7
12AC  F0 13       BEQ runtime_map_screen_y_done_2
12AE  18          CLC
12AF  A5 FB       LDA $FB
12B1  69 50       ADC #$50
12B3  85 FB       STA $FB
12B5  A5 FC       LDA $FC
12B7  69 00       ADC #$00
12B9  85 FC       STA $FC
12BB  CE B7 C7    DEC $C7B7
12BE  4C A9 12    JMP runtime_map_screen_y_loop_2
12C1        runtime_map_screen_y_done_2:
12C1  A9 00       LDA #$00
12C3  8D B9 C7    STA $C7B9
12C6  AD C2 C7    LDA $C7C2
12C9  8D B7 C7    STA $C7B7
12CC        runtime_map_screen_x_loop_2:
12CC  AD B7 C7    LDA $C7B7
12CF  F0 0F       BEQ runtime_map_screen_x_done_2
12D1  18          CLC
12D2  AD B9 C7    LDA $C7B9
12D5  69 04       ADC #$04
12D7  8D B9 C7    STA $C7B9
12DA  CE B7 C7    DEC $C7B7
12DD  4C CC 12    JMP runtime_map_screen_x_loop_2
12E0        runtime_map_screen_x_done_2:
12E0  18          CLC
12E1  A5 FB       LDA $FB
12E3  6D B9 C7    ADC $C7B9
12E6  85 FB       STA $FB
12E8  A5 FC       LDA $FC
12EA  69 00       ADC #$00
12EC  85 FC       STA $FC
12EE  18          CLC
12EF  A5 FB       LDA $FB
12F1  69 00       ADC #$00
12F3  85 FD       STA $FD
12F5  A5 FC       LDA $FC
12F7  69 D4       ADC #$D4
12F9  85 FE       STA $FE
12FB  18          CLC
12FC  AD B5 C7    LDA $C7B5
12FF  69 00       ADC #$00
1301  A8          TAY
1302  B9 36 15    LDA asset_map_chars_2,Y
1305  A0 00       LDY #$00
1307  91 FB       STA ($FB),Y
1309  18          CLC
130A  AD B5 C7    LDA $C7B5
130D  69 00       ADC #$00
130F  A8          TAY
1310  B9 56 15    LDA asset_map_colors_2,Y
1313  A0 00       LDY #$00
1315  91 FD       STA ($FD),Y
1317  18          CLC
1318  AD B5 C7    LDA $C7B5
131B  69 01       ADC #$01
131D  A8          TAY
131E  B9 36 15    LDA asset_map_chars_2,Y
1321  A0 01       LDY #$01
1323  91 FB       STA ($FB),Y
1325  18          CLC
1326  AD B5 C7    LDA $C7B5
1329  69 01       ADC #$01
132B  A8          TAY
132C  B9 56 15    LDA asset_map_colors_2,Y
132F  A0 01       LDY #$01
1331  91 FD       STA ($FD),Y
1333  18          CLC
1334  AD B5 C7    LDA $C7B5
1337  69 02       ADC #$02
1339  A8          TAY
133A  B9 36 15    LDA asset_map_chars_2,Y
133D  A0 02       LDY #$02
133F  91 FB       STA ($FB),Y
1341  18          CLC
1342  AD B5 C7    LDA $C7B5
1345  69 02       ADC #$02
1347  A8          TAY
1348  B9 56 15    LDA asset_map_colors_2,Y
134B  A0 02       LDY #$02
134D  91 FD       STA ($FD),Y
134F  18          CLC
1350  AD B5 C7    LDA $C7B5
1353  69 03       ADC #$03
1355  A8          TAY
1356  B9 36 15    LDA asset_map_chars_2,Y
1359  A0 03       LDY #$03
135B  91 FB       STA ($FB),Y
135D  18          CLC
135E  AD B5 C7    LDA $C7B5
1361  69 03       ADC #$03
1363  A8          TAY
1364  B9 56 15    LDA asset_map_colors_2,Y
1367  A0 03       LDY #$03
1369  91 FD       STA ($FD),Y
136B  18          CLC
136C  A5 FB       LDA $FB
136E  69 28       ADC #$28
1370  85 FB       STA $FB
1372  A5 FC       LDA $FC
1374  69 00       ADC #$00
1376  85 FC       STA $FC
1378  18          CLC
1379  A5 FD       LDA $FD
137B  69 28       ADC #$28
137D  85 FD       STA $FD
137F  A5 FE       LDA $FE
1381  69 00       ADC #$00
1383  85 FE       STA $FE
1385  18          CLC
1386  AD B5 C7    LDA $C7B5
1389  69 04       ADC #$04
138B  A8          TAY
138C  B9 36 15    LDA asset_map_chars_2,Y
138F  A0 00       LDY #$00
1391  91 FB       STA ($FB),Y
1393  18          CLC
1394  AD B5 C7    LDA $C7B5
1397  69 04       ADC #$04
1399  A8          TAY
139A  B9 56 15    LDA asset_map_colors_2,Y
139D  A0 00       LDY #$00
139F  91 FD       STA ($FD),Y
13A1  18          CLC
13A2  AD B5 C7    LDA $C7B5
13A5  69 05       ADC #$05
13A7  A8          TAY
13A8  B9 36 15    LDA asset_map_chars_2,Y
13AB  A0 01       LDY #$01
13AD  91 FB       STA ($FB),Y
13AF  18          CLC
13B0  AD B5 C7    LDA $C7B5
13B3  69 05       ADC #$05
13B5  A8          TAY
13B6  B9 56 15    LDA asset_map_colors_2,Y
13B9  A0 01       LDY #$01
13BB  91 FD       STA ($FD),Y
13BD  18          CLC
13BE  AD B5 C7    LDA $C7B5
13C1  69 06       ADC #$06
13C3  A8          TAY
13C4  B9 36 15    LDA asset_map_chars_2,Y
13C7  A0 02       LDY #$02
13C9  91 FB       STA ($FB),Y
13CB  18          CLC
13CC  AD B5 C7    LDA $C7B5
13CF  69 06       ADC #$06
13D1  A8          TAY
13D2  B9 56 15    LDA asset_map_colors_2,Y
13D5  A0 02       LDY #$02
13D7  91 FD       STA ($FD),Y
13D9  18          CLC
13DA  AD B5 C7    LDA $C7B5
13DD  69 07       ADC #$07
13DF  A8          TAY
13E0  B9 36 15    LDA asset_map_chars_2,Y
13E3  A0 03       LDY #$03
13E5  91 FB       STA ($FB),Y
13E7  18          CLC
13E8  AD B5 C7    LDA $C7B5
13EB  69 07       ADC #$07
13ED  A8          TAY
13EE  B9 56 15    LDA asset_map_colors_2,Y
13F1  A0 03       LDY #$03
13F3  91 FD       STA ($FD),Y
13F5  60          RTS
            ; Dynamic map 2: redraw visible cells from runtime RAM
13F6        runtime_map_redraw_2:
13F6  A9 00       LDA #$00
13F8  8D B3 C7    STA $C7B3
13FB        runtime_map_redraw_row_2:
13FB  A9 00       LDA #$00
13FD  8D B2 C7    STA $C7B2
1400        runtime_map_redraw_column_2:
1400  20 7E 12    JSR runtime_map_draw_tile_2
1403  EE B2 C7    INC $C7B2
1406  AD B2 C7    LDA $C7B2
1409  C9 0A       CMP #$0A
140B  D0 F3       BNE runtime_map_redraw_column_2
140D  EE B3 C7    INC $C7B3
1410  AD B3 C7    LDA $C7B3
1413  C9 0A       CMP #$0A
1415  D0 E4       BNE runtime_map_redraw_row_2
1417  60          RTS
1418        runtime_map_pointer_2:
1418  A9 00       LDA #$00
141A  8D B6 C7    STA $C7B6
141D  A9 00       LDA #$00
141F  8D BA C7    STA $C7BA
1422  AD B3 C7    LDA $C7B3
1425  8D B7 C7    STA $C7B7
1428  A9 00       LDA #$00
142A  8D BF C7    STA $C7BF
142D  0E B7 C7    ASL $C7B7
1430  2E BF C7    ROL $C7BF
1433  18          CLC
1434  AD B6 C7    LDA $C7B6
1437  6D B7 C7    ADC $C7B7
143A  8D B6 C7    STA $C7B6
143D  AD BA C7    LDA $C7BA
1440  6D BF C7    ADC $C7BF
1443  8D BA C7    STA $C7BA
1446  0E B7 C7    ASL $C7B7
1449  2E BF C7    ROL $C7BF
144C  0E B7 C7    ASL $C7B7
144F  2E BF C7    ROL $C7BF
1452  18          CLC
1453  AD B6 C7    LDA $C7B6
1456  6D B7 C7    ADC $C7B7
1459  8D B6 C7    STA $C7B6
145C  AD BA C7    LDA $C7BA
145F  6D BF C7    ADC $C7BF
1462  8D BA C7    STA $C7BA
1465  18          CLC
1466  AD B6 C7    LDA $C7B6
1469  6D B2 C7    ADC $C7B2
146C  8D B6 C7    STA $C7B6
146F  AD BA C7    LDA $C7BA
1472  69 00       ADC #$00
1474  8D BA C7    STA $C7BA
1477  18          CLC
1478  AD B6 C7    LDA $C7B6
147B  69 C8       ADC #$C8
147D  85 FB       STA $FB
147F  AD BA C7    LDA $C7BA
1482  69 80       ADC #$80
1484  85 FC       STA $FC
1486  A0 00       LDY #$00
1488  60          RTS
            ; String pool
1489        str_screen_0:
1489  0D 15 0C 14 09 0C 05 16 05 0C 20 04 36 34 00 .byte $0D, $15, $0C, $14, $09, $0C, $05, $16, $05, $0C, $20, $04, $36, $34, $00
1498        str_screen_1:
1498  06 09 12 05 20 10 0F 15 12 20 03 08 01 12 07 05 12 00 .byte $06, $09, $12, $05, $20, $10, $0F, $15, $12, $20, $03, $08, $01, $12, $07, $05, $12, $00
            ; User data
14AA        asset_map_collisions_0:
14AA  00 01 01 00 .byte $00, $01, $01, $00
14AE        asset_map_chars_0:
14AE  40 40 40 40 40 40 40 40 41 41 41 41 41 41 41 41 42 42 42 42 42 42 42 42 40 43 43 40 40 43 43 40 .byte $40, $40, $40, $40, $40, $40, $40, $40, $41, $41, $41, $41, $41, $41, $41, $41, $42, $42, $42, $42, $42, $42, $42, $42, $40, $43, $43, $40, $40, $43, $43, $40
14CE        asset_map_colors_0:
14CE  06 06 06 06 06 06 06 06 0E 0E 0E 0E 0E 0E 0E 0E 07 07 07 07 07 07 07 07 06 01 01 06 06 01 01 06 .byte $06, $06, $06, $06, $06, $06, $06, $06, $0E, $0E, $0E, $0E, $0E, $0E, $0E, $0E, $07, $07, $07, $07, $07, $07, $07, $07, $06, $01, $01, $06, $06, $01, $01, $06
14EE        asset_map_collisions_1:
14EE  00 01 01 00 .byte $00, $01, $01, $00
14F2        asset_map_chars_1:
14F2  40 40 40 40 40 40 40 40 41 41 41 41 41 41 41 41 42 42 42 42 42 42 42 42 40 43 43 40 40 43 43 40 .byte $40, $40, $40, $40, $40, $40, $40, $40, $41, $41, $41, $41, $41, $41, $41, $41, $42, $42, $42, $42, $42, $42, $42, $42, $40, $43, $43, $40, $40, $43, $43, $40
1512        asset_map_colors_1:
1512  06 06 06 06 06 06 06 06 05 05 05 05 05 05 05 05 0D 0D 0D 0D 0D 0D 0D 0D 06 07 07 06 06 07 07 06 .byte $06, $06, $06, $06, $06, $06, $06, $06, $05, $05, $05, $05, $05, $05, $05, $05, $0D, $0D, $0D, $0D, $0D, $0D, $0D, $0D, $06, $07, $07, $06, $06, $07, $07, $06
1532        asset_map_collisions_2:
1532  00 01 01 00 .byte $00, $01, $01, $00
1536        asset_map_chars_2:
1536  40 40 40 40 40 40 40 40 41 41 41 41 41 41 41 41 42 42 42 42 42 42 42 42 40 43 43 40 40 43 43 40 .byte $40, $40, $40, $40, $40, $40, $40, $40, $41, $41, $41, $41, $41, $41, $41, $41, $42, $42, $42, $42, $42, $42, $42, $42, $40, $43, $43, $40, $40, $43, $43, $40
1556        asset_map_colors_2:
1556  06 06 06 06 06 06 06 06 02 02 02 02 02 02 02 02 0A 0A 0A 0A 0A 0A 0A 0A 06 03 03 06 06 03 03 06 .byte $06, $06, $06, $06, $06, $06, $06, $06, $02, $02, $02, $02, $02, $02, $02, $02, $0A, $0A, $0A, $0A, $0A, $0A, $0A, $0A, $06, $03, $03, $06, $06, $03, $03, $06
1576        sprite_frames_platformerActors_0:
1576  00 18 00 00 3C 00 00 7E 00 00 DB 00 01 FF 80 03 FF C0 03 3C C0 03 7E C0 03 FF C0 01 FF 80 00 7E 00 00 3C 00 00 66 00 00 C3 00 01 81 80 03 00 C0 06 00 60 0C 00 30 18 00 18 30 00 0C 60 00 06 .byte $00, $18, $00, $00, $3C, $00, $00, $7E, $00, $00, $DB, $00, $01, $FF, $80, $03, $FF, $C0, $03, $3C, $C0, $03, $7E, $C0, $03, $FF, $C0, $01, $FF, $80, $00, $7E, $00, $00, $3C, $00, $00, $66, $00, $00, $C3, $00, $01, $81, $80, $03, $00, $C0, $06, $00, $60, $0C, $00, $30, $18, $00, $18, $30, $00, $0C, $60, $00, $06
15B5        sprite_frames_platformerActors_1:
15B5  00 18 00 00 3C 00 00 7E 00 00 DB 00 01 FF 80 03 FF C0 03 3C C0 03 7E C0 03 FF C0 01 FF 80 00 7E 00 00 3C 00 00 66 00 00 C3 00 01 81 80 03 00 C0 06 00 60 18 00 18 30 00 0C 60 00 06 30 00 0C .byte $00, $18, $00, $00, $3C, $00, $00, $7E, $00, $00, $DB, $00, $01, $FF, $80, $03, $FF, $C0, $03, $3C, $C0, $03, $7E, $C0, $03, $FF, $C0, $01, $FF, $80, $00, $7E, $00, $00, $3C, $00, $00, $66, $00, $00, $C3, $00, $01, $81, $80, $03, $00, $C0, $06, $00, $60, $18, $00, $18, $30, $00, $0C, $60, $00, $06, $30, $00, $0C
15F4        sprite_frames_platformerEnemy_0:
15F4  00 00 00 00 7E 00 01 FF 80 03 FF C0 07 E7 E0 07 E7 E0 07 FF E0 07 7E E0 07 FF E0 03 FF C0 01 FF 80 00 FF 00 01 BD 80 03 18 C0 06 18 60 0C 18 30 18 18 18 30 18 0C 60 18 06 60 00 06 00 00 00 .byte $00, $00, $00, $00, $7E, $00, $01, $FF, $80, $03, $FF, $C0, $07, $E7, $E0, $07, $E7, $E0, $07, $FF, $E0, $07, $7E, $E0, $07, $FF, $E0, $03, $FF, $C0, $01, $FF, $80, $00, $FF, $00, $01, $BD, $80, $03, $18, $C0, $06, $18, $60, $0C, $18, $30, $18, $18, $18, $30, $18, $0C, $60, $18, $06, $60, $00, $06, $00, $00, $00
1633        sprite_frames_platformerCoin_0:
1633  00 00 00 00 00 00 00 18 00 00 3C 00 00 7E 00 00 66 00 00 66 00 00 66 00 00 66 00 00 7E 00 00 3C 00 00 18 00 00 00 00 00 00 00 00 00 00 00 00 00 00 00 00 00 00 00 00 00 00 00 00 00 00 00 00 .byte $00, $00, $00, $00, $00, $00, $00, $18, $00, $00, $3C, $00, $00, $7E, $00, $00, $66, $00, $00, $66, $00, $00, $66, $00, $00, $66, $00, $00, $7E, $00, $00, $3C, $00, $00, $18, $00, $00, $00, $00, $00, $00, $00, $00, $00, $00, $00, $00, $00, $00, $00, $00, $00, $00, $00, $00, $00, $00, $00, $00, $00, $00, $00, $00
1672        sprite_frames_levelPortal_0:
1672  00 7E 00 00 7E 00 00 7E 00 00 7E 00 00 7E 00 00 7E 00 00 7E 00 00 7E 00 00 7E 00 00 7E 00 00 7E 00 00 7E 00 00 7E 00 00 7E 00 00 7E 00 00 7E 00 00 7E 00 00 7E 00 00 7E 00 00 7E 00 00 7E 00 .byte $00, $7E, $00, $00, $7E, $00, $00, $7E, $00, $00, $7E, $00, $00, $7E, $00, $00, $7E, $00, $00, $7E, $00, $00, $7E, $00, $00, $7E, $00, $00, $7E, $00, $00, $7E, $00, $00, $7E, $00, $00, $7E, $00, $00, $7E, $00, $00, $7E, $00, $00, $7E, $00, $00, $7E, $00, $00, $7E, $00, $00, $7E, $00, $00, $7E, $00, $00, $7E, $00
16B1        asset_rle_3:
16B1  0E 00 01 03 11 00 02 02 0C 00 02 02 0D 00 02 02 04 00 02 02 0B 00 14 01 .byte $0E, $00, $01, $03, $11, $00, $02, $02, $0C, $00, $02, $02, $0D, $00, $02, $02, $04, $00, $02, $02, $0B, $00, $14, $01
16C9        asset_bytes_5:
16C9  00 00 00 00 00 00 00 00 FF 81 BD A5 BD 81 FF 00 FF FF 81 81 81 81 FF FF 00 18 3C 7E 7E 3C 18 00 .byte $00, $00, $00, $00, $00, $00, $00, $00, $FF, $81, $BD, $A5, $BD, $81, $FF, $00, $FF, $FF, $81, $81, $81, $81, $FF, $FF, $00, $18, $3C, $7E, $7E, $3C, $18, $00
16E9        asset_rle_7:
16E9  0C 00 01 03 04 00 01 03 10 00 02 02 05 00 02 02 04 00 02 02 0B 00 02 02 02 00 02 02 02 00 02 02 0A 00 14 01 .byte $0C, $00, $01, $03, $04, $00, $01, $03, $10, $00, $02, $02, $05, $00, $02, $02, $04, $00, $02, $02, $0B, $00, $02, $02, $02, $00, $02, $02, $02, $00, $02, $02, $0A, $00, $14, $01
170D        asset_rle_10:
170D  0B 00 01 03 02 00 01 03 02 00 01 03 0D 00 01 02 01 00 01 02 01 00 01 02 01 00 01 02 0E 00 02 02 02 00 02 02 02 00 01 02 03 00 02 02 03 00 01 02 0A 00 14 01 .byte $0B, $00, $01, $03, $02, $00, $01, $03, $02, $00, $01, $03, $0D, $00, $01, $02, $01, $00, $01, $02, $01, $00, $01, $02, $01, $00, $01, $02, $0E, $00, $02, $02, $02, $00, $02, $02, $02, $00, $01, $02, $03, $00, $02, $02, $03, $00, $01, $02, $0A, $00, $14, $01
