0810  A9 01       LDA #$01
0812  8D 86 02    STA $0286
0815  A9 01       LDA #$01
0817  8D 00 C1    STA $C100
081A  20 42 09    JSR user_routine___js_init_2
081D  4C 3F 09    JMP user_routine___js_paint_4_after
0820        user_routine___js_paint_4:
0820  AD 00 C1    LDA $C100
0823  A2 10       LDX #$10
0825        natural_array_fill_0:
0825  CA          DEX
0826  9D 5F 0B    STA __js_array_0,X
0829  D0 FA       BNE natural_array_fill_0
082B  A9 00       LDA #$00
082D  8D 01 C1    STA $C101
0830        __js_loop_7:
0830  AD 01 C1    LDA $C101
0833  C9 10       CMP #$10
0835  90 03       BCC condition_pass_2
0837  4C 0E 09    JMP control_if_else_1
083A        condition_pass_2:
083A  AD 01 C1    LDA $C101
083D  8D 02 C1    STA $C102
0840  AD 02 C1    LDA $C102
0843  29 03       AND #$03
0845  8D 02 C1    STA $C102
0848  AD 02 C1    LDA $C102
084B  8D 03 C1    STA $C103
084E  0E 02 C1    ASL $C102
0851  0E 02 C1    ASL $C102
0854  A9 0C       LDA #$0C
0856  8D 03 C1    STA $C103
0859  AD 03 C1    LDA $C103
085C  18          CLC
085D  6D 02 C1    ADC $C102
0860  8D 03 C1    STA $C103
0863  AD 01 C1    LDA $C101
0866  8D 02 C1    STA $C102
0869  4E 02 C1    LSR $C102
086C  4E 02 C1    LSR $C102
086F  AD 02 C1    LDA $C102
0872  8D 04 C1    STA $C104
0875  0E 02 C1    ASL $C102
0878  A9 08       LDA #$08
087A  8D 04 C1    STA $C104
087D  AD 04 C1    LDA $C104
0880  18          CLC
0881  6D 02 C1    ADC $C102
0884  8D 04 C1    STA $C104
0887  A9 00       LDA #$00
0889  8D 02 C1    STA $C102
088C  A9 00       LDA #$00
088E  C9 00       CMP #$00
0890  90 09       BCC api_range_valid_4_upper
0892  D0 0A       BNE api_range_invalid_5
0894  AD 01 C1    LDA $C101
0897  C9 10       CMP #$10
0899  B0 03       BCS api_range_invalid_5
089B        api_range_valid_4_upper:
089B  4C A1 08    JMP api_range_valid_4
089E        api_range_invalid_5:
089E  4C AA 08    JMP natural_array_done_3
08A1        api_range_valid_4:
08A1  AE 01 C1    LDX $C101
08A4  BD 5F 0B    LDA __js_array_0,X
08A7  8D 02 C1    STA $C102
08AA        natural_array_done_3:
08AA  A9 00       LDA #$00
08AC  C9 00       CMP #$00
08AE  90 09       BCC api_range_valid_7_upper
08B0  D0 0A       BNE api_range_invalid_8
08B2  AD 03 C1    LDA $C103
08B5  C9 28       CMP #$28
08B7  B0 03       BCS api_range_invalid_8
08B9        api_range_valid_7_upper:
08B9  4C BF 08    JMP api_range_valid_7
08BC        api_range_invalid_8:
08BC  4C 05 09    JMP api_char_done_6
08BF        api_range_valid_7:
08BF  A9 00       LDA #$00
08C1  C9 00       CMP #$00
08C3  90 09       BCC api_range_valid_9_upper
08C5  D0 0A       BNE api_range_invalid_10
08C7  AD 04 C1    LDA $C104
08CA  C9 19       CMP #$19
08CC  B0 03       BCS api_range_invalid_10
08CE        api_range_valid_9_upper:
08CE  4C D4 08    JMP api_range_valid_9
08D1        api_range_invalid_10:
08D1  4C 05 09    JMP api_char_done_6
08D4        api_range_valid_9:
08D4  AD 04 C1    LDA $C104
08D7  AA          TAX
08D8  BD 6F 0B    LDA api_text_1024_55296_0_0,X
08DB  18          CLC
08DC  6D 03 C1    ADC $C103
08DF  85 FB       STA $FB
08E1  BD 88 0B    LDA api_text_1024_55296_0_1,X
08E4  69 00       ADC #$00
08E6  85 FC       STA $FC
08E8  BD A1 0B    LDA api_text_1024_55296_0_2,X
08EB  18          CLC
08EC  6D 03 C1    ADC $C103
08EF  85 FD       STA $FD
08F1  BD BA 0B    LDA api_text_1024_55296_0_3,X
08F4  69 00       ADC #$00
08F6  85 FE       STA $FE
08F8  A0 00       LDY #$00
08FA  A9 51       LDA #$51
08FC  91 FB       STA ($FB),Y
08FE  AD 02 C1    LDA $C102
0901  29 0F       AND #$0F
0903  91 FD       STA ($FD),Y
0905        api_char_done_6:
0905        __js_loop_next_9:
0905  EE 01 C1    INC $C101
0908  4C 30 08    JMP __js_loop_7
090B  4C 0E 09    JMP control_if_end_1
090E        control_if_else_1:
090E        control_if_end_1:
090E        __js_loop_end_8:
090E  AD 00 C1    LDA $C100
0911  8D 06 C1    STA $C106
0914  A9 00       LDA #$00
0916  8D 07 C1    STA $C107
0919  20 76 0A    JSR api_decimal_convert
091C  AD 0B C1    LDA $C10B
091F  18          CLC
0920  69 30       ADC #$30
0922  8D E5 06    STA $06E5
0925  AD 86 02    LDA $0286
0928  29 0F       AND #$0F
092A  8D E5 DA    STA $DAE5
092D  AD 0C C1    LDA $C10C
0930  18          CLC
0931  69 30       ADC #$30
0933  8D E6 06    STA $06E6
0936  AD 86 02    LDA $0286
0939  29 0F       AND #$0F
093B  8D E6 DA    STA $DAE6
093E        __js_return_5:
093E  60          RTS
093F        user_routine___js_paint_4_after:
093F  4C B8 09    JMP user_routine___js_init_2_after
0942        user_routine___js_init_2:
0942  A9 00       LDA #$00
0944  8D 20 D0    STA $D020
0947  A9 00       LDA #$00
0949  8D 21 D0    STA $D021
094C  A9 03       LDA #$03
094E  8D 86 02    STA $0286
0951  AD 02 DD    LDA $DD02
0954  09 03       ORA #$03
0956  8D 02 DD    STA $DD02
0959  AD 00 DD    LDA $DD00
095C  29 FC       AND #$FC
095E  09 03       ORA #$03
0960  8D 00 DD    STA $DD00
0963  A9 15       LDA #$15
0965  8D 18 D0    STA $D018
0968  AD 11 D0    LDA $D011
096B  29 DF       AND #$DF
096D  8D 11 D0    STA $D011
0970  A9 93       LDA #$93
0972  20 D2 FF    JSR $FFD2
0975  A2 00       LDX #$00
0977        printat_loop_11:
0977  BD 2D 0B    LDA str_screen_0,X
097A  F0 0E       BEQ printat_done_12
097C  9D 81 04    STA $0481,X
097F  AD 86 02    LDA $0286
0982  29 0F       AND #$0F
0984  9D 81 D8    STA $D881,X
0987  E8          INX
0988  D0 ED       BNE printat_loop_11
098A        printat_done_12:
098A  A2 00       LDX #$00
098C        printat_loop_13:
098C  BD 41 0B    LDA str_screen_1,X
098F  F0 0E       BEQ printat_done_14
0991  9D CF 04    STA $04CF,X
0994  AD 86 02    LDA $0286
0997  29 0F       AND #$0F
0999  9D CF D8    STA $D8CF,X
099C  E8          INX
099D  D0 ED       BNE printat_loop_13
099F        printat_done_14:
099F  A2 00       LDX #$00
09A1        printat_loop_15:
09A1  BD 58 0B    LDA str_screen_2,X
09A4  F0 0E       BEQ printat_done_16
09A6  9D DD 06    STA $06DD,X
09A9  AD 86 02    LDA $0286
09AC  29 0F       AND #$0F
09AE  9D DD DA    STA $DADD,X
09B1  E8          INX
09B2  D0 ED       BNE printat_loop_15
09B4        printat_done_16:
09B4  20 20 08    JSR user_routine___js_paint_4
09B7        __js_return_3:
09B7  60          RTS
09B8        user_routine___js_init_2_after:
09B8  4C ED 09    JMP user_routine___js_update_19_after
09BB        user_routine___js_update_19:
09BB  AD 67 C7    LDA $C767
09BE  29 10       AND #$10
09C0  F0 03       BEQ joystick_current_pressed_18
09C2  4C EC 09    JMP control_if_else_17
09C5        joystick_current_pressed_18:
09C5  AD 69 C7    LDA $C769
09C8  29 10       AND #$10
09CA  D0 03       BNE condition_pass_18
09CC  4C EC 09    JMP control_if_else_17
09CF        condition_pass_18:
09CF  AD 00 C1    LDA $C100
09D2  8D 05 C1    STA $C105
09D5  EE 05 C1    INC $C105
09D8  AD 05 C1    LDA $C105
09DB  29 0F       AND #$0F
09DD  8D 05 C1    STA $C105
09E0  AD 05 C1    LDA $C105
09E3  8D 00 C1    STA $C100
09E6  20 20 08    JSR user_routine___js_paint_4
09E9  4C EC 09    JMP control_if_end_17
09EC        control_if_else_17:
09EC        control_if_end_17:
09EC        __js_return_20:
09EC  60          RTS
09ED        user_routine___js_update_19_after:
            ; Deterministic game frame loop
09ED  A9 00       LDA #$00
09EF  8D 6A C7    STA $C76A
09F2  A9 00       LDA #$00
09F4  8D 6B C7    STA $C76B
09F7  A9 00       LDA #$00
09F9  8D 70 C7    STA $C770
09FC  A9 FF       LDA #$FF
09FE  8D 67 C7    STA $C767
0A01  A9 FF       LDA #$FF
0A03  8D 69 C7    STA $C769
0A06  A9 3C       LDA #$3C
0A08  8D 6F C7    STA $C76F
0A0B        game_video_detect_low:
0A0B  AD 11 D0    LDA $D011
0A0E  30 FB       BMI game_video_detect_low
0A10        game_video_detect_high:
0A10  AD 11 D0    LDA $D011
0A13  10 FB       BPL game_video_detect_high
0A15        game_video_detect_scan:
0A15  AD 11 D0    LDA $D011
0A18  10 0F       BPL game_video_detect_done
0A1A  AD 12 D0    LDA $D012
0A1D  C9 20       CMP #$20
0A1F  B0 03       BCS game_video_detect_pal
0A21  4C 15 0A    JMP game_video_detect_scan
0A24        game_video_detect_pal:
0A24  A9 32       LDA #$32
0A26  8D 6F C7    STA $C76F
0A29        game_video_detect_done:
0A29        game_frame_loop:
0A29        game_frame_wait_leave:
0A29  AD 11 D0    LDA $D011
0A2C  30 FB       BMI game_frame_wait_leave
0A2E  AD 12 D0    LDA $D012
0A31  C9 F0       CMP #$F0
0A33  B0 F4       BCS game_frame_wait_leave
0A35        game_frame_wait_target:
0A35  AD 11 D0    LDA $D011
0A38  30 07       BMI game_frame_target_reached
0A3A  AD 12 D0    LDA $D012
0A3D  C9 F0       CMP #$F0
0A3F  90 F4       BCC game_frame_wait_target
0A41        game_frame_target_reached:
0A41  18          CLC
0A42  AD 70 C7    LDA $C770
0A45  69 32       ADC #$32
0A47  8D 70 C7    STA $C770
0A4A  CD 6F C7    CMP $C76F
0A4D  B0 03       BCS game_frame_logical_tick
0A4F  4C 29 0A    JMP game_frame_loop
0A52        game_frame_logical_tick:
0A52  38          SEC
0A53  AD 70 C7    LDA $C770
0A56  ED 6F C7    SBC $C76F
0A59  8D 70 C7    STA $C770
0A5C  AD 67 C7    LDA $C767
0A5F  8D 69 C7    STA $C769
0A62  AD 00 DC    LDA $DC00
0A65  8D 67 C7    STA $C767
0A68  EE 6A C7    INC $C76A
0A6B  D0 03       BNE game_frame_counter_done_19
0A6D  EE 6B C7    INC $C76B
0A70        game_frame_counter_done_19:
0A70  20 BB 09    JSR user_routine___js_update_19
0A73  4C 29 0A    JMP game_frame_loop
0A76        api_decimal_convert:
0A76  A9 00       LDA #$00
0A78  8D 08 C1    STA $C108
0A7B        api_decimal_20:
0A7B  AD 07 C1    LDA $C107
0A7E  C9 27       CMP #$27
0A80  90 20       BCC api_decimal_20_done
0A82  D0 07       BNE api_decimal_20_subtract
0A84  AD 06 C1    LDA $C106
0A87  C9 10       CMP #$10
0A89  90 17       BCC api_decimal_20_done
0A8B        api_decimal_20_subtract:
0A8B  38          SEC
0A8C  AD 06 C1    LDA $C106
0A8F  E9 10       SBC #$10
0A91  8D 06 C1    STA $C106
0A94  AD 07 C1    LDA $C107
0A97  E9 27       SBC #$27
0A99  8D 07 C1    STA $C107
0A9C  EE 08 C1    INC $C108
0A9F  4C 7B 0A    JMP api_decimal_20
0AA2        api_decimal_20_done:
0AA2  A9 00       LDA #$00
0AA4  8D 09 C1    STA $C109
0AA7        api_decimal_21:
0AA7  AD 07 C1    LDA $C107
0AAA  C9 03       CMP #$03
0AAC  90 20       BCC api_decimal_21_done
0AAE  D0 07       BNE api_decimal_21_subtract
0AB0  AD 06 C1    LDA $C106
0AB3  C9 E8       CMP #$E8
0AB5  90 17       BCC api_decimal_21_done
0AB7        api_decimal_21_subtract:
0AB7  38          SEC
0AB8  AD 06 C1    LDA $C106
0ABB  E9 E8       SBC #$E8
0ABD  8D 06 C1    STA $C106
0AC0  AD 07 C1    LDA $C107
0AC3  E9 03       SBC #$03
0AC5  8D 07 C1    STA $C107
0AC8  EE 09 C1    INC $C109
0ACB  4C A7 0A    JMP api_decimal_21
0ACE        api_decimal_21_done:
0ACE  A9 00       LDA #$00
0AD0  8D 0A C1    STA $C10A
0AD3        api_decimal_22:
0AD3  AD 07 C1    LDA $C107
0AD6  C9 00       CMP #$00
0AD8  90 20       BCC api_decimal_22_done
0ADA  D0 07       BNE api_decimal_22_subtract
0ADC  AD 06 C1    LDA $C106
0ADF  C9 64       CMP #$64
0AE1  90 17       BCC api_decimal_22_done
0AE3        api_decimal_22_subtract:
0AE3  38          SEC
0AE4  AD 06 C1    LDA $C106
0AE7  E9 64       SBC #$64
0AE9  8D 06 C1    STA $C106
0AEC  AD 07 C1    LDA $C107
0AEF  E9 00       SBC #$00
0AF1  8D 07 C1    STA $C107
0AF4  EE 0A C1    INC $C10A
0AF7  4C D3 0A    JMP api_decimal_22
0AFA        api_decimal_22_done:
0AFA  A9 00       LDA #$00
0AFC  8D 0B C1    STA $C10B
0AFF        api_decimal_23:
0AFF  AD 07 C1    LDA $C107
0B02  C9 00       CMP #$00
0B04  90 20       BCC api_decimal_23_done
0B06  D0 07       BNE api_decimal_23_subtract
0B08  AD 06 C1    LDA $C106
0B0B  C9 0A       CMP #$0A
0B0D  90 17       BCC api_decimal_23_done
0B0F        api_decimal_23_subtract:
0B0F  38          SEC
0B10  AD 06 C1    LDA $C106
0B13  E9 0A       SBC #$0A
0B15  8D 06 C1    STA $C106
0B18  AD 07 C1    LDA $C107
0B1B  E9 00       SBC #$00
0B1D  8D 07 C1    STA $C107
0B20  EE 0B C1    INC $C10B
0B23  4C FF 0A    JMP api_decimal_23
0B26        api_decimal_23_done:
0B26  AD 06 C1    LDA $C106
0B29  8D 0C C1    STA $C10C
0B2C  60          RTS
            ; String pool
0B2D        str_screen_0:
0B2D  03 0F 0D 0D 0F 0E 20 08 05 0C 10 05 12 13 20 2D 20 0A 13 00 .byte $03, $0F, $0D, $0D, $0F, $0E, $20, $08, $05, $0C, $10, $05, $12, $13, $20, $2D, $20, $0A, $13, $00
0B41        str_screen_1:
0B41  0A 0F 19 20 32 20 06 09 12 05 3A 20 0E 05 18 14 20 03 0F 0C 0F 12 00 .byte $0A, $0F, $19, $20, $32, $20, $06, $09, $12, $05, $3A, $20, $0E, $05, $18, $14, $20, $03, $0F, $0C, $0F, $12, $00
0B58        str_screen_2:
0B58  03 0F 0C 0F 12 3A 00 .byte $03, $0F, $0C, $0F, $12, $3A, $00
            ; User data
0B5F        __js_array_0:
0B5F  00 00 00 00 00 00 00 00 00 00 00 00 00 00 00 00 .byte $00, $00, $00, $00, $00, $00, $00, $00, $00, $00, $00, $00, $00, $00, $00, $00
0B6F        api_text_1024_55296_0_0:
0B6F  00 28 50 78 A0 C8 F0 18 40 68 90 B8 E0 08 30 58 80 A8 D0 F8 20 48 70 98 C0 .byte $00, $28, $50, $78, $A0, $C8, $F0, $18, $40, $68, $90, $B8, $E0, $08, $30, $58, $80, $A8, $D0, $F8, $20, $48, $70, $98, $C0
0B88        api_text_1024_55296_0_1:
0B88  04 04 04 04 04 04 04 05 05 05 05 05 05 06 06 06 06 06 06 06 07 07 07 07 07 .byte $04, $04, $04, $04, $04, $04, $04, $05, $05, $05, $05, $05, $05, $06, $06, $06, $06, $06, $06, $06, $07, $07, $07, $07, $07
0BA1        api_text_1024_55296_0_2:
0BA1  00 28 50 78 A0 C8 F0 18 40 68 90 B8 E0 08 30 58 80 A8 D0 F8 20 48 70 98 C0 .byte $00, $28, $50, $78, $A0, $C8, $F0, $18, $40, $68, $90, $B8, $E0, $08, $30, $58, $80, $A8, $D0, $F8, $20, $48, $70, $98, $C0
0BBA        api_text_1024_55296_0_3:
0BBA  D8 D8 D8 D8 D8 D8 D8 D9 D9 D9 D9 D9 D9 DA DA DA DA DA DA DA DB DB DB DB DB .byte $D8, $D8, $D8, $D8, $D8, $D8, $D8, $D9, $D9, $D9, $D9, $D9, $D9, $DA, $DA, $DA, $DA, $DA, $DA, $DA, $DB, $DB, $DB, $DB, $DB
