0810  A9 93       LDA #$93
0812  20 D2 FF    JSR $FFD2
0815  A9 00       LDA #$00
0817  8D 20 D0    STA $D020
081A  A9 00       LDA #$00
081C  8D 21 D0    STA $D021
081F  A9 01       LDA #$01
0821  8D 86 02    STA $0286
0824  A2 00       LDX #$00
0826        printat_loop_0:
0826  BD E4 08    LDA str_screen_0,X
0829  F0 0C       BEQ printat_done_1
082B  9D 00 04    STA $0400,X
082E  A9 01       LDA #$01
0830  9D 00 D8    STA $D800,X
0833  E8          INX
0834  4C 26 08    JMP printat_loop_0
0837        printat_done_1:
0837  A2 00       LDX #$00
0839        printat_loop_2:
0839  BD F5 08    LDA str_screen_1,X
083C  F0 0C       BEQ printat_done_3
083E  9D 50 04    STA $0450,X
0841  A9 01       LDA #$01
0843  9D 50 D8    STA $D850,X
0846  E8          INX
0847  4C 39 08    JMP printat_loop_2
084A        printat_done_3:
084A  A2 00       LDX #$00
084C        printat_loop_4:
084C  BD 04 09    LDA str_screen_2,X
084F  F0 0C       BEQ printat_done_5
0851  9D 78 04    STA $0478,X
0854  A9 01       LDA #$01
0856  9D 78 D8    STA $D878,X
0859  E8          INX
085A  4C 4C 08    JMP printat_loop_4
085D        printat_done_5:
085D  78          SEI
085E  A9 00       LDA #$00
0860  8D FE C0    STA $C0FE
0863  A9 01       LDA #$01
0865  8D 1A D0    STA $D01A
0868  A9 01       LDA #$01
086A  8D 19 D0    STA $D019
086D  A9 32       LDA #$32
086F  8D 12 D0    STA $D012
0872  AD 11 D0    LDA $D011
0875  29 7F       AND #$7F
0877  8D 11 D0    STA $D011
087A  A9 88       LDA #<irq_dispatch
087C  8D 14 03    STA $0314
087F  A9 08       LDA #>irq_dispatch
0881  8D 15 03    STA $0315
0884  58          CLI
0885  4C E3 08    JMP program_end
            ; Raster IRQ dispatcher
0888        irq_dispatch:
0888  48          PHA
0889  8A          TXA
088A  48          PHA
088B  98          TYA
088C  48          PHA
088D  AD FE C0    LDA $C0FE
0890  C9 00       CMP #$00
0892  F0 07       BEQ irq_handler_0
0894  C9 01       CMP #$01
0896  F0 27       BEQ irq_handler_1
0898  4C 9B 08    JMP irq_handler_0
089B        irq_handler_0:
089B  A9 02       LDA #$02
089D  8D 20 D0    STA $D020
08A0  A9 01       LDA #$01
08A2  8D FE C0    STA $C0FE
08A5  A9 96       LDA #$96
08A7  8D 12 D0    STA $D012
08AA  AD 11 D0    LDA $D011
08AD  29 7F       AND #$7F
08AF  8D 11 D0    STA $D011
08B2  A9 01       LDA #$01
08B4  8D 19 D0    STA $D019
08B7  68          PLA
08B8  A8          TAY
08B9  68          PLA
08BA  AA          TAX
08BB  68          PLA
08BC  4C 31 EA    JMP $EA31
08BF        irq_handler_1:
08BF  A9 06       LDA #$06
08C1  8D 20 D0    STA $D020
08C4  A9 00       LDA #$00
08C6  8D FE C0    STA $C0FE
08C9  A9 32       LDA #$32
08CB  8D 12 D0    STA $D012
08CE  AD 11 D0    LDA $D011
08D1  29 7F       AND #$7F
08D3  8D 11 D0    STA $D011
08D6  A9 01       LDA #$01
08D8  8D 19 D0    STA $D019
08DB  68          PLA
08DC  A8          TAY
08DD  68          PLA
08DE  AA          TAX
08DF  68          PLA
08E0  4C 31 EA    JMP $EA31
08E3        program_end:
08E3  60          RTS
            ; String pool
08E4        str_screen_0:
08E4  13 01 06 05 20 12 01 13 14 05 12 20 02 01 12 13 00 .byte $13, $01, $06, $05, $20, $12, $01, $13, $14, $05, $12, $20, $02, $01, $12, $13, $00
08F5        str_screen_1:
08F5  12 05 04 20 01 14 20 0C 09 0E 05 20 35 30 00 .byte $12, $05, $04, $20, $01, $14, $20, $0C, $09, $0E, $05, $20, $35, $30, $00
0904        str_screen_2:
0904  02 0C 15 05 20 01 14 20 0C 09 0E 05 20 31 35 30 00 .byte $02, $0C, $15, $05, $20, $01, $14, $20, $0C, $09, $0E, $05, $20, $31, $35, $30, $00
