0810  A9 93       LDA #$93
0812  20 D2 FF    JSR $FFD2
0815  A9 06       LDA #$06
0817  8D 20 D0    STA $D020
081A  A9 06       LDA #$06
081C  8D 21 D0    STA $D021
081F  A9 51       LDA #$51
0821  A2 00       LDX #$00
0823        memset_400_81_255:
0823  9D 00 04    STA $0400,X
0826  E8          INX
0827  E0 FF       CPX #$FF
0829  D0 F8       BNE memset_400_81_255
082B  A9 51       LDA #$51
082D  A2 00       LDX #$00
082F        memset_4ff_81_255:
082F  9D FF 04    STA $04FF,X
0832  E8          INX
0833  E0 FF       CPX #$FF
0835  D0 F8       BNE memset_4ff_81_255
0837  A9 51       LDA #$51
0839  A2 00       LDX #$00
083B        memset_5fe_81_255:
083B  9D FE 05    STA $05FE,X
083E  E8          INX
083F  E0 FF       CPX #$FF
0841  D0 F8       BNE memset_5fe_81_255
0843  A9 51       LDA #$51
0845  A2 00       LDX #$00
0847        memset_6fd_81_235:
0847  9D FD 06    STA $06FD,X
084A  E8          INX
084B  E0 EB       CPX #$EB
084D  D0 F8       BNE memset_6fd_81_235
084F  A9 0E       LDA #$0E
0851  A2 00       LDX #$00
0853        memset_d800_14_255:
0853  9D 00 D8    STA $D800,X
0856  E8          INX
0857  E0 FF       CPX #$FF
0859  D0 F8       BNE memset_d800_14_255
085B  A9 0E       LDA #$0E
085D  A2 00       LDX #$00
085F        memset_d8ff_14_255:
085F  9D FF D8    STA $D8FF,X
0862  E8          INX
0863  E0 FF       CPX #$FF
0865  D0 F8       BNE memset_d8ff_14_255
0867  A9 0E       LDA #$0E
0869  A2 00       LDX #$00
086B        memset_d9fe_14_255:
086B  9D FE D9    STA $D9FE,X
086E  E8          INX
086F  E0 FF       CPX #$FF
0871  D0 F8       BNE memset_d9fe_14_255
0873  A9 0E       LDA #$0E
0875  A2 00       LDX #$00
0877        memset_dafd_14_235:
0877  9D FD DA    STA $DAFD,X
087A  E8          INX
087B  E0 EB       CPX #$EB
087D  D0 F8       BNE memset_dafd_14_235
087F  A2 00       LDX #$00
0881        printat_loop_0:
0881  BD 92 08    LDA str_screen_0,X
0884  F0 0B       BEQ printat_done_1
0886  9D ED 05    STA $05ED,X
0889  A9 01       LDA #$01
088B  9D ED D9    STA $D9ED,X
088E  E8          INX
088F  D0 F0       BNE printat_loop_0
0891        printat_done_1:
0891  60          RTS
            ; String pool
0892        str_screen_0:
0892  13 03 12 05 05 0E 20 06 09 0C 0C 05 04 00 .byte $13, $03, $12, $05, $05, $0E, $20, $06, $09, $0C, $0C, $05, $04, $00
