0810  A9 0C       LDA #$0C
0812  8D 18 D4    STA $D418
0815  A9 93       LDA #$93
0817  20 D2 FF    JSR $FFD2
081A  A9 06       LDA #$06
081C  8D 20 D0    STA $D020
081F  A9 06       LDA #$06
0821  8D 21 D0    STA $D021
0824  A9 01       LDA #$01
0826  8D 86 02    STA $0286
0829  A2 00       LDX #$00
082B        printat_loop_0:
082B  BD 62 0B    LDA str_screen_0,X
082E  F0 0B       BEQ printat_done_1
0830  9D 23 05    STA $0523,X
0833  A9 01       LDA #$01
0835  9D 23 D9    STA $D923,X
0838  E8          INX
0839  D0 F0       BNE printat_loop_0
083B        printat_done_1:
083B  A2 00       LDX #$00
083D        printat_loop_2:
083D  BD 75 0B    LDA str_screen_1,X
0840  F0 0B       BEQ printat_done_3
0842  9D 9E 05    STA $059E,X
0845  A9 01       LDA #$01
0847  9D 9E D9    STA $D99E,X
084A  E8          INX
084B  D0 F0       BNE printat_loop_2
084D        printat_done_3:
084D  A2 00       LDX #$00
084F        printat_loop_4:
084F  BD 82 0B    LDA str_screen_2,X
0852  F0 0B       BEQ printat_done_5
0854  9D ED 05    STA $05ED,X
0857  A9 01       LDA #$01
0859  9D ED D9    STA $D9ED,X
085C  E8          INX
085D  D0 F0       BNE printat_loop_4
085F        printat_done_5:
085F  A2 00       LDX #$00
0861        printat_loop_6:
0861  BD 91 0B    LDA str_screen_3,X
0864  F0 0B       BEQ printat_done_7
0866  9D 3A 06    STA $063A,X
0869  A9 01       LDA #$01
086B  9D 3A DA    STA $DA3A,X
086E  E8          INX
086F  D0 F0       BNE printat_loop_6
0871        printat_done_7:
0871  A2 00       LDX #$00
0873        printat_loop_8:
0873  BD A6 0B    LDA str_screen_4,X
0876  F0 0B       BEQ printat_done_9
0878  9D 8C 06    STA $068C,X
087B  A9 01       LDA #$01
087D  9D 8C DA    STA $DA8C,X
0880  E8          INX
0881  D0 F0       BNE printat_loop_8
0883        printat_done_9:
0883  A9 3C       LDA #$3C
0885  8D 6F C7    STA $C76F
0888        game_video_detect_low:
0888  AD 11 D0    LDA $D011
088B  30 FB       BMI game_video_detect_low
088D        game_video_detect_high:
088D  AD 11 D0    LDA $D011
0890  10 FB       BPL game_video_detect_high
0892        game_video_detect_scan:
0892  AD 11 D0    LDA $D011
0895  10 0F       BPL game_video_detect_done
0897  AD 12 D0    LDA $D012
089A  C9 20       CMP #$20
089C  B0 03       BCS game_video_detect_pal
089E  4C 92 08    JMP game_video_detect_scan
08A1        game_video_detect_pal:
08A1  A9 32       LDA #$32
08A3  8D 6F C7    STA $C76F
08A6        game_video_detect_done:
08A6  A9 00       LDA #$00
08A8  8D 63 C7    STA $C763
08AB  A9 00       LDA #$00
08AD  8D 64 C7    STA $C764
08B0  A9 00       LDA #$00
08B2  8D 71 C7    STA $C771
08B5  A9 0C       LDA #$0C
08B7  8D 72 C7    STA $C772
08BA  A9 00       LDA #$00
08BC  8D 76 C7    STA $C776
08BF  A9 01       LDA #$01
08C1  8D 65 C7    STA $C765
08C4  A9 40       LDA #$40
08C6  8D 04 D4    STA $D404
08C9  A9 00       LDA #$00
08CB  8D 02 D4    STA $D402
08CE  A9 08       LDA #$08
08D0  8D 03 D4    STA $D403
08D3  A9 11       LDA #$11
08D5  8D 05 D4    STA $D405
08D8  A9 98       LDA #$98
08DA  8D 06 D4    STA $D406
08DD  A9 10       LDA #$10
08DF  8D 0B D4    STA $D40B
08E2  A9 12       LDA #$12
08E4  8D 0C D4    STA $D40C
08E7  A9 88       LDA #$88
08E9  8D 0D D4    STA $D40D
08EC  78          SEI
08ED  A9 01       LDA #$01
08EF  8D 1A D0    STA $D01A
08F2  A9 01       LDA #$01
08F4  8D 19 D0    STA $D019
08F7  A9 FA       LDA #$FA
08F9  8D 12 D0    STA $D012
08FC  AD 11 D0    LDA $D011
08FF  29 7F       AND #$7F
0901  8D 11 D0    STA $D011
0904  A9 12       LDA #<sid_player_irq
0906  8D 14 03    STA $0314
0909  A9 09       LDA #>sid_player_irq
090B  8D 15 03    STA $0315
090E  58          CLI
090F  4C 30 0A    JMP program_end_after_sid_player
            ; SID player IRQ
0912        sid_player_irq:
0912  48          PHA
0913  8A          TXA
0914  48          PHA
0915  98          TYA
0916  48          PHA
0917  AD 19 D0    LDA $D019
091A  29 01       AND #$01
091C  D0 08       BNE sid_player_vic_raster
091E  68          PLA
091F  A8          TAY
0920  68          PLA
0921  AA          TAX
0922  68          PLA
0923  4C 31 EA    JMP $EA31
0926        sid_player_vic_raster:
0926  A9 01       LDA #$01
0928  8D 19 D0    STA $D019
092B  AD 65 C7    LDA $C765
092E  C9 01       CMP #$01
0930  D0 63       BNE sid_irq_done_jump_5
0932  AD 71 C7    LDA $C771
0935  18          CLC
0936  69 32       ADC #$32
0938  8D 71 C7    STA $C771
093B  CD 6F C7    CMP $C76F
093E  B0 03       BCS sid_irq_rate_continue_5
0940  4C 1B 0A    JMP sid_irq_done_5
0943        sid_irq_rate_continue_5:
0943  ED 6F C7    SBC $C76F
0946  8D 71 C7    STA $C771
0949  AD 76 C7    LDA $C776
094C  F0 3C       BEQ sid_irq_fade_done_5
094E  AD 75 C7    LDA $C775
0951  F0 06       BEQ sid_irq_fade_step_5
0953  CE 75 C7    DEC $C775
0956  4C 8A 09    JMP sid_irq_fade_done_5
0959        sid_irq_fade_step_5:
0959  AD 74 C7    LDA $C774
095C  8D 75 C7    STA $C775
095F  AD 72 C7    LDA $C772
0962  CD 73 C7    CMP $C773
0965  F0 1E       BEQ sid_irq_fade_complete_5
0967  90 06       BCC sid_irq_fade_increase_5
0969  CE 72 C7    DEC $C772
096C  4C 72 09    JMP sid_irq_fade_write_5
096F        sid_irq_fade_increase_5:
096F  EE 72 C7    INC $C772
0972        sid_irq_fade_write_5:
0972  AD 18 D4    LDA $D418
0975  29 F0       AND #$F0
0977  0D 72 C7    ORA $C772
097A  8D 18 D4    STA $D418
097D  AD 72 C7    LDA $C772
0980  CD 73 C7    CMP $C773
0983  D0 05       BNE sid_irq_fade_done_5
0985        sid_irq_fade_complete_5:
0985  A9 00       LDA #$00
0987  8D 76 C7    STA $C776
098A        sid_irq_fade_done_5:
098A  AD 64 C7    LDA $C764
098D  F0 09       BEQ sid_irq_process_jump_5
098F  CE 64 C7    DEC $C764
0992  4C 1B 0A    JMP sid_irq_done_5
0995        sid_irq_done_jump_5:
0995  4C 1B 0A    JMP sid_irq_done_5
0998        sid_irq_process_jump_5:
0998  4C 9B 09    JMP sid_irq_process_5
099B        sid_irq_process_5:
099B  AE 63 C7    LDX $C763
099E  E0 08       CPX #$08
09A0  D0 08       BNE sid_irq_stop_continue_5
09A2  A2 00       LDX #$00
09A4  8E 63 C7    STX $C763
09A7  4C AA 09    JMP sid_irq_loop_continue_5
09AA        sid_irq_stop_continue_5:
09AA        sid_irq_loop_continue_5:
09AA  BD B6 0B    LDA sid_song_irq_5_v1_action,X
09AD  F0 1D       BEQ sid_irq_voice1_rest_5
09AF  C9 01       CMP #$01
09B1  F0 21       BEQ sid_irq_voice1_hold_5
09B3  BD BE 0B    LDA sid_song_irq_5_v1_lo,X
09B6  8D 00 D4    STA $D400
09B9  BD C6 0B    LDA sid_song_irq_5_v1_hi,X
09BC  8D 01 D4    STA $D401
09BF  A9 40       LDA #$40
09C1  8D 04 D4    STA $D404
09C4  A9 41       LDA #$41
09C6  8D 04 D4    STA $D404
09C9  4C D4 09    JMP sid_irq_voice1_done_5
09CC        sid_irq_voice1_rest_5:
09CC  A9 40       LDA #$40
09CE  8D 04 D4    STA $D404
09D1  4C D4 09    JMP sid_irq_voice1_done_5
09D4        sid_irq_voice1_hold_5:
            ; hold sid voice 1
09D4        sid_irq_voice1_done_5:
09D4  BD CE 0B    LDA sid_song_irq_5_v2_action,X
09D7  F0 1D       BEQ sid_irq_voice2_rest_5
09D9  C9 01       CMP #$01
09DB  F0 21       BEQ sid_irq_voice2_hold_5
09DD  BD D6 0B    LDA sid_song_irq_5_v2_lo,X
09E0  8D 07 D4    STA $D407
09E3  BD DE 0B    LDA sid_song_irq_5_v2_hi,X
09E6  8D 08 D4    STA $D408
09E9  A9 10       LDA #$10
09EB  8D 0B D4    STA $D40B
09EE  A9 11       LDA #$11
09F0  8D 0B D4    STA $D40B
09F3  4C FE 09    JMP sid_irq_voice2_done_5
09F6        sid_irq_voice2_rest_5:
09F6  A9 10       LDA #$10
09F8  8D 0B D4    STA $D40B
09FB  4C FE 09    JMP sid_irq_voice2_done_5
09FE        sid_irq_voice2_hold_5:
            ; hold sid voice 2
09FE        sid_irq_voice2_done_5:
09FE  EE 63 C7    INC $C763
0A01  A9 04       LDA #$04
0A03  8D 64 C7    STA $C764
0A06  4C 1B 0A    JMP sid_irq_done_5
0A09        sid_irq_stop_5:
0A09  A9 00       LDA #$00
0A0B  8D 65 C7    STA $C765
0A0E  A9 40       LDA #$40
0A10  8D 04 D4    STA $D404
0A13  A9 10       LDA #$10
0A15  8D 0B D4    STA $D40B
0A18  4C 1B 0A    JMP sid_irq_done_5
0A1B        sid_irq_done_5:
0A1B  A9 FA       LDA #$FA
0A1D  8D 12 D0    STA $D012
0A20  AD 11 D0    LDA $D011
0A23  29 7F       AND #$7F
0A25  8D 11 D0    STA $D011
0A28  68          PLA
0A29  A8          TAY
0A2A  68          PLA
0A2B  AA          TAX
0A2C  68          PLA
0A2D  4C 81 EA    JMP $EA81
0A30        program_end_after_sid_player:
            ; Deterministic game frame loop
0A30  A9 00       LDA #$00
0A32  8D 6A C7    STA $C76A
0A35  A9 00       LDA #$00
0A37  8D 6B C7    STA $C76B
0A3A  A9 00       LDA #$00
0A3C  8D 70 C7    STA $C770
0A3F  A9 FF       LDA #$FF
0A41  8D 67 C7    STA $C767
0A44  A9 FF       LDA #$FF
0A46  8D 69 C7    STA $C769
0A49        game_frame_loop:
0A49        game_frame_wait_leave:
0A49  AD 11 D0    LDA $D011
0A4C  30 FB       BMI game_frame_wait_leave
0A4E  AD 12 D0    LDA $D012
0A51  C9 F0       CMP #$F0
0A53  B0 F4       BCS game_frame_wait_leave
0A55        game_frame_wait_target:
0A55  AD 11 D0    LDA $D011
0A58  30 07       BMI game_frame_target_reached
0A5A  AD 12 D0    LDA $D012
0A5D  C9 F0       CMP #$F0
0A5F  90 F4       BCC game_frame_wait_target
0A61        game_frame_target_reached:
0A61  AD 67 C7    LDA $C767
0A64  8D 69 C7    STA $C769
0A67  AD 00 DC    LDA $DC00
0A6A  8D 67 C7    STA $C767
0A6D  EE 6A C7    INC $C76A
0A70  D0 03       BNE game_frame_counter_done_10
0A72  EE 6B C7    INC $C76B
0A75        game_frame_counter_done_10:
0A75  AD 67 C7    LDA $C767
0A78  29 01       AND #$01
0A7A  F0 03       BEQ joystick_current_pressed_12
0A7C  4C A2 0A    JMP control_if_else_11
0A7F        joystick_current_pressed_12:
0A7F  AD 69 C7    LDA $C769
0A82  29 01       AND #$01
0A84  D0 03       BNE condition_pass_12
0A86  4C A2 0A    JMP control_if_else_11
0A89        condition_pass_12:
0A89  AD 65 C7    LDA $C765
0A8C  C9 01       CMP #$01
0A8E  D0 0F       BNE sid_pause_done_13
0A90  A9 02       LDA #$02
0A92  8D 65 C7    STA $C765
0A95  A9 40       LDA #$40
0A97  8D 04 D4    STA $D404
0A9A  A9 10       LDA #$10
0A9C  8D 0B D4    STA $D40B
0A9F        sid_pause_done_13:
0A9F  4C A2 0A    JMP control_if_end_11
0AA2        control_if_else_11:
0AA2        control_if_end_11:
0AA2  AD 67 C7    LDA $C767
0AA5  29 02       AND #$02
0AA7  F0 03       BEQ joystick_current_pressed_15
0AA9  4C CA 0A    JMP control_if_else_14
0AAC        joystick_current_pressed_15:
0AAC  AD 69 C7    LDA $C769
0AAF  29 02       AND #$02
0AB1  D0 03       BNE condition_pass_15
0AB3  4C CA 0A    JMP control_if_else_14
0AB6        condition_pass_15:
0AB6  AD 65 C7    LDA $C765
0AB9  C9 02       CMP #$02
0ABB  D0 0A       BNE sid_resume_done_16
0ABD  A9 00       LDA #$00
0ABF  8D 64 C7    STA $C764
0AC2  A9 01       LDA #$01
0AC4  8D 65 C7    STA $C765
0AC7        sid_resume_done_16:
0AC7  4C CA 0A    JMP control_if_end_14
0ACA        control_if_else_14:
0ACA        control_if_end_14:
0ACA  AD 67 C7    LDA $C767
0ACD  29 04       AND #$04
0ACF  F0 03       BEQ joystick_current_pressed_18
0AD1  4C F5 0A    JMP control_if_else_17
0AD4        joystick_current_pressed_18:
0AD4  AD 69 C7    LDA $C769
0AD7  29 04       AND #$04
0AD9  D0 03       BNE condition_pass_18
0ADB  4C F5 0A    JMP control_if_else_17
0ADE        condition_pass_18:
0ADE  A9 00       LDA #$00
0AE0  8D 73 C7    STA $C773
0AE3  A9 02       LDA #$02
0AE5  8D 74 C7    STA $C774
0AE8  A9 00       LDA #$00
0AEA  8D 75 C7    STA $C775
0AED  A9 01       LDA #$01
0AEF  8D 76 C7    STA $C776
0AF2  4C F5 0A    JMP control_if_end_17
0AF5        control_if_else_17:
0AF5        control_if_end_17:
0AF5  AD 67 C7    LDA $C767
0AF8  29 08       AND #$08
0AFA  F0 03       BEQ joystick_current_pressed_20
0AFC  4C 20 0B    JMP control_if_else_19
0AFF        joystick_current_pressed_20:
0AFF  AD 69 C7    LDA $C769
0B02  29 08       AND #$08
0B04  D0 03       BNE condition_pass_20
0B06  4C 20 0B    JMP control_if_else_19
0B09        condition_pass_20:
0B09  A9 0C       LDA #$0C
0B0B  8D 73 C7    STA $C773
0B0E  A9 02       LDA #$02
0B10  8D 74 C7    STA $C774
0B13  A9 00       LDA #$00
0B15  8D 75 C7    STA $C775
0B18  A9 01       LDA #$01
0B1A  8D 76 C7    STA $C776
0B1D  4C 20 0B    JMP control_if_end_19
0B20        control_if_else_19:
0B20        control_if_end_19:
0B20  AD 67 C7    LDA $C767
0B23  29 10       AND #$10
0B25  F0 03       BEQ joystick_current_pressed_22
0B27  4C 5F 0B    JMP control_if_else_21
0B2A        joystick_current_pressed_22:
0B2A  AD 69 C7    LDA $C769
0B2D  29 10       AND #$10
0B2F  D0 03       BNE condition_pass_22
0B31  4C 5F 0B    JMP control_if_else_21
0B34        condition_pass_22:
0B34  A9 0F       LDA #$0F
0B36  8D 18 D4    STA $D418
0B39  A9 00       LDA #$00
0B3B  8D 12 D4    STA $D412
0B3E  A9 10       LDA #$10
0B40  8D 12 D4    STA $D412
0B43  A9 00       LDA #$00
0B45  8D 13 D4    STA $D413
0B48  A9 00       LDA #$00
0B4A  8D 14 D4    STA $D414
0B4D  A9 39       LDA #$39
0B4F  8D 0E D4    STA $D40E
0B52  A9 8B       LDA #$8B
0B54  8D 0F D4    STA $D40F
0B57  A9 11       LDA #$11
0B59  8D 12 D4    STA $D412
0B5C  4C 5F 0B    JMP control_if_end_21
0B5F        control_if_else_21:
0B5F        control_if_end_21:
0B5F  4C 49 0A    JMP game_frame_loop
            ; String pool
0B62        str_screen_0:
0B62  01 15 04 09 0F 20 04 05 20 0A 05 15 20 16 30 2E 31 31 00 .byte $01, $15, $04, $09, $0F, $20, $04, $05, $20, $0A, $05, $15, $20, $16, $30, $2E, $31, $31, $00
0B75        str_screen_1:
0B75  08 01 15 14 20 3A 20 10 01 15 13 05 00 .byte $08, $01, $15, $14, $20, $3A, $20, $10, $01, $15, $13, $05, $00
0B82        str_screen_2:
0B82  02 01 13 20 20 3A 20 12 05 10 12 09 13 05 00 .byte $02, $01, $13, $20, $20, $3A, $20, $12, $05, $10, $12, $09, $13, $05, $00
0B91        str_screen_3:
0B91  07 01 15 03 08 05 2F 04 12 0F 09 14 05 20 3A 20 06 01 04 05 00 .byte $07, $01, $15, $03, $08, $05, $2F, $04, $12, $0F, $09, $14, $05, $20, $3A, $20, $06, $01, $04, $05, $00
0BA6        str_screen_4:
0BA6  06 05 15 20 20 3A 20 02 12 15 09 14 01 07 05 00 .byte $06, $05, $15, $20, $20, $3A, $20, $02, $12, $15, $09, $14, $01, $07, $05, $00
            ; User data
0BB6        sid_song_irq_5_v1_action:
0BB6  02 02 02 02 02 02 02 02 .byte $02, $02, $02, $02, $02, $02, $02, $02
0BBE        sid_song_irq_5_v1_lo:
0BBE  67 ED 13 ED 89 3B 45 3B .byte $67, $ED, $13, $ED, $89, $3B, $45, $3B
0BC6        sid_song_irq_5_v1_hi:
0BC6  11 15 1A 15 13 17 1D 17 .byte $11, $15, $1A, $15, $13, $17, $1D, $17
0BCE        sid_song_irq_5_v2_action:
0BCE  02 01 02 01 02 01 02 01 .byte $02, $01, $02, $01, $02, $01, $02, $01
0BD6        sid_song_irq_5_v2_lo:
0BD6  B4 B4 85 85 C4 C4 51 51 .byte $B4, $B4, $85, $85, $C4, $C4, $51, $51
0BDE        sid_song_irq_5_v2_hi:
0BDE  08 08 06 06 09 09 07 07 .byte $08, $08, $06, $06, $09, $09, $07, $07
