0810  A9 A5       LDA #$A5
0812  8D 7D C7    STA $C77D
0815  A2 00       LDX #$00
0817  A0 00       LDY #$00
0819        asset_map_initial_rle_2:
0819  BD 5A 12    LDA asset_rle_1,X
081C  8D 77 C7    STA $C777
081F  E8          INX
0820  BD 5A 12    LDA asset_rle_1,X
0823  E8          INX
0824        asset_map_initial_rle_2_repeat:
0824  99 00 80    STA $8000,Y
0827  C8          INY
0828  CE 77 C7    DEC $C777
082B  D0 F7       BNE asset_map_initial_rle_2_repeat
082D  E0 30       CPX #$30
082F  D0 E8       BNE asset_map_initial_rle_2
0831  A2 00       LDX #$00
0833  A0 00       LDY #$00
0835        asset_map_initial_rle_4:
0835  BD 8A 12    LDA asset_rle_3,X
0838  8D 77 C7    STA $C777
083B  E8          INX
083C  BD 8A 12    LDA asset_rle_3,X
083F  E8          INX
0840        asset_map_initial_rle_4_repeat:
0840  99 00 81    STA $8100,Y
0843  C8          INY
0844  CE 77 C7    DEC $C777
0847  D0 F7       BNE asset_map_initial_rle_4_repeat
0849  E0 08       CPX #$08
084B  D0 E8       BNE asset_map_initial_rle_4
084D  A9 0A       LDA #$0A
084F  8D 00 C1    STA $C100
0852  A9 07       LDA #$07
0854  8D 01 C1    STA $C101
0857  A9 0A       LDA #$0A
0859  8D 02 C1    STA $C102
085C  A9 07       LDA #$07
085E  8D 03 C1    STA $C103
0861  A9 00       LDA #$00
0863  8D 04 C1    STA $C104
0866  A9 00       LDA #$00
0868  8D 05 C1    STA $C105
086B  A9 0A       LDA #$0A
086D  8D 06 C1    STA $C106
0870  A9 07       LDA #$07
0872  8D 07 C1    STA $C107
0875  A9 01       LDA #$01
0877  8D 08 C1    STA $C108
087A  A9 00       LDA #$00
087C  8D 09 C1    STA $C109
087F  A9 00       LDA #$00
0881  8D 0A C1    STA $C10A
0884  A9 00       LDA #$00
0886  8D 0B C1    STA $C10B
0889  A9 00       LDA #$00
088B  8D 0C C1    STA $C10C
088E  A9 01       LDA #$01
0890  8D 0D C1    STA $C10D
0893  A9 0E       LDA #$0E
0895  8D 0E C1    STA $C10E
0898  A9 06       LDA #$06
089A  8D 0F C1    STA $C10F
089D  A9 00       LDA #$00
089F  8D 10 C1    STA $C110
08A2  A9 00       LDA #$00
08A4  8D 11 C1    STA $C111
08A7  A9 00       LDA #$00
08A9  8D 12 C1    STA $C112
08AC  A9 01       LDA #$01
08AE  8D 13 C1    STA $C113
08B1  A9 01       LDA #$01
08B3  8D 14 C1    STA $C114
08B6  A9 49       LDA #$49
08B8  8D 7D C7    STA $C77D
08BB  A9 93       LDA #$93
08BD  20 D2 FF    JSR $FFD2
08C0  A9 00       LDA #$00
08C2  8D 20 D0    STA $D020
08C5  A9 00       LDA #$00
08C7  8D 21 D0    STA $D021
08CA  08          PHP
08CB  78          SEI
08CC  A5 01       LDA $01
08CE  48          PHA
08CF  29 FB       AND #$FB
08D1  85 01       STA $01
08D3  A2 00       LDX #$00
08D5        charset_rom_copy_0:
08D5  BD 00 D0    LDA $D000,X
08D8  9D 00 30    STA $3000,X
08DB  BD 00 D1    LDA $D100,X
08DE  9D 00 31    STA $3100,X
08E1  E8          INX
08E2  D0 F1       BNE charset_rom_copy_0
08E4  68          PLA
08E5  85 01       STA $01
08E7  28          PLP
08E8  A2 00       LDX #$00
08EA        asset_charset_copy_6:
08EA  BD 12 13    LDA asset_bytes_5,X
08ED  9D 00 32    STA $3200,X
08F0  E8          INX
08F1  E0 18       CPX #$18
08F3  D0 F5       BNE asset_charset_copy_6
08F5  AD 00 DD    LDA $DD00
08F8  29 FC       AND #$FC
08FA  09 03       ORA #$03
08FC  8D 00 DD    STA $DD00
08FF  AD 18 D0    LDA $D018
0902  29 F1       AND #$F1
0904  09 0C       ORA #$0C
0906  8D 18 D0    STA $D018
0909  AD 16 D0    LDA $D016
090C  29 EF       AND #$EF
090E  8D 16 D0    STA $D016
0911  A2 00       LDX #$00
0913        printat_loop_1:
0913  BD DC 11    LDA str_screen_0,X
0916  F0 0B       BEQ printat_done_2
0918  9D B7 04    STA $04B7,X
091B  A9 01       LDA #$01
091D  9D B7 D8    STA $D8B7,X
0920  E8          INX
0921  D0 F0       BNE printat_loop_1
0923        printat_done_2:
0923  A2 00       LDX #$00
0925        printat_loop_3:
0925  BD E7 11    LDA str_screen_1,X
0928  F0 0B       BEQ printat_done_4
092A  9D 07 05    STA $0507,X
092D  A9 01       LDA #$01
092F  9D 07 D9    STA $D907,X
0932  E8          INX
0933  D0 F0       BNE printat_loop_3
0935        printat_done_4:
0935  A2 00       LDX #$00
0937        printat_loop_5:
0937  BD F2 11    LDA str_screen_2,X
093A  F0 0B       BEQ printat_done_6
093C  9D 57 05    STA $0557,X
093F  A9 01       LDA #$01
0941  9D 57 D9    STA $D957,X
0944  E8          INX
0945  D0 F0       BNE printat_loop_5
0947        printat_done_6:
0947  AD 10 C1    LDA $C110
094A  18          CLC
094B  69 30       ADC #$30
094D  8D 5D 05    STA $055D
0950  A9 07       LDA #$07
0952  8D 5D D9    STA $D95D
0955  AD 11 C1    LDA $C111
0958  18          CLC
0959  69 30       ADC #$30
095B  8D 5E 05    STA $055E
095E  A9 07       LDA #$07
0960  8D 5E D9    STA $D95E
0963  AD 12 C1    LDA $C112
0966  18          CLC
0967  69 30       ADC #$30
0969  8D 5F 05    STA $055F
096C  A9 07       LDA #$07
096E  8D 5F D9    STA $D95F
0971  A2 00       LDX #$00
0973        printat_loop_7:
0973  BD F8 11    LDA str_screen_3,X
0976  F0 0B       BEQ printat_done_8
0978  9D A7 05    STA $05A7,X
097B  A9 01       LDA #$01
097D  9D A7 D9    STA $D9A7,X
0980  E8          INX
0981  D0 F0       BNE printat_loop_7
0983        printat_done_8:
0983  20 43 11    JSR runtime_map_redraw_0
0986  A9 0A       LDA #$0A
0988  C9 14       CMP #$14
098A  90 03       BCC map_x_ok_9
098C  4C B5 09    JMP map_set_done_9
098F        map_x_ok_9:
098F  8D B2 C7    STA $C7B2
0992  A9 07       LDA #$07
0994  C9 0F       CMP #$0F
0996  90 03       BCC map_y_ok_9
0998  4C B5 09    JMP map_set_done_9
099B        map_y_ok_9:
099B  8D B3 C7    STA $C7B3
099E  A9 03       LDA #$03
09A0  C9 04       CMP #$04
09A2  90 03       BCC map_value_ok_9
09A4  4C B5 09    JMP map_set_done_9
09A7        map_value_ok_9:
09A7  8D B8 C7    STA $C7B8
09AA  20 65 11    JSR runtime_map_pointer_0
09AD  AD B8 C7    LDA $C7B8
09B0  91 FB       STA ($FB),Y
09B2  20 C5 10    JSR runtime_map_draw_tile_0
09B5        map_set_done_9:
09B5  A9 0E       LDA #$0E
09B7  C9 14       CMP #$14
09B9  90 03       BCC map_x_ok_10
09BB  4C E4 09    JMP map_set_done_10
09BE        map_x_ok_10:
09BE  8D B2 C7    STA $C7B2
09C1  A9 06       LDA #$06
09C3  C9 0F       CMP #$0F
09C5  90 03       BCC map_y_ok_10
09C7  4C E4 09    JMP map_set_done_10
09CA        map_y_ok_10:
09CA  8D B3 C7    STA $C7B3
09CD  A9 02       LDA #$02
09CF  C9 04       CMP #$04
09D1  90 03       BCC map_value_ok_10
09D3  4C E4 09    JMP map_set_done_10
09D6        map_value_ok_10:
09D6  8D B8 C7    STA $C7B8
09D9  20 65 11    JSR runtime_map_pointer_0
09DC  AD B8 C7    LDA $C7B8
09DF  91 FB       STA ($FB),Y
09E1  20 C5 10    JSR runtime_map_draw_tile_0
09E4        map_set_done_10:
09E4  A2 00       LDX #$00
09E6  AD 00 C1    LDA $C100
09E9  9D 92 12    STA snake_body_x,X
09EC  A2 00       LDX #$00
09EE  AD 01 C1    LDA $C101
09F1  9D D2 12    STA snake_body_y,X
09F4  4C 88 0B    JMP user_routine_snake_reset_after
09F7        user_routine_snake_reset:
09F7  A9 01       LDA #$01
09F9  8D 13 C1    STA $C113
09FC  A9 01       LDA #$01
09FE  8D 14 C1    STA $C114
0A01  A9 EA       LDA #$EA
0A03  8D 15 C1    STA $C115
0A06        control_while_11:
0A06  AD 15 C1    LDA $C115
0A09  D0 03       BNE control_while_body_11
0A0B  4C 67 0A    JMP control_while_done_11
0A0E        control_while_body_11:
0A0E  AD 14 C1    LDA $C114
0A11  C9 0E       CMP #$0E
0A13  90 03       BCC condition_pass_12
0A15  4C 67 0A    JMP control_while_done_11
0A18        condition_pass_12:
0A18  AD 13 C1    LDA $C113
0A1B  C9 14       CMP #$14
0A1D  90 03       BCC map_x_ok_13
0A1F  4C 49 0A    JMP map_set_done_13
0A22        map_x_ok_13:
0A22  8D B2 C7    STA $C7B2
0A25  AD 14 C1    LDA $C114
0A28  C9 0F       CMP #$0F
0A2A  90 03       BCC map_y_ok_13
0A2C  4C 49 0A    JMP map_set_done_13
0A2F        map_y_ok_13:
0A2F  8D B3 C7    STA $C7B3
0A32  A9 00       LDA #$00
0A34  C9 04       CMP #$04
0A36  90 03       BCC map_value_ok_13
0A38  4C 49 0A    JMP map_set_done_13
0A3B        map_value_ok_13:
0A3B  8D B8 C7    STA $C7B8
0A3E  20 65 11    JSR runtime_map_pointer_0
0A41  AD B8 C7    LDA $C7B8
0A44  91 FB       STA ($FB),Y
0A46  20 C5 10    JSR runtime_map_draw_tile_0
0A49        map_set_done_13:
0A49  EE 13 C1    INC $C113
0A4C  AD 13 C1    LDA $C113
0A4F  C9 13       CMP #$13
0A51  B0 03       BCS condition_pass_15
0A53  4C 61 0A    JMP control_if_else_14
0A56        condition_pass_15:
0A56  A9 01       LDA #$01
0A58  8D 13 C1    STA $C113
0A5B  EE 14 C1    INC $C114
0A5E  4C 61 0A    JMP control_if_end_14
0A61        control_if_else_14:
0A61        control_if_end_14:
0A61  CE 15 C1    DEC $C115
0A64  4C 06 0A    JMP control_while_11
0A67        control_while_done_11:
0A67  A9 0A       LDA #$0A
0A69  8D 00 C1    STA $C100
0A6C  A9 07       LDA #$07
0A6E  8D 01 C1    STA $C101
0A71  A9 0A       LDA #$0A
0A73  8D 02 C1    STA $C102
0A76  A9 07       LDA #$07
0A78  8D 03 C1    STA $C103
0A7B  A9 00       LDA #$00
0A7D  8D 04 C1    STA $C104
0A80  A9 00       LDA #$00
0A82  8D 05 C1    STA $C105
0A85  A9 0A       LDA #$0A
0A87  8D 06 C1    STA $C106
0A8A  A9 07       LDA #$07
0A8C  8D 07 C1    STA $C107
0A8F  A9 01       LDA #$01
0A91  8D 08 C1    STA $C108
0A94  A9 00       LDA #$00
0A96  8D 09 C1    STA $C109
0A99  A9 00       LDA #$00
0A9B  8D 0A C1    STA $C10A
0A9E  A9 00       LDA #$00
0AA0  8D 0B C1    STA $C10B
0AA3  A9 01       LDA #$01
0AA5  8D 0D C1    STA $C10D
0AA8  A9 0E       LDA #$0E
0AAA  8D 0E C1    STA $C10E
0AAD  A9 06       LDA #$06
0AAF  8D 0F C1    STA $C10F
0AB2  A9 00       LDA #$00
0AB4  8D 10 C1    STA $C110
0AB7  A9 00       LDA #$00
0AB9  8D 11 C1    STA $C111
0ABC  A9 00       LDA #$00
0ABE  8D 12 C1    STA $C112
0AC1  AD 10 C1    LDA $C110
0AC4  18          CLC
0AC5  69 30       ADC #$30
0AC7  8D 5D 05    STA $055D
0ACA  A9 07       LDA #$07
0ACC  8D 5D D9    STA $D95D
0ACF  AD 11 C1    LDA $C111
0AD2  18          CLC
0AD3  69 30       ADC #$30
0AD5  8D 5E 05    STA $055E
0AD8  A9 07       LDA #$07
0ADA  8D 5E D9    STA $D95E
0ADD  AD 12 C1    LDA $C112
0AE0  18          CLC
0AE1  69 30       ADC #$30
0AE3  8D 5F 05    STA $055F
0AE6  A9 07       LDA #$07
0AE8  8D 5F D9    STA $D95F
0AEB  A9 49       LDA #$49
0AED  8D 7D C7    STA $C77D
0AF0  A9 0A       LDA #$0A
0AF2  C9 14       CMP #$14
0AF4  90 03       BCC map_x_ok_16
0AF6  4C 1F 0B    JMP map_set_done_16
0AF9        map_x_ok_16:
0AF9  8D B2 C7    STA $C7B2
0AFC  A9 07       LDA #$07
0AFE  C9 0F       CMP #$0F
0B00  90 03       BCC map_y_ok_16
0B02  4C 1F 0B    JMP map_set_done_16
0B05        map_y_ok_16:
0B05  8D B3 C7    STA $C7B3
0B08  A9 03       LDA #$03
0B0A  C9 04       CMP #$04
0B0C  90 03       BCC map_value_ok_16
0B0E  4C 1F 0B    JMP map_set_done_16
0B11        map_value_ok_16:
0B11  8D B8 C7    STA $C7B8
0B14  20 65 11    JSR runtime_map_pointer_0
0B17  AD B8 C7    LDA $C7B8
0B1A  91 FB       STA ($FB),Y
0B1C  20 C5 10    JSR runtime_map_draw_tile_0
0B1F        map_set_done_16:
0B1F  A9 0E       LDA #$0E
0B21  C9 14       CMP #$14
0B23  90 03       BCC map_x_ok_17
0B25  4C 4E 0B    JMP map_set_done_17
0B28        map_x_ok_17:
0B28  8D B2 C7    STA $C7B2
0B2B  A9 06       LDA #$06
0B2D  C9 0F       CMP #$0F
0B2F  90 03       BCC map_y_ok_17
0B31  4C 4E 0B    JMP map_set_done_17
0B34        map_y_ok_17:
0B34  8D B3 C7    STA $C7B3
0B37  A9 02       LDA #$02
0B39  C9 04       CMP #$04
0B3B  90 03       BCC map_value_ok_17
0B3D  4C 4E 0B    JMP map_set_done_17
0B40        map_value_ok_17:
0B40  8D B8 C7    STA $C7B8
0B43  20 65 11    JSR runtime_map_pointer_0
0B46  AD B8 C7    LDA $C7B8
0B49  91 FB       STA ($FB),Y
0B4B  20 C5 10    JSR runtime_map_draw_tile_0
0B4E        map_set_done_17:
0B4E  A2 00       LDX #$00
0B50  AD 00 C1    LDA $C100
0B53  9D 92 12    STA snake_body_x,X
0B56  A2 00       LDX #$00
0B58  AD 01 C1    LDA $C101
0B5B  9D D2 12    STA snake_body_y,X
0B5E  A9 00       LDA #$00
0B60  8D 20 D0    STA $D020
0B63  A2 00       LDX #$00
0B65        printat_loop_18:
0B65  BD 06 12    LDA str_screen_4,X
0B68  F0 0B       BEQ printat_done_19
0B6A  9D A7 05    STA $05A7,X
0B6D  A9 01       LDA #$01
0B6F  9D A7 D9    STA $D9A7,X
0B72  E8          INX
0B73  D0 F0       BNE printat_loop_18
0B75        printat_done_19:
0B75  A2 00       LDX #$00
0B77        printat_loop_20:
0B77  BD 18 12    LDA str_screen_5,X
0B7A  F0 0B       BEQ printat_done_21
0B7C  9D CF 05    STA $05CF,X
0B7F  A9 01       LDA #$01
0B81  9D CF D9    STA $D9CF,X
0B84  E8          INX
0B85  D0 F0       BNE printat_loop_20
0B87        printat_done_21:
0B87  60          RTS
0B88        user_routine_snake_reset_after:
0B88  4C 6B 0C    JMP user_routine_snake_spawn_food_after
0B8B        user_routine_snake_spawn_food:
0B8B  A9 00       LDA #$00
0B8D  8D 0D C1    STA $C10D
0B90  AD 7D C7    LDA $C77D
0B93  4A          LSR A
0B94  90 02       BCC game_random_no_feedback_22
0B96  49 B8       EOR #$B8
0B98        game_random_no_feedback_22:
0B98  8D 7D C7    STA $C77D
0B9B        game_random_reduce_23:
0B9B  C9 12       CMP #$12
0B9D  90 05       BCC game_random_done_24
0B9F  E9 12       SBC #$12
0BA1  4C 9B 0B    JMP game_random_reduce_23
0BA4        game_random_done_24:
0BA4  8D 0E C1    STA $C10E
0BA7  AD 7D C7    LDA $C77D
0BAA  4A          LSR A
0BAB  90 02       BCC game_random_no_feedback_25
0BAD  49 B8       EOR #$B8
0BAF        game_random_no_feedback_25:
0BAF  8D 7D C7    STA $C77D
0BB2        game_random_reduce_26:
0BB2  C9 0D       CMP #$0D
0BB4  90 05       BCC game_random_done_27
0BB6  E9 0D       SBC #$0D
0BB8  4C B2 0B    JMP game_random_reduce_26
0BBB        game_random_done_27:
0BBB  8D 0F C1    STA $C10F
0BBE  EE 0E C1    INC $C10E
0BC1  EE 0F C1    INC $C10F
0BC4  A9 EA       LDA #$EA
0BC6  8D 16 C1    STA $C116
0BC9        control_while_28:
0BC9  AD 16 C1    LDA $C116
0BCC  D0 03       BNE control_while_body_28
0BCE  4C 6A 0C    JMP control_while_done_28
0BD1        control_while_body_28:
0BD1  AD 0D C1    LDA $C10D
0BD4  C9 00       CMP #$00
0BD6  F0 03       BEQ condition_pass_29
0BD8  4C 6A 0C    JMP control_while_done_28
0BDB        condition_pass_29:
0BDB  EE 0E C1    INC $C10E
0BDE  AD 0E C1    LDA $C10E
0BE1  C9 13       CMP #$13
0BE3  B0 03       BCS condition_pass_31
0BE5  4C 05 0C    JMP control_if_else_30
0BE8        condition_pass_31:
0BE8  A9 01       LDA #$01
0BEA  8D 0E C1    STA $C10E
0BED  EE 0F C1    INC $C10F
0BF0  AD 0F C1    LDA $C10F
0BF3  C9 0E       CMP #$0E
0BF5  B0 03       BCS condition_pass_33
0BF7  4C 02 0C    JMP control_if_else_32
0BFA        condition_pass_33:
0BFA  A9 01       LDA #$01
0BFC  8D 0F C1    STA $C10F
0BFF  4C 02 0C    JMP control_if_end_32
0C02        control_if_else_32:
0C02        control_if_end_32:
0C02  4C 05 0C    JMP control_if_end_30
0C05        control_if_else_30:
0C05        control_if_end_30:
0C05  AD 0E C1    LDA $C10E
0C08  C9 14       CMP #$14
0C0A  90 03       BCC map_x_ok_35
0C0C  4C 64 0C    JMP control_if_else_34
0C0F        map_x_ok_35:
0C0F  8D B2 C7    STA $C7B2
0C12  AD 0F C1    LDA $C10F
0C15  C9 0F       CMP #$0F
0C17  90 03       BCC map_y_ok_35
0C19  4C 64 0C    JMP control_if_else_34
0C1C        map_y_ok_35:
0C1C  8D B3 C7    STA $C7B3
0C1F  20 65 11    JSR runtime_map_pointer_0
0C22  B1 FB       LDA ($FB),Y
0C24  C9 00       CMP #$00
0C26  F0 03       BEQ condition_pass_35
0C28  4C 64 0C    JMP control_if_else_34
0C2B        condition_pass_35:
0C2B  AD 0E C1    LDA $C10E
0C2E  C9 14       CMP #$14
0C30  90 03       BCC map_x_ok_36
0C32  4C 5C 0C    JMP map_set_done_36
0C35        map_x_ok_36:
0C35  8D B2 C7    STA $C7B2
0C38  AD 0F C1    LDA $C10F
0C3B  C9 0F       CMP #$0F
0C3D  90 03       BCC map_y_ok_36
0C3F  4C 5C 0C    JMP map_set_done_36
0C42        map_y_ok_36:
0C42  8D B3 C7    STA $C7B3
0C45  A9 02       LDA #$02
0C47  C9 04       CMP #$04
0C49  90 03       BCC map_value_ok_36
0C4B  4C 5C 0C    JMP map_set_done_36
0C4E        map_value_ok_36:
0C4E  8D B8 C7    STA $C7B8
0C51  20 65 11    JSR runtime_map_pointer_0
0C54  AD B8 C7    LDA $C7B8
0C57  91 FB       STA ($FB),Y
0C59  20 C5 10    JSR runtime_map_draw_tile_0
0C5C        map_set_done_36:
0C5C  A9 01       LDA #$01
0C5E  8D 0D C1    STA $C10D
0C61  4C 64 0C    JMP control_if_end_34
0C64        control_if_else_34:
0C64        control_if_end_34:
0C64  CE 16 C1    DEC $C116
0C67  4C C9 0B    JMP control_while_28
0C6A        control_while_done_28:
0C6A  60          RTS
0C6B        user_routine_snake_spawn_food_after:
0C6B  4C 7B 0E    JMP user_routine_snake_step_after
0C6E        user_routine_snake_step:
0C6E  AD 00 C1    LDA $C100
0C71  8D 02 C1    STA $C102
0C74  AD 01 C1    LDA $C101
0C77  8D 03 C1    STA $C103
0C7A  AD 08 C1    LDA $C108
0C7D  C9 00       CMP #$00
0C7F  F0 03       BEQ condition_pass_38
0C81  4C 8A 0C    JMP control_if_else_37
0C84        condition_pass_38:
0C84  CE 03 C1    DEC $C103
0C87  4C 8A 0C    JMP control_if_end_37
0C8A        control_if_else_37:
0C8A        control_if_end_37:
0C8A  AD 08 C1    LDA $C108
0C8D  C9 01       CMP #$01
0C8F  F0 03       BEQ condition_pass_40
0C91  4C 9A 0C    JMP control_if_else_39
0C94        condition_pass_40:
0C94  EE 02 C1    INC $C102
0C97  4C 9A 0C    JMP control_if_end_39
0C9A        control_if_else_39:
0C9A        control_if_end_39:
0C9A  AD 08 C1    LDA $C108
0C9D  C9 02       CMP #$02
0C9F  F0 03       BEQ condition_pass_42
0CA1  4C AA 0C    JMP control_if_else_41
0CA4        condition_pass_42:
0CA4  EE 03 C1    INC $C103
0CA7  4C AA 0C    JMP control_if_end_41
0CAA        control_if_else_41:
0CAA        control_if_end_41:
0CAA  AD 08 C1    LDA $C108
0CAD  C9 03       CMP #$03
0CAF  F0 03       BEQ condition_pass_44
0CB1  4C BA 0C    JMP control_if_else_43
0CB4        condition_pass_44:
0CB4  CE 02 C1    DEC $C102
0CB7  4C BA 0C    JMP control_if_end_43
0CBA        control_if_else_43:
0CBA        control_if_end_43:
0CBA  AD 02 C1    LDA $C102
0CBD  C9 14       CMP #$14
0CBF  90 03       BCC map_x_ok_46
0CC1  4C E8 0C    JMP control_if_else_45
0CC4        map_x_ok_46:
0CC4  8D B2 C7    STA $C7B2
0CC7  AD 03 C1    LDA $C103
0CCA  C9 0F       CMP #$0F
0CCC  90 03       BCC map_y_ok_46
0CCE  4C E8 0C    JMP control_if_else_45
0CD1        map_y_ok_46:
0CD1  8D B3 C7    STA $C7B3
0CD4  20 65 11    JSR runtime_map_pointer_0
0CD7  B1 FB       LDA ($FB),Y
0CD9  C9 00       CMP #$00
0CDB  F0 03       BEQ condition_pass_46
0CDD  4C E8 0C    JMP control_if_else_45
0CE0        condition_pass_46:
0CE0  A9 00       LDA #$00
0CE2  8D 09 C1    STA $C109
0CE5  4C 1B 0D    JMP control_if_end_45
0CE8        control_if_else_45:
0CE8  AD 02 C1    LDA $C102
0CEB  C9 14       CMP #$14
0CED  90 03       BCC map_x_ok_48
0CEF  4C 16 0D    JMP control_if_else_47
0CF2        map_x_ok_48:
0CF2  8D B2 C7    STA $C7B2
0CF5  AD 03 C1    LDA $C103
0CF8  C9 0F       CMP #$0F
0CFA  90 03       BCC map_y_ok_48
0CFC  4C 16 0D    JMP control_if_else_47
0CFF        map_y_ok_48:
0CFF  8D B3 C7    STA $C7B3
0D02  20 65 11    JSR runtime_map_pointer_0
0D05  B1 FB       LDA ($FB),Y
0D07  C9 02       CMP #$02
0D09  F0 03       BEQ condition_pass_48
0D0B  4C 16 0D    JMP control_if_else_47
0D0E        condition_pass_48:
0D0E  A9 01       LDA #$01
0D10  8D 09 C1    STA $C109
0D13  4C 1B 0D    JMP control_if_end_47
0D16        control_if_else_47:
0D16  A9 01       LDA #$01
0D18  8D 0A C1    STA $C10A
0D1B        control_if_end_47:
0D1B        control_if_end_45:
0D1B  AD 0A C1    LDA $C10A
0D1E  C9 00       CMP #$00
0D20  F0 03       BEQ condition_pass_50
0D22  4C 75 0E    JMP control_if_else_49
0D25        condition_pass_50:
0D25  AD 09 C1    LDA $C109
0D28  C9 00       CMP #$00
0D2A  F0 03       BEQ condition_pass_52
0D2C  4C 80 0D    JMP control_if_else_51
0D2F        condition_pass_52:
0D2F  AE 05 C1    LDX $C105
0D32  BD 92 12    LDA snake_body_x,X
0D35  8D 06 C1    STA $C106
0D38  AE 05 C1    LDX $C105
0D3B  BD D2 12    LDA snake_body_y,X
0D3E  8D 07 C1    STA $C107
0D41  AD 06 C1    LDA $C106
0D44  C9 14       CMP #$14
0D46  90 03       BCC map_x_ok_53
0D48  4C 72 0D    JMP map_set_done_53
0D4B        map_x_ok_53:
0D4B  8D B2 C7    STA $C7B2
0D4E  AD 07 C1    LDA $C107
0D51  C9 0F       CMP #$0F
0D53  90 03       BCC map_y_ok_53
0D55  4C 72 0D    JMP map_set_done_53
0D58        map_y_ok_53:
0D58  8D B3 C7    STA $C7B3
0D5B  A9 00       LDA #$00
0D5D  C9 04       CMP #$04
0D5F  90 03       BCC map_value_ok_53
0D61  4C 72 0D    JMP map_set_done_53
0D64        map_value_ok_53:
0D64  8D B8 C7    STA $C7B8
0D67  20 65 11    JSR runtime_map_pointer_0
0D6A  AD B8 C7    LDA $C7B8
0D6D  91 FB       STA ($FB),Y
0D6F  20 C5 10    JSR runtime_map_draw_tile_0
0D72        map_set_done_53:
0D72  EE 05 C1    INC $C105
0D75  AD 05 C1    LDA $C105
0D78  29 3F       AND #$3F
0D7A  8D 05 C1    STA $C105
0D7D  4C 18 0E    JMP control_if_end_51
0D80        control_if_else_51:
0D80  18          CLC
0D81  AD 12 C1    LDA $C112
0D84  69 01       ADC #$01
0D86  C9 0A       CMP #$0A
0D88  B0 07       BCS game_counter_carry_54_2
0D8A  8D 12 C1    STA $C112
0D8D  18          CLC
0D8E  4C 97 0D    JMP game_counter_next_54_2
0D91        game_counter_carry_54_2:
0D91  E9 0A       SBC #$0A
0D93  8D 12 C1    STA $C112
0D96  38          SEC
0D97        game_counter_next_54_2:
0D97  AD 11 C1    LDA $C111
0D9A  69 00       ADC #$00
0D9C  C9 0A       CMP #$0A
0D9E  B0 07       BCS game_counter_carry_54_1
0DA0  8D 11 C1    STA $C111
0DA3  18          CLC
0DA4  4C AD 0D    JMP game_counter_next_54_1
0DA7        game_counter_carry_54_1:
0DA7  E9 0A       SBC #$0A
0DA9  8D 11 C1    STA $C111
0DAC  38          SEC
0DAD        game_counter_next_54_1:
0DAD  AD 10 C1    LDA $C110
0DB0  69 00       ADC #$00
0DB2  C9 0A       CMP #$0A
0DB4  B0 07       BCS game_counter_carry_54_0
0DB6  8D 10 C1    STA $C110
0DB9  18          CLC
0DBA  4C C3 0D    JMP game_counter_next_54_0
0DBD        game_counter_carry_54_0:
0DBD  E9 0A       SBC #$0A
0DBF  8D 10 C1    STA $C110
0DC2  38          SEC
0DC3        game_counter_next_54_0:
0DC3  AD 10 C1    LDA $C110
0DC6  18          CLC
0DC7  69 30       ADC #$30
0DC9  8D 5D 05    STA $055D
0DCC  A9 07       LDA #$07
0DCE  8D 5D D9    STA $D95D
0DD1  AD 11 C1    LDA $C111
0DD4  18          CLC
0DD5  69 30       ADC #$30
0DD7  8D 5E 05    STA $055E
0DDA  A9 07       LDA #$07
0DDC  8D 5E D9    STA $D95E
0DDF  AD 12 C1    LDA $C112
0DE2  18          CLC
0DE3  69 30       ADC #$30
0DE5  8D 5F 05    STA $055F
0DE8  A9 07       LDA #$07
0DEA  8D 5F D9    STA $D95F
0DED  A9 0F       LDA #$0F
0DEF  8D 18 D4    STA $D418
0DF2  A9 00       LDA #$00
0DF4  8D 04 D4    STA $D404
0DF7  A9 10       LDA #$10
0DF9  8D 04 D4    STA $D404
0DFC  A9 00       LDA #$00
0DFE  8D 05 D4    STA $D405
0E01  A9 00       LDA #$00
0E03  8D 06 D4    STA $D406
0E06  A9 39       LDA #$39
0E08  8D 00 D4    STA $D400
0E0B  A9 8B       LDA #$8B
0E0D  8D 01 D4    STA $D401
0E10  A9 11       LDA #$11
0E12  8D 04 D4    STA $D404
0E15  20 8B 0B    JSR user_routine_snake_spawn_food
0E18        control_if_end_51:
0E18  EE 04 C1    INC $C104
0E1B  AD 04 C1    LDA $C104
0E1E  29 3F       AND #$3F
0E20  8D 04 C1    STA $C104
0E23  AD 02 C1    LDA $C102
0E26  8D 00 C1    STA $C100
0E29  AD 03 C1    LDA $C103
0E2C  8D 01 C1    STA $C101
0E2F  AE 04 C1    LDX $C104
0E32  AD 00 C1    LDA $C100
0E35  9D 92 12    STA snake_body_x,X
0E38  AE 04 C1    LDX $C104
0E3B  AD 01 C1    LDA $C101
0E3E  9D D2 12    STA snake_body_y,X
0E41  AD 00 C1    LDA $C100
0E44  C9 14       CMP #$14
0E46  90 03       BCC map_x_ok_55
0E48  4C 72 0E    JMP map_set_done_55
0E4B        map_x_ok_55:
0E4B  8D B2 C7    STA $C7B2
0E4E  AD 01 C1    LDA $C101
0E51  C9 0F       CMP #$0F
0E53  90 03       BCC map_y_ok_55
0E55  4C 72 0E    JMP map_set_done_55
0E58        map_y_ok_55:
0E58  8D B3 C7    STA $C7B3
0E5B  A9 03       LDA #$03
0E5D  C9 04       CMP #$04
0E5F  90 03       BCC map_value_ok_55
0E61  4C 72 0E    JMP map_set_done_55
0E64        map_value_ok_55:
0E64  8D B8 C7    STA $C7B8
0E67  20 65 11    JSR runtime_map_pointer_0
0E6A  AD B8 C7    LDA $C7B8
0E6D  91 FB       STA ($FB),Y
0E6F  20 C5 10    JSR runtime_map_draw_tile_0
0E72        map_set_done_55:
0E72  4C 7A 0E    JMP control_if_end_49
0E75        control_if_else_49:
0E75  A9 02       LDA #$02
0E77  8D 20 D0    STA $D020
0E7A        control_if_end_49:
0E7A  60          RTS
0E7B        user_routine_snake_step_after:
            ; Deterministic game frame loop
0E7B  A9 00       LDA #$00
0E7D  8D 6A C7    STA $C76A
0E80  A9 00       LDA #$00
0E82  8D 6B C7    STA $C76B
0E85  A9 00       LDA #$00
0E87  8D 70 C7    STA $C770
0E8A  A9 00       LDA #$00
0E8C  8D 17 C1    STA $C117
0E8F  A9 FF       LDA #$FF
0E91  8D 67 C7    STA $C767
0E94  A9 FF       LDA #$FF
0E96  8D 69 C7    STA $C769
0E99  A9 01       LDA #$01
0E9B  8D 80 C7    STA $C780
0E9E  A9 01       LDA #$01
0EA0  8D 90 C7    STA $C790
0EA3  A9 3C       LDA #$3C
0EA5  8D 6F C7    STA $C76F
0EA8        game_video_detect_low:
0EA8  AD 11 D0    LDA $D011
0EAB  30 FB       BMI game_video_detect_low
0EAD        game_video_detect_high:
0EAD  AD 11 D0    LDA $D011
0EB0  10 FB       BPL game_video_detect_high
0EB2        game_video_detect_scan:
0EB2  AD 11 D0    LDA $D011
0EB5  10 0F       BPL game_video_detect_done
0EB7  AD 12 D0    LDA $D012
0EBA  C9 20       CMP #$20
0EBC  B0 03       BCS game_video_detect_pal
0EBE  4C B2 0E    JMP game_video_detect_scan
0EC1        game_video_detect_pal:
0EC1  A9 32       LDA #$32
0EC3  8D 6F C7    STA $C76F
0EC6        game_video_detect_done:
0EC6        game_frame_loop:
0EC6        game_frame_wait_leave:
0EC6  AD 11 D0    LDA $D011
0EC9  30 FB       BMI game_frame_wait_leave
0ECB  AD 12 D0    LDA $D012
0ECE  C9 F0       CMP #$F0
0ED0  B0 F4       BCS game_frame_wait_leave
0ED2        game_frame_wait_target:
0ED2  AD 11 D0    LDA $D011
0ED5  30 07       BMI game_frame_target_reached
0ED7  AD 12 D0    LDA $D012
0EDA  C9 F0       CMP #$F0
0EDC  90 F4       BCC game_frame_wait_target
0EDE        game_frame_target_reached:
0EDE  18          CLC
0EDF  AD 70 C7    LDA $C770
0EE2  69 32       ADC #$32
0EE4  8D 70 C7    STA $C770
0EE7  CD 6F C7    CMP $C76F
0EEA  B0 03       BCS game_frame_logical_tick
0EEC  4C C6 0E    JMP game_frame_loop
0EEF        game_frame_logical_tick:
0EEF  38          SEC
0EF0  AD 70 C7    LDA $C770
0EF3  ED 6F C7    SBC $C76F
0EF6  8D 70 C7    STA $C770
0EF9  AD 67 C7    LDA $C767
0EFC  8D 69 C7    STA $C769
0EFF  AD 00 DC    LDA $DC00
0F02  8D 67 C7    STA $C767
0F05  AD 00 DC    LDA $DC00
0F08  8D 6C C7    STA $C76C
0F0B  AD 02 DC    LDA $DC02
0F0E  8D 6D C7    STA $C76D
0F11  AD 03 DC    LDA $DC03
0F14  8D 6E C7    STA $C76E
0F17  A9 FF       LDA #$FF
0F19  8D 02 DC    STA $DC02
0F1C  A9 00       LDA #$00
0F1E  8D 03 DC    STA $DC03
0F21  AD 80 C7    LDA $C780
0F24  8D 90 C7    STA $C790
0F27  A9 7F       LDA #$7F
0F29  8D 00 DC    STA $DC00
0F2C  AD 01 DC    LDA $DC01
0F2F  29 10       AND #$10
0F31  F0 05       BEQ keyboard_scan_pressed_60
0F33  A9 01       LDA #$01
0F35  4C 3A 0F    JMP keyboard_scan_stored_60
0F38        keyboard_scan_pressed_60:
0F38  A9 00       LDA #$00
0F3A        keyboard_scan_stored_60:
0F3A  8D 80 C7    STA $C780
0F3D  AD 6C C7    LDA $C76C
0F40  8D 00 DC    STA $DC00
0F43  AD 6D C7    LDA $C76D
0F46  8D 02 DC    STA $DC02
0F49  AD 6E C7    LDA $C76E
0F4C  8D 03 DC    STA $DC03
0F4F  EE 6A C7    INC $C76A
0F52  D0 03       BNE game_frame_counter_done_56
0F54  EE 6B C7    INC $C76B
0F57        game_frame_counter_done_56:
0F57  A9 00       LDA #$00
0F59  8D 0C C1    STA $C10C
0F5C  AD 0A C1    LDA $C10A
0F5F  C9 01       CMP #$01
0F61  F0 03       BEQ condition_pass_58
0F63  4C D6 0F    JMP control_if_else_57
0F66        condition_pass_58:
0F66  A9 02       LDA #$02
0F68  8D 20 D0    STA $D020
0F6B  A2 00       LDX #$00
0F6D        printat_loop_59:
0F6D  BD 2A 12    LDA str_screen_6,X
0F70  F0 0B       BEQ printat_done_60
0F72  9D A7 05    STA $05A7,X
0F75  A9 01       LDA #$01
0F77  9D A7 D9    STA $D9A7,X
0F7A  E8          INX
0F7B  D0 F0       BNE printat_loop_59
0F7D        printat_done_60:
0F7D  A2 00       LDX #$00
0F7F        printat_loop_61:
0F7F  BD 3C 12    LDA str_screen_7,X
0F82  F0 0B       BEQ printat_done_62
0F84  9D CF 05    STA $05CF,X
0F87  A9 01       LDA #$01
0F89  9D CF D9    STA $D9CF,X
0F8C  E8          INX
0F8D  D0 F0       BNE printat_loop_61
0F8F        printat_done_62:
0F8F  AD 67 C7    LDA $C767
0F92  29 10       AND #$10
0F94  F0 03       BEQ joystick_current_pressed_64
0F96  4C AB 0F    JMP control_if_else_63
0F99        joystick_current_pressed_64:
0F99  AD 69 C7    LDA $C769
0F9C  29 10       AND #$10
0F9E  D0 03       BNE condition_pass_64
0FA0  4C AB 0F    JMP control_if_else_63
0FA3        condition_pass_64:
0FA3  A9 01       LDA #$01
0FA5  8D 0C C1    STA $C10C
0FA8  4C AB 0F    JMP control_if_end_63
0FAB        control_if_else_63:
0FAB        control_if_end_63:
0FAB  AD 80 C7    LDA $C780
0FAE  F0 03       BEQ keyboard_pressed_66
0FB0  4C C3 0F    JMP control_if_else_65
0FB3        keyboard_pressed_66:
0FB3  AD 90 C7    LDA $C790
0FB6  D0 03       BNE condition_pass_66
0FB8  4C C3 0F    JMP control_if_else_65
0FBB        condition_pass_66:
0FBB  A9 01       LDA #$01
0FBD  8D 0C C1    STA $C10C
0FC0  4C C3 0F    JMP control_if_end_65
0FC3        control_if_else_65:
0FC3        control_if_end_65:
0FC3  AD 0C C1    LDA $C10C
0FC6  C9 01       CMP #$01
0FC8  F0 03       BEQ condition_pass_68
0FCA  4C D3 0F    JMP control_if_else_67
0FCD        condition_pass_68:
0FCD  20 F7 09    JSR user_routine_snake_reset
0FD0  4C D3 0F    JMP control_if_end_67
0FD3        control_if_else_67:
0FD3        control_if_end_67:
0FD3  4C D6 0F    JMP control_if_end_57
0FD6        control_if_else_57:
0FD6        control_if_end_57:
0FD6  AD 0A C1    LDA $C10A
0FD9  C9 00       CMP #$00
0FDB  F0 03       BEQ condition_pass_70
0FDD  4C C2 10    JMP control_if_else_69
0FE0        condition_pass_70:
0FE0  AD 0B C1    LDA $C10B
0FE3  C9 00       CMP #$00
0FE5  F0 03       BEQ condition_pass_72
0FE7  4C 2D 10    JMP control_if_else_71
0FEA        condition_pass_72:
0FEA  AD 67 C7    LDA $C767
0FED  29 10       AND #$10
0FEF  F0 03       BEQ joystick_current_pressed_74
0FF1  4C 2A 10    JMP control_if_else_73
0FF4        joystick_current_pressed_74:
0FF4  AD 69 C7    LDA $C769
0FF7  29 10       AND #$10
0FF9  D0 03       BNE condition_pass_74
0FFB  4C 2A 10    JMP control_if_else_73
0FFE        condition_pass_74:
0FFE  A9 01       LDA #$01
1000  8D 0B C1    STA $C10B
1003  A2 00       LDX #$00
1005        printat_loop_75:
1005  BD 18 12    LDA str_screen_5,X
1008  F0 0B       BEQ printat_done_76
100A  9D A7 05    STA $05A7,X
100D  A9 01       LDA #$01
100F  9D A7 D9    STA $D9A7,X
1012  E8          INX
1013  D0 F0       BNE printat_loop_75
1015        printat_done_76:
1015  A2 00       LDX #$00
1017        printat_loop_77:
1017  BD 18 12    LDA str_screen_5,X
101A  F0 0B       BEQ printat_done_78
101C  9D CF 05    STA $05CF,X
101F  A9 01       LDA #$01
1021  9D CF D9    STA $D9CF,X
1024  E8          INX
1025  D0 F0       BNE printat_loop_77
1027        printat_done_78:
1027  4C 2A 10    JMP control_if_end_73
102A        control_if_else_73:
102A        control_if_end_73:
102A  4C 2D 10    JMP control_if_end_71
102D        control_if_else_71:
102D        control_if_end_71:
102D  AD 0B C1    LDA $C10B
1030  C9 01       CMP #$01
1032  F0 03       BEQ condition_pass_80
1034  4C BF 10    JMP control_if_else_79
1037        condition_pass_80:
1037  AD 67 C7    LDA $C767
103A  29 01       AND #$01
103C  F0 03       BEQ joystick_current_pressed_82
103E  4C 53 10    JMP control_if_else_81
1041        joystick_current_pressed_82:
1041  AD 69 C7    LDA $C769
1044  29 01       AND #$01
1046  D0 03       BNE condition_pass_82
1048  4C 53 10    JMP control_if_else_81
104B        condition_pass_82:
104B  A9 00       LDA #$00
104D  8D 08 C1    STA $C108
1050  4C 53 10    JMP control_if_end_81
1053        control_if_else_81:
1053        control_if_end_81:
1053  AD 67 C7    LDA $C767
1056  29 08       AND #$08
1058  F0 03       BEQ joystick_current_pressed_84
105A  4C 6F 10    JMP control_if_else_83
105D        joystick_current_pressed_84:
105D  AD 69 C7    LDA $C769
1060  29 08       AND #$08
1062  D0 03       BNE condition_pass_84
1064  4C 6F 10    JMP control_if_else_83
1067        condition_pass_84:
1067  A9 01       LDA #$01
1069  8D 08 C1    STA $C108
106C  4C 6F 10    JMP control_if_end_83
106F        control_if_else_83:
106F        control_if_end_83:
106F  AD 67 C7    LDA $C767
1072  29 02       AND #$02
1074  F0 03       BEQ joystick_current_pressed_86
1076  4C 8B 10    JMP control_if_else_85
1079        joystick_current_pressed_86:
1079  AD 69 C7    LDA $C769
107C  29 02       AND #$02
107E  D0 03       BNE condition_pass_86
1080  4C 8B 10    JMP control_if_else_85
1083        condition_pass_86:
1083  A9 02       LDA #$02
1085  8D 08 C1    STA $C108
1088  4C 8B 10    JMP control_if_end_85
108B        control_if_else_85:
108B        control_if_end_85:
108B  AD 67 C7    LDA $C767
108E  29 04       AND #$04
1090  F0 03       BEQ joystick_current_pressed_88
1092  4C A7 10    JMP control_if_else_87
1095        joystick_current_pressed_88:
1095  AD 69 C7    LDA $C769
1098  29 04       AND #$04
109A  D0 03       BNE condition_pass_88
109C  4C A7 10    JMP control_if_else_87
109F        condition_pass_88:
109F  A9 03       LDA #$03
10A1  8D 08 C1    STA $C108
10A4  4C A7 10    JMP control_if_end_87
10A7        control_if_else_87:
10A7        control_if_end_87:
10A7  EE 17 C1    INC $C117
10AA  AD 17 C1    LDA $C117
10AD  C9 06       CMP #$06
10AF  B0 03       BCS game_every_run_89
10B1  4C BC 10    JMP game_every_done_90
10B4        game_every_run_89:
10B4  A9 00       LDA #$00
10B6  8D 17 C1    STA $C117
10B9  20 6E 0C    JSR user_routine_snake_step
10BC        game_every_done_90:
10BC  4C BF 10    JMP control_if_end_79
10BF        control_if_else_79:
10BF        control_if_end_79:
10BF  4C C2 10    JMP control_if_end_69
10C2        control_if_else_69:
10C2        control_if_end_69:
10C2  4C C6 0E    JMP game_frame_loop
            ; Dynamic map 0: draw one changed metatile
10C5        runtime_map_draw_tile_0:
10C5  AD B2 C7    LDA $C7B2
10C8  8D C2 C7    STA $C7C2
10CB  AD B3 C7    LDA $C7B3
10CE  8D C3 C7    STA $C7C3
10D1        runtime_map_draw_tile_body_0:
10D1  20 65 11    JSR runtime_map_pointer_0
10D4  B1 FB       LDA ($FB),Y
10D6  8D B4 C7    STA $C7B4
10D9  AD B4 C7    LDA $C7B4
10DC  8D B5 C7    STA $C7B5
10DF  A9 A1       LDA #$A1
10E1  85 FB       STA $FB
10E3  A9 04       LDA #$04
10E5  85 FC       STA $FC
10E7  AD C3 C7    LDA $C7C3
10EA  8D B7 C7    STA $C7B7
10ED        runtime_map_screen_y_loop_0:
10ED  AD B7 C7    LDA $C7B7
10F0  F0 13       BEQ runtime_map_screen_y_done_0
10F2  18          CLC
10F3  A5 FB       LDA $FB
10F5  69 28       ADC #$28
10F7  85 FB       STA $FB
10F9  A5 FC       LDA $FC
10FB  69 00       ADC #$00
10FD  85 FC       STA $FC
10FF  CE B7 C7    DEC $C7B7
1102  4C ED 10    JMP runtime_map_screen_y_loop_0
1105        runtime_map_screen_y_done_0:
1105  AD C2 C7    LDA $C7C2
1108  8D B9 C7    STA $C7B9
110B  18          CLC
110C  A5 FB       LDA $FB
110E  6D B9 C7    ADC $C7B9
1111  85 FB       STA $FB
1113  A5 FC       LDA $FC
1115  69 00       ADC #$00
1117  85 FC       STA $FC
1119  18          CLC
111A  A5 FB       LDA $FB
111C  69 00       ADC #$00
111E  85 FD       STA $FD
1120  A5 FC       LDA $FC
1122  69 D4       ADC #$D4
1124  85 FE       STA $FE
1126  18          CLC
1127  AD B5 C7    LDA $C7B5
112A  69 00       ADC #$00
112C  A8          TAY
112D  B9 52 12    LDA asset_map_chars_0,Y
1130  A0 00       LDY #$00
1132  91 FB       STA ($FB),Y
1134  18          CLC
1135  AD B5 C7    LDA $C7B5
1138  69 00       ADC #$00
113A  A8          TAY
113B  B9 56 12    LDA asset_map_colors_0,Y
113E  A0 00       LDY #$00
1140  91 FD       STA ($FD),Y
1142  60          RTS
            ; Dynamic map 0: redraw visible cells from runtime RAM
1143        runtime_map_redraw_0:
1143  A9 00       LDA #$00
1145  8D B3 C7    STA $C7B3
1148        runtime_map_redraw_row_0:
1148  A9 00       LDA #$00
114A  8D B2 C7    STA $C7B2
114D        runtime_map_redraw_column_0:
114D  20 C5 10    JSR runtime_map_draw_tile_0
1150  EE B2 C7    INC $C7B2
1153  AD B2 C7    LDA $C7B2
1156  C9 14       CMP #$14
1158  D0 F3       BNE runtime_map_redraw_column_0
115A  EE B3 C7    INC $C7B3
115D  AD B3 C7    LDA $C7B3
1160  C9 0F       CMP #$0F
1162  D0 E4       BNE runtime_map_redraw_row_0
1164  60          RTS
1165        runtime_map_pointer_0:
1165  A9 00       LDA #$00
1167  8D B6 C7    STA $C7B6
116A  A9 00       LDA #$00
116C  8D BA C7    STA $C7BA
116F  AD B3 C7    LDA $C7B3
1172  8D B7 C7    STA $C7B7
1175  A9 00       LDA #$00
1177  8D BF C7    STA $C7BF
117A  0E B7 C7    ASL $C7B7
117D  2E BF C7    ROL $C7BF
1180  0E B7 C7    ASL $C7B7
1183  2E BF C7    ROL $C7BF
1186  18          CLC
1187  AD B6 C7    LDA $C7B6
118A  6D B7 C7    ADC $C7B7
118D  8D B6 C7    STA $C7B6
1190  AD BA C7    LDA $C7BA
1193  6D BF C7    ADC $C7BF
1196  8D BA C7    STA $C7BA
1199  0E B7 C7    ASL $C7B7
119C  2E BF C7    ROL $C7BF
119F  0E B7 C7    ASL $C7B7
11A2  2E BF C7    ROL $C7BF
11A5  18          CLC
11A6  AD B6 C7    LDA $C7B6
11A9  6D B7 C7    ADC $C7B7
11AC  8D B6 C7    STA $C7B6
11AF  AD BA C7    LDA $C7BA
11B2  6D BF C7    ADC $C7BF
11B5  8D BA C7    STA $C7BA
11B8  18          CLC
11B9  AD B6 C7    LDA $C7B6
11BC  6D B2 C7    ADC $C7B2
11BF  8D B6 C7    STA $C7B6
11C2  AD BA C7    LDA $C7BA
11C5  69 00       ADC #$00
11C7  8D BA C7    STA $C7BA
11CA  18          CLC
11CB  AD B6 C7    LDA $C7B6
11CE  69 00       ADC #$00
11D0  85 FB       STA $FB
11D2  AD BA C7    LDA $C7BA
11D5  69 80       ADC #$80
11D7  85 FC       STA $FC
11D9  A0 00       LDY #$00
11DB  60          RTS
            ; String pool
11DC        str_screen_0:
11DC  13 0E 01 0B 05 20 16 31 2E 30 00 .byte $13, $0E, $01, $0B, $05, $20, $16, $31, $2E, $30, $00
11E7        str_screen_1:
11E7  0A 0F 19 13 14 09 03 0B 20 32 00 .byte $0A, $0F, $19, $13, $14, $09, $03, $0B, $20, $32, $00
11F2        str_screen_2:
11F2  13 03 0F 12 05 00 .byte $13, $03, $0F, $12, $05, $00
11F8        str_screen_3:
11F8  06 09 12 05 20 14 0F 20 13 14 01 12 14 00 .byte $06, $09, $12, $05, $20, $14, $0F, $20, $13, $14, $01, $12, $14, $00
1206        str_screen_4:
1206  06 09 12 05 20 14 0F 20 13 14 01 12 14 20 20 20 20 00 .byte $06, $09, $12, $05, $20, $14, $0F, $20, $13, $14, $01, $12, $14, $20, $20, $20, $20, $00
1218        str_screen_5:
1218  20 20 20 20 20 20 20 20 20 20 20 20 20 20 20 20 20 00 .byte $20, $20, $20, $20, $20, $20, $20, $20, $20, $20, $20, $20, $20, $20, $20, $20, $20, $00
122A        str_screen_6:
122A  07 01 0D 05 20 0F 16 05 12 20 20 20 20 20 20 20 20 00 .byte $07, $01, $0D, $05, $20, $0F, $16, $05, $12, $20, $20, $20, $20, $20, $20, $20, $20, $00
123C        str_screen_7:
123C  06 09 12 05 2F 13 10 01 03 05 3A 20 12 05 13 05 14 00 .byte $06, $09, $12, $05, $2F, $13, $10, $01, $03, $05, $3A, $20, $12, $05, $13, $05, $14, $00
            ; User data
124E        asset_map_collisions_0:
124E  00 01 00 02 .byte $00, $01, $00, $02
1252        asset_map_chars_0:
1252  20 40 41 42 .byte $20, $40, $41, $42
1256        asset_map_colors_0:
1256  00 0E 07 05 .byte $00, $0E, $07, $05
125A        asset_rle_1:
125A  15 01 12 00 02 01 12 00 02 01 12 00 02 01 12 00 02 01 12 00 02 01 12 00 02 01 12 00 02 01 12 00 02 01 12 00 02 01 12 00 02 01 12 00 02 01 0F 00 .byte $15, $01, $12, $00, $02, $01, $12, $00, $02, $01, $12, $00, $02, $01, $12, $00, $02, $01, $12, $00, $02, $01, $12, $00, $02, $01, $12, $00, $02, $01, $12, $00, $02, $01, $12, $00, $02, $01, $12, $00, $02, $01, $12, $00, $02, $01, $0F, $00
128A        asset_rle_3:
128A  03 00 02 01 12 00 15 01 .byte $03, $00, $02, $01, $12, $00, $15, $01
1292        snake_body_x:
1292  0A 0A 0A 0A 0A 0A 0A 0A 0A 0A 0A 0A 0A 0A 0A 0A 0A 0A 0A 0A 0A 0A 0A 0A 0A 0A 0A 0A 0A 0A 0A 0A 0A 0A 0A 0A 0A 0A 0A 0A 0A 0A 0A 0A 0A 0A 0A 0A 0A 0A 0A 0A 0A 0A 0A 0A 0A 0A 0A 0A 0A 0A 0A 0A .byte $0A, $0A, $0A, $0A, $0A, $0A, $0A, $0A, $0A, $0A, $0A, $0A, $0A, $0A, $0A, $0A, $0A, $0A, $0A, $0A, $0A, $0A, $0A, $0A, $0A, $0A, $0A, $0A, $0A, $0A, $0A, $0A, $0A, $0A, $0A, $0A, $0A, $0A, $0A, $0A, $0A, $0A, $0A, $0A, $0A, $0A, $0A, $0A, $0A, $0A, $0A, $0A, $0A, $0A, $0A, $0A, $0A, $0A, $0A, $0A, $0A, $0A, $0A, $0A
12D2        snake_body_y:
12D2  07 07 07 07 07 07 07 07 07 07 07 07 07 07 07 07 07 07 07 07 07 07 07 07 07 07 07 07 07 07 07 07 07 07 07 07 07 07 07 07 07 07 07 07 07 07 07 07 07 07 07 07 07 07 07 07 07 07 07 07 07 07 07 07 .byte $07, $07, $07, $07, $07, $07, $07, $07, $07, $07, $07, $07, $07, $07, $07, $07, $07, $07, $07, $07, $07, $07, $07, $07, $07, $07, $07, $07, $07, $07, $07, $07, $07, $07, $07, $07, $07, $07, $07, $07, $07, $07, $07, $07, $07, $07, $07, $07, $07, $07, $07, $07, $07, $07, $07, $07, $07, $07, $07, $07, $07, $07, $07, $07
1312        asset_bytes_5:
1312  FF 81 BD A5 A5 BD 81 FF 18 3C 7E FF FF 7E 3C 18 3C 7E FF FF FF FF 7E 3C .byte $FF, $81, $BD, $A5, $A5, $BD, $81, $FF, $18, $3C, $7E, $FF, $FF, $7E, $3C, $18, $3C, $7E, $FF, $FF, $FF, $FF, $7E, $3C
