            ; Clear all 16 logical sprite slots before user initialization
0810  A2 00       LDX #$00
0812        sprite_mux_init_loop:
0812  A9 00       LDA #$00
0814  9D 05 C5    STA $C505,X
0817  9D 00 C4    STA $C400,X
081A  9D 01 C4    STA $C401,X
081D  9D 02 C4    STA $C402,X
0820  9D 03 C4    STA $C403,X
0823  9D 04 C4    STA $C404,X
0826  9D 05 C4    STA $C405,X
0829  9D 06 C4    STA $C406,X
082C  8A          TXA
082D  18          CLC
082E  69 08       ADC #$08
0830  AA          TAX
0831  E0 80       CPX #$80
0833  D0 DD       BNE sprite_mux_init_loop
0835  A2 00       LDX #$00
0837        copydata_3000_sprite_frames_multiplex_diamond_0_63_0:
0837  BD 58 10    LDA sprite_frames_multiplex_diamond_0,X
083A  9D 00 30    STA $3000,X
083D  E8          INX
083E  E0 3F       CPX #$3F
0840  D0 F5       BNE copydata_3000_sprite_frames_multiplex_diamond_0_63_0
0842  A9 00       LDA #$00
0844  8D 3F 30    STA $303F
0847  A2 00       LDX #$00
0849        copydata_3040_sprite_frames_multiplex_diamond_1_63_1:
0849  BD 97 10    LDA sprite_frames_multiplex_diamond_1,X
084C  9D 40 30    STA $3040,X
084F  E8          INX
0850  E0 3F       CPX #$3F
0852  D0 F5       BNE copydata_3040_sprite_frames_multiplex_diamond_1_63_1
0854  A9 00       LDA #$00
0856  8D 7F 30    STA $307F
0859  A9 20       LDA #$20
085B  8D 00 C5    STA $C500
085E  A9 00       LDA #$00
0860  8D 01 C5    STA $C501
0863  A9 AF       LDA #$AF
0865  8D 02 C5    STA $C502
0868  A9 01       LDA #$01
086A  8D 03 C5    STA $C503
086D  A9 FF       LDA #$FF
086F  8D 04 C5    STA $C504
0872  A9 01       LDA #$01
0874  8D 05 C5    STA $C505
0877  A9 01       LDA #$01
0879  8D 05 C4    STA $C405
087C  A9 C0       LDA #$C0
087E  8D 04 C4    STA $C404
0881  A9 01       LDA #$01
0883  8D 05 C4    STA $C405
0886  A9 46       LDA #$46
0888  8D 08 C5    STA $C508
088B  A9 00       LDA #$00
088D  8D 09 C5    STA $C509
0890  A9 37       LDA #$37
0892  8D 0A C5    STA $C50A
0895  A9 00       LDA #$00
0897  8D 0B C5    STA $C50B
089A  A9 00       LDA #$00
089C  8D 0C C5    STA $C50C
089F  A9 01       LDA #$01
08A1  8D 0D C5    STA $C50D
08A4  A9 01       LDA #$01
08A6  8D 0D C4    STA $C40D
08A9  A9 C0       LDA #$C0
08AB  8D 0C C4    STA $C40C
08AE  A9 02       LDA #$02
08B0  8D 0D C4    STA $C40D
08B3  A9 6C       LDA #$6C
08B5  8D 10 C5    STA $C510
08B8  A9 00       LDA #$00
08BA  8D 11 C5    STA $C511
08BD  A9 D7       LDA #$D7
08BF  8D 12 C5    STA $C512
08C2  A9 00       LDA #$00
08C4  8D 13 C5    STA $C513
08C7  A9 00       LDA #$00
08C9  8D 14 C5    STA $C514
08CC  A9 01       LDA #$01
08CE  8D 15 C5    STA $C515
08D1  A9 01       LDA #$01
08D3  8D 15 C4    STA $C415
08D6  A9 C0       LDA #$C0
08D8  8D 14 C4    STA $C414
08DB  A9 03       LDA #$03
08DD  8D 15 C4    STA $C415
08E0  A9 92       LDA #$92
08E2  8D 18 C5    STA $C518
08E5  A9 00       LDA #$00
08E7  8D 19 C5    STA $C519
08EA  A9 69       LDA #$69
08EC  8D 1A C5    STA $C51A
08EF  A9 00       LDA #$00
08F1  8D 1B C5    STA $C51B
08F4  A9 00       LDA #$00
08F6  8D 1C C5    STA $C51C
08F9  A9 01       LDA #$01
08FB  8D 1D C5    STA $C51D
08FE  A9 01       LDA #$01
0900  8D 1D C4    STA $C41D
0903  A9 C0       LDA #$C0
0905  8D 1C C4    STA $C41C
0908  A9 04       LDA #$04
090A  8D 1D C4    STA $C41D
090D  A9 B8       LDA #$B8
090F  8D 20 C5    STA $C520
0912  A9 00       LDA #$00
0914  8D 21 C5    STA $C521
0917  A9 87       LDA #$87
0919  8D 22 C5    STA $C522
091C  A9 00       LDA #$00
091E  8D 23 C5    STA $C523
0921  A9 00       LDA #$00
0923  8D 24 C5    STA $C524
0926  A9 01       LDA #$01
0928  8D 25 C5    STA $C525
092B  A9 01       LDA #$01
092D  8D 25 C4    STA $C425
0930  A9 C0       LDA #$C0
0932  8D 24 C4    STA $C424
0935  A9 05       LDA #$05
0937  8D 25 C4    STA $C425
093A  A9 DE       LDA #$DE
093C  8D 28 C5    STA $C528
093F  A9 00       LDA #$00
0941  8D 29 C5    STA $C529
0944  A9 2D       LDA #$2D
0946  8D 2A C5    STA $C52A
0949  A9 00       LDA #$00
094B  8D 2B C5    STA $C52B
094E  A9 00       LDA #$00
0950  8D 2C C5    STA $C52C
0953  A9 01       LDA #$01
0955  8D 2D C5    STA $C52D
0958  A9 01       LDA #$01
095A  8D 2D C4    STA $C42D
095D  A9 C0       LDA #$C0
095F  8D 2C C4    STA $C42C
0962  A9 06       LDA #$06
0964  8D 2D C4    STA $C42D
0967  A9 04       LDA #$04
0969  8D 30 C5    STA $C530
096C  A9 01       LDA #$01
096E  8D 31 C5    STA $C531
0971  A9 E1       LDA #$E1
0973  8D 32 C5    STA $C532
0976  A9 00       LDA #$00
0978  8D 33 C5    STA $C533
097B  A9 00       LDA #$00
097D  8D 34 C5    STA $C534
0980  A9 01       LDA #$01
0982  8D 35 C5    STA $C535
0985  A9 01       LDA #$01
0987  8D 35 C4    STA $C435
098A  A9 C0       LDA #$C0
098C  8D 34 C4    STA $C434
098F  A9 07       LDA #$07
0991  8D 35 C4    STA $C435
0994  A9 2A       LDA #$2A
0996  8D 38 C5    STA $C538
0999  A9 01       LDA #$01
099B  8D 39 C5    STA $C539
099E  A9 5A       LDA #$5A
09A0  8D 3A C5    STA $C53A
09A3  A9 00       LDA #$00
09A5  8D 3B C5    STA $C53B
09A8  A9 00       LDA #$00
09AA  8D 3C C5    STA $C53C
09AD  A9 01       LDA #$01
09AF  8D 3D C5    STA $C53D
09B2  A9 01       LDA #$01
09B4  8D 3D C4    STA $C43D
09B7  A9 C0       LDA #$C0
09B9  8D 3C C4    STA $C43C
09BC  A9 08       LDA #$08
09BE  8D 3D C4    STA $C43D
09C1  A9 20       LDA #$20
09C3  8D 40 C5    STA $C540
09C6  A9 00       LDA #$00
09C8  8D 41 C5    STA $C541
09CB  A9 41       LDA #$41
09CD  8D 42 C5    STA $C542
09D0  A9 FF       LDA #$FF
09D2  8D 43 C5    STA $C543
09D5  A9 01       LDA #$01
09D7  8D 44 C5    STA $C544
09DA  A9 01       LDA #$01
09DC  8D 45 C5    STA $C545
09DF  A9 01       LDA #$01
09E1  8D 45 C4    STA $C445
09E4  A9 C0       LDA #$C0
09E6  8D 44 C4    STA $C444
09E9  A9 01       LDA #$01
09EB  8D 45 C4    STA $C445
09EE  A9 46       LDA #$46
09F0  8D 48 C5    STA $C548
09F3  A9 00       LDA #$00
09F5  8D 49 C5    STA $C549
09F8  A9 C3       LDA #$C3
09FA  8D 4A C5    STA $C54A
09FD  A9 00       LDA #$00
09FF  8D 4B C5    STA $C54B
0A02  A9 00       LDA #$00
0A04  8D 4C C5    STA $C54C
0A07  A9 01       LDA #$01
0A09  8D 4D C5    STA $C54D
0A0C  A9 01       LDA #$01
0A0E  8D 4D C4    STA $C44D
0A11  A9 C0       LDA #$C0
0A13  8D 4C C4    STA $C44C
0A16  A9 02       LDA #$02
0A18  8D 4D C4    STA $C44D
0A1B  A9 6C       LDA #$6C
0A1D  8D 50 C5    STA $C550
0A20  A9 00       LDA #$00
0A22  8D 51 C5    STA $C551
0A25  A9 73       LDA #$73
0A27  8D 52 C5    STA $C552
0A2A  A9 00       LDA #$00
0A2C  8D 53 C5    STA $C553
0A2F  A9 00       LDA #$00
0A31  8D 54 C5    STA $C554
0A34  A9 01       LDA #$01
0A36  8D 55 C5    STA $C555
0A39  A9 01       LDA #$01
0A3B  8D 55 C4    STA $C455
0A3E  A9 C0       LDA #$C0
0A40  8D 54 C4    STA $C454
0A43  A9 03       LDA #$03
0A45  8D 55 C4    STA $C455
0A48  A9 92       LDA #$92
0A4A  8D 58 C5    STA $C558
0A4D  A9 00       LDA #$00
0A4F  8D 59 C5    STA $C559
0A52  A9 EB       LDA #$EB
0A54  8D 5A C5    STA $C55A
0A57  A9 00       LDA #$00
0A59  8D 5B C5    STA $C55B
0A5C  A9 00       LDA #$00
0A5E  8D 5C C5    STA $C55C
0A61  A9 01       LDA #$01
0A63  8D 5D C5    STA $C55D
0A66  A9 01       LDA #$01
0A68  8D 5D C4    STA $C45D
0A6B  A9 C0       LDA #$C0
0A6D  8D 5C C4    STA $C45C
0A70  A9 04       LDA #$04
0A72  8D 5D C4    STA $C45D
0A75  A9 B8       LDA #$B8
0A77  8D 60 C5    STA $C560
0A7A  A9 00       LDA #$00
0A7C  8D 61 C5    STA $C561
0A7F  A9 96       LDA #$96
0A81  8D 62 C5    STA $C562
0A84  A9 00       LDA #$00
0A86  8D 63 C5    STA $C563
0A89  A9 00       LDA #$00
0A8B  8D 64 C5    STA $C564
0A8E  A9 01       LDA #$01
0A90  8D 65 C5    STA $C565
0A93  A9 01       LDA #$01
0A95  8D 65 C4    STA $C465
0A98  A9 C0       LDA #$C0
0A9A  8D 64 C4    STA $C464
0A9D  A9 05       LDA #$05
0A9F  8D 65 C4    STA $C465
0AA2  A9 DE       LDA #$DE
0AA4  8D 68 C5    STA $C568
0AA7  A9 00       LDA #$00
0AA9  8D 69 C5    STA $C569
0AAC  A9 50       LDA #$50
0AAE  8D 6A C5    STA $C56A
0AB1  A9 00       LDA #$00
0AB3  8D 6B C5    STA $C56B
0AB6  A9 00       LDA #$00
0AB8  8D 6C C5    STA $C56C
0ABB  A9 01       LDA #$01
0ABD  8D 6D C5    STA $C56D
0AC0  A9 01       LDA #$01
0AC2  8D 6D C4    STA $C46D
0AC5  A9 C0       LDA #$C0
0AC7  8D 6C C4    STA $C46C
0ACA  A9 06       LDA #$06
0ACC  8D 6D C4    STA $C46D
0ACF  A9 04       LDA #$04
0AD1  8D 70 C5    STA $C570
0AD4  A9 01       LDA #$01
0AD6  8D 71 C5    STA $C571
0AD9  A9 A5       LDA #$A5
0ADB  8D 72 C5    STA $C572
0ADE  A9 00       LDA #$00
0AE0  8D 73 C5    STA $C573
0AE3  A9 00       LDA #$00
0AE5  8D 74 C5    STA $C574
0AE8  A9 01       LDA #$01
0AEA  8D 75 C5    STA $C575
0AED  A9 01       LDA #$01
0AEF  8D 75 C4    STA $C475
0AF2  A9 C0       LDA #$C0
0AF4  8D 74 C4    STA $C474
0AF7  A9 07       LDA #$07
0AF9  8D 75 C4    STA $C475
0AFC  A9 2A       LDA #$2A
0AFE  8D 78 C5    STA $C578
0B01  A9 01       LDA #$01
0B03  8D 79 C5    STA $C579
0B06  A9 7D       LDA #$7D
0B08  8D 7A C5    STA $C57A
0B0B  A9 00       LDA #$00
0B0D  8D 7B C5    STA $C57B
0B10  A9 00       LDA #$00
0B12  8D 7C C5    STA $C57C
0B15  A9 01       LDA #$01
0B17  8D 7D C5    STA $C57D
0B1A  A9 01       LDA #$01
0B1C  8D 7D C4    STA $C47D
0B1F  A9 C0       LDA #$C0
0B21  8D 7C C4    STA $C47C
0B24  A9 08       LDA #$08
0B26  8D 7D C4    STA $C47D
0B29  AD 00 C4    LDA $C400
0B2C  C9 00       CMP #$00
0B2E  D0 05       BNE sprite_play_start_0_0_2
0B30  AD 03 C4    LDA $C403
0B33  D0 1A       BNE sprite_play_done_0_0_3
0B35        sprite_play_start_0_0_2:
0B35  A9 00       LDA #$00
0B37  8D 00 C4    STA $C400
0B3A  A9 00       LDA #$00
0B3C  8D 01 C4    STA $C401
0B3F  A9 00       LDA #$00
0B41  8D 02 C4    STA $C402
0B44  A9 01       LDA #$01
0B46  8D 03 C4    STA $C403
0B49  AD D6 10    LDA sprite_sequence_0_pulse
0B4C  8D 04 C4    STA $C404
0B4F        sprite_play_done_0_0_3:
0B4F  AD 40 C4    LDA $C440
0B52  C9 00       CMP #$00
0B54  D0 05       BNE sprite_play_start_8_0_4
0B56  AD 43 C4    LDA $C443
0B59  D0 1A       BNE sprite_play_done_8_0_5
0B5B        sprite_play_start_8_0_4:
0B5B  A9 00       LDA #$00
0B5D  8D 40 C4    STA $C440
0B60  A9 00       LDA #$00
0B62  8D 41 C4    STA $C441
0B65  A9 00       LDA #$00
0B67  8D 42 C4    STA $C442
0B6A  A9 01       LDA #$01
0B6C  8D 43 C4    STA $C443
0B6F  AD D8 10    LDA sprite_sequence_8_pulse
0B72  8D 44 C4    STA $C444
0B75        sprite_play_done_8_0_5:
0B75  A9 93       LDA #$93
0B77  20 D2 FF    JSR $FFD2
0B7A  A9 00       LDA #$00
0B7C  8D 20 D0    STA $D020
0B7F  A9 06       LDA #$06
0B81  8D 21 D0    STA $D021
0B84  A9 01       LDA #$01
0B86  8D 86 02    STA $0286
0B89  A2 00       LDX #$00
0B8B        printat_loop_6:
0B8B  BD 31 10    LDA str_screen_0,X
0B8E  F0 0B       BEQ printat_done_7
0B90  9D 0B 04    STA $040B,X
0B93  A9 01       LDA #$01
0B95  9D 0B D8    STA $D80B,X
0B98  E8          INX
0B99  D0 F0       BNE printat_loop_6
0B9B        printat_done_7:
0B9B  A2 00       LDX #$00
0B9D        printat_loop_8:
0B9D  BD 44 10    LDA str_screen_1,X
0BA0  F0 0B       BEQ printat_done_9
0BA2  9D EA 05    STA $05EA,X
0BA5  A9 01       LDA #$01
0BA7  9D EA D9    STA $D9EA,X
0BAA  E8          INX
0BAB  D0 F0       BNE printat_loop_8
0BAD        printat_done_9:
0BAD  78          SEI
0BAE  A9 7F       LDA #$7F
0BB0  8D 0D DC    STA $DC0D
0BB3  A9 7F       LDA #$7F
0BB5  8D 0D DD    STA $DD0D
0BB8  AD 0D DC    LDA $DC0D
0BBB  AD 0D DD    LDA $DD0D
0BBE  58          CLI
            ; Deterministic game frame loop
0BBF  A9 00       LDA #$00
0BC1  8D 6A C7    STA $C76A
0BC4  A9 00       LDA #$00
0BC6  8D 6B C7    STA $C76B
0BC9  A9 00       LDA #$00
0BCB  8D 70 C7    STA $C770
0BCE  A9 3C       LDA #$3C
0BD0  8D 6F C7    STA $C76F
0BD3        game_video_detect_low:
0BD3  AD 11 D0    LDA $D011
0BD6  30 FB       BMI game_video_detect_low
0BD8        game_video_detect_high:
0BD8  AD 11 D0    LDA $D011
0BDB  10 FB       BPL game_video_detect_high
0BDD        game_video_detect_scan:
0BDD  AD 11 D0    LDA $D011
0BE0  10 0F       BPL game_video_detect_done
0BE2  AD 12 D0    LDA $D012
0BE5  C9 20       CMP #$20
0BE7  B0 03       BCS game_video_detect_pal
0BE9  4C DD 0B    JMP game_video_detect_scan
0BEC        game_video_detect_pal:
0BEC  A9 32       LDA #$32
0BEE  8D 6F C7    STA $C76F
0BF1        game_video_detect_done:
0BF1        game_frame_loop:
0BF1        game_frame_wait_leave:
0BF1  AD 11 D0    LDA $D011
0BF4  30 FB       BMI game_frame_wait_leave
0BF6  AD 12 D0    LDA $D012
0BF9  C9 C8       CMP #$C8
0BFB  B0 F4       BCS game_frame_wait_leave
0BFD        game_frame_wait_target:
0BFD  AD 11 D0    LDA $D011
0C00  30 07       BMI game_frame_target_reached
0C02  AD 12 D0    LDA $D012
0C05  C9 C8       CMP #$C8
0C07  90 F4       BCC game_frame_wait_target
0C09        game_frame_target_reached:
0C09  18          CLC
0C0A  AD 70 C7    LDA $C770
0C0D  69 32       ADC #$32
0C0F  8D 70 C7    STA $C770
0C12  CD 6F C7    CMP $C76F
0C15  B0 06       BCS game_frame_logical_tick
0C17  20 8E 0F    JSR runtime_sprite_mux_render
0C1A  4C F1 0B    JMP game_frame_loop
0C1D        game_frame_logical_tick:
0C1D  38          SEC
0C1E  AD 70 C7    LDA $C770
0C21  ED 6F C7    SBC $C76F
0C24  8D 70 C7    STA $C770
0C27  EE 6A C7    INC $C76A
0C2A  D0 03       BNE game_frame_counter_done_10
0C2C  EE 6B C7    INC $C76B
0C2F        game_frame_counter_done_10:
0C2F  AD 05 C5    LDA $C505
0C32  D0 03       BNE sprite_update_active_0_12
0C34  4C 0B 0D    JMP sprite_update_inactive_0_11
0C37        sprite_update_active_0_12:
0C37  18          CLC
0C38  AD 00 C5    LDA $C500
0C3B  6D 03 C5    ADC $C503
0C3E  8D 00 C5    STA $C500
0C41  AD 03 C5    LDA $C503
0C44  10 08       BPL sprite_vx_positive_13
0C46  AD 01 C5    LDA $C501
0C49  69 FF       ADC #$FF
0C4B  4C 53 0C    JMP sprite_vx_done_13
0C4E        sprite_vx_positive_13:
0C4E  AD 01 C5    LDA $C501
0C51  69 00       ADC #$00
0C53        sprite_vx_done_13:
0C53  8D 01 C5    STA $C501
0C56  AD 04 C5    LDA $C504
0C59  10 0C       BPL sprite_vy_positive_14
0C5B  18          CLC
0C5C  AD 02 C5    LDA $C502
0C5F  6D 04 C5    ADC $C504
0C62  90 12       BCC sprite_vy_clamp_min_14
0C64  4C 70 0C    JMP sprite_vy_store_14
0C67        sprite_vy_positive_14:
0C67  18          CLC
0C68  AD 02 C5    LDA $C502
0C6B  6D 04 C5    ADC $C504
0C6E  B0 17       BCS sprite_vy_clamp_max_14
0C70        sprite_vy_store_14:
0C70  8D 02 C5    STA $C502
0C73  4C 95 0C    JMP sprite_vy_done_14
0C76        sprite_vy_clamp_min_14:
0C76  A9 2D       LDA #$2D
0C78  8D 02 C5    STA $C502
0C7B  A9 00       LDA #$00
0C7D  38          SEC
0C7E  ED 04 C5    SBC $C504
0C81  8D 04 C5    STA $C504
0C84  4C 95 0C    JMP sprite_vy_done_14
0C87        sprite_vy_clamp_max_14:
0C87  A9 E1       LDA #$E1
0C89  8D 02 C5    STA $C502
0C8C  A9 00       LDA #$00
0C8E  38          SEC
0C8F  ED 04 C5    SBC $C504
0C92  8D 04 C5    STA $C504
0C95        sprite_vy_done_14:
0C95  AD 01 C5    LDA $C501
0C98  30 0D       BMI sprite_x_clamp_min_15
0C9A  C9 00       CMP #$00
0C9C  90 09       BCC sprite_x_clamp_min_15
0C9E  D0 1A       BNE sprite_x_min_ok_15
0CA0  AD 00 C5    LDA $C500
0CA3  C9 18       CMP #$18
0CA5  B0 13       BCS sprite_x_min_ok_15
0CA7        sprite_x_clamp_min_15:
0CA7  A9 18       LDA #$18
0CA9  8D 00 C5    STA $C500
0CAC  A9 00       LDA #$00
0CAE  8D 01 C5    STA $C501
0CB1  A9 00       LDA #$00
0CB3  38          SEC
0CB4  ED 03 C5    SBC $C503
0CB7  8D 03 C5    STA $C503
0CBA        sprite_x_min_ok_15:
0CBA  AD 01 C5    LDA $C501
0CBD  C9 01       CMP #$01
0CBF  90 1E       BCC sprite_x_max_ok_15
0CC1  D0 09       BNE sprite_x_clamp_max_15
0CC3  AD 00 C5    LDA $C500
0CC6  C9 40       CMP #$40
0CC8  90 15       BCC sprite_x_max_ok_15
0CCA  F0 13       BEQ sprite_x_max_ok_15
0CCC        sprite_x_clamp_max_15:
0CCC  A9 40       LDA #$40
0CCE  8D 00 C5    STA $C500
0CD1  A9 01       LDA #$01
0CD3  8D 01 C5    STA $C501
0CD6  A9 00       LDA #$00
0CD8  38          SEC
0CD9  ED 03 C5    SBC $C503
0CDC  8D 03 C5    STA $C503
0CDF        sprite_x_max_ok_15:
0CDF  AD 02 C5    LDA $C502
0CE2  C9 2D       CMP #$2D
0CE4  B0 0E       BCS sprite_y_min_ok_15
0CE6  A9 2D       LDA #$2D
0CE8  8D 02 C5    STA $C502
0CEB  A9 00       LDA #$00
0CED  38          SEC
0CEE  ED 04 C5    SBC $C504
0CF1  8D 04 C5    STA $C504
0CF4        sprite_y_min_ok_15:
0CF4  AD 02 C5    LDA $C502
0CF7  C9 E1       CMP #$E1
0CF9  90 10       BCC sprite_y_max_ok_15
0CFB  F0 0E       BEQ sprite_y_max_ok_15
0CFD  A9 E1       LDA #$E1
0CFF  8D 02 C5    STA $C502
0D02  A9 00       LDA #$00
0D04  38          SEC
0D05  ED 04 C5    SBC $C504
0D08  8D 04 C5    STA $C504
0D0B        sprite_y_max_ok_15:
0D0B        sprite_update_inactive_0_11:
0D0B  AD 03 C4    LDA $C403
0D0E  D0 03       BNE sprite_anim_active_0_17
0D10  4C 47 0D    JMP sprite_anim_done_0_16
0D13        sprite_anim_active_0_17:
0D13  AD 00 C4    LDA $C400
0D16  C9 00       CMP #$00
0D18  D0 2D       BNE sprite_anim_next_seq_0_0_18
0D1A  EE 02 C4    INC $C402
0D1D  AD 02 C4    LDA $C402
0D20  C9 08       CMP #$08
0D22  B0 03       BCS sprite_anim_advance_0_0_19
0D24  4C 47 0D    JMP sprite_anim_done_0_16
0D27        sprite_anim_advance_0_0_19:
0D27  A9 00       LDA #$00
0D29  8D 02 C4    STA $C402
0D2C  EE 01 C4    INC $C401
0D2F  AD 01 C4    LDA $C401
0D32  C9 02       CMP #$02
0D34  90 05       BCC sprite_anim_pos_ok_0_0_20
0D36  A9 00       LDA #$00
0D38  8D 01 C4    STA $C401
0D3B        sprite_anim_pos_ok_0_0_20:
0D3B  AE 01 C4    LDX $C401
0D3E  BD D6 10    LDA sprite_sequence_0_pulse,X
0D41  8D 04 C4    STA $C404
0D44  4C 47 0D    JMP sprite_anim_done_0_16
0D47        sprite_anim_next_seq_0_0_18:
0D47        sprite_anim_done_0_16:
0D47  AD 45 C5    LDA $C545
0D4A  D0 03       BNE sprite_update_active_8_22
0D4C  4C 23 0E    JMP sprite_update_inactive_8_21
0D4F        sprite_update_active_8_22:
0D4F  18          CLC
0D50  AD 40 C5    LDA $C540
0D53  6D 43 C5    ADC $C543
0D56  8D 40 C5    STA $C540
0D59  AD 43 C5    LDA $C543
0D5C  10 08       BPL sprite_vx_positive_23
0D5E  AD 41 C5    LDA $C541
0D61  69 FF       ADC #$FF
0D63  4C 6B 0D    JMP sprite_vx_done_23
0D66        sprite_vx_positive_23:
0D66  AD 41 C5    LDA $C541
0D69  69 00       ADC #$00
0D6B        sprite_vx_done_23:
0D6B  8D 41 C5    STA $C541
0D6E  AD 44 C5    LDA $C544
0D71  10 0C       BPL sprite_vy_positive_24
0D73  18          CLC
0D74  AD 42 C5    LDA $C542
0D77  6D 44 C5    ADC $C544
0D7A  90 12       BCC sprite_vy_clamp_min_24
0D7C  4C 88 0D    JMP sprite_vy_store_24
0D7F        sprite_vy_positive_24:
0D7F  18          CLC
0D80  AD 42 C5    LDA $C542
0D83  6D 44 C5    ADC $C544
0D86  B0 17       BCS sprite_vy_clamp_max_24
0D88        sprite_vy_store_24:
0D88  8D 42 C5    STA $C542
0D8B  4C AD 0D    JMP sprite_vy_done_24
0D8E        sprite_vy_clamp_min_24:
0D8E  A9 2D       LDA #$2D
0D90  8D 42 C5    STA $C542
0D93  A9 00       LDA #$00
0D95  38          SEC
0D96  ED 44 C5    SBC $C544
0D99  8D 44 C5    STA $C544
0D9C  4C AD 0D    JMP sprite_vy_done_24
0D9F        sprite_vy_clamp_max_24:
0D9F  A9 E1       LDA #$E1
0DA1  8D 42 C5    STA $C542
0DA4  A9 00       LDA #$00
0DA6  38          SEC
0DA7  ED 44 C5    SBC $C544
0DAA  8D 44 C5    STA $C544
0DAD        sprite_vy_done_24:
0DAD  AD 41 C5    LDA $C541
0DB0  30 0D       BMI sprite_x_clamp_min_25
0DB2  C9 00       CMP #$00
0DB4  90 09       BCC sprite_x_clamp_min_25
0DB6  D0 1A       BNE sprite_x_min_ok_25
0DB8  AD 40 C5    LDA $C540
0DBB  C9 18       CMP #$18
0DBD  B0 13       BCS sprite_x_min_ok_25
0DBF        sprite_x_clamp_min_25:
0DBF  A9 18       LDA #$18
0DC1  8D 40 C5    STA $C540
0DC4  A9 00       LDA #$00
0DC6  8D 41 C5    STA $C541
0DC9  A9 00       LDA #$00
0DCB  38          SEC
0DCC  ED 43 C5    SBC $C543
0DCF  8D 43 C5    STA $C543
0DD2        sprite_x_min_ok_25:
0DD2  AD 41 C5    LDA $C541
0DD5  C9 01       CMP #$01
0DD7  90 1E       BCC sprite_x_max_ok_25
0DD9  D0 09       BNE sprite_x_clamp_max_25
0DDB  AD 40 C5    LDA $C540
0DDE  C9 40       CMP #$40
0DE0  90 15       BCC sprite_x_max_ok_25
0DE2  F0 13       BEQ sprite_x_max_ok_25
0DE4        sprite_x_clamp_max_25:
0DE4  A9 40       LDA #$40
0DE6  8D 40 C5    STA $C540
0DE9  A9 01       LDA #$01
0DEB  8D 41 C5    STA $C541
0DEE  A9 00       LDA #$00
0DF0  38          SEC
0DF1  ED 43 C5    SBC $C543
0DF4  8D 43 C5    STA $C543
0DF7        sprite_x_max_ok_25:
0DF7  AD 42 C5    LDA $C542
0DFA  C9 2D       CMP #$2D
0DFC  B0 0E       BCS sprite_y_min_ok_25
0DFE  A9 2D       LDA #$2D
0E00  8D 42 C5    STA $C542
0E03  A9 00       LDA #$00
0E05  38          SEC
0E06  ED 44 C5    SBC $C544
0E09  8D 44 C5    STA $C544
0E0C        sprite_y_min_ok_25:
0E0C  AD 42 C5    LDA $C542
0E0F  C9 E1       CMP #$E1
0E11  90 10       BCC sprite_y_max_ok_25
0E13  F0 0E       BEQ sprite_y_max_ok_25
0E15  A9 E1       LDA #$E1
0E17  8D 42 C5    STA $C542
0E1A  A9 00       LDA #$00
0E1C  38          SEC
0E1D  ED 44 C5    SBC $C544
0E20  8D 44 C5    STA $C544
0E23        sprite_y_max_ok_25:
0E23        sprite_update_inactive_8_21:
0E23  AD 43 C4    LDA $C443
0E26  D0 03       BNE sprite_anim_active_8_27
0E28  4C 5F 0E    JMP sprite_anim_done_8_26
0E2B        sprite_anim_active_8_27:
0E2B  AD 40 C4    LDA $C440
0E2E  C9 00       CMP #$00
0E30  D0 2D       BNE sprite_anim_next_seq_8_0_28
0E32  EE 42 C4    INC $C442
0E35  AD 42 C4    LDA $C442
0E38  C9 08       CMP #$08
0E3A  B0 03       BCS sprite_anim_advance_8_0_29
0E3C  4C 5F 0E    JMP sprite_anim_done_8_26
0E3F        sprite_anim_advance_8_0_29:
0E3F  A9 00       LDA #$00
0E41  8D 42 C4    STA $C442
0E44  EE 41 C4    INC $C441
0E47  AD 41 C4    LDA $C441
0E4A  C9 02       CMP #$02
0E4C  90 05       BCC sprite_anim_pos_ok_8_0_30
0E4E  A9 00       LDA #$00
0E50  8D 41 C4    STA $C441
0E53        sprite_anim_pos_ok_8_0_30:
0E53  AE 41 C4    LDX $C441
0E56  BD D8 10    LDA sprite_sequence_8_pulse,X
0E59  8D 44 C4    STA $C444
0E5C  4C 5F 0E    JMP sprite_anim_done_8_26
0E5F        sprite_anim_next_seq_8_0_28:
0E5F        sprite_anim_done_8_26:
0E5F  20 8E 0F    JSR runtime_sprite_mux_render
0E62  4C F1 0B    JMP game_frame_loop
            ; Dynamic 16-to-8 sprite multiplexer: sort active sprites by Y
0E65        runtime_sprite_mux_sort:
0E65  A9 00       LDA #$00
0E67  8D 90 C5    STA $C590
0E6A  A9 00       LDA #$00
0E6C  8D 91 C5    STA $C591
0E6F        runtime_sprite_mux_sort_outer:
0E6F  AC 91 C5    LDY $C591
0E72  B9 05 C5    LDA $C505,Y
0E75  F0 32       BEQ runtime_sprite_mux_sort_next
0E77  8C 92 C5    STY $C592
0E7A  B9 02 C5    LDA $C502,Y
0E7D  8D 93 C5    STA $C593
0E80  AE 90 C5    LDX $C590
0E83        runtime_sprite_mux_sort_insert:
0E83  E0 00       CPX #$00
0E85  F0 19       BEQ runtime_sprite_mux_sort_place
0E87  CA          DEX
0E88  BD 80 C5    LDA $C580,X
0E8B  A8          TAY
0E8C  B9 02 C5    LDA $C502,Y
0E8F  CD 93 C5    CMP $C593
0E92  90 0B       BCC runtime_sprite_mux_sort_after
0E94  F0 09       BEQ runtime_sprite_mux_sort_after
0E96  BD 80 C5    LDA $C580,X
0E99  9D 81 C5    STA $C581,X
0E9C  4C 83 0E    JMP runtime_sprite_mux_sort_insert
0E9F        runtime_sprite_mux_sort_after:
0E9F  E8          INX
0EA0        runtime_sprite_mux_sort_place:
0EA0  AD 92 C5    LDA $C592
0EA3  9D 80 C5    STA $C580,X
0EA6  EE 90 C5    INC $C590
0EA9        runtime_sprite_mux_sort_next:
0EA9  18          CLC
0EAA  AD 91 C5    LDA $C591
0EAD  69 08       ADC #$08
0EAF  8D 91 C5    STA $C591
0EB2  C9 80       CMP #$80
0EB4  D0 B9       BNE runtime_sprite_mux_sort_outer
0EB6  60          RTS
            ; Copy one logical sprite to one VIC-II hardware channel
0EB7        runtime_sprite_mux_draw:
0EB7  8E 95 C5    STX $C595
0EBA  8C 97 C5    STY $C597
0EBD  8A          TXA
0EBE  0A          ASL A
0EBF  AA          TAX
0EC0  B9 00 C5    LDA $C500,Y
0EC3  9D 00 D0    STA $D000,X
0EC6  AE 95 C5    LDX $C595
0EC9  BD 21 10    LDA runtime_sprite_mux_bit_masks,X
0ECC  8D 99 C5    STA $C599
0ECF  BD 29 10    LDA runtime_sprite_mux_inverse_masks,X
0ED2  8D 9A C5    STA $C59A
0ED5  B9 04 C4    LDA $C404,Y
0ED8  9D F8 07    STA $07F8,X
0EDB  B9 05 C4    LDA $C405,Y
0EDE  9D 27 D0    STA $D027,X
0EE1  AD 15 D0    LDA $D015
0EE4  0D 99 C5    ORA $C599
0EE7  8D 15 D0    STA $D015
0EEA  B9 01 C5    LDA $C501,Y
0EED  29 01       AND #$01
0EEF  F0 08       BEQ runtime_sprite_mux_x_low
0EF1  AD 10 D0    LDA $D010
0EF4  0D 99 C5    ORA $C599
0EF7  D0 06       BNE runtime_sprite_mux_x_low_store
0EF9        runtime_sprite_mux_x_low:
0EF9  AD 10 D0    LDA $D010
0EFC  2D 9A C5    AND $C59A
0EFF        runtime_sprite_mux_x_low_store:
0EFF  8D 10 D0    STA $D010
0F02  B9 06 C4    LDA $C406,Y
0F05  29 01       AND #$01
0F07  F0 08       BEQ runtime_sprite_mux_no_multicolor
0F09  AD 1C D0    LDA $D01C
0F0C  0D 99 C5    ORA $C599
0F0F  D0 06       BNE runtime_sprite_mux_no_multicolor_store
0F11        runtime_sprite_mux_no_multicolor:
0F11  AD 1C D0    LDA $D01C
0F14  2D 9A C5    AND $C59A
0F17        runtime_sprite_mux_no_multicolor_store:
0F17  8D 1C D0    STA $D01C
0F1A  B9 06 C4    LDA $C406,Y
0F1D  29 02       AND #$02
0F1F  F0 08       BEQ runtime_sprite_mux_no_expand_x
0F21  AD 1D D0    LDA $D01D
0F24  0D 99 C5    ORA $C599
0F27  D0 06       BNE runtime_sprite_mux_no_expand_x_store
0F29        runtime_sprite_mux_no_expand_x:
0F29  AD 1D D0    LDA $D01D
0F2C  2D 9A C5    AND $C59A
0F2F        runtime_sprite_mux_no_expand_x_store:
0F2F  8D 1D D0    STA $D01D
0F32  B9 06 C4    LDA $C406,Y
0F35  29 04       AND #$04
0F37  F0 08       BEQ runtime_sprite_mux_no_expand_y
0F39  AD 17 D0    LDA $D017
0F3C  0D 99 C5    ORA $C599
0F3F  D0 06       BNE runtime_sprite_mux_no_expand_y_store
0F41        runtime_sprite_mux_no_expand_y:
0F41  AD 17 D0    LDA $D017
0F44  2D 9A C5    AND $C59A
0F47        runtime_sprite_mux_no_expand_y_store:
0F47  8D 17 D0    STA $D017
0F4A  B9 06 C4    LDA $C406,Y
0F4D  29 08       AND #$08
0F4F  F0 08       BEQ runtime_sprite_mux_no_priority
0F51  AD 1B D0    LDA $D01B
0F54  0D 99 C5    ORA $C599
0F57  D0 06       BNE runtime_sprite_mux_no_priority_store
0F59        runtime_sprite_mux_no_priority:
0F59  AD 1B D0    LDA $D01B
0F5C  2D 9A C5    AND $C59A
0F5F        runtime_sprite_mux_no_priority_store:
0F5F  8D 1B D0    STA $D01B
0F62  AE 95 C5    LDX $C595
0F65  8A          TXA
0F66  0A          ASL A
0F67  AA          TAX
0F68  B9 02 C5    LDA $C502,Y
0F6B  9D 01 D0    STA $D001,X
0F6E  AE 95 C5    LDX $C595
0F71  AC 97 C5    LDY $C597
0F74  B9 06 C4    LDA $C406,Y
0F77  29 04       AND #$04
0F79  F0 05       BEQ runtime_sprite_mux_normal_height
0F7B  A9 2D       LDA #$2D
0F7D  4C 82 0F    JMP runtime_sprite_mux_add_height
0F80        runtime_sprite_mux_normal_height:
0F80  A9 18       LDA #$18
0F82        runtime_sprite_mux_add_height:
0F82  18          CLC
0F83  79 02 C5    ADC $C502,Y
0F86  90 02       BCC runtime_sprite_mux_end_ready
0F88  A9 FF       LDA #$FF
0F8A        runtime_sprite_mux_end_ready:
0F8A  9D A0 C5    STA $C5A0,X
0F8D  60          RTS
            ; Render the sorted display list and recycle channels after sprite end
0F8E        runtime_sprite_mux_render:
0F8E  20 65 0E    JSR runtime_sprite_mux_sort
0F91        runtime_sprite_mux_wait_safe_raster:
0F91  AD 11 D0    LDA $D011
0F94  30 03       BMI runtime_sprite_mux_frame_ready
0F96  4C 91 0F    JMP runtime_sprite_mux_wait_safe_raster
0F99        runtime_sprite_mux_frame_ready:
0F99  A9 00       LDA #$00
0F9B  8D 15 D0    STA $D015
0F9E  A2 00       LDX #$00
0FA0        runtime_sprite_mux_first_slots:
0FA0  EC 90 C5    CPX $C590
0FA3  B0 0F       BCS runtime_sprite_mux_first_done
0FA5  E0 08       CPX #$08
0FA7  F0 0B       BEQ runtime_sprite_mux_first_done
0FA9  BD 80 C5    LDA $C580,X
0FAC  A8          TAY
0FAD  20 B7 0E    JSR runtime_sprite_mux_draw
0FB0  E8          INX
0FB1  4C A0 0F    JMP runtime_sprite_mux_first_slots
0FB4        runtime_sprite_mux_first_done:
0FB4  8E 94 C5    STX $C594
0FB7  EC 90 C5    CPX $C590
0FBA  B0 64       BCS runtime_sprite_mux_render_done
0FBC        runtime_sprite_mux_wait_display_frame:
0FBC  AD 11 D0    LDA $D011
0FBF  30 FB       BMI runtime_sprite_mux_wait_display_frame
0FC1        runtime_sprite_mux_schedule_next:
0FC1  AE 94 C5    LDX $C594
0FC4  EC 90 C5    CPX $C590
0FC7  B0 57       BCS runtime_sprite_mux_render_done
0FC9  A2 00       LDX #$00
0FCB  8E 95 C5    STX $C595
0FCE  AD A0 C5    LDA $C5A0
0FD1  8D 96 C5    STA $C596
0FD4  E8          INX
0FD5        runtime_sprite_mux_find_slot:
0FD5  BD A0 C5    LDA $C5A0,X
0FD8  CD 96 C5    CMP $C596
0FDB  B0 06       BCS runtime_sprite_mux_find_next
0FDD  8D 96 C5    STA $C596
0FE0  8E 95 C5    STX $C595
0FE3        runtime_sprite_mux_find_next:
0FE3  E8          INX
0FE4  E0 08       CPX #$08
0FE6  D0 ED       BNE runtime_sprite_mux_find_slot
0FE8  AE 94 C5    LDX $C594
0FEB  BD 80 C5    LDA $C580,X
0FEE  8D 97 C5    STA $C597
0FF1  A8          TAY
0FF2  B9 02 C5    LDA $C502,Y
0FF5  CD 96 C5    CMP $C596
0FF8  90 20       BCC runtime_sprite_mux_skip_overflow
0FFA        runtime_sprite_mux_wait_release:
0FFA  AD 11 D0    LDA $D011
0FFD  30 21       BMI runtime_sprite_mux_render_done
0FFF  AD 12 D0    LDA $D012
1002  CD 96 C5    CMP $C596
1005  90 F3       BCC runtime_sprite_mux_wait_release
1007  18          CLC
1008  69 0A       ADC #$0A
100A  B0 0E       BCS runtime_sprite_mux_skip_overflow
100C  D9 02 C5    CMP $C502,Y
100F  B0 09       BCS runtime_sprite_mux_skip_overflow
1011  AE 95 C5    LDX $C595
1014  AC 97 C5    LDY $C597
1017  20 B7 0E    JSR runtime_sprite_mux_draw
101A        runtime_sprite_mux_skip_overflow:
101A  EE 94 C5    INC $C594
101D  4C C1 0F    JMP runtime_sprite_mux_schedule_next
1020        runtime_sprite_mux_render_done:
1020  60          RTS
1021        runtime_sprite_mux_bit_masks:
1021  01 02 04 08 10 20 40 80 .byte $01, $02, $04, $08, $10, $20, $40, $80
1029        runtime_sprite_mux_inverse_masks:
1029  FE FD FB F7 EF DF BF 7F .byte $FE, $FD, $FB, $F7, $EF, $DF, $BF, $7F
            ; String pool
1031        str_screen_0:
1031  31 36 20 0C 0F 07 09 03 01 0C 20 13 10 12 09 14 05 13 00 .byte $31, $36, $20, $0C, $0F, $07, $09, $03, $01, $0C, $20, $13, $10, $12, $09, $14, $05, $13, $00
1044        str_screen_1:
1044  01 15 14 0F 0D 01 14 09 03 20 19 20 13 0F 12 14 09 0E 07 00 .byte $01, $15, $14, $0F, $0D, $01, $14, $09, $03, $20, $19, $20, $13, $0F, $12, $14, $09, $0E, $07, $00
            ; User data
1058        sprite_frames_multiplex_diamond_0:
1058  00 00 00 00 00 00 00 00 00 00 00 00 00 00 00 00 00 00 00 00 00 00 18 00 00 3C 00 00 7E 00 00 7E 00 00 3C 00 00 18 00 00 00 00 00 00 00 00 00 00 00 00 00 00 00 00 00 00 00 00 00 00 00 00 00 .byte $00, $00, $00, $00, $00, $00, $00, $00, $00, $00, $00, $00, $00, $00, $00, $00, $00, $00, $00, $00, $00, $00, $18, $00, $00, $3C, $00, $00, $7E, $00, $00, $7E, $00, $00, $3C, $00, $00, $18, $00, $00, $00, $00, $00, $00, $00, $00, $00, $00, $00, $00, $00, $00, $00, $00, $00, $00, $00, $00, $00, $00, $00, $00, $00
1097        sprite_frames_multiplex_diamond_1:
1097  00 00 00 00 00 00 00 00 00 00 00 00 00 00 00 00 00 00 00 18 00 00 3C 00 00 7E 00 00 FF 00 00 FF 00 00 7E 00 00 3C 00 00 18 00 00 00 00 00 00 00 00 00 00 00 00 00 00 00 00 00 00 00 00 00 00 .byte $00, $00, $00, $00, $00, $00, $00, $00, $00, $00, $00, $00, $00, $00, $00, $00, $00, $00, $00, $18, $00, $00, $3C, $00, $00, $7E, $00, $00, $FF, $00, $00, $FF, $00, $00, $7E, $00, $00, $3C, $00, $00, $18, $00, $00, $00, $00, $00, $00, $00, $00, $00, $00, $00, $00, $00, $00, $00, $00, $00, $00, $00, $00, $00, $00
10D6        sprite_sequence_0_pulse:
10D6  C0 C1       .byte $C0, $C1
10D8        sprite_sequence_8_pulse:
10D8  C1 C0       .byte $C1, $C0
