0810  A2 00       LDX #$00
0812        copydata_3000_sprite_frames_balloon_0_63_0:
0812  BD B0 0A    LDA sprite_frames_balloon_0,X
0815  9D 00 30    STA $3000,X
0818  E8          INX
0819  E0 3F       CPX #$3F
081B  D0 F5       BNE copydata_3000_sprite_frames_balloon_0_63_0
081D  A9 00       LDA #$00
081F  8D 3F 30    STA $303F
0822  A2 00       LDX #$00
0824        copydata_3040_sprite_frames_balloon_1_63_1:
0824  BD EF 0A    LDA sprite_frames_balloon_1,X
0827  9D 40 30    STA $3040,X
082A  E8          INX
082B  E0 3F       CPX #$3F
082D  D0 F5       BNE copydata_3040_sprite_frames_balloon_1_63_1
082F  A9 00       LDA #$00
0831  8D 7F 30    STA $307F
0834  A9 20       LDA #$20
0836  8D 00 C5    STA $C500
0839  A9 00       LDA #$00
083B  8D 01 C5    STA $C501
083E  A9 5A       LDA #$5A
0840  8D 02 C5    STA $C502
0843  A9 02       LDA #$02
0845  8D 03 C5    STA $C503
0848  A9 00       LDA #$00
084A  8D 04 C5    STA $C504
084D  A9 01       LDA #$01
084F  8D 05 C5    STA $C505
0852  20 49 0A    JSR runtime_sprite_sync_0
0855  A9 C0       LDA #$C0
0857  8D 04 C4    STA $C404
085A  AD 04 C4    LDA $C404
085D  8D F8 07    STA $07F8
0860  A9 02       LDA #$02
0862  8D 05 C4    STA $C405
0865  A9 02       LDA #$02
0867  8D 27 D0    STA $D027
086A  A9 00       LDA #$00
086C  8D 00 C4    STA $C400
086F  8D 01 C4    STA $C401
0872  8D 02 C4    STA $C402
0875  8D 03 C4    STA $C403
0878  AD 00 C4    LDA $C400
087B  C9 00       CMP #$00
087D  D0 05       BNE sprite_play_start_0_0_2
087F  AD 03 C4    LDA $C403
0882  D0 20       BNE sprite_play_done_0_0_3
0884        sprite_play_start_0_0_2:
0884  A9 00       LDA #$00
0886  8D 00 C4    STA $C400
0889  A9 00       LDA #$00
088B  8D 01 C4    STA $C401
088E  A9 00       LDA #$00
0890  8D 02 C4    STA $C402
0893  A9 01       LDA #$01
0895  8D 03 C4    STA $C403
0898  AD 2E 0B    LDA sprite_sequence_0_walk
089B  8D 04 C4    STA $C404
089E  AD 04 C4    LDA $C404
08A1  8D F8 07    STA $07F8
08A4        sprite_play_done_0_0_3:
08A4  A9 93       LDA #$93
08A6  20 D2 FF    JSR $FFD2
08A9  A9 0E       LDA #$0E
08AB  8D 20 D0    STA $D020
08AE  A9 06       LDA #$06
08B0  8D 21 D0    STA $D021
08B3  A9 01       LDA #$01
08B5  8D 86 02    STA $0286
08B8  A2 00       LDX #$00
08BA        printat_loop_4:
08BA  BD 88 0A    LDA str_screen_0,X
08BD  F0 0B       BEQ printat_done_5
08BF  9D 31 04    STA $0431,X
08C2  A9 01       LDA #$01
08C4  9D 31 D8    STA $D831,X
08C7  E8          INX
08C8  D0 F0       BNE printat_loop_4
08CA        printat_done_5:
08CA  A2 00       LDX #$00
08CC        printat_loop_6:
08CC  BD 9E 0A    LDA str_screen_1,X
08CF  F0 0B       BEQ printat_done_7
08D1  9D 83 04    STA $0483,X
08D4  A9 01       LDA #$01
08D6  9D 83 D8    STA $D883,X
08D9  E8          INX
08DA  D0 F0       BNE printat_loop_6
08DC        printat_done_7:
            ; Deterministic game frame loop
08DC  A9 00       LDA #$00
08DE  8D 6A C7    STA $C76A
08E1  A9 00       LDA #$00
08E3  8D 6B C7    STA $C76B
08E6  A9 00       LDA #$00
08E8  8D 70 C7    STA $C770
08EB  A9 3C       LDA #$3C
08ED  8D 6F C7    STA $C76F
08F0        game_video_detect_low:
08F0  AD 11 D0    LDA $D011
08F3  30 FB       BMI game_video_detect_low
08F5        game_video_detect_high:
08F5  AD 11 D0    LDA $D011
08F8  10 FB       BPL game_video_detect_high
08FA        game_video_detect_scan:
08FA  AD 11 D0    LDA $D011
08FD  10 0F       BPL game_video_detect_done
08FF  AD 12 D0    LDA $D012
0902  C9 20       CMP #$20
0904  B0 03       BCS game_video_detect_pal
0906  4C FA 08    JMP game_video_detect_scan
0909        game_video_detect_pal:
0909  A9 32       LDA #$32
090B  8D 6F C7    STA $C76F
090E        game_video_detect_done:
090E        game_frame_loop:
090E        game_frame_wait_leave:
090E  AD 11 D0    LDA $D011
0911  30 FB       BMI game_frame_wait_leave
0913  AD 12 D0    LDA $D012
0916  C9 F0       CMP #$F0
0918  B0 F4       BCS game_frame_wait_leave
091A        game_frame_wait_target:
091A  AD 11 D0    LDA $D011
091D  30 07       BMI game_frame_target_reached
091F  AD 12 D0    LDA $D012
0922  C9 F0       CMP #$F0
0924  90 F4       BCC game_frame_wait_target
0926        game_frame_target_reached:
0926  18          CLC
0927  AD 70 C7    LDA $C770
092A  69 32       ADC #$32
092C  8D 70 C7    STA $C770
092F  CD 6F C7    CMP $C76F
0932  B0 03       BCS game_frame_logical_tick
0934  4C 0E 09    JMP game_frame_loop
0937        game_frame_logical_tick:
0937  38          SEC
0938  AD 70 C7    LDA $C770
093B  ED 6F C7    SBC $C76F
093E  8D 70 C7    STA $C770
0941  EE 6A C7    INC $C76A
0944  D0 03       BNE game_frame_counter_done_8
0946  EE 6B C7    INC $C76B
0949        game_frame_counter_done_8:
0949  AD 05 C5    LDA $C505
094C  D0 03       BNE sprite_update_active_0_10
094E  4C 01 0A    JMP sprite_update_inactive_0_9
0951        sprite_update_active_0_10:
0951  18          CLC
0952  AD 00 C5    LDA $C500
0955  6D 03 C5    ADC $C503
0958  8D 00 C5    STA $C500
095B  AD 03 C5    LDA $C503
095E  10 08       BPL sprite_vx_positive_11
0960  AD 01 C5    LDA $C501
0963  69 FF       ADC #$FF
0965  4C 6D 09    JMP sprite_vx_done_11
0968        sprite_vx_positive_11:
0968  AD 01 C5    LDA $C501
096B  69 00       ADC #$00
096D        sprite_vx_done_11:
096D  8D 01 C5    STA $C501
0970  AD 04 C5    LDA $C504
0973  10 0C       BPL sprite_vy_positive_12
0975  18          CLC
0976  AD 02 C5    LDA $C502
0979  6D 04 C5    ADC $C504
097C  90 12       BCC sprite_vy_clamp_min_12
097E  4C 8A 09    JMP sprite_vy_store_12
0981        sprite_vy_positive_12:
0981  18          CLC
0982  AD 02 C5    LDA $C502
0985  6D 04 C5    ADC $C504
0988  B0 0E       BCS sprite_vy_clamp_max_12
098A        sprite_vy_store_12:
098A  8D 02 C5    STA $C502
098D  4C 9D 09    JMP sprite_vy_done_12
0990        sprite_vy_clamp_min_12:
0990  A9 46       LDA #$46
0992  8D 02 C5    STA $C502
0995  4C 9D 09    JMP sprite_vy_done_12
0998        sprite_vy_clamp_max_12:
0998  A9 78       LDA #$78
099A  8D 02 C5    STA $C502
099D        sprite_vy_done_12:
099D  AD 01 C5    LDA $C501
09A0  30 0D       BMI sprite_x_clamp_min_13
09A2  C9 00       CMP #$00
09A4  90 09       BCC sprite_x_clamp_min_13
09A6  D0 1A       BNE sprite_x_min_ok_13
09A8  AD 00 C5    LDA $C500
09AB  C9 18       CMP #$18
09AD  B0 13       BCS sprite_x_min_ok_13
09AF        sprite_x_clamp_min_13:
09AF  A9 18       LDA #$18
09B1  8D 00 C5    STA $C500
09B4  A9 00       LDA #$00
09B6  8D 01 C5    STA $C501
09B9  A9 00       LDA #$00
09BB  38          SEC
09BC  ED 03 C5    SBC $C503
09BF  8D 03 C5    STA $C503
09C2        sprite_x_min_ok_13:
09C2  AD 01 C5    LDA $C501
09C5  C9 01       CMP #$01
09C7  90 1E       BCC sprite_x_max_ok_13
09C9  D0 09       BNE sprite_x_clamp_max_13
09CB  AD 00 C5    LDA $C500
09CE  C9 40       CMP #$40
09D0  90 15       BCC sprite_x_max_ok_13
09D2  F0 13       BEQ sprite_x_max_ok_13
09D4        sprite_x_clamp_max_13:
09D4  A9 40       LDA #$40
09D6  8D 00 C5    STA $C500
09D9  A9 01       LDA #$01
09DB  8D 01 C5    STA $C501
09DE  A9 00       LDA #$00
09E0  38          SEC
09E1  ED 03 C5    SBC $C503
09E4  8D 03 C5    STA $C503
09E7        sprite_x_max_ok_13:
09E7  AD 02 C5    LDA $C502
09EA  C9 46       CMP #$46
09EC  B0 05       BCS sprite_y_min_ok_13
09EE  A9 46       LDA #$46
09F0  8D 02 C5    STA $C502
09F3        sprite_y_min_ok_13:
09F3  AD 02 C5    LDA $C502
09F6  C9 78       CMP #$78
09F8  90 07       BCC sprite_y_max_ok_13
09FA  F0 05       BEQ sprite_y_max_ok_13
09FC  A9 78       LDA #$78
09FE  8D 02 C5    STA $C502
0A01        sprite_y_max_ok_13:
0A01        sprite_update_inactive_0_9:
0A01  AD 03 C4    LDA $C403
0A04  D0 03       BNE sprite_anim_active_0_15
0A06  4C 43 0A    JMP sprite_anim_done_0_14
0A09        sprite_anim_active_0_15:
0A09  AD 00 C4    LDA $C400
0A0C  C9 00       CMP #$00
0A0E  D0 33       BNE sprite_anim_next_seq_0_0_16
0A10  EE 02 C4    INC $C402
0A13  AD 02 C4    LDA $C402
0A16  C9 06       CMP #$06
0A18  B0 03       BCS sprite_anim_advance_0_0_17
0A1A  4C 43 0A    JMP sprite_anim_done_0_14
0A1D        sprite_anim_advance_0_0_17:
0A1D  A9 00       LDA #$00
0A1F  8D 02 C4    STA $C402
0A22  EE 01 C4    INC $C401
0A25  AD 01 C4    LDA $C401
0A28  C9 02       CMP #$02
0A2A  90 05       BCC sprite_anim_pos_ok_0_0_18
0A2C  A9 00       LDA #$00
0A2E  8D 01 C4    STA $C401
0A31        sprite_anim_pos_ok_0_0_18:
0A31  AE 01 C4    LDX $C401
0A34  BD 2E 0B    LDA sprite_sequence_0_walk,X
0A37  8D 04 C4    STA $C404
0A3A  AD 04 C4    LDA $C404
0A3D  8D F8 07    STA $07F8
0A40  4C 43 0A    JMP sprite_anim_done_0_14
0A43        sprite_anim_next_seq_0_0_16:
0A43        sprite_anim_done_0_14:
0A43  20 49 0A    JSR runtime_sprite_sync_0
0A46  4C 0E 09    JMP game_frame_loop
            ; Shared VIC-II synchronization for sprite 0
0A49        runtime_sprite_sync_0:
0A49  AD 05 C5    LDA $C505
0A4C  D0 0B       BNE sprite_runtime_active_0_19
0A4E  AD 15 D0    LDA $D015
0A51  29 FE       AND #$FE
0A53  8D 15 D0    STA $D015
0A56  4C 87 0A    JMP sprite_runtime_sync_done_0_22
0A59        sprite_runtime_active_0_19:
0A59  AD 15 D0    LDA $D015
0A5C  09 01       ORA #$01
0A5E  8D 15 D0    STA $D015
0A61  AD 00 C5    LDA $C500
0A64  8D 00 D0    STA $D000
0A67  AD 01 C5    LDA $C501
0A6A  29 01       AND #$01
0A6C  D0 0B       BNE sprite_runtime_xhigh_0_20
0A6E  AD 10 D0    LDA $D010
0A71  29 FE       AND #$FE
0A73  8D 10 D0    STA $D010
0A76  4C 81 0A    JMP sprite_runtime_xdone_0_21
0A79        sprite_runtime_xhigh_0_20:
0A79  AD 10 D0    LDA $D010
0A7C  09 01       ORA #$01
0A7E  8D 10 D0    STA $D010
0A81        sprite_runtime_xdone_0_21:
0A81  AD 02 C5    LDA $C502
0A84  8D 01 D0    STA $D001
0A87        sprite_runtime_sync_done_0_22:
0A87  60          RTS
            ; String pool
0A88        str_screen_0:
0A88  13 10 12 09 14 05 20 01 0E 09 0D 01 14 09 0F 0E 20 16 30 2E 38 00 .byte $13, $10, $12, $09, $14, $05, $20, $01, $0E, $09, $0D, $01, $14, $09, $0F, $0E, $20, $16, $30, $2E, $38, $00
0A9E        str_screen_1:
0A9E  32 20 06 12 01 0D 05 13 20 2B 20 12 05 02 0F 0E 04 00 .byte $32, $20, $06, $12, $01, $0D, $05, $13, $20, $2B, $20, $12, $05, $02, $0F, $0E, $04, $00
            ; User data
0AB0        sprite_frames_balloon_0:
0AB0  00 7F 00 01 FF C0 03 FF E0 03 FF E0 07 FF F0 07 FF F0 07 FF F0 07 FF F0 07 FF F0 03 FF E0 03 FF E0 01 FF C0 00 FF 00 00 7E 00 00 3C 00 00 3C 00 00 18 00 00 24 00 00 7E 00 00 7E 00 00 3C 00 .byte $00, $7F, $00, $01, $FF, $C0, $03, $FF, $E0, $03, $FF, $E0, $07, $FF, $F0, $07, $FF, $F0, $07, $FF, $F0, $07, $FF, $F0, $07, $FF, $F0, $03, $FF, $E0, $03, $FF, $E0, $01, $FF, $C0, $00, $FF, $00, $00, $7E, $00, $00, $3C, $00, $00, $3C, $00, $00, $18, $00, $00, $24, $00, $00, $7E, $00, $00, $7E, $00, $00, $3C, $00
0AEF        sprite_frames_balloon_1:
0AEF  00 7F 00 01 FF C0 03 FF E0 03 FF E0 07 FF F0 07 FF F0 07 FF F0 07 FF F0 07 FF F0 03 FF E0 03 FF E0 01 FF C0 00 FF 00 00 7E 00 00 3C 00 00 3C 00 18 00 00 0C 00 00 00 7E 00 00 7E 00 00 3C 00 .byte $00, $7F, $00, $01, $FF, $C0, $03, $FF, $E0, $03, $FF, $E0, $07, $FF, $F0, $07, $FF, $F0, $07, $FF, $F0, $07, $FF, $F0, $07, $FF, $F0, $03, $FF, $E0, $03, $FF, $E0, $01, $FF, $C0, $00, $FF, $00, $00, $7E, $00, $00, $3C, $00, $00, $3C, $00, $18, $00, $00, $0C, $00, $00, $00, $7E, $00, $00, $7E, $00, $00, $3C, $00
0B2E        sprite_sequence_0_walk:
0B2E  C0 C1       .byte $C0, $C1
