0810  A2 00       LDX #$00
0812  A0 00       LDY #$00
0814        asset_map_initial_rle_2:
0814  BD C5 14    LDA asset_rle_1,X
0817  8D 77 C7    STA $C777
081A  E8          INX
081B  BD C5 14    LDA asset_rle_1,X
081E  E8          INX
081F        asset_map_initial_rle_2_repeat:
081F  99 00 80    STA $8000,Y
0822  C8          INY
0823  CE 77 C7    DEC $C777
0826  D0 F7       BNE asset_map_initial_rle_2_repeat
0828  E0 02       CPX #$02
082A  D0 E8       BNE asset_map_initial_rle_2
082C  A9 03       LDA #$03
082E  8D 00 C1    STA $C100
0831  A9 00       LDA #$00
0833  8D 01 C1    STA $C101
0836  A9 00       LDA #$00
0838  8D 02 C1    STA $C102
083B  A9 00       LDA #$00
083D  8D 03 C1    STA $C103
0840  A9 00       LDA #$00
0842  8D 04 C1    STA $C104
0845  A9 00       LDA #$00
0847  8D 05 C1    STA $C105
084A  A9 00       LDA #$00
084C  8D 06 C1    STA $C106
084F  A9 00       LDA #$00
0851  8D 07 C1    STA $C107
0854  A9 00       LDA #$00
0856  8D 08 C1    STA $C108
0859  A9 00       LDA #$00
085B  8D 09 C1    STA $C109
085E  A9 00       LDA #$00
0860  8D 0A C1    STA $C10A
0863  A9 00       LDA #$00
0865  8D 0B C1    STA $C10B
0868  A9 00       LDA #$00
086A  8D 0C C1    STA $C10C
086D  A9 00       LDA #$00
086F  8D 0D C1    STA $C10D
0872  A9 00       LDA #$00
0874  8D 0E C1    STA $C10E
0877  A9 00       LDA #$00
0879  8D 0F C1    STA $C10F
087C  A9 00       LDA #$00
087E  8D 10 C1    STA $C110
0881  A9 25       LDA #$25
0883  8D 11 C1    STA $C111
0886  A9 00       LDA #$00
0888  8D 12 C1    STA $C112
088B  A9 13       LDA #$13
088D  8D 13 C1    STA $C113
0890  A9 00       LDA #$00
0892  8D 14 C1    STA $C114
0895  A9 00       LDA #$00
0897  8D 15 C1    STA $C115
089A  A9 00       LDA #$00
089C  8D 16 C1    STA $C116
089F  A9 00       LDA #$00
08A1  8D 17 C1    STA $C117
08A4  A9 00       LDA #$00
08A6  8D 18 C1    STA $C118
08A9  A9 00       LDA #$00
08AB  8D 19 C1    STA $C119
08AE  A9 00       LDA #$00
08B0  8D 1A C1    STA $C11A
08B3  A9 00       LDA #$00
08B5  8D 1B C1    STA $C11B
08B8  A9 00       LDA #$00
08BA  8D 1C C1    STA $C11C
08BD  08          PHP
08BE  78          SEI
08BF  A5 01       LDA $01
08C1  48          PHA
08C2  29 FB       AND #$FB
08C4  85 01       STA $01
08C6  A2 00       LDX #$00
08C8        charset_rom_copy_0:
08C8  BD 00 D0    LDA $D000,X
08CB  9D 00 30    STA $3000,X
08CE  BD 00 D1    LDA $D100,X
08D1  9D 00 31    STA $3100,X
08D4  E8          INX
08D5  D0 F1       BNE charset_rom_copy_0
08D7  68          PLA
08D8  85 01       STA $01
08DA  28          PLP
08DB  A2 00       LDX #$00
08DD        asset_charset_copy_4:
08DD  BD 47 15    LDA asset_bytes_3,X
08E0  9D 00 32    STA $3200,X
08E3  E8          INX
08E4  E0 20       CPX #$20
08E6  D0 F5       BNE asset_charset_copy_4
08E8  AD 00 DD    LDA $DD00
08EB  29 FC       AND #$FC
08ED  09 03       ORA #$03
08EF  8D 00 DD    STA $DD00
08F2  AD 18 D0    LDA $D018
08F5  29 F1       AND #$F1
08F7  09 0C       ORA #$0C
08F9  8D 18 D0    STA $D018
08FC  AD 16 D0    LDA $D016
08FF  29 EF       AND #$EF
0901  8D 16 D0    STA $D016
0904  20 72 09    JSR user_routine_new_game
0907  4C 6F 09    JMP user_routine_clear_board_after
090A        user_routine_clear_board:
090A  A9 00       LDA #$00
090C  8D 13 C1    STA $C113
090F  A9 14       LDA #$14
0911  8D 1D C1    STA $C11D
0914        control_repeat_1:
0914  AD 1D C1    LDA $C11D
0917  D0 03       BNE control_repeat_body_1
0919  4C 6E 09    JMP control_repeat_done_1
091C        control_repeat_body_1:
091C  A9 00       LDA #$00
091E  8D 12 C1    STA $C112
0921  A9 0A       LDA #$0A
0923  8D 1E C1    STA $C11E
0926        control_repeat_2:
0926  AD 1E C1    LDA $C11E
0929  D0 03       BNE control_repeat_body_2
092B  4C 65 09    JMP control_repeat_done_2
092E        control_repeat_body_2:
092E  AD 12 C1    LDA $C112
0931  C9 0A       CMP #$0A
0933  90 03       BCC map_x_ok_3
0935  4C 5C 09    JMP map_set_done_3
0938        map_x_ok_3:
0938  8D B2 C7    STA $C7B2
093B  AD 13 C1    LDA $C113
093E  C9 14       CMP #$14
0940  90 03       BCC map_y_ok_3
0942  4C 5C 09    JMP map_set_done_3
0945        map_y_ok_3:
0945  8D B3 C7    STA $C7B3
0948  A9 00       LDA #$00
094A  C9 03       CMP #$03
094C  90 03       BCC map_value_ok_3
094E  4C 5C 09    JMP map_set_done_3
0951        map_value_ok_3:
0951  8D B8 C7    STA $C7B8
0954  20 10 14    JSR runtime_map_pointer_0
0957  AD B8 C7    LDA $C7B8
095A  91 FB       STA ($FB),Y
095C        map_set_done_3:
095C  EE 12 C1    INC $C112
095F  CE 1E C1    DEC $C11E
0962  4C 26 09    JMP control_repeat_2
0965        control_repeat_done_2:
0965  EE 13 C1    INC $C113
0968  CE 1D C1    DEC $C11D
096B  4C 14 09    JMP control_repeat_1
096E        control_repeat_done_1:
096E  60          RTS
096F        user_routine_clear_board_after:
096F  4C 0E 0C    JMP user_routine_new_game_after
0972        user_routine_new_game:
0972  20 0A 09    JSR user_routine_clear_board
0975  A9 00       LDA #$00
0977  8D 10 C1    STA $C110
097A  A9 25       LDA #$25
097C  8D 11 C1    STA $C111
097F  A9 00       LDA #$00
0981  8D 18 C1    STA $C118
0984  A9 00       LDA #$00
0986  8D 19 C1    STA $C119
0989  A9 00       LDA #$00
098B  8D 1A C1    STA $C11A
098E  A9 00       LDA #$00
0990  8D 1B C1    STA $C11B
0993  A9 00       LDA #$00
0995  8D 1C C1    STA $C11C
0998  A9 93       LDA #$93
099A  20 D2 FF    JSR $FFD2
099D  A9 00       LDA #$00
099F  8D 20 D0    STA $D020
09A2  A9 00       LDA #$00
09A4  8D 21 D0    STA $D021
09A7  A2 00       LDX #$00
09A9        printat_loop_4:
09A9  BD 81 14    LDA str_screen_0,X
09AC  F0 0B       BEQ printat_done_5
09AE  9D 79 04    STA $0479,X
09B1  A9 01       LDA #$01
09B3  9D 79 D8    STA $D879,X
09B6  E8          INX
09B7  D0 F0       BNE printat_loop_4
09B9        printat_done_5:
09B9  A2 00       LDX #$00
09BB        printat_loop_6:
09BB  BD 8D 14    LDA str_screen_1,X
09BE  F0 0B       BEQ printat_done_7
09C0  9D F1 04    STA $04F1,X
09C3  A9 01       LDA #$01
09C5  9D F1 D8    STA $D8F1,X
09C8  E8          INX
09C9  D0 F0       BNE printat_loop_6
09CB        printat_done_7:
09CB  AD 18 C1    LDA $C118
09CE  18          CLC
09CF  69 30       ADC #$30
09D1  8D 41 05    STA $0541
09D4  A9 07       LDA #$07
09D6  8D 41 D9    STA $D941
09D9  AD 19 C1    LDA $C119
09DC  18          CLC
09DD  69 30       ADC #$30
09DF  8D 42 05    STA $0542
09E2  A9 07       LDA #$07
09E4  8D 42 D9    STA $D942
09E7  AD 1A C1    LDA $C11A
09EA  18          CLC
09EB  69 30       ADC #$30
09ED  8D 43 05    STA $0543
09F0  A9 07       LDA #$07
09F2  8D 43 D9    STA $D943
09F5  AD 1B C1    LDA $C11B
09F8  18          CLC
09F9  69 30       ADC #$30
09FB  8D 44 05    STA $0544
09FE  A9 07       LDA #$07
0A00  8D 44 D9    STA $D944
0A03  AD 1C C1    LDA $C11C
0A06  18          CLC
0A07  69 30       ADC #$30
0A09  8D 45 05    STA $0545
0A0C  A9 07       LDA #$07
0A0E  8D 45 D9    STA $D945
0A11  A2 00       LDX #$00
0A13        printat_loop_8:
0A13  BD 93 14    LDA str_screen_2,X
0A16  F0 0B       BEQ printat_done_9
0A18  9D E1 05    STA $05E1,X
0A1B  A9 01       LDA #$01
0A1D  9D E1 D9    STA $D9E1,X
0A20  E8          INX
0A21  D0 F0       BNE printat_loop_8
0A23        printat_done_9:
0A23  A2 00       LDX #$00
0A25        printat_loop_10:
0A25  BD 99 14    LDA str_screen_3,X
0A28  F0 0B       BEQ printat_done_11
0A2A  9D 31 06    STA $0631,X
0A2D  A9 01       LDA #$01
0A2F  9D 31 DA    STA $DA31,X
0A32  E8          INX
0A33  D0 F0       BNE printat_loop_10
0A35        printat_done_11:
0A35  A2 00       LDX #$00
0A37        printat_loop_12:
0A37  BD A5 14    LDA str_screen_4,X
0A3A  F0 0B       BEQ printat_done_13
0A3C  9D 81 06    STA $0681,X
0A3F  A9 01       LDA #$01
0A41  9D 81 DA    STA $DA81,X
0A44  E8          INX
0A45  D0 F0       BNE printat_loop_12
0A47        printat_done_13:
0A47  A9 43       LDA #$43
0A49  A2 00       LDX #$00
0A4B        memset_45e_67_12:
0A4B  9D 5E 04    STA $045E,X
0A4E  E8          INX
0A4F  E0 0C       CPX #$0C
0A51  D0 F8       BNE memset_45e_67_12
0A53  A9 01       LDA #$01
0A55  A2 00       LDX #$00
0A57        memset_d85e_1_12:
0A57  9D 5E D8    STA $D85E,X
0A5A  E8          INX
0A5B  E0 0C       CPX #$0C
0A5D  D0 F8       BNE memset_d85e_1_12
0A5F  A9 43       LDA #$43
0A61  A2 00       LDX #$00
0A63        memset_7a6_67_12:
0A63  9D A6 07    STA $07A6,X
0A66  E8          INX
0A67  E0 0C       CPX #$0C
0A69  D0 F8       BNE memset_7a6_67_12
0A6B  A9 01       LDA #$01
0A6D  A2 00       LDX #$00
0A6F        memset_dba6_1_12:
0A6F  9D A6 DB    STA $DBA6,X
0A72  E8          INX
0A73  E0 0C       CPX #$0C
0A75  D0 F8       BNE memset_dba6_1_12
0A77  A9 43       LDA #$43
0A79  8D 86 04    STA $0486
0A7C  A9 01       LDA #$01
0A7E  8D 86 D8    STA $D886
0A81  A9 43       LDA #$43
0A83  8D 91 04    STA $0491
0A86  A9 01       LDA #$01
0A88  8D 91 D8    STA $D891
0A8B  A9 43       LDA #$43
0A8D  8D AE 04    STA $04AE
0A90  A9 01       LDA #$01
0A92  8D AE D8    STA $D8AE
0A95  A9 43       LDA #$43
0A97  8D B9 04    STA $04B9
0A9A  A9 01       LDA #$01
0A9C  8D B9 D8    STA $D8B9
0A9F  A9 43       LDA #$43
0AA1  8D D6 04    STA $04D6
0AA4  A9 01       LDA #$01
0AA6  8D D6 D8    STA $D8D6
0AA9  A9 43       LDA #$43
0AAB  8D E1 04    STA $04E1
0AAE  A9 01       LDA #$01
0AB0  8D E1 D8    STA $D8E1
0AB3  A9 43       LDA #$43
0AB5  8D FE 04    STA $04FE
0AB8  A9 01       LDA #$01
0ABA  8D FE D8    STA $D8FE
0ABD  A9 43       LDA #$43
0ABF  8D 09 05    STA $0509
0AC2  A9 01       LDA #$01
0AC4  8D 09 D9    STA $D909
0AC7  A9 43       LDA #$43
0AC9  8D 26 05    STA $0526
0ACC  A9 01       LDA #$01
0ACE  8D 26 D9    STA $D926
0AD1  A9 43       LDA #$43
0AD3  8D 31 05    STA $0531
0AD6  A9 01       LDA #$01
0AD8  8D 31 D9    STA $D931
0ADB  A9 43       LDA #$43
0ADD  8D 4E 05    STA $054E
0AE0  A9 01       LDA #$01
0AE2  8D 4E D9    STA $D94E
0AE5  A9 43       LDA #$43
0AE7  8D 59 05    STA $0559
0AEA  A9 01       LDA #$01
0AEC  8D 59 D9    STA $D959
0AEF  A9 43       LDA #$43
0AF1  8D 76 05    STA $0576
0AF4  A9 01       LDA #$01
0AF6  8D 76 D9    STA $D976
0AF9  A9 43       LDA #$43
0AFB  8D 81 05    STA $0581
0AFE  A9 01       LDA #$01
0B00  8D 81 D9    STA $D981
0B03  A9 43       LDA #$43
0B05  8D 9E 05    STA $059E
0B08  A9 01       LDA #$01
0B0A  8D 9E D9    STA $D99E
0B0D  A9 43       LDA #$43
0B0F  8D A9 05    STA $05A9
0B12  A9 01       LDA #$01
0B14  8D A9 D9    STA $D9A9
0B17  A9 43       LDA #$43
0B19  8D C6 05    STA $05C6
0B1C  A9 01       LDA #$01
0B1E  8D C6 D9    STA $D9C6
0B21  A9 43       LDA #$43
0B23  8D D1 05    STA $05D1
0B26  A9 01       LDA #$01
0B28  8D D1 D9    STA $D9D1
0B2B  A9 43       LDA #$43
0B2D  8D EE 05    STA $05EE
0B30  A9 01       LDA #$01
0B32  8D EE D9    STA $D9EE
0B35  A9 43       LDA #$43
0B37  8D F9 05    STA $05F9
0B3A  A9 01       LDA #$01
0B3C  8D F9 D9    STA $D9F9
0B3F  A9 43       LDA #$43
0B41  8D 16 06    STA $0616
0B44  A9 01       LDA #$01
0B46  8D 16 DA    STA $DA16
0B49  A9 43       LDA #$43
0B4B  8D 21 06    STA $0621
0B4E  A9 01       LDA #$01
0B50  8D 21 DA    STA $DA21
0B53  A9 43       LDA #$43
0B55  8D 3E 06    STA $063E
0B58  A9 01       LDA #$01
0B5A  8D 3E DA    STA $DA3E
0B5D  A9 43       LDA #$43
0B5F  8D 49 06    STA $0649
0B62  A9 01       LDA #$01
0B64  8D 49 DA    STA $DA49
0B67  A9 43       LDA #$43
0B69  8D 66 06    STA $0666
0B6C  A9 01       LDA #$01
0B6E  8D 66 DA    STA $DA66
0B71  A9 43       LDA #$43
0B73  8D 71 06    STA $0671
0B76  A9 01       LDA #$01
0B78  8D 71 DA    STA $DA71
0B7B  A9 43       LDA #$43
0B7D  8D 8E 06    STA $068E
0B80  A9 01       LDA #$01
0B82  8D 8E DA    STA $DA8E
0B85  A9 43       LDA #$43
0B87  8D 99 06    STA $0699
0B8A  A9 01       LDA #$01
0B8C  8D 99 DA    STA $DA99
0B8F  A9 43       LDA #$43
0B91  8D B6 06    STA $06B6
0B94  A9 01       LDA #$01
0B96  8D B6 DA    STA $DAB6
0B99  A9 43       LDA #$43
0B9B  8D C1 06    STA $06C1
0B9E  A9 01       LDA #$01
0BA0  8D C1 DA    STA $DAC1
0BA3  A9 43       LDA #$43
0BA5  8D DE 06    STA $06DE
0BA8  A9 01       LDA #$01
0BAA  8D DE DA    STA $DADE
0BAD  A9 43       LDA #$43
0BAF  8D E9 06    STA $06E9
0BB2  A9 01       LDA #$01
0BB4  8D E9 DA    STA $DAE9
0BB7  A9 43       LDA #$43
0BB9  8D 06 07    STA $0706
0BBC  A9 01       LDA #$01
0BBE  8D 06 DB    STA $DB06
0BC1  A9 43       LDA #$43
0BC3  8D 11 07    STA $0711
0BC6  A9 01       LDA #$01
0BC8  8D 11 DB    STA $DB11
0BCB  A9 43       LDA #$43
0BCD  8D 2E 07    STA $072E
0BD0  A9 01       LDA #$01
0BD2  8D 2E DB    STA $DB2E
0BD5  A9 43       LDA #$43
0BD7  8D 39 07    STA $0739
0BDA  A9 01       LDA #$01
0BDC  8D 39 DB    STA $DB39
0BDF  A9 43       LDA #$43
0BE1  8D 56 07    STA $0756
0BE4  A9 01       LDA #$01
0BE6  8D 56 DB    STA $DB56
0BE9  A9 43       LDA #$43
0BEB  8D 61 07    STA $0761
0BEE  A9 01       LDA #$01
0BF0  8D 61 DB    STA $DB61
0BF3  A9 43       LDA #$43
0BF5  8D 7E 07    STA $077E
0BF8  A9 01       LDA #$01
0BFA  8D 7E DB    STA $DB7E
0BFD  A9 43       LDA #$43
0BFF  8D 89 07    STA $0789
0C02  A9 01       LDA #$01
0C04  8D 89 DB    STA $DB89
0C07  20 EE 13    JSR runtime_map_redraw_0
0C0A  20 CE 10    JSR user_routine_spawn_piece
0C0D  60          RTS
0C0E        user_routine_new_game_after:
0C0E  4C 54 0C    JMP user_routine_prepare_cell_after
0C11        user_routine_prepare_cell:
0C11  AD 08 C1    LDA $C108
0C14  8D 0A C1    STA $C10A
0C17  AD 0A C1    LDA $C10A
0C1A  18          CLC
0C1B  6D 09 C1    ADC $C109
0C1E  8D 0A C1    STA $C10A
0C21  AE 0A C1    LDX $C10A
0C24  BD C7 14    LDA tetris_shape_x,X
0C27  8D 0B C1    STA $C10B
0C2A  AE 0A C1    LDX $C10A
0C2D  BD 07 15    LDA tetris_shape_y,X
0C30  8D 0C C1    STA $C10C
0C33  AD 06 C1    LDA $C106
0C36  8D 0D C1    STA $C10D
0C39  AD 0D C1    LDA $C10D
0C3C  18          CLC
0C3D  6D 0B C1    ADC $C10B
0C40  8D 0D C1    STA $C10D
0C43  AD 07 C1    LDA $C107
0C46  8D 0E C1    STA $C10E
0C49  AD 0E C1    LDA $C10E
0C4C  18          CLC
0C4D  6D 0C C1    ADC $C10C
0C50  8D 0E C1    STA $C10E
0C53  60          RTS
0C54        user_routine_prepare_cell_after:
0C54  4C 6A 0C    JMP user_routine_use_current_piece_after
0C57        user_routine_use_current_piece:
0C57  AD 00 C1    LDA $C100
0C5A  8D 06 C1    STA $C106
0C5D  AD 01 C1    LDA $C101
0C60  8D 07 C1    STA $C107
0C63  AD 02 C1    LDA $C102
0C66  8D 08 C1    STA $C108
0C69  60          RTS
0C6A        user_routine_use_current_piece_after:
0C6A  4C C0 0C    JMP user_routine_clear_piece_after
0C6D        user_routine_clear_piece:
0C6D  20 57 0C    JSR user_routine_use_current_piece
0C70  A9 00       LDA #$00
0C72  8D 09 C1    STA $C109
0C75  A9 04       LDA #$04
0C77  8D 1F C1    STA $C11F
0C7A        control_repeat_14:
0C7A  AD 1F C1    LDA $C11F
0C7D  D0 03       BNE control_repeat_body_14
0C7F  4C BF 0C    JMP control_repeat_done_14
0C82        control_repeat_body_14:
0C82  20 11 0C    JSR user_routine_prepare_cell
0C85  AD 0D C1    LDA $C10D
0C88  C9 0A       CMP #$0A
0C8A  90 03       BCC map_x_ok_15
0C8C  4C B6 0C    JMP map_set_done_15
0C8F        map_x_ok_15:
0C8F  8D B2 C7    STA $C7B2
0C92  AD 0E C1    LDA $C10E
0C95  C9 14       CMP #$14
0C97  90 03       BCC map_y_ok_15
0C99  4C B6 0C    JMP map_set_done_15
0C9C        map_y_ok_15:
0C9C  8D B3 C7    STA $C7B3
0C9F  A9 00       LDA #$00
0CA1  C9 03       CMP #$03
0CA3  90 03       BCC map_value_ok_15
0CA5  4C B6 0C    JMP map_set_done_15
0CA8        map_value_ok_15:
0CA8  8D B8 C7    STA $C7B8
0CAB  20 10 14    JSR runtime_map_pointer_0
0CAE  AD B8 C7    LDA $C7B8
0CB1  91 FB       STA ($FB),Y
0CB3  20 70 13    JSR runtime_map_draw_tile_0
0CB6        map_set_done_15:
0CB6  EE 09 C1    INC $C109
0CB9  CE 1F C1    DEC $C11F
0CBC  4C 7A 0C    JMP control_repeat_14
0CBF        control_repeat_done_14:
0CBF  60          RTS
0CC0        user_routine_clear_piece_after:
0CC0  4C 16 0D    JMP user_routine_draw_piece_after
0CC3        user_routine_draw_piece:
0CC3  20 57 0C    JSR user_routine_use_current_piece
0CC6  A9 00       LDA #$00
0CC8  8D 09 C1    STA $C109
0CCB  A9 04       LDA #$04
0CCD  8D 20 C1    STA $C120
0CD0        control_repeat_16:
0CD0  AD 20 C1    LDA $C120
0CD3  D0 03       BNE control_repeat_body_16
0CD5  4C 15 0D    JMP control_repeat_done_16
0CD8        control_repeat_body_16:
0CD8  20 11 0C    JSR user_routine_prepare_cell
0CDB  AD 0D C1    LDA $C10D
0CDE  C9 0A       CMP #$0A
0CE0  90 03       BCC map_x_ok_17
0CE2  4C 0C 0D    JMP map_set_done_17
0CE5        map_x_ok_17:
0CE5  8D B2 C7    STA $C7B2
0CE8  AD 0E C1    LDA $C10E
0CEB  C9 14       CMP #$14
0CED  90 03       BCC map_y_ok_17
0CEF  4C 0C 0D    JMP map_set_done_17
0CF2        map_y_ok_17:
0CF2  8D B3 C7    STA $C7B3
0CF5  A9 02       LDA #$02
0CF7  C9 03       CMP #$03
0CF9  90 03       BCC map_value_ok_17
0CFB  4C 0C 0D    JMP map_set_done_17
0CFE        map_value_ok_17:
0CFE  8D B8 C7    STA $C7B8
0D01  20 10 14    JSR runtime_map_pointer_0
0D04  AD B8 C7    LDA $C7B8
0D07  91 FB       STA ($FB),Y
0D09  20 70 13    JSR runtime_map_draw_tile_0
0D0C        map_set_done_17:
0D0C  EE 09 C1    INC $C109
0D0F  CE 20 C1    DEC $C120
0D12  4C D0 0C    JMP control_repeat_16
0D15        control_repeat_done_16:
0D15  60          RTS
0D16        user_routine_draw_piece_after:
0D16  4C 4C 0E    JMP user_routine_lock_piece_after
0D19        user_routine_lock_piece:
0D19  20 57 0C    JSR user_routine_use_current_piece
0D1C  A9 00       LDA #$00
0D1E  8D 09 C1    STA $C109
0D21  A9 04       LDA #$04
0D23  8D 21 C1    STA $C121
0D26        control_repeat_18:
0D26  AD 21 C1    LDA $C121
0D29  D0 03       BNE control_repeat_body_18
0D2B  4C 6B 0D    JMP control_repeat_done_18
0D2E        control_repeat_body_18:
0D2E  20 11 0C    JSR user_routine_prepare_cell
0D31  AD 0D C1    LDA $C10D
0D34  C9 0A       CMP #$0A
0D36  90 03       BCC map_x_ok_19
0D38  4C 62 0D    JMP map_set_done_19
0D3B        map_x_ok_19:
0D3B  8D B2 C7    STA $C7B2
0D3E  AD 0E C1    LDA $C10E
0D41  C9 14       CMP #$14
0D43  90 03       BCC map_y_ok_19
0D45  4C 62 0D    JMP map_set_done_19
0D48        map_y_ok_19:
0D48  8D B3 C7    STA $C7B3
0D4B  A9 01       LDA #$01
0D4D  C9 03       CMP #$03
0D4F  90 03       BCC map_value_ok_19
0D51  4C 62 0D    JMP map_set_done_19
0D54        map_value_ok_19:
0D54  8D B8 C7    STA $C7B8
0D57  20 10 14    JSR runtime_map_pointer_0
0D5A  AD B8 C7    LDA $C7B8
0D5D  91 FB       STA ($FB),Y
0D5F  20 70 13    JSR runtime_map_draw_tile_0
0D62        map_set_done_19:
0D62  EE 09 C1    INC $C109
0D65  CE 21 C1    DEC $C121
0D68  4C 26 0D    JMP control_repeat_18
0D6B        control_repeat_done_18:
0D6B  18          CLC
0D6C  AD 1C C1    LDA $C11C
0D6F  69 01       ADC #$01
0D71  C9 0A       CMP #$0A
0D73  B0 07       BCS game_counter_carry_20_4
0D75  8D 1C C1    STA $C11C
0D78  18          CLC
0D79  4C 82 0D    JMP game_counter_next_20_4
0D7C        game_counter_carry_20_4:
0D7C  E9 0A       SBC #$0A
0D7E  8D 1C C1    STA $C11C
0D81  38          SEC
0D82        game_counter_next_20_4:
0D82  AD 1B C1    LDA $C11B
0D85  69 00       ADC #$00
0D87  C9 0A       CMP #$0A
0D89  B0 07       BCS game_counter_carry_20_3
0D8B  8D 1B C1    STA $C11B
0D8E  18          CLC
0D8F  4C 98 0D    JMP game_counter_next_20_3
0D92        game_counter_carry_20_3:
0D92  E9 0A       SBC #$0A
0D94  8D 1B C1    STA $C11B
0D97  38          SEC
0D98        game_counter_next_20_3:
0D98  AD 1A C1    LDA $C11A
0D9B  69 00       ADC #$00
0D9D  C9 0A       CMP #$0A
0D9F  B0 07       BCS game_counter_carry_20_2
0DA1  8D 1A C1    STA $C11A
0DA4  18          CLC
0DA5  4C AE 0D    JMP game_counter_next_20_2
0DA8        game_counter_carry_20_2:
0DA8  E9 0A       SBC #$0A
0DAA  8D 1A C1    STA $C11A
0DAD  38          SEC
0DAE        game_counter_next_20_2:
0DAE  AD 19 C1    LDA $C119
0DB1  69 00       ADC #$00
0DB3  C9 0A       CMP #$0A
0DB5  B0 07       BCS game_counter_carry_20_1
0DB7  8D 19 C1    STA $C119
0DBA  18          CLC
0DBB  4C C4 0D    JMP game_counter_next_20_1
0DBE        game_counter_carry_20_1:
0DBE  E9 0A       SBC #$0A
0DC0  8D 19 C1    STA $C119
0DC3  38          SEC
0DC4        game_counter_next_20_1:
0DC4  AD 18 C1    LDA $C118
0DC7  69 00       ADC #$00
0DC9  C9 0A       CMP #$0A
0DCB  B0 07       BCS game_counter_carry_20_0
0DCD  8D 18 C1    STA $C118
0DD0  18          CLC
0DD1  4C DA 0D    JMP game_counter_next_20_0
0DD4        game_counter_carry_20_0:
0DD4  E9 0A       SBC #$0A
0DD6  8D 18 C1    STA $C118
0DD9  38          SEC
0DDA        game_counter_next_20_0:
0DDA  AD 18 C1    LDA $C118
0DDD  18          CLC
0DDE  69 30       ADC #$30
0DE0  8D 41 05    STA $0541
0DE3  A9 07       LDA #$07
0DE5  8D 41 D9    STA $D941
0DE8  AD 19 C1    LDA $C119
0DEB  18          CLC
0DEC  69 30       ADC #$30
0DEE  8D 42 05    STA $0542
0DF1  A9 07       LDA #$07
0DF3  8D 42 D9    STA $D942
0DF6  AD 1A C1    LDA $C11A
0DF9  18          CLC
0DFA  69 30       ADC #$30
0DFC  8D 43 05    STA $0543
0DFF  A9 07       LDA #$07
0E01  8D 43 D9    STA $D943
0E04  AD 1B C1    LDA $C11B
0E07  18          CLC
0E08  69 30       ADC #$30
0E0A  8D 44 05    STA $0544
0E0D  A9 07       LDA #$07
0E0F  8D 44 D9    STA $D944
0E12  AD 1C C1    LDA $C11C
0E15  18          CLC
0E16  69 30       ADC #$30
0E18  8D 45 05    STA $0545
0E1B  A9 07       LDA #$07
0E1D  8D 45 D9    STA $D945
0E20  20 4F 0E    JSR user_routine_clear_full_lines
0E23  A9 0F       LDA #$0F
0E25  8D 18 D4    STA $D418
0E28  A9 00       LDA #$00
0E2A  8D 04 D4    STA $D404
0E2D  A9 10       LDA #$10
0E2F  8D 04 D4    STA $D404
0E32  A9 00       LDA #$00
0E34  8D 05 D4    STA $D405
0E37  A9 00       LDA #$00
0E39  8D 06 D4    STA $D406
0E3C  A9 39       LDA #$39
0E3E  8D 00 D4    STA $D400
0E41  A9 8B       LDA #$8B
0E43  8D 01 D4    STA $D401
0E46  A9 11       LDA #$11
0E48  8D 04 D4    STA $D404
0E4B  60          RTS
0E4C        user_routine_lock_piece_after:
0E4C  4C 76 10    JMP user_routine_clear_full_lines_after
0E4F        user_routine_clear_full_lines:
0E4F  A9 13       LDA #$13
0E51  8D 13 C1    STA $C113
0E54  A9 00       LDA #$00
0E56  8D 16 C1    STA $C116
0E59  A9 18       LDA #$18
0E5B  8D 22 C1    STA $C122
0E5E        control_while_21:
0E5E  AD 22 C1    LDA $C122
0E61  D0 03       BNE control_while_body_21
0E63  4C 75 10    JMP control_while_done_21
0E66        control_while_body_21:
0E66  AD 16 C1    LDA $C116
0E69  C9 14       CMP #$14
0E6B  90 03       BCC condition_pass_22
0E6D  4C 75 10    JMP control_while_done_21
0E70        condition_pass_22:
0E70  A9 00       LDA #$00
0E72  8D 12 C1    STA $C112
0E75  A9 00       LDA #$00
0E77  8D 15 C1    STA $C115
0E7A  A9 0A       LDA #$0A
0E7C  8D 23 C1    STA $C123
0E7F        control_repeat_23:
0E7F  AD 23 C1    LDA $C123
0E82  D0 03       BNE control_repeat_body_23
0E84  4C BC 0E    JMP control_repeat_done_23
0E87        control_repeat_body_23:
0E87  AD 12 C1    LDA $C112
0E8A  C9 0A       CMP #$0A
0E8C  90 03       BCC map_x_ok_25
0E8E  4C B3 0E    JMP control_if_else_24
0E91        map_x_ok_25:
0E91  8D B2 C7    STA $C7B2
0E94  AD 13 C1    LDA $C113
0E97  C9 14       CMP #$14
0E99  90 03       BCC map_y_ok_25
0E9B  4C B3 0E    JMP control_if_else_24
0E9E        map_y_ok_25:
0E9E  8D B3 C7    STA $C7B3
0EA1  20 10 14    JSR runtime_map_pointer_0
0EA4  B1 FB       LDA ($FB),Y
0EA6  C9 00       CMP #$00
0EA8  D0 03       BNE condition_pass_25
0EAA  4C B3 0E    JMP control_if_else_24
0EAD        condition_pass_25:
0EAD  EE 15 C1    INC $C115
0EB0  4C B3 0E    JMP control_if_end_24
0EB3        control_if_else_24:
0EB3        control_if_end_24:
0EB3  EE 12 C1    INC $C112
0EB6  CE 23 C1    DEC $C123
0EB9  4C 7F 0E    JMP control_repeat_23
0EBC        control_repeat_done_23:
0EBC  AD 15 C1    LDA $C115
0EBF  C9 0A       CMP #$0A
0EC1  F0 03       BEQ condition_pass_27
0EC3  4C 69 10    JMP control_if_else_26
0EC6        condition_pass_27:
0EC6  AD 13 C1    LDA $C113
0EC9  8D 14 C1    STA $C114
0ECC  A9 13       LDA #$13
0ECE  8D 24 C1    STA $C124
0ED1        control_while_28:
0ED1  AD 24 C1    LDA $C124
0ED4  D0 03       BNE control_while_body_28
0ED6  4C 66 0F    JMP control_while_done_28
0ED9        control_while_body_28:
0ED9  AD 14 C1    LDA $C114
0EDC  C9 00       CMP #$00
0EDE  D0 03       BNE condition_not_equal_29
0EE0  4C 66 0F    JMP control_while_done_28
0EE3        condition_not_equal_29:
0EE3  B0 03       BCS condition_pass_29
0EE5  4C 66 0F    JMP control_while_done_28
0EE8        condition_pass_29:
0EE8  A9 00       LDA #$00
0EEA  8D 12 C1    STA $C112
0EED  A9 0A       LDA #$0A
0EEF  8D 25 C1    STA $C125
0EF2        control_repeat_30:
0EF2  AD 25 C1    LDA $C125
0EF5  D0 03       BNE control_repeat_body_30
0EF7  4C 5D 0F    JMP control_repeat_done_30
0EFA        control_repeat_body_30:
0EFA  CE 14 C1    DEC $C114
0EFD  AD 12 C1    LDA $C112
0F00  C9 0A       CMP #$0A
0F02  90 03       BCC map_x_ok_31
0F04  4C 1F 0F    JMP map_get_done_31
0F07        map_x_ok_31:
0F07  8D B2 C7    STA $C7B2
0F0A  AD 14 C1    LDA $C114
0F0D  C9 14       CMP #$14
0F0F  90 03       BCC map_y_ok_31
0F11  4C 1F 0F    JMP map_get_done_31
0F14        map_y_ok_31:
0F14  8D B3 C7    STA $C7B3
0F17  20 10 14    JSR runtime_map_pointer_0
0F1A  B1 FB       LDA ($FB),Y
0F1C  8D 17 C1    STA $C117
0F1F        map_get_done_31:
0F1F  EE 14 C1    INC $C114
0F22  AD 12 C1    LDA $C112
0F25  C9 0A       CMP #$0A
0F27  90 03       BCC map_x_ok_32
0F29  4C 54 0F    JMP map_set_done_32
0F2C        map_x_ok_32:
0F2C  8D B2 C7    STA $C7B2
0F2F  AD 14 C1    LDA $C114
0F32  C9 14       CMP #$14
0F34  90 03       BCC map_y_ok_32
0F36  4C 54 0F    JMP map_set_done_32
0F39        map_y_ok_32:
0F39  8D B3 C7    STA $C7B3
0F3C  AD 17 C1    LDA $C117
0F3F  C9 03       CMP #$03
0F41  90 03       BCC map_value_ok_32
0F43  4C 54 0F    JMP map_set_done_32
0F46        map_value_ok_32:
0F46  8D B8 C7    STA $C7B8
0F49  20 10 14    JSR runtime_map_pointer_0
0F4C  AD B8 C7    LDA $C7B8
0F4F  91 FB       STA ($FB),Y
0F51  20 70 13    JSR runtime_map_draw_tile_0
0F54        map_set_done_32:
0F54  EE 12 C1    INC $C112
0F57  CE 25 C1    DEC $C125
0F5A  4C F2 0E    JMP control_repeat_30
0F5D        control_repeat_done_30:
0F5D  CE 14 C1    DEC $C114
0F60  CE 24 C1    DEC $C124
0F63  4C D1 0E    JMP control_while_28
0F66        control_while_done_28:
0F66  A9 00       LDA #$00
0F68  8D 12 C1    STA $C112
0F6B  A9 0A       LDA #$0A
0F6D  8D 26 C1    STA $C126
0F70        control_repeat_33:
0F70  AD 26 C1    LDA $C126
0F73  D0 03       BNE control_repeat_body_33
0F75  4C B1 0F    JMP control_repeat_done_33
0F78        control_repeat_body_33:
0F78  AD 12 C1    LDA $C112
0F7B  C9 0A       CMP #$0A
0F7D  90 03       BCC map_x_ok_34
0F7F  4C A8 0F    JMP map_set_done_34
0F82        map_x_ok_34:
0F82  8D B2 C7    STA $C7B2
0F85  A9 00       LDA #$00
0F87  C9 14       CMP #$14
0F89  90 03       BCC map_y_ok_34
0F8B  4C A8 0F    JMP map_set_done_34
0F8E        map_y_ok_34:
0F8E  8D B3 C7    STA $C7B3
0F91  A9 00       LDA #$00
0F93  C9 03       CMP #$03
0F95  90 03       BCC map_value_ok_34
0F97  4C A8 0F    JMP map_set_done_34
0F9A        map_value_ok_34:
0F9A  8D B8 C7    STA $C7B8
0F9D  20 10 14    JSR runtime_map_pointer_0
0FA0  AD B8 C7    LDA $C7B8
0FA3  91 FB       STA ($FB),Y
0FA5  20 70 13    JSR runtime_map_draw_tile_0
0FA8        map_set_done_34:
0FA8  EE 12 C1    INC $C112
0FAB  CE 26 C1    DEC $C126
0FAE  4C 70 0F    JMP control_repeat_33
0FB1        control_repeat_done_33:
0FB1  18          CLC
0FB2  AD 1C C1    LDA $C11C
0FB5  69 00       ADC #$00
0FB7  C9 0A       CMP #$0A
0FB9  B0 07       BCS game_counter_carry_35_4
0FBB  8D 1C C1    STA $C11C
0FBE  18          CLC
0FBF  4C C8 0F    JMP game_counter_next_35_4
0FC2        game_counter_carry_35_4:
0FC2  E9 0A       SBC #$0A
0FC4  8D 1C C1    STA $C11C
0FC7  38          SEC
0FC8        game_counter_next_35_4:
0FC8  AD 1B C1    LDA $C11B
0FCB  69 01       ADC #$01
0FCD  C9 0A       CMP #$0A
0FCF  B0 07       BCS game_counter_carry_35_3
0FD1  8D 1B C1    STA $C11B
0FD4  18          CLC
0FD5  4C DE 0F    JMP game_counter_next_35_3
0FD8        game_counter_carry_35_3:
0FD8  E9 0A       SBC #$0A
0FDA  8D 1B C1    STA $C11B
0FDD  38          SEC
0FDE        game_counter_next_35_3:
0FDE  AD 1A C1    LDA $C11A
0FE1  69 00       ADC #$00
0FE3  C9 0A       CMP #$0A
0FE5  B0 07       BCS game_counter_carry_35_2
0FE7  8D 1A C1    STA $C11A
0FEA  18          CLC
0FEB  4C F4 0F    JMP game_counter_next_35_2
0FEE        game_counter_carry_35_2:
0FEE  E9 0A       SBC #$0A
0FF0  8D 1A C1    STA $C11A
0FF3  38          SEC
0FF4        game_counter_next_35_2:
0FF4  AD 19 C1    LDA $C119
0FF7  69 00       ADC #$00
0FF9  C9 0A       CMP #$0A
0FFB  B0 07       BCS game_counter_carry_35_1
0FFD  8D 19 C1    STA $C119
1000  18          CLC
1001  4C 0A 10    JMP game_counter_next_35_1
1004        game_counter_carry_35_1:
1004  E9 0A       SBC #$0A
1006  8D 19 C1    STA $C119
1009  38          SEC
100A        game_counter_next_35_1:
100A  AD 18 C1    LDA $C118
100D  69 00       ADC #$00
100F  C9 0A       CMP #$0A
1011  B0 07       BCS game_counter_carry_35_0
1013  8D 18 C1    STA $C118
1016  18          CLC
1017  4C 20 10    JMP game_counter_next_35_0
101A        game_counter_carry_35_0:
101A  E9 0A       SBC #$0A
101C  8D 18 C1    STA $C118
101F  38          SEC
1020        game_counter_next_35_0:
1020  AD 18 C1    LDA $C118
1023  18          CLC
1024  69 30       ADC #$30
1026  8D 41 05    STA $0541
1029  A9 07       LDA #$07
102B  8D 41 D9    STA $D941
102E  AD 19 C1    LDA $C119
1031  18          CLC
1032  69 30       ADC #$30
1034  8D 42 05    STA $0542
1037  A9 07       LDA #$07
1039  8D 42 D9    STA $D942
103C  AD 1A C1    LDA $C11A
103F  18          CLC
1040  69 30       ADC #$30
1042  8D 43 05    STA $0543
1045  A9 07       LDA #$07
1047  8D 43 D9    STA $D943
104A  AD 1B C1    LDA $C11B
104D  18          CLC
104E  69 30       ADC #$30
1050  8D 44 05    STA $0544
1053  A9 07       LDA #$07
1055  8D 44 D9    STA $D944
1058  AD 1C C1    LDA $C11C
105B  18          CLC
105C  69 30       ADC #$30
105E  8D 45 05    STA $0545
1061  A9 07       LDA #$07
1063  8D 45 D9    STA $D945
1066  4C 6F 10    JMP control_if_end_26
1069        control_if_else_26:
1069  CE 13 C1    DEC $C113
106C  EE 16 C1    INC $C116
106F        control_if_end_26:
106F  CE 22 C1    DEC $C122
1072  4C 5E 0E    JMP control_while_21
1075        control_while_done_21:
1075  60          RTS
1076        user_routine_clear_full_lines_after:
1076  4C CB 10    JMP user_routine_test_work_piece_after
1079        user_routine_test_work_piece:
1079  A9 00       LDA #$00
107B  8D 0F C1    STA $C10F
107E  A9 00       LDA #$00
1080  8D 09 C1    STA $C109
1083  A9 04       LDA #$04
1085  8D 27 C1    STA $C127
1088        control_repeat_36:
1088  AD 27 C1    LDA $C127
108B  D0 03       BNE control_repeat_body_36
108D  4C CA 10    JMP control_repeat_done_36
1090        control_repeat_body_36:
1090  20 11 0C    JSR user_routine_prepare_cell
1093  AD 0D C1    LDA $C10D
1096  C9 0A       CMP #$0A
1098  90 03       BCC map_x_ok_38
109A  4C BC 10    JMP control_if_else_37
109D        map_x_ok_38:
109D  8D B2 C7    STA $C7B2
10A0  AD 0E C1    LDA $C10E
10A3  C9 14       CMP #$14
10A5  90 03       BCC map_y_ok_38
10A7  4C BC 10    JMP control_if_else_37
10AA        map_y_ok_38:
10AA  8D B3 C7    STA $C7B3
10AD  20 10 14    JSR runtime_map_pointer_0
10B0  B1 FB       LDA ($FB),Y
10B2  C9 00       CMP #$00
10B4  F0 03       BEQ condition_pass_38
10B6  4C BC 10    JMP control_if_else_37
10B9        condition_pass_38:
10B9  4C C1 10    JMP control_if_end_37
10BC        control_if_else_37:
10BC  A9 01       LDA #$01
10BE  8D 0F C1    STA $C10F
10C1        control_if_end_37:
10C1  EE 09 C1    INC $C109
10C4  CE 27 C1    DEC $C127
10C7  4C 88 10    JMP control_repeat_36
10CA        control_repeat_done_36:
10CA  60          RTS
10CB        user_routine_test_work_piece_after:
10CB  4C 5A 11    JMP user_routine_spawn_piece_after
10CE        user_routine_spawn_piece:
10CE  AD 11 C1    LDA $C111
10D1  18          CLC
10D2  69 49       ADC #$49
10D4  8D 11 C1    STA $C111
10D7  AD 11 C1    LDA $C111
10DA  49 A7       EOR #$A7
10DC  8D 11 C1    STA $C111
10DF  AD 11 C1    LDA $C111
10E2  8D 00 C1    STA $C100
10E5  AD 00 C1    LDA $C100
10E8  29 03       AND #$03
10EA  8D 00 C1    STA $C100
10ED  AD 00 C1    LDA $C100
10F0  18          CLC
10F1  69 02       ADC #$02
10F3  8D 00 C1    STA $C100
10F6  A9 00       LDA #$00
10F8  8D 01 C1    STA $C101
10FB  AD 11 C1    LDA $C111
10FE  8D 03 C1    STA $C103
1101  AD 03 C1    LDA $C103
1104  29 30       AND #$30
1106  8D 03 C1    STA $C103
1109  AD 11 C1    LDA $C111
110C  8D 04 C1    STA $C104
110F  AD 04 C1    LDA $C104
1112  29 0C       AND #$0C
1114  8D 04 C1    STA $C104
1117  AD 03 C1    LDA $C103
111A  8D 02 C1    STA $C102
111D  AD 02 C1    LDA $C102
1120  18          CLC
1121  6D 04 C1    ADC $C104
1124  8D 02 C1    STA $C102
1127  20 57 0C    JSR user_routine_use_current_piece
112A  20 79 10    JSR user_routine_test_work_piece
112D  AD 0F C1    LDA $C10F
1130  C9 00       CMP #$00
1132  F0 03       BEQ condition_pass_40
1134  4C 3D 11    JMP control_if_else_39
1137        condition_pass_40:
1137  20 C3 0C    JSR user_routine_draw_piece
113A  4C 59 11    JMP control_if_end_39
113D        control_if_else_39:
113D  A9 01       LDA #$01
113F  8D 10 C1    STA $C110
1142  A9 02       LDA #$02
1144  8D 20 D0    STA $D020
1147  A2 00       LDX #$00
1149        printat_loop_41:
1149  BD B2 14    LDA str_screen_5,X
114C  F0 0B       BEQ printat_done_42
114E  9D F9 06    STA $06F9,X
1151  A9 01       LDA #$01
1153  9D F9 DA    STA $DAF9,X
1156  E8          INX
1157  D0 F0       BNE printat_loop_41
1159        printat_done_42:
1159        control_if_end_39:
1159  60          RTS
115A        user_routine_spawn_piece_after:
115A  4C 86 11    JMP user_routine_move_left_after
115D        user_routine_move_left:
115D  20 6D 0C    JSR user_routine_clear_piece
1160  20 57 0C    JSR user_routine_use_current_piece
1163  AD 06 C1    LDA $C106
1166  38          SEC
1167  E9 01       SBC #$01
1169  8D 06 C1    STA $C106
116C  20 79 10    JSR user_routine_test_work_piece
116F  AD 0F C1    LDA $C10F
1172  C9 00       CMP #$00
1174  F0 03       BEQ condition_pass_44
1176  4C 82 11    JMP control_if_else_43
1179        condition_pass_44:
1179  AD 06 C1    LDA $C106
117C  8D 00 C1    STA $C100
117F  4C 82 11    JMP control_if_end_43
1182        control_if_else_43:
1182        control_if_end_43:
1182  20 C3 0C    JSR user_routine_draw_piece
1185  60          RTS
1186        user_routine_move_left_after:
1186  4C B2 11    JMP user_routine_move_right_after
1189        user_routine_move_right:
1189  20 6D 0C    JSR user_routine_clear_piece
118C  20 57 0C    JSR user_routine_use_current_piece
118F  AD 06 C1    LDA $C106
1192  18          CLC
1193  69 01       ADC #$01
1195  8D 06 C1    STA $C106
1198  20 79 10    JSR user_routine_test_work_piece
119B  AD 0F C1    LDA $C10F
119E  C9 00       CMP #$00
11A0  F0 03       BEQ condition_pass_46
11A2  4C AE 11    JMP control_if_else_45
11A5        condition_pass_46:
11A5  AD 06 C1    LDA $C106
11A8  8D 00 C1    STA $C100
11AB  4C AE 11    JMP control_if_end_45
11AE        control_if_else_45:
11AE        control_if_end_45:
11AE  20 C3 0C    JSR user_routine_draw_piece
11B1  60          RTS
11B2        user_routine_move_right_after:
11B2  4C 02 12    JMP user_routine_rotate_piece_after
11B5        user_routine_rotate_piece:
11B5  20 6D 0C    JSR user_routine_clear_piece
11B8  20 57 0C    JSR user_routine_use_current_piece
11BB  AD 04 C1    LDA $C104
11BE  8D 05 C1    STA $C105
11C1  AD 05 C1    LDA $C105
11C4  18          CLC
11C5  69 04       ADC #$04
11C7  8D 05 C1    STA $C105
11CA  AD 05 C1    LDA $C105
11CD  29 0F       AND #$0F
11CF  8D 05 C1    STA $C105
11D2  AD 03 C1    LDA $C103
11D5  8D 08 C1    STA $C108
11D8  AD 08 C1    LDA $C108
11DB  18          CLC
11DC  6D 05 C1    ADC $C105
11DF  8D 08 C1    STA $C108
11E2  20 79 10    JSR user_routine_test_work_piece
11E5  AD 0F C1    LDA $C10F
11E8  C9 00       CMP #$00
11EA  F0 03       BEQ condition_pass_48
11EC  4C FE 11    JMP control_if_else_47
11EF        condition_pass_48:
11EF  AD 05 C1    LDA $C105
11F2  8D 04 C1    STA $C104
11F5  AD 08 C1    LDA $C108
11F8  8D 02 C1    STA $C102
11FB  4C FE 11    JMP control_if_end_47
11FE        control_if_else_47:
11FE        control_if_end_47:
11FE  20 C3 0C    JSR user_routine_draw_piece
1201  60          RTS
1202        user_routine_rotate_piece_after:
1202  4C 34 12    JMP user_routine_drop_piece_after
1205        user_routine_drop_piece:
1205  20 6D 0C    JSR user_routine_clear_piece
1208  20 57 0C    JSR user_routine_use_current_piece
120B  AD 07 C1    LDA $C107
120E  18          CLC
120F  69 01       ADC #$01
1211  8D 07 C1    STA $C107
1214  20 79 10    JSR user_routine_test_work_piece
1217  AD 0F C1    LDA $C10F
121A  C9 00       CMP #$00
121C  F0 03       BEQ condition_pass_50
121E  4C 2D 12    JMP control_if_else_49
1221        condition_pass_50:
1221  AD 07 C1    LDA $C107
1224  8D 01 C1    STA $C101
1227  20 C3 0C    JSR user_routine_draw_piece
122A  4C 33 12    JMP control_if_end_49
122D        control_if_else_49:
122D  20 19 0D    JSR user_routine_lock_piece
1230  20 CE 10    JSR user_routine_spawn_piece
1233        control_if_end_49:
1233  60          RTS
1234        user_routine_drop_piece_after:
            ; Deterministic game frame loop
1234  A9 00       LDA #$00
1236  8D 6A C7    STA $C76A
1239  A9 00       LDA #$00
123B  8D 6B C7    STA $C76B
123E  A9 00       LDA #$00
1240  8D 70 C7    STA $C770
1243  A9 00       LDA #$00
1245  8D 28 C1    STA $C128
1248  A9 00       LDA #$00
124A  8D 29 C1    STA $C129
124D  A9 FF       LDA #$FF
124F  8D 67 C7    STA $C767
1252  A9 FF       LDA #$FF
1254  8D 69 C7    STA $C769
1257  A9 3C       LDA #$3C
1259  8D 6F C7    STA $C76F
125C        game_video_detect_low:
125C  AD 11 D0    LDA $D011
125F  30 FB       BMI game_video_detect_low
1261        game_video_detect_high:
1261  AD 11 D0    LDA $D011
1264  10 FB       BPL game_video_detect_high
1266        game_video_detect_scan:
1266  AD 11 D0    LDA $D011
1269  10 0F       BPL game_video_detect_done
126B  AD 12 D0    LDA $D012
126E  C9 20       CMP #$20
1270  B0 03       BCS game_video_detect_pal
1272  4C 66 12    JMP game_video_detect_scan
1275        game_video_detect_pal:
1275  A9 32       LDA #$32
1277  8D 6F C7    STA $C76F
127A        game_video_detect_done:
127A        game_frame_loop:
127A        game_frame_wait_leave:
127A  AD 11 D0    LDA $D011
127D  30 FB       BMI game_frame_wait_leave
127F  AD 12 D0    LDA $D012
1282  C9 F0       CMP #$F0
1284  B0 F4       BCS game_frame_wait_leave
1286        game_frame_wait_target:
1286  AD 11 D0    LDA $D011
1289  30 07       BMI game_frame_target_reached
128B  AD 12 D0    LDA $D012
128E  C9 F0       CMP #$F0
1290  90 F4       BCC game_frame_wait_target
1292        game_frame_target_reached:
1292  18          CLC
1293  AD 70 C7    LDA $C770
1296  69 32       ADC #$32
1298  8D 70 C7    STA $C770
129B  CD 6F C7    CMP $C76F
129E  B0 03       BCS game_frame_logical_tick
12A0  4C 7A 12    JMP game_frame_loop
12A3        game_frame_logical_tick:
12A3  38          SEC
12A4  AD 70 C7    LDA $C770
12A7  ED 6F C7    SBC $C76F
12AA  8D 70 C7    STA $C770
12AD  AD 67 C7    LDA $C767
12B0  8D 69 C7    STA $C769
12B3  AD 00 DC    LDA $DC00
12B6  8D 67 C7    STA $C767
12B9  EE 6A C7    INC $C76A
12BC  D0 03       BNE game_frame_counter_done_51
12BE  EE 6B C7    INC $C76B
12C1        game_frame_counter_done_51:
12C1  AD 10 C1    LDA $C110
12C4  C9 00       CMP #$00
12C6  F0 03       BEQ condition_pass_53
12C8  4C 53 13    JMP control_if_else_52
12CB        condition_pass_53:
12CB  AD 67 C7    LDA $C767
12CE  29 04       AND #$04
12D0  F0 03       BEQ joystick_current_pressed_55
12D2  4C E5 12    JMP control_if_else_54
12D5        joystick_current_pressed_55:
12D5  AD 69 C7    LDA $C769
12D8  29 04       AND #$04
12DA  D0 03       BNE condition_pass_55
12DC  4C E5 12    JMP control_if_else_54
12DF        condition_pass_55:
12DF  20 5D 11    JSR user_routine_move_left
12E2  4C E5 12    JMP control_if_end_54
12E5        control_if_else_54:
12E5        control_if_end_54:
12E5  AD 67 C7    LDA $C767
12E8  29 08       AND #$08
12EA  F0 03       BEQ joystick_current_pressed_57
12EC  4C FF 12    JMP control_if_else_56
12EF        joystick_current_pressed_57:
12EF  AD 69 C7    LDA $C769
12F2  29 08       AND #$08
12F4  D0 03       BNE condition_pass_57
12F6  4C FF 12    JMP control_if_else_56
12F9        condition_pass_57:
12F9  20 89 11    JSR user_routine_move_right
12FC  4C FF 12    JMP control_if_end_56
12FF        control_if_else_56:
12FF        control_if_end_56:
12FF  AD 67 C7    LDA $C767
1302  29 10       AND #$10
1304  F0 03       BEQ joystick_current_pressed_59
1306  4C 19 13    JMP control_if_else_58
1309        joystick_current_pressed_59:
1309  AD 69 C7    LDA $C769
130C  29 10       AND #$10
130E  D0 03       BNE condition_pass_59
1310  4C 19 13    JMP control_if_else_58
1313        condition_pass_59:
1313  20 B5 11    JSR user_routine_rotate_piece
1316  4C 19 13    JMP control_if_end_58
1319        control_if_else_58:
1319        control_if_end_58:
1319  AD 67 C7    LDA $C767
131C  29 02       AND #$02
131E  F0 03       BEQ condition_pass_61
1320  4C 3B 13    JMP control_if_else_60
1323        condition_pass_61:
1323  EE 28 C1    INC $C128
1326  AD 28 C1    LDA $C128
1329  C9 02       CMP #$02
132B  B0 03       BCS game_every_run_62
132D  4C 38 13    JMP game_every_done_63
1330        game_every_run_62:
1330  A9 00       LDA #$00
1332  8D 28 C1    STA $C128
1335  20 05 12    JSR user_routine_drop_piece
1338        game_every_done_63:
1338  4C 50 13    JMP control_if_end_60
133B        control_if_else_60:
133B  EE 29 C1    INC $C129
133E  AD 29 C1    LDA $C129
1341  C9 0C       CMP #$0C
1343  B0 03       BCS game_every_run_64
1345  4C 50 13    JMP game_every_done_65
1348        game_every_run_64:
1348  A9 00       LDA #$00
134A  8D 29 C1    STA $C129
134D  20 05 12    JSR user_routine_drop_piece
1350        game_every_done_65:
1350        control_if_end_60:
1350  4C 6D 13    JMP control_if_end_52
1353        control_if_else_52:
1353  AD 67 C7    LDA $C767
1356  29 10       AND #$10
1358  F0 03       BEQ joystick_current_pressed_67
135A  4C 6D 13    JMP control_if_else_66
135D        joystick_current_pressed_67:
135D  AD 69 C7    LDA $C769
1360  29 10       AND #$10
1362  D0 03       BNE condition_pass_67
1364  4C 6D 13    JMP control_if_else_66
1367        condition_pass_67:
1367  20 72 09    JSR user_routine_new_game
136A  4C 6D 13    JMP control_if_end_66
136D        control_if_else_66:
136D        control_if_end_66:
136D        control_if_end_52:
136D  4C 7A 12    JMP game_frame_loop
            ; Dynamic map 0: draw one changed metatile
1370        runtime_map_draw_tile_0:
1370  AD B2 C7    LDA $C7B2
1373  8D C2 C7    STA $C7C2
1376  AD B3 C7    LDA $C7B3
1379  8D C3 C7    STA $C7C3
137C        runtime_map_draw_tile_body_0:
137C  20 10 14    JSR runtime_map_pointer_0
137F  B1 FB       LDA ($FB),Y
1381  8D B4 C7    STA $C7B4
1384  AD B4 C7    LDA $C7B4
1387  8D B5 C7    STA $C7B5
138A  A9 87       LDA #$87
138C  85 FB       STA $FB
138E  A9 04       LDA #$04
1390  85 FC       STA $FC
1392  AD C3 C7    LDA $C7C3
1395  8D B7 C7    STA $C7B7
1398        runtime_map_screen_y_loop_0:
1398  AD B7 C7    LDA $C7B7
139B  F0 13       BEQ runtime_map_screen_y_done_0
139D  18          CLC
139E  A5 FB       LDA $FB
13A0  69 28       ADC #$28
13A2  85 FB       STA $FB
13A4  A5 FC       LDA $FC
13A6  69 00       ADC #$00
13A8  85 FC       STA $FC
13AA  CE B7 C7    DEC $C7B7
13AD  4C 98 13    JMP runtime_map_screen_y_loop_0
13B0        runtime_map_screen_y_done_0:
13B0  AD C2 C7    LDA $C7C2
13B3  8D B9 C7    STA $C7B9
13B6  18          CLC
13B7  A5 FB       LDA $FB
13B9  6D B9 C7    ADC $C7B9
13BC  85 FB       STA $FB
13BE  A5 FC       LDA $FC
13C0  69 00       ADC #$00
13C2  85 FC       STA $FC
13C4  18          CLC
13C5  A5 FB       LDA $FB
13C7  69 00       ADC #$00
13C9  85 FD       STA $FD
13CB  A5 FC       LDA $FC
13CD  69 D4       ADC #$D4
13CF  85 FE       STA $FE
13D1  18          CLC
13D2  AD B5 C7    LDA $C7B5
13D5  69 00       ADC #$00
13D7  A8          TAY
13D8  B9 BF 14    LDA asset_map_chars_0,Y
13DB  A0 00       LDY #$00
13DD  91 FB       STA ($FB),Y
13DF  18          CLC
13E0  AD B5 C7    LDA $C7B5
13E3  69 00       ADC #$00
13E5  A8          TAY
13E6  B9 C2 14    LDA asset_map_colors_0,Y
13E9  A0 00       LDY #$00
13EB  91 FD       STA ($FD),Y
13ED  60          RTS
            ; Dynamic map 0: redraw visible cells from runtime RAM
13EE        runtime_map_redraw_0:
13EE  A9 00       LDA #$00
13F0  8D B3 C7    STA $C7B3
13F3        runtime_map_redraw_row_0:
13F3  A9 00       LDA #$00
13F5  8D B2 C7    STA $C7B2
13F8        runtime_map_redraw_column_0:
13F8  20 70 13    JSR runtime_map_draw_tile_0
13FB  EE B2 C7    INC $C7B2
13FE  AD B2 C7    LDA $C7B2
1401  C9 0A       CMP #$0A
1403  D0 F3       BNE runtime_map_redraw_column_0
1405  EE B3 C7    INC $C7B3
1408  AD B3 C7    LDA $C7B3
140B  C9 14       CMP #$14
140D  D0 E4       BNE runtime_map_redraw_row_0
140F  60          RTS
1410        runtime_map_pointer_0:
1410  A9 00       LDA #$00
1412  8D B6 C7    STA $C7B6
1415  A9 00       LDA #$00
1417  8D BA C7    STA $C7BA
141A  AD B3 C7    LDA $C7B3
141D  8D B7 C7    STA $C7B7
1420  A9 00       LDA #$00
1422  8D BF C7    STA $C7BF
1425  0E B7 C7    ASL $C7B7
1428  2E BF C7    ROL $C7BF
142B  18          CLC
142C  AD B6 C7    LDA $C7B6
142F  6D B7 C7    ADC $C7B7
1432  8D B6 C7    STA $C7B6
1435  AD BA C7    LDA $C7BA
1438  6D BF C7    ADC $C7BF
143B  8D BA C7    STA $C7BA
143E  0E B7 C7    ASL $C7B7
1441  2E BF C7    ROL $C7BF
1444  0E B7 C7    ASL $C7B7
1447  2E BF C7    ROL $C7BF
144A  18          CLC
144B  AD B6 C7    LDA $C7B6
144E  6D B7 C7    ADC $C7B7
1451  8D B6 C7    STA $C7B6
1454  AD BA C7    LDA $C7BA
1457  6D BF C7    ADC $C7BF
145A  8D BA C7    STA $C7BA
145D  18          CLC
145E  AD B6 C7    LDA $C7B6
1461  6D B2 C7    ADC $C7B2
1464  8D B6 C7    STA $C7B6
1467  AD BA C7    LDA $C7BA
146A  69 00       ADC #$00
146C  8D BA C7    STA $C7BA
146F  18          CLC
1470  AD B6 C7    LDA $C7B6
1473  69 00       ADC #$00
1475  85 FB       STA $FB
1477  AD BA C7    LDA $C7BA
147A  69 80       ADC #$80
147C  85 FC       STA $FC
147E  A0 00       LDY #$00
1480  60          RTS
            ; String pool
1481        str_screen_0:
1481  14 05 14 12 09 13 20 0D 09 0E 09 00 .byte $14, $05, $14, $12, $09, $13, $20, $0D, $09, $0E, $09, $00
148D        str_screen_1:
148D  13 03 0F 12 05 00 .byte $13, $03, $0F, $12, $05, $00
1493        str_screen_2:
1493  0A 0F 19 20 32 00 .byte $0A, $0F, $19, $20, $32, $00
1499        str_screen_3:
1499  02 01 13 3A 20 12 01 10 09 04 05 00 .byte $02, $01, $13, $3A, $20, $12, $01, $10, $09, $04, $05, $00
14A5        str_screen_4:
14A5  06 09 12 05 3A 20 14 0F 15 12 0E 05 00 .byte $06, $09, $12, $05, $3A, $20, $14, $0F, $15, $12, $0E, $05, $00
14B2        str_screen_5:
14B2  07 01 0D 05 20 0F 16 05 12 00 .byte $07, $01, $0D, $05, $20, $0F, $16, $05, $12, $00
            ; User data
14BC        asset_map_collisions_0:
14BC  00 01 00    .byte $00, $01, $00
14BF        asset_map_chars_0:
14BF  40 41 42    .byte $40, $41, $42
14C2        asset_map_colors_0:
14C2  00 0E 07    .byte $00, $0E, $07
14C5        asset_rle_1:
14C5  C8 00       .byte $C8, $00
14C7        tetris_shape_x:
14C7  00 01 02 01 01 00 01 01 01 00 01 02 00 00 01 00 00 01 00 01 00 01 00 01 00 01 00 01 00 01 00 01 00 01 02 03 00 00 00 00 00 01 02 03 00 00 00 00 00 00 00 01 00 00 01 02 00 01 01 01 00 01 02 02 .byte $00, $01, $02, $01, $01, $00, $01, $01, $01, $00, $01, $02, $00, $00, $01, $00, $00, $01, $00, $01, $00, $01, $00, $01, $00, $01, $00, $01, $00, $01, $00, $01, $00, $01, $02, $03, $00, $00, $00, $00, $00, $01, $02, $03, $00, $00, $00, $00, $00, $00, $00, $01, $00, $00, $01, $02, $00, $01, $01, $01, $00, $01, $02, $02
1507        tetris_shape_y:
1507  00 00 00 01 00 01 01 02 00 01 01 01 00 01 01 02 00 00 01 01 00 00 01 01 00 00 01 01 00 00 01 01 00 00 00 00 00 01 02 03 00 00 00 00 00 01 02 03 00 01 02 02 00 01 00 00 00 00 01 02 01 01 01 00 .byte $00, $00, $00, $01, $00, $01, $01, $02, $00, $01, $01, $01, $00, $01, $01, $02, $00, $00, $01, $01, $00, $00, $01, $01, $00, $00, $01, $01, $00, $00, $01, $01, $00, $00, $00, $00, $00, $01, $02, $03, $00, $00, $00, $00, $00, $01, $02, $03, $00, $01, $02, $02, $00, $01, $00, $00, $00, $00, $01, $02, $01, $01, $01, $00
1547        asset_bytes_3:
1547  00 00 00 00 00 00 00 00 FF 81 BD A5 BD 81 FF 00 3C 7E FF FF FF FF 7E 3C FF FF C3 C3 C3 C3 FF FF .byte $00, $00, $00, $00, $00, $00, $00, $00, $FF, $81, $BD, $A5, $BD, $81, $FF, $00, $3C, $7E, $FF, $FF, $FF, $FF, $7E, $3C, $FF, $FF, $C3, $C3, $C3, $C3, $FF, $FF
