0810  A2 00       LDX #$00
0812  A0 00       LDY #$00
0814        asset_map_initial_rle_2:
0814  BD B4 12    LDA asset_rle_1,X
0817  8D 77 C7    STA $C777
081A  E8          INX
081B  BD B4 12    LDA asset_rle_1,X
081E  E8          INX
081F        asset_map_initial_rle_2_repeat:
081F  99 00 80    STA $8000,Y
0822  C8          INY
0823  CE 77 C7    DEC $C777
0826  D0 F7       BNE asset_map_initial_rle_2_repeat
0828  E0 2A       CPX #$2A
082A  D0 E8       BNE asset_map_initial_rle_2
082C  A2 00       LDX #$00
082E  A0 00       LDY #$00
0830        asset_map_initial_rle_4:
0830  BD DE 12    LDA asset_rle_3,X
0833  8D 77 C7    STA $C777
0836  E8          INX
0837  BD DE 12    LDA asset_rle_3,X
083A  E8          INX
083B        asset_map_initial_rle_4_repeat:
083B  99 00 81    STA $8100,Y
083E  C8          INY
083F  CE 77 C7    DEC $C777
0842  D0 F7       BNE asset_map_initial_rle_4_repeat
0844  E0 12       CPX #$12
0846  D0 E8       BNE asset_map_initial_rle_4
0848  A2 00       LDX #$00
084A  A0 00       LDY #$00
084C        asset_map_initial_rle_6:
084C  BD F0 12    LDA asset_rle_5,X
084F  8D 77 C7    STA $C777
0852  E8          INX
0853  BD F0 12    LDA asset_rle_5,X
0856  E8          INX
0857        asset_map_initial_rle_6_repeat:
0857  99 00 82    STA $8200,Y
085A  C8          INY
085B  CE 77 C7    DEC $C777
085E  D0 F7       BNE asset_map_initial_rle_6_repeat
0860  E0 04       CPX #$04
0862  D0 E8       BNE asset_map_initial_rle_6
0864  A2 00       LDX #$00
0866  A0 00       LDY #$00
0868        asset_map_initial_rle_8:
0868  BD F4 12    LDA asset_rle_7,X
086B  8D 77 C7    STA $C777
086E  E8          INX
086F  BD F4 12    LDA asset_rle_7,X
0872  E8          INX
0873        asset_map_initial_rle_8_repeat:
0873  99 00 83    STA $8300,Y
0876  C8          INY
0877  CE 77 C7    DEC $C777
087A  D0 F7       BNE asset_map_initial_rle_8_repeat
087C  E0 04       CPX #$04
087E  D0 E8       BNE asset_map_initial_rle_8
0880  A9 00       LDA #$00
0882  8D 00 C1    STA $C100
0885  A9 07       LDA #$07
0887  8D 01 C1    STA $C101
088A  A9 00       LDA #$00
088C  8D 02 C1    STA $C102
088F  A9 07       LDA #$07
0891  8D 03 C1    STA $C103
0894  A9 00       LDA #$00
0896  8D 07 C1    STA $C107
0899  A9 00       LDA #$00
089B  8D 08 C1    STA $C108
089E  A9 00       LDA #$00
08A0  8D 09 C1    STA $C109
08A3  A9 00       LDA #$00
08A5  8D 0A C1    STA $C10A
08A8  AD 11 D0    LDA $D011
08AB  29 7F       AND #$7F
08AD  8D 04 C1    STA $C104
08B0  AD 16 D0    LDA $D016
08B3  8D 05 C1    STA $C105
08B6  AD 18 D0    LDA $D018
08B9  8D 06 C1    STA $C106
08BC  A9 00       LDA #$00
08BE  A2 00       LDX #$00
08C0        map_scroll_blank_charset_2:
08C0  9D 00 38    STA $3800,X
08C3  9D 00 39    STA $3900,X
08C6  9D 00 3A    STA $3A00,X
08C9  9D 00 3B    STA $3B00,X
08CC  9D 00 3C    STA $3C00,X
08CF  9D 00 3D    STA $3D00,X
08D2  9D 00 3E    STA $3E00,X
08D5  9D 00 3F    STA $3F00,X
08D8  E8          INX
08D9  D0 E5       BNE map_scroll_blank_charset_2
08DB  A9 93       LDA #$93
08DD  20 D2 FF    JSR $FFD2
08E0  A9 00       LDA #$00
08E2  8D 20 D0    STA $D020
08E5  A9 00       LDA #$00
08E7  8D 21 D0    STA $D021
08EA  A9 01       LDA #$01
08EC  8D 86 02    STA $0286
08EF  A2 00       LDX #$00
08F1        printat_loop_0:
08F1  BD 72 12    LDA str_screen_0,X
08F4  F0 0B       BEQ printat_done_1
08F6  9D 01 07    STA $0701,X
08F9  A9 01       LDA #$01
08FB  9D 01 DB    STA $DB01,X
08FE  E8          INX
08FF  D0 F0       BNE printat_loop_0
0901        printat_done_1:
0901  A2 00       LDX #$00
0903        printat_loop_2:
0903  BD 88 12    LDA str_screen_1,X
0906  F0 0B       BEQ printat_done_3
0908  9D 4B 07    STA $074B,X
090B  A9 01       LDA #$01
090D  9D 4B DB    STA $DB4B,X
0910  E8          INX
0911  D0 F0       BNE printat_loop_2
0913        printat_done_3:
0913  AD 00 C1    LDA $C100
0916  8D C0 C7    STA $C7C0
0919  AD 02 C1    LDA $C102
091C  8D C1 C7    STA $C7C1
091F  AD 11 D0    LDA $D011
0922  29 7F       AND #$7F
0924  8D 04 C1    STA $C104
0927  AD 16 D0    LDA $D016
092A  8D 05 C1    STA $C105
092D  AD 18 D0    LDA $D018
0930  8D 06 C1    STA $C106
0933  20 C6 0B    JSR runtime_map_viewport_0
0936  20 6E 0C    JSR runtime_map_scroll_restore_0
0939  78          SEI
093A  A9 7F       LDA #$7F
093C  8D 0D DC    STA $DC0D
093F  8D 0D DD    STA $DD0D
0942  AD 0D DC    LDA $DC0D
0945  AD 0D DD    LDA $DD0D
0948  A9 00       LDA #$00
094A  8D FE C0    STA $C0FE
094D  78          SEI
094E  A9 01       LDA #$01
0950  8D 1A D0    STA $D01A
0953  A9 01       LDA #$01
0955  8D 19 D0    STA $D019
0958  A9 1E       LDA #$1E
095A  8D 12 D0    STA $D012
095D  AD 11 D0    LDA $D011
0960  29 7F       AND #$7F
0962  8D 11 D0    STA $D011
0965  A9 73       LDA #<irq_dispatch
0967  8D 14 03    STA $0314
096A  A9 09       LDA #>irq_dispatch
096C  8D 15 03    STA $0315
096F  58          CLI
0970  4C E6 09    JMP program_end
            ; Raster IRQ dispatcher
0973        irq_dispatch:
0973  48          PHA
0974  8A          TXA
0975  48          PHA
0976  98          TYA
0977  48          PHA
0978  AD 19 D0    LDA $D019
097B  29 01       AND #$01
097D  D0 0E       BNE irq_dispatch_vic_raster
097F  AD 0D DC    LDA $DC0D
0982  AD 0D DD    LDA $DD0D
0985  68          PLA
0986  A8          TAY
0987  68          PLA
0988  AA          TAX
0989  68          PLA
098A  4C 81 EA    JMP $EA81
098D        irq_dispatch_vic_raster:
098D  A9 01       LDA #$01
098F  8D 19 D0    STA $D019
0992  AD FE C0    LDA $C0FE
0995  C9 00       CMP #$00
0997  F0 03       BEQ irq_dispatch_match_0
0999  4C 9F 09    JMP irq_dispatch_next_0
099C        irq_dispatch_match_0:
099C  4C AC 09    JMP irq_handler_0
099F        irq_dispatch_next_0:
099F  C9 01       CMP #$01
09A1  F0 03       BEQ irq_dispatch_match_1
09A3  4C A9 09    JMP irq_dispatch_next_1
09A6        irq_dispatch_match_1:
09A6  4C C9 09    JMP irq_handler_1
09A9        irq_dispatch_next_1:
09A9  4C AC 09    JMP irq_handler_0
09AC        irq_handler_0:
09AC  20 FC 0B    JSR runtime_map_scroll_apply_0
09AF  A9 01       LDA #$01
09B1  8D FE C0    STA $C0FE
09B4  A9 8C       LDA #$8C
09B6  8D 12 D0    STA $D012
09B9  AD 11 D0    LDA $D011
09BC  29 7F       AND #$7F
09BE  8D 11 D0    STA $D011
09C1  68          PLA
09C2  A8          TAY
09C3  68          PLA
09C4  AA          TAX
09C5  68          PLA
09C6  4C 81 EA    JMP $EA81
09C9        irq_handler_1:
09C9  20 13 0C    JSR runtime_map_scroll_prepare_panel_0
09CC  A9 00       LDA #$00
09CE  8D FE C0    STA $C0FE
09D1  A9 1E       LDA #$1E
09D3  8D 12 D0    STA $D012
09D6  AD 11 D0    LDA $D011
09D9  29 7F       AND #$7F
09DB  8D 11 D0    STA $D011
09DE  68          PLA
09DF  A8          TAY
09E0  68          PLA
09E1  AA          TAX
09E2  68          PLA
09E3  4C 81 EA    JMP $EA81
09E6        program_end:
            ; Deterministic game frame loop
09E6  A9 00       LDA #$00
09E8  8D 6A C7    STA $C76A
09EB  A9 00       LDA #$00
09ED  8D 6B C7    STA $C76B
09F0  A9 00       LDA #$00
09F2  8D 70 C7    STA $C770
09F5  A9 FF       LDA #$FF
09F7  8D 67 C7    STA $C767
09FA  A9 FF       LDA #$FF
09FC  8D 69 C7    STA $C769
09FF  A9 3C       LDA #$3C
0A01  8D 6F C7    STA $C76F
0A04        game_video_detect_low:
0A04  AD 11 D0    LDA $D011
0A07  30 FB       BMI game_video_detect_low
0A09        game_video_detect_high:
0A09  AD 11 D0    LDA $D011
0A0C  10 FB       BPL game_video_detect_high
0A0E        game_video_detect_scan:
0A0E  AD 11 D0    LDA $D011
0A11  10 0F       BPL game_video_detect_done
0A13  AD 12 D0    LDA $D012
0A16  C9 20       CMP #$20
0A18  B0 03       BCS game_video_detect_pal
0A1A  4C 0E 0A    JMP game_video_detect_scan
0A1D        game_video_detect_pal:
0A1D  A9 32       LDA #$32
0A1F  8D 6F C7    STA $C76F
0A22        game_video_detect_done:
0A22        game_frame_loop:
0A22        game_frame_wait_leave:
0A22  AD 11 D0    LDA $D011
0A25  30 FB       BMI game_frame_wait_leave
0A27  AD 12 D0    LDA $D012
0A2A  C9 A6       CMP #$A6
0A2C  B0 F4       BCS game_frame_wait_leave
0A2E        game_frame_wait_target:
0A2E  AD 11 D0    LDA $D011
0A31  30 07       BMI game_frame_target_reached
0A33  AD 12 D0    LDA $D012
0A36  C9 A6       CMP #$A6
0A38  90 F4       BCC game_frame_wait_target
0A3A        game_frame_target_reached:
0A3A  18          CLC
0A3B  AD 70 C7    LDA $C770
0A3E  69 32       ADC #$32
0A40  8D 70 C7    STA $C770
0A43  CD 6F C7    CMP $C76F
0A46  B0 03       BCS game_frame_logical_tick
0A48  4C 22 0A    JMP game_frame_loop
0A4B        game_frame_logical_tick:
0A4B  38          SEC
0A4C  AD 70 C7    LDA $C770
0A4F  ED 6F C7    SBC $C76F
0A52  8D 70 C7    STA $C770
0A55  AD 67 C7    LDA $C767
0A58  8D 69 C7    STA $C769
0A5B  AD 00 DC    LDA $DC00
0A5E  8D 67 C7    STA $C767
0A61  EE 6A C7    INC $C76A
0A64  D0 03       BNE game_frame_counter_done_4
0A66  EE 6B C7    INC $C76B
0A69        game_frame_counter_done_4:
0A69  AD 67 C7    LDA $C767
0A6C  29 04       AND #$04
0A6E  F0 03       BEQ condition_pass_6
0A70  4C A5 0A    JMP control_if_else_5
0A73        condition_pass_6:
0A73  AD 00 C1    LDA $C100
0A76  D0 07       BNE map_scroll_can_move_7
0A78  AD 01 C1    LDA $C101
0A7B  C9 07       CMP #$07
0A7D  F0 23       BEQ map_scroll_done_7
0A7F        map_scroll_can_move_7:
0A7F  AD 01 C1    LDA $C101
0A82  C9 07       CMP #$07
0A84  F0 06       BEQ map_scroll_wrap_7
0A86  EE 01 C1    INC $C101
0A89  4C 97 0A    JMP map_scroll_moved_7
0A8C        map_scroll_wrap_7:
0A8C  CE 00 C1    DEC $C100
0A8F  A9 00       LDA #$00
0A91  8D 01 C1    STA $C101
0A94  20 7F 0E    JSR runtime_map_scroll_shift_right_0
0A97        map_scroll_moved_7:
0A97  AD 07 C1    LDA $C107
0A9A  D0 03       BNE map_scroll_pixel_x_dec_7_low
0A9C  CE 08 C1    DEC $C108
0A9F        map_scroll_pixel_x_dec_7_low:
0A9F  CE 07 C1    DEC $C107
0AA2        map_scroll_done_7:
0AA2  4C A5 0A    JMP control_if_end_5
0AA5        control_if_else_5:
0AA5        control_if_end_5:
0AA5  AD 67 C7    LDA $C767
0AA8  29 08       AND #$08
0AAA  F0 03       BEQ condition_pass_9
0AAC  4C D7 0A    JMP control_if_else_8
0AAF        condition_pass_9:
0AAF  AD 00 C1    LDA $C100
0AB2  C9 14       CMP #$14
0AB4  F0 1E       BEQ map_scroll_done_10
0AB6        map_scroll_can_move_10:
0AB6  AD 01 C1    LDA $C101
0AB9  F0 06       BEQ map_scroll_wrap_10
0ABB  CE 01 C1    DEC $C101
0ABE  4C CC 0A    JMP map_scroll_moved_10
0AC1        map_scroll_wrap_10:
0AC1  EE 00 C1    INC $C100
0AC4  A9 07       LDA #$07
0AC6  8D 01 C1    STA $C101
0AC9  20 81 0C    JSR runtime_map_scroll_shift_left_0
0ACC        map_scroll_moved_10:
0ACC  EE 07 C1    INC $C107
0ACF  D0 03       BNE map_scroll_pixel_x_inc_10_done
0AD1  EE 08 C1    INC $C108
0AD4        map_scroll_pixel_x_inc_10_done:
0AD4        map_scroll_done_10:
0AD4  4C D7 0A    JMP control_if_end_8
0AD7        control_if_else_8:
0AD7        control_if_end_8:
0AD7  AD 67 C7    LDA $C767
0ADA  29 01       AND #$01
0ADC  F0 03       BEQ condition_pass_12
0ADE  4C 13 0B    JMP control_if_else_11
0AE1        condition_pass_12:
0AE1  AD 02 C1    LDA $C102
0AE4  D0 07       BNE map_scroll_y_can_move_13
0AE6  AD 03 C1    LDA $C103
0AE9  C9 07       CMP #$07
0AEB  F0 23       BEQ map_scroll_y_done_13
0AED        map_scroll_y_can_move_13:
0AED  AD 03 C1    LDA $C103
0AF0  C9 07       CMP #$07
0AF2  F0 06       BEQ map_scroll_y_wrap_13
0AF4  EE 03 C1    INC $C103
0AF7  4C 05 0B    JMP map_scroll_y_moved_13
0AFA        map_scroll_y_wrap_13:
0AFA  CE 02 C1    DEC $C102
0AFD  A9 00       LDA #$00
0AFF  8D 03 C1    STA $C103
0B02  20 57 11    JSR runtime_map_scroll_shift_down_0
0B05        map_scroll_y_moved_13:
0B05  AD 09 C1    LDA $C109
0B08  D0 03       BNE map_scroll_pixel_y_dec_13_low
0B0A  CE 0A C1    DEC $C10A
0B0D        map_scroll_pixel_y_dec_13_low:
0B0D  CE 09 C1    DEC $C109
0B10        map_scroll_y_done_13:
0B10  4C 13 0B    JMP control_if_end_11
0B13        control_if_else_11:
0B13        control_if_end_11:
0B13  AD 67 C7    LDA $C767
0B16  29 02       AND #$02
0B18  F0 03       BEQ condition_pass_15
0B1A  4C 45 0B    JMP control_if_else_14
0B1D        condition_pass_15:
0B1D  AD 02 C1    LDA $C102
0B20  C9 0D       CMP #$0D
0B22  F0 1E       BEQ map_scroll_y_done_16
0B24        map_scroll_y_can_move_16:
0B24  AD 03 C1    LDA $C103
0B27  F0 06       BEQ map_scroll_y_wrap_16
0B29  CE 03 C1    DEC $C103
0B2C  4C 3A 0B    JMP map_scroll_y_moved_16
0B2F        map_scroll_y_wrap_16:
0B2F  EE 02 C1    INC $C102
0B32  A9 07       LDA #$07
0B34  8D 03 C1    STA $C103
0B37  20 7A 10    JSR runtime_map_scroll_shift_up_0
0B3A        map_scroll_y_moved_16:
0B3A  EE 09 C1    INC $C109
0B3D  D0 03       BNE map_scroll_pixel_y_inc_16_done
0B3F  EE 0A C1    INC $C10A
0B42        map_scroll_pixel_y_inc_16_done:
0B42        map_scroll_y_done_16:
0B42  4C 45 0B    JMP control_if_end_14
0B45        control_if_else_14:
0B45        control_if_end_14:
0B45  4C 22 0A    JMP game_frame_loop
            ; Dynamic map 0: draw one changed metatile
0B48        runtime_map_draw_tile_0:
0B48  AD B2 C7    LDA $C7B2
0B4B  8D C2 C7    STA $C7C2
0B4E  AD B3 C7    LDA $C7B3
0B51  8D C3 C7    STA $C7C3
0B54        runtime_map_draw_tile_body_0:
0B54  20 34 12    JSR runtime_map_pointer_0
0B57  B1 FB       LDA ($FB),Y
0B59  8D B4 C7    STA $C7B4
0B5C  AD B4 C7    LDA $C7B4
0B5F  8D B5 C7    STA $C7B5
0B62  A9 F6       LDA #$F6
0B64  85 FB       STA $FB
0B66  A9 04       LDA #$04
0B68  85 FC       STA $FC
0B6A  AD C3 C7    LDA $C7C3
0B6D  8D B7 C7    STA $C7B7
0B70        runtime_map_screen_y_loop_0:
0B70  AD B7 C7    LDA $C7B7
0B73  F0 13       BEQ runtime_map_screen_y_done_0
0B75  18          CLC
0B76  A5 FB       LDA $FB
0B78  69 28       ADC #$28
0B7A  85 FB       STA $FB
0B7C  A5 FC       LDA $FC
0B7E  69 00       ADC #$00
0B80  85 FC       STA $FC
0B82  CE B7 C7    DEC $C7B7
0B85  4C 70 0B    JMP runtime_map_screen_y_loop_0
0B88        runtime_map_screen_y_done_0:
0B88  AD C2 C7    LDA $C7C2
0B8B  8D B9 C7    STA $C7B9
0B8E  18          CLC
0B8F  A5 FB       LDA $FB
0B91  6D B9 C7    ADC $C7B9
0B94  85 FB       STA $FB
0B96  A5 FC       LDA $FC
0B98  69 00       ADC #$00
0B9A  85 FC       STA $FC
0B9C  18          CLC
0B9D  A5 FB       LDA $FB
0B9F  69 00       ADC #$00
0BA1  85 FD       STA $FD
0BA3  A5 FC       LDA $FC
0BA5  69 D4       ADC #$D4
0BA7  85 FE       STA $FE
0BA9  18          CLC
0BAA  AD B5 C7    LDA $C7B5
0BAD  69 00       ADC #$00
0BAF  A8          TAY
0BB0  B9 AE 12    LDA asset_map_chars_0,Y
0BB3  A0 00       LDY #$00
0BB5  91 FB       STA ($FB),Y
0BB7  18          CLC
0BB8  AD B5 C7    LDA $C7B5
0BBB  69 00       ADC #$00
0BBD  A8          TAY
0BBE  B9 B1 12    LDA asset_map_colors_0,Y
0BC1  A0 00       LDY #$00
0BC3  91 FD       STA ($FD),Y
0BC5  60          RTS
            ; Map 0: bounded coarse viewport 28x7
0BC6        runtime_map_viewport_0:
0BC6  A9 00       LDA #$00
0BC8  8D C3 C7    STA $C7C3
0BCB        runtime_map_viewport_row_0:
0BCB  18          CLC
0BCC  AD C1 C7    LDA $C7C1
0BCF  6D C3 C7    ADC $C7C3
0BD2  8D B3 C7    STA $C7B3
0BD5  A9 00       LDA #$00
0BD7  8D C2 C7    STA $C7C2
0BDA        runtime_map_viewport_column_0:
0BDA  18          CLC
0BDB  AD C0 C7    LDA $C7C0
0BDE  6D C2 C7    ADC $C7C2
0BE1  8D B2 C7    STA $C7B2
0BE4  20 54 0B    JSR runtime_map_draw_tile_body_0
0BE7  EE C2 C7    INC $C7C2
0BEA  AD C2 C7    LDA $C7C2
0BED  C9 1C       CMP #$1C
0BEF  D0 E9       BNE runtime_map_viewport_column_0
0BF1  EE C3 C7    INC $C7C3
0BF4  AD C3 C7    LDA $C7C3
0BF7  C9 07       CMP #$07
0BF9  D0 D0       BNE runtime_map_viewport_row_0
0BFB  60          RTS
            ; Map 0: enter raster-banded fine X/Y viewport
0BFC        runtime_map_scroll_apply_0:
0BFC  AD 16 D0    LDA $D016
0BFF  29 F0       AND #$F0
0C01  0D 01 C1    ORA $C101
0C04  8D 16 D0    STA $D016
0C07  AD 11 D0    LDA $D011
0C0A  29 F0       AND #$F0
0C0C  0D 03 C1    ORA $C103
0C0F  8D 11 D0    STA $D011
0C12  60          RTS
            ; Map 0: cycle-stable VCBASE transition into the fixed panel
0C13        runtime_map_scroll_prepare_panel_0:
0C13        runtime_map_scroll_wait_normalize_0:
0C13  AD 12 D0    LDA $D012
0C16  C9 95       CMP #$95
0C18  90 F9       BCC runtime_map_scroll_wait_normalize_0
0C1A  AD 04 C1    LDA $C104
0C1D  29 F0       AND #$F0
0C1F  09 07       ORA #$07
0C21  8D 11 D0    STA $D011
0C24        runtime_map_scroll_wait_blank_0:
0C24  AD 12 D0    LDA $D012
0C27  C9 96       CMP #$96
0C29  90 F9       BCC runtime_map_scroll_wait_blank_0
0C2B  AD 06 C1    LDA $C106
0C2E  29 F0       AND #$F0
0C30  09 0E       ORA #$0E
0C32  8D 18 D0    STA $D018
0C35        runtime_map_scroll_wait_den_off_0:
0C35  AD 12 D0    LDA $D012
0C38  C9 9E       CMP #$9E
0C3A  90 F9       BCC runtime_map_scroll_wait_den_off_0
0C3C  AD 04 C1    LDA $C104
0C3F  29 E0       AND #$E0
0C41  09 07       ORA #$07
0C43  8D 11 D0    STA $D011
0C46        runtime_map_scroll_wait_panel_y_0:
0C46  AD 12 D0    LDA $D012
0C49  C9 A0       CMP #$A0
0C4B  90 F9       BCC runtime_map_scroll_wait_panel_y_0
0C4D  AD 04 C1    LDA $C104
0C50  8D 11 D0    STA $D011
0C53  AD 06 C1    LDA $C106
0C56  8D 18 D0    STA $D018
0C59        runtime_map_scroll_wait_panel_x_0:
0C59  AD 12 D0    LDA $D012
0C5C  C9 A2       CMP #$A2
0C5E  90 F9       BCC runtime_map_scroll_wait_panel_x_0
0C60  AD 05 C1    LDA $C105
0C63  8D 16 D0    STA $D016
0C66  60          RTS
            ; Map 0: leave the scroll area with the fixed horizontal phase
0C67        runtime_map_scroll_leave_0:
0C67  AD 05 C1    LDA $C105
0C6A  8D 16 D0    STA $D016
0C6D  60          RTS
            ; Map 0: restore both fixed-panel VIC-II phases after a full redraw
0C6E        runtime_map_scroll_restore_0:
0C6E  AD 05 C1    LDA $C105
0C71  8D 16 D0    STA $D016
0C74  AD 04 C1    LDA $C104
0C77  8D 11 D0    STA $D011
0C7A  AD 06 C1    LDA $C106
0C7D  8D 18 D0    STA $D018
0C80  60          RTS
            ; Map 0: shift Screen RAM and Color RAM one character left
0C81        runtime_map_scroll_shift_left_0:
0C81  AD 00 C1    LDA $C100
0C84  18          CLC
0C85  69 1B       ADC #$1B
0C87  8D B2 C7    STA $C7B2
0C8A  AD 02 C1    LDA $C102
0C8D  8D B3 C7    STA $C7B3
0C90  20 34 12    JSR runtime_map_pointer_0
0C93  AD F7 04    LDA $04F7
0C96  8D F6 04    STA $04F6
0C99  AD F7 D8    LDA $D8F7
0C9C  8D F6 D8    STA $D8F6
0C9F  A2 E6       LDX #$E6
0CA1        runtime_map_scroll_left_row_0_0:
0CA1  BD 12 04    LDA $0412,X
0CA4  9D 11 04    STA $0411,X
0CA7  BD 12 D8    LDA $D812,X
0CAA  9D 11 D8    STA $D811,X
0CAD  E8          INX
0CAE  BD 12 04    LDA $0412,X
0CB1  9D 11 04    STA $0411,X
0CB4  BD 12 D8    LDA $D812,X
0CB7  9D 11 D8    STA $D811,X
0CBA  E8          INX
0CBB  D0 E4       BNE runtime_map_scroll_left_row_0_0
0CBD  A0 00       LDY #$00
0CBF  B1 FB       LDA ($FB),Y
0CC1  AA          TAX
0CC2  BD AE 12    LDA asset_map_chars_0,X
0CC5  8D 11 05    STA $0511
0CC8  BD B1 12    LDA asset_map_colors_0,X
0CCB  8D 11 D9    STA $D911
0CCE  18          CLC
0CCF  A5 FB       LDA $FB
0CD1  69 30       ADC #$30
0CD3  85 FB       STA $FB
0CD5  A5 FC       LDA $FC
0CD7  69 00       ADC #$00
0CD9  85 FC       STA $FC
0CDB  AD 1F 05    LDA $051F
0CDE  8D 1E 05    STA $051E
0CE1  AD 1F D9    LDA $D91F
0CE4  8D 1E D9    STA $D91E
0CE7  A2 E6       LDX #$E6
0CE9        runtime_map_scroll_left_row_0_1:
0CE9  BD 3A 04    LDA $043A,X
0CEC  9D 39 04    STA $0439,X
0CEF  BD 3A D8    LDA $D83A,X
0CF2  9D 39 D8    STA $D839,X
0CF5  E8          INX
0CF6  BD 3A 04    LDA $043A,X
0CF9  9D 39 04    STA $0439,X
0CFC  BD 3A D8    LDA $D83A,X
0CFF  9D 39 D8    STA $D839,X
0D02  E8          INX
0D03  D0 E4       BNE runtime_map_scroll_left_row_0_1
0D05  A0 00       LDY #$00
0D07  B1 FB       LDA ($FB),Y
0D09  AA          TAX
0D0A  BD AE 12    LDA asset_map_chars_0,X
0D0D  8D 39 05    STA $0539
0D10  BD B1 12    LDA asset_map_colors_0,X
0D13  8D 39 D9    STA $D939
0D16  18          CLC
0D17  A5 FB       LDA $FB
0D19  69 30       ADC #$30
0D1B  85 FB       STA $FB
0D1D  A5 FC       LDA $FC
0D1F  69 00       ADC #$00
0D21  85 FC       STA $FC
0D23  AD 47 05    LDA $0547
0D26  8D 46 05    STA $0546
0D29  AD 47 D9    LDA $D947
0D2C  8D 46 D9    STA $D946
0D2F  A2 E6       LDX #$E6
0D31        runtime_map_scroll_left_row_0_2:
0D31  BD 62 04    LDA $0462,X
0D34  9D 61 04    STA $0461,X
0D37  BD 62 D8    LDA $D862,X
0D3A  9D 61 D8    STA $D861,X
0D3D  E8          INX
0D3E  BD 62 04    LDA $0462,X
0D41  9D 61 04    STA $0461,X
0D44  BD 62 D8    LDA $D862,X
0D47  9D 61 D8    STA $D861,X
0D4A  E8          INX
0D4B  D0 E4       BNE runtime_map_scroll_left_row_0_2
0D4D  A0 00       LDY #$00
0D4F  B1 FB       LDA ($FB),Y
0D51  AA          TAX
0D52  BD AE 12    LDA asset_map_chars_0,X
0D55  8D 61 05    STA $0561
0D58  BD B1 12    LDA asset_map_colors_0,X
0D5B  8D 61 D9    STA $D961
0D5E  18          CLC
0D5F  A5 FB       LDA $FB
0D61  69 30       ADC #$30
0D63  85 FB       STA $FB
0D65  A5 FC       LDA $FC
0D67  69 00       ADC #$00
0D69  85 FC       STA $FC
0D6B  AD 6F 05    LDA $056F
0D6E  8D 6E 05    STA $056E
0D71  AD 6F D9    LDA $D96F
0D74  8D 6E D9    STA $D96E
0D77  A2 E6       LDX #$E6
0D79        runtime_map_scroll_left_row_0_3:
0D79  BD 8A 04    LDA $048A,X
0D7C  9D 89 04    STA $0489,X
0D7F  BD 8A D8    LDA $D88A,X
0D82  9D 89 D8    STA $D889,X
0D85  E8          INX
0D86  BD 8A 04    LDA $048A,X
0D89  9D 89 04    STA $0489,X
0D8C  BD 8A D8    LDA $D88A,X
0D8F  9D 89 D8    STA $D889,X
0D92  E8          INX
0D93  D0 E4       BNE runtime_map_scroll_left_row_0_3
0D95  A0 00       LDY #$00
0D97  B1 FB       LDA ($FB),Y
0D99  AA          TAX
0D9A  BD AE 12    LDA asset_map_chars_0,X
0D9D  8D 89 05    STA $0589
0DA0  BD B1 12    LDA asset_map_colors_0,X
0DA3  8D 89 D9    STA $D989
0DA6  18          CLC
0DA7  A5 FB       LDA $FB
0DA9  69 30       ADC #$30
0DAB  85 FB       STA $FB
0DAD  A5 FC       LDA $FC
0DAF  69 00       ADC #$00
0DB1  85 FC       STA $FC
0DB3  AD 97 05    LDA $0597
0DB6  8D 96 05    STA $0596
0DB9  AD 97 D9    LDA $D997
0DBC  8D 96 D9    STA $D996
0DBF  A2 E6       LDX #$E6
0DC1        runtime_map_scroll_left_row_0_4:
0DC1  BD B2 04    LDA $04B2,X
0DC4  9D B1 04    STA $04B1,X
0DC7  BD B2 D8    LDA $D8B2,X
0DCA  9D B1 D8    STA $D8B1,X
0DCD  E8          INX
0DCE  BD B2 04    LDA $04B2,X
0DD1  9D B1 04    STA $04B1,X
0DD4  BD B2 D8    LDA $D8B2,X
0DD7  9D B1 D8    STA $D8B1,X
0DDA  E8          INX
0DDB  D0 E4       BNE runtime_map_scroll_left_row_0_4
0DDD  A0 00       LDY #$00
0DDF  B1 FB       LDA ($FB),Y
0DE1  AA          TAX
0DE2  BD AE 12    LDA asset_map_chars_0,X
0DE5  8D B1 05    STA $05B1
0DE8  BD B1 12    LDA asset_map_colors_0,X
0DEB  8D B1 D9    STA $D9B1
0DEE  18          CLC
0DEF  A5 FB       LDA $FB
0DF1  69 30       ADC #$30
0DF3  85 FB       STA $FB
0DF5  A5 FC       LDA $FC
0DF7  69 00       ADC #$00
0DF9  85 FC       STA $FC
0DFB  AD BF 05    LDA $05BF
0DFE  8D BE 05    STA $05BE
0E01  AD BF D9    LDA $D9BF
0E04  8D BE D9    STA $D9BE
0E07  A2 E6       LDX #$E6
0E09        runtime_map_scroll_left_row_0_5:
0E09  BD DA 04    LDA $04DA,X
0E0C  9D D9 04    STA $04D9,X
0E0F  BD DA D8    LDA $D8DA,X
0E12  9D D9 D8    STA $D8D9,X
0E15  E8          INX
0E16  BD DA 04    LDA $04DA,X
0E19  9D D9 04    STA $04D9,X
0E1C  BD DA D8    LDA $D8DA,X
0E1F  9D D9 D8    STA $D8D9,X
0E22  E8          INX
0E23  D0 E4       BNE runtime_map_scroll_left_row_0_5
0E25  A0 00       LDY #$00
0E27  B1 FB       LDA ($FB),Y
0E29  AA          TAX
0E2A  BD AE 12    LDA asset_map_chars_0,X
0E2D  8D D9 05    STA $05D9
0E30  BD B1 12    LDA asset_map_colors_0,X
0E33  8D D9 D9    STA $D9D9
0E36  18          CLC
0E37  A5 FB       LDA $FB
0E39  69 30       ADC #$30
0E3B  85 FB       STA $FB
0E3D  A5 FC       LDA $FC
0E3F  69 00       ADC #$00
0E41  85 FC       STA $FC
0E43  AD E7 05    LDA $05E7
0E46  8D E6 05    STA $05E6
0E49  AD E7 D9    LDA $D9E7
0E4C  8D E6 D9    STA $D9E6
0E4F  A2 E6       LDX #$E6
0E51        runtime_map_scroll_left_row_0_6:
0E51  BD 02 05    LDA $0502,X
0E54  9D 01 05    STA $0501,X
0E57  BD 02 D9    LDA $D902,X
0E5A  9D 01 D9    STA $D901,X
0E5D  E8          INX
0E5E  BD 02 05    LDA $0502,X
0E61  9D 01 05    STA $0501,X
0E64  BD 02 D9    LDA $D902,X
0E67  9D 01 D9    STA $D901,X
0E6A  E8          INX
0E6B  D0 E4       BNE runtime_map_scroll_left_row_0_6
0E6D  A0 00       LDY #$00
0E6F  B1 FB       LDA ($FB),Y
0E71  AA          TAX
0E72  BD AE 12    LDA asset_map_chars_0,X
0E75  8D 01 06    STA $0601
0E78  BD B1 12    LDA asset_map_colors_0,X
0E7B  8D 01 DA    STA $DA01
0E7E  60          RTS
            ; Map 0: shift Screen RAM and Color RAM one character right
0E7F        runtime_map_scroll_shift_right_0:
0E7F  AD 00 C1    LDA $C100
0E82  8D B2 C7    STA $C7B2
0E85  AD 02 C1    LDA $C102
0E88  8D B3 C7    STA $C7B3
0E8B  20 34 12    JSR runtime_map_pointer_0
0E8E  AD 10 05    LDA $0510
0E91  8D 11 05    STA $0511
0E94  AD 10 D9    LDA $D910
0E97  8D 11 D9    STA $D911
0E9A  A2 19       LDX #$19
0E9C        runtime_map_scroll_right_row_0_0:
0E9C  BD F6 04    LDA $04F6,X
0E9F  9D F7 04    STA $04F7,X
0EA2  BD F6 D8    LDA $D8F6,X
0EA5  9D F7 D8    STA $D8F7,X
0EA8  CA          DEX
0EA9  BD F6 04    LDA $04F6,X
0EAC  9D F7 04    STA $04F7,X
0EAF  BD F6 D8    LDA $D8F6,X
0EB2  9D F7 D8    STA $D8F7,X
0EB5  CA          DEX
0EB6  10 E4       BPL runtime_map_scroll_right_row_0_0
0EB8  A0 00       LDY #$00
0EBA  B1 FB       LDA ($FB),Y
0EBC  AA          TAX
0EBD  BD AE 12    LDA asset_map_chars_0,X
0EC0  8D F6 04    STA $04F6
0EC3  BD B1 12    LDA asset_map_colors_0,X
0EC6  8D F6 D8    STA $D8F6
0EC9  18          CLC
0ECA  A5 FB       LDA $FB
0ECC  69 30       ADC #$30
0ECE  85 FB       STA $FB
0ED0  A5 FC       LDA $FC
0ED2  69 00       ADC #$00
0ED4  85 FC       STA $FC
0ED6  AD 38 05    LDA $0538
0ED9  8D 39 05    STA $0539
0EDC  AD 38 D9    LDA $D938
0EDF  8D 39 D9    STA $D939
0EE2  A2 19       LDX #$19
0EE4        runtime_map_scroll_right_row_0_1:
0EE4  BD 1E 05    LDA $051E,X
0EE7  9D 1F 05    STA $051F,X
0EEA  BD 1E D9    LDA $D91E,X
0EED  9D 1F D9    STA $D91F,X
0EF0  CA          DEX
0EF1  BD 1E 05    LDA $051E,X
0EF4  9D 1F 05    STA $051F,X
0EF7  BD 1E D9    LDA $D91E,X
0EFA  9D 1F D9    STA $D91F,X
0EFD  CA          DEX
0EFE  10 E4       BPL runtime_map_scroll_right_row_0_1
0F00  A0 00       LDY #$00
0F02  B1 FB       LDA ($FB),Y
0F04  AA          TAX
0F05  BD AE 12    LDA asset_map_chars_0,X
0F08  8D 1E 05    STA $051E
0F0B  BD B1 12    LDA asset_map_colors_0,X
0F0E  8D 1E D9    STA $D91E
0F11  18          CLC
0F12  A5 FB       LDA $FB
0F14  69 30       ADC #$30
0F16  85 FB       STA $FB
0F18  A5 FC       LDA $FC
0F1A  69 00       ADC #$00
0F1C  85 FC       STA $FC
0F1E  AD 60 05    LDA $0560
0F21  8D 61 05    STA $0561
0F24  AD 60 D9    LDA $D960
0F27  8D 61 D9    STA $D961
0F2A  A2 19       LDX #$19
0F2C        runtime_map_scroll_right_row_0_2:
0F2C  BD 46 05    LDA $0546,X
0F2F  9D 47 05    STA $0547,X
0F32  BD 46 D9    LDA $D946,X
0F35  9D 47 D9    STA $D947,X
0F38  CA          DEX
0F39  BD 46 05    LDA $0546,X
0F3C  9D 47 05    STA $0547,X
0F3F  BD 46 D9    LDA $D946,X
0F42  9D 47 D9    STA $D947,X
0F45  CA          DEX
0F46  10 E4       BPL runtime_map_scroll_right_row_0_2
0F48  A0 00       LDY #$00
0F4A  B1 FB       LDA ($FB),Y
0F4C  AA          TAX
0F4D  BD AE 12    LDA asset_map_chars_0,X
0F50  8D 46 05    STA $0546
0F53  BD B1 12    LDA asset_map_colors_0,X
0F56  8D 46 D9    STA $D946
0F59  18          CLC
0F5A  A5 FB       LDA $FB
0F5C  69 30       ADC #$30
0F5E  85 FB       STA $FB
0F60  A5 FC       LDA $FC
0F62  69 00       ADC #$00
0F64  85 FC       STA $FC
0F66  AD 88 05    LDA $0588
0F69  8D 89 05    STA $0589
0F6C  AD 88 D9    LDA $D988
0F6F  8D 89 D9    STA $D989
0F72  A2 19       LDX #$19
0F74        runtime_map_scroll_right_row_0_3:
0F74  BD 6E 05    LDA $056E,X
0F77  9D 6F 05    STA $056F,X
0F7A  BD 6E D9    LDA $D96E,X
0F7D  9D 6F D9    STA $D96F,X
0F80  CA          DEX
0F81  BD 6E 05    LDA $056E,X
0F84  9D 6F 05    STA $056F,X
0F87  BD 6E D9    LDA $D96E,X
0F8A  9D 6F D9    STA $D96F,X
0F8D  CA          DEX
0F8E  10 E4       BPL runtime_map_scroll_right_row_0_3
0F90  A0 00       LDY #$00
0F92  B1 FB       LDA ($FB),Y
0F94  AA          TAX
0F95  BD AE 12    LDA asset_map_chars_0,X
0F98  8D 6E 05    STA $056E
0F9B  BD B1 12    LDA asset_map_colors_0,X
0F9E  8D 6E D9    STA $D96E
0FA1  18          CLC
0FA2  A5 FB       LDA $FB
0FA4  69 30       ADC #$30
0FA6  85 FB       STA $FB
0FA8  A5 FC       LDA $FC
0FAA  69 00       ADC #$00
0FAC  85 FC       STA $FC
0FAE  AD B0 05    LDA $05B0
0FB1  8D B1 05    STA $05B1
0FB4  AD B0 D9    LDA $D9B0
0FB7  8D B1 D9    STA $D9B1
0FBA  A2 19       LDX #$19
0FBC        runtime_map_scroll_right_row_0_4:
0FBC  BD 96 05    LDA $0596,X
0FBF  9D 97 05    STA $0597,X
0FC2  BD 96 D9    LDA $D996,X
0FC5  9D 97 D9    STA $D997,X
0FC8  CA          DEX
0FC9  BD 96 05    LDA $0596,X
0FCC  9D 97 05    STA $0597,X
0FCF  BD 96 D9    LDA $D996,X
0FD2  9D 97 D9    STA $D997,X
0FD5  CA          DEX
0FD6  10 E4       BPL runtime_map_scroll_right_row_0_4
0FD8  A0 00       LDY #$00
0FDA  B1 FB       LDA ($FB),Y
0FDC  AA          TAX
0FDD  BD AE 12    LDA asset_map_chars_0,X
0FE0  8D 96 05    STA $0596
0FE3  BD B1 12    LDA asset_map_colors_0,X
0FE6  8D 96 D9    STA $D996
0FE9  18          CLC
0FEA  A5 FB       LDA $FB
0FEC  69 30       ADC #$30
0FEE  85 FB       STA $FB
0FF0  A5 FC       LDA $FC
0FF2  69 00       ADC #$00
0FF4  85 FC       STA $FC
0FF6  AD D8 05    LDA $05D8
0FF9  8D D9 05    STA $05D9
0FFC  AD D8 D9    LDA $D9D8
0FFF  8D D9 D9    STA $D9D9
1002  A2 19       LDX #$19
1004        runtime_map_scroll_right_row_0_5:
1004  BD BE 05    LDA $05BE,X
1007  9D BF 05    STA $05BF,X
100A  BD BE D9    LDA $D9BE,X
100D  9D BF D9    STA $D9BF,X
1010  CA          DEX
1011  BD BE 05    LDA $05BE,X
1014  9D BF 05    STA $05BF,X
1017  BD BE D9    LDA $D9BE,X
101A  9D BF D9    STA $D9BF,X
101D  CA          DEX
101E  10 E4       BPL runtime_map_scroll_right_row_0_5
1020  A0 00       LDY #$00
1022  B1 FB       LDA ($FB),Y
1024  AA          TAX
1025  BD AE 12    LDA asset_map_chars_0,X
1028  8D BE 05    STA $05BE
102B  BD B1 12    LDA asset_map_colors_0,X
102E  8D BE D9    STA $D9BE
1031  18          CLC
1032  A5 FB       LDA $FB
1034  69 30       ADC #$30
1036  85 FB       STA $FB
1038  A5 FC       LDA $FC
103A  69 00       ADC #$00
103C  85 FC       STA $FC
103E  AD 00 06    LDA $0600
1041  8D 01 06    STA $0601
1044  AD 00 DA    LDA $DA00
1047  8D 01 DA    STA $DA01
104A  A2 19       LDX #$19
104C        runtime_map_scroll_right_row_0_6:
104C  BD E6 05    LDA $05E6,X
104F  9D E7 05    STA $05E7,X
1052  BD E6 D9    LDA $D9E6,X
1055  9D E7 D9    STA $D9E7,X
1058  CA          DEX
1059  BD E6 05    LDA $05E6,X
105C  9D E7 05    STA $05E7,X
105F  BD E6 D9    LDA $D9E6,X
1062  9D E7 D9    STA $D9E7,X
1065  CA          DEX
1066  10 E4       BPL runtime_map_scroll_right_row_0_6
1068  A0 00       LDY #$00
106A  B1 FB       LDA ($FB),Y
106C  AA          TAX
106D  BD AE 12    LDA asset_map_chars_0,X
1070  8D E6 05    STA $05E6
1073  BD B1 12    LDA asset_map_colors_0,X
1076  8D E6 D9    STA $D9E6
1079  60          RTS
            ; Map 0: shift Screen RAM and Color RAM one character up
107A        runtime_map_scroll_shift_up_0:
107A  A2 E4       LDX #$E4
107C        runtime_map_scroll_up_row_0_0:
107C  BD 3A 04    LDA $043A,X
107F  9D 12 04    STA $0412,X
1082  BD 3A D8    LDA $D83A,X
1085  9D 12 D8    STA $D812,X
1088  E8          INX
1089  BD 3A 04    LDA $043A,X
108C  9D 12 04    STA $0412,X
108F  BD 3A D8    LDA $D83A,X
1092  9D 12 D8    STA $D812,X
1095  E8          INX
1096  D0 E4       BNE runtime_map_scroll_up_row_0_0
1098  A2 E4       LDX #$E4
109A        runtime_map_scroll_up_row_0_1:
109A  BD 62 04    LDA $0462,X
109D  9D 3A 04    STA $043A,X
10A0  BD 62 D8    LDA $D862,X
10A3  9D 3A D8    STA $D83A,X
10A6  E8          INX
10A7  BD 62 04    LDA $0462,X
10AA  9D 3A 04    STA $043A,X
10AD  BD 62 D8    LDA $D862,X
10B0  9D 3A D8    STA $D83A,X
10B3  E8          INX
10B4  D0 E4       BNE runtime_map_scroll_up_row_0_1
10B6  A2 E4       LDX #$E4
10B8        runtime_map_scroll_up_row_0_2:
10B8  BD 8A 04    LDA $048A,X
10BB  9D 62 04    STA $0462,X
10BE  BD 8A D8    LDA $D88A,X
10C1  9D 62 D8    STA $D862,X
10C4  E8          INX
10C5  BD 8A 04    LDA $048A,X
10C8  9D 62 04    STA $0462,X
10CB  BD 8A D8    LDA $D88A,X
10CE  9D 62 D8    STA $D862,X
10D1  E8          INX
10D2  D0 E4       BNE runtime_map_scroll_up_row_0_2
10D4  A2 E4       LDX #$E4
10D6        runtime_map_scroll_up_row_0_3:
10D6  BD B2 04    LDA $04B2,X
10D9  9D 8A 04    STA $048A,X
10DC  BD B2 D8    LDA $D8B2,X
10DF  9D 8A D8    STA $D88A,X
10E2  E8          INX
10E3  BD B2 04    LDA $04B2,X
10E6  9D 8A 04    STA $048A,X
10E9  BD B2 D8    LDA $D8B2,X
10EC  9D 8A D8    STA $D88A,X
10EF  E8          INX
10F0  D0 E4       BNE runtime_map_scroll_up_row_0_3
10F2  A2 E4       LDX #$E4
10F4        runtime_map_scroll_up_row_0_4:
10F4  BD DA 04    LDA $04DA,X
10F7  9D B2 04    STA $04B2,X
10FA  BD DA D8    LDA $D8DA,X
10FD  9D B2 D8    STA $D8B2,X
1100  E8          INX
1101  BD DA 04    LDA $04DA,X
1104  9D B2 04    STA $04B2,X
1107  BD DA D8    LDA $D8DA,X
110A  9D B2 D8    STA $D8B2,X
110D  E8          INX
110E  D0 E4       BNE runtime_map_scroll_up_row_0_4
1110  A2 E4       LDX #$E4
1112        runtime_map_scroll_up_row_0_5:
1112  BD 02 05    LDA $0502,X
1115  9D DA 04    STA $04DA,X
1118  BD 02 D9    LDA $D902,X
111B  9D DA D8    STA $D8DA,X
111E  E8          INX
111F  BD 02 05    LDA $0502,X
1122  9D DA 04    STA $04DA,X
1125  BD 02 D9    LDA $D902,X
1128  9D DA D8    STA $D8DA,X
112B  E8          INX
112C  D0 E4       BNE runtime_map_scroll_up_row_0_5
112E  AD 02 C1    LDA $C102
1131  18          CLC
1132  69 06       ADC #$06
1134  8D B3 C7    STA $C7B3
1137  AD 00 C1    LDA $C100
113A  8D B2 C7    STA $C7B2
113D  20 34 12    JSR runtime_map_pointer_0
1140  A0 00       LDY #$00
1142        runtime_map_scroll_up_line_0:
1142  B1 FB       LDA ($FB),Y
1144  AA          TAX
1145  BD AE 12    LDA asset_map_chars_0,X
1148  99 E6 05    STA $05E6,Y
114B  BD B1 12    LDA asset_map_colors_0,X
114E  99 E6 D9    STA $D9E6,Y
1151  C8          INY
1152  C0 1C       CPY #$1C
1154  D0 EC       BNE runtime_map_scroll_up_line_0
1156  60          RTS
            ; Map 0: shift Screen RAM and Color RAM one character down
1157        runtime_map_scroll_shift_down_0:
1157  A2 E4       LDX #$E4
1159        runtime_map_scroll_down_row_0_5:
1159  BD DA 04    LDA $04DA,X
115C  9D 02 05    STA $0502,X
115F  BD DA D8    LDA $D8DA,X
1162  9D 02 D9    STA $D902,X
1165  E8          INX
1166  BD DA 04    LDA $04DA,X
1169  9D 02 05    STA $0502,X
116C  BD DA D8    LDA $D8DA,X
116F  9D 02 D9    STA $D902,X
1172  E8          INX
1173  D0 E4       BNE runtime_map_scroll_down_row_0_5
1175  A2 E4       LDX #$E4
1177        runtime_map_scroll_down_row_0_4:
1177  BD B2 04    LDA $04B2,X
117A  9D DA 04    STA $04DA,X
117D  BD B2 D8    LDA $D8B2,X
1180  9D DA D8    STA $D8DA,X
1183  E8          INX
1184  BD B2 04    LDA $04B2,X
1187  9D DA 04    STA $04DA,X
118A  BD B2 D8    LDA $D8B2,X
118D  9D DA D8    STA $D8DA,X
1190  E8          INX
1191  D0 E4       BNE runtime_map_scroll_down_row_0_4
1193  A2 E4       LDX #$E4
1195        runtime_map_scroll_down_row_0_3:
1195  BD 8A 04    LDA $048A,X
1198  9D B2 04    STA $04B2,X
119B  BD 8A D8    LDA $D88A,X
119E  9D B2 D8    STA $D8B2,X
11A1  E8          INX
11A2  BD 8A 04    LDA $048A,X
11A5  9D B2 04    STA $04B2,X
11A8  BD 8A D8    LDA $D88A,X
11AB  9D B2 D8    STA $D8B2,X
11AE  E8          INX
11AF  D0 E4       BNE runtime_map_scroll_down_row_0_3
11B1  A2 E4       LDX #$E4
11B3        runtime_map_scroll_down_row_0_2:
11B3  BD 62 04    LDA $0462,X
11B6  9D 8A 04    STA $048A,X
11B9  BD 62 D8    LDA $D862,X
11BC  9D 8A D8    STA $D88A,X
11BF  E8          INX
11C0  BD 62 04    LDA $0462,X
11C3  9D 8A 04    STA $048A,X
11C6  BD 62 D8    LDA $D862,X
11C9  9D 8A D8    STA $D88A,X
11CC  E8          INX
11CD  D0 E4       BNE runtime_map_scroll_down_row_0_2
11CF  A2 E4       LDX #$E4
11D1        runtime_map_scroll_down_row_0_1:
11D1  BD 3A 04    LDA $043A,X
11D4  9D 62 04    STA $0462,X
11D7  BD 3A D8    LDA $D83A,X
11DA  9D 62 D8    STA $D862,X
11DD  E8          INX
11DE  BD 3A 04    LDA $043A,X
11E1  9D 62 04    STA $0462,X
11E4  BD 3A D8    LDA $D83A,X
11E7  9D 62 D8    STA $D862,X
11EA  E8          INX
11EB  D0 E4       BNE runtime_map_scroll_down_row_0_1
11ED  A2 E4       LDX #$E4
11EF        runtime_map_scroll_down_row_0_0:
11EF  BD 12 04    LDA $0412,X
11F2  9D 3A 04    STA $043A,X
11F5  BD 12 D8    LDA $D812,X
11F8  9D 3A D8    STA $D83A,X
11FB  E8          INX
11FC  BD 12 04    LDA $0412,X
11FF  9D 3A 04    STA $043A,X
1202  BD 12 D8    LDA $D812,X
1205  9D 3A D8    STA $D83A,X
1208  E8          INX
1209  D0 E4       BNE runtime_map_scroll_down_row_0_0
120B  AD 02 C1    LDA $C102
120E  8D B3 C7    STA $C7B3
1211  AD 00 C1    LDA $C100
1214  8D B2 C7    STA $C7B2
1217  20 34 12    JSR runtime_map_pointer_0
121A  A0 00       LDY #$00
121C        runtime_map_scroll_down_line_0:
121C  B1 FB       LDA ($FB),Y
121E  AA          TAX
121F  BD AE 12    LDA asset_map_chars_0,X
1222  99 F6 04    STA $04F6,Y
1225  BD B1 12    LDA asset_map_colors_0,X
1228  99 F6 D8    STA $D8F6,Y
122B  C8          INY
122C  C0 1C       CPY #$1C
122E  D0 EC       BNE runtime_map_scroll_down_line_0
1230  60          RTS
            ; Dynamic map 0: redraw visible cells from runtime RAM
1231        runtime_map_redraw_0:
1231  4C C6 0B    JMP runtime_map_viewport_0
1234        runtime_map_pointer_0:
1234  AC B3 C7    LDY $C7B3
1237  18          CLC
1238  B9 4A 12    LDA runtime_map_row_lo_0,Y
123B  6D B2 C7    ADC $C7B2
123E  85 FB       STA $FB
1240  B9 5E 12    LDA runtime_map_row_hi_0,Y
1243  69 00       ADC #$00
1245  85 FC       STA $FC
1247  A0 00       LDY #$00
1249  60          RTS
124A        runtime_map_row_lo_0:
124A  00 30 60 90 C0 F0 20 50 80 B0 E0 10 40 70 A0 D0 00 30 60 90 .byte $00, $30, $60, $90, $C0, $F0, $20, $50, $80, $B0, $E0, $10, $40, $70, $A0, $D0, $00, $30, $60, $90
125E        runtime_map_row_hi_0:
125E  80 80 80 80 80 80 81 81 81 81 81 82 82 82 82 82 83 83 83 83 .byte $80, $80, $80, $80, $80, $80, $81, $81, $81, $81, $81, $82, $82, $82, $82, $82, $83, $83, $83, $83
            ; String pool
1272        str_screen_0:
1272  16 30 2E 31 30 20 06 09 0E 05 20 13 03 12 0F 0C 0C 20 18 2F 19 00 .byte $16, $30, $2E, $31, $30, $20, $06, $09, $0E, $05, $20, $13, $03, $12, $0F, $0C, $0C, $20, $18, $2F, $19, $00
1288        str_screen_1:
1288  13 03 0F 12 05 20 30 30 30 30 20 2D 20 0A 0F 19 13 14 09 03 0B 20 34 20 04 09 12 05 03 14 09 0F 0E 13 00 .byte $13, $03, $0F, $12, $05, $20, $30, $30, $30, $30, $20, $2D, $20, $0A, $0F, $19, $13, $14, $09, $03, $0B, $20, $34, $20, $04, $09, $12, $05, $03, $14, $09, $0F, $0E, $13, $00
            ; User data
12AB        asset_map_collisions_0:
12AB  00 01 00    .byte $00, $01, $00
12AE        asset_map_chars_0:
12AE  20 A0 51    .byte $20, $A0, $51
12B1        asset_map_colors_0:
12B1  00 05 07    .byte $00, $05, $07
12B4        asset_rle_1:
12B4  90 00 01 02 05 00 01 02 05 00 01 02 05 00 01 02 05 00 01 02 05 00 01 02 05 00 01 02 05 00 01 02 37 00 04 01 05 00 04 01 01 00 .byte $90, $00, $01, $02, $05, $00, $01, $02, $05, $00, $01, $02, $05, $00, $01, $02, $05, $00, $01, $02, $05, $00, $01, $02, $05, $00, $01, $02, $05, $00, $01, $02, $37, $00, $04, $01, $05, $00, $04, $01, $01, $00
12DE        asset_rle_3:
12DE  04 00 04 01 05 00 04 01 05 00 04 01 05 00 01 01 E0 00 .byte $04, $00, $04, $01, $05, $00, $04, $01, $05, $00, $04, $01, $05, $00, $01, $01, $E0, $00
12F0        asset_rle_5:
12F0  FF 00 01 00 .byte $FF, $00, $01, $00
12F4        asset_rle_7:
12F4  90 00 30 01 .byte $90, $00, $30, $01
