0810  A9 93       LDA #$93
0812  20 D2 FF    JSR $FFD2
0815  A9 00       LDA #$00
0817  8D 20 D0    STA $D020
081A  A9 06       LDA #$06
081C  8D 21 D0    STA $D021
081F  A9 01       LDA #$01
0821  8D 86 02    STA $0286
0824  A2 00       LDX #$00
0826        printat_loop_0:
0826  BD F3 08    LDA str_screen_0,X
0829  F0 0B       BEQ printat_done_1
082B  9D 00 04    STA $0400,X
082E  A9 01       LDA #$01
0830  9D 00 D8    STA $D800,X
0833  E8          INX
0834  D0 F0       BNE printat_loop_0
0836        printat_done_1:
0836  A2 00       LDX #$00
0838        printat_loop_2:
0838  BD 08 09    LDA str_screen_1,X
083B  F0 0B       BEQ printat_done_3
083D  9D 50 04    STA $0450,X
0840  A9 01       LDA #$01
0842  9D 50 D8    STA $D850,X
0845  E8          INX
0846  D0 F0       BNE printat_loop_2
0848        printat_done_3:
0848  A2 00       LDX #$00
084A        printat_loop_4:
084A  BD 27 09    LDA str_screen_2,X
084D  F0 0B       BEQ printat_done_5
084F  9D A0 04    STA $04A0,X
0852  A9 01       LDA #$01
0854  9D A0 D8    STA $D8A0,X
0857  E8          INX
0858  D0 F0       BNE printat_loop_4
085A        printat_done_5:
085A  A2 00       LDX #$00
085C        printat_loop_6:
085C  BD 46 09    LDA str_screen_3,X
085F  F0 0B       BEQ printat_done_7
0861  9D F0 04    STA $04F0,X
0864  A9 01       LDA #$01
0866  9D F0 D8    STA $D8F0,X
0869  E8          INX
086A  D0 F0       BNE printat_loop_6
086C        printat_done_7:
086C  A9 00       LDA #$00
086E  8D FE C0    STA $C0FE
0871  78          SEI
0872  A9 01       LDA #$01
0874  8D 1A D0    STA $D01A
0877  A9 01       LDA #$01
0879  8D 19 D0    STA $D019
087C  A9 F5       LDA #$F5
087E  8D 12 D0    STA $D012
0881  AD 11 D0    LDA $D011
0884  29 7F       AND #$7F
0886  8D 11 D0    STA $D011
0889  A9 9C       LDA #<irq_dispatch
088B  8D 14 03    STA $0314
088E  A9 08       LDA #>irq_dispatch
0890  8D 15 03    STA $0315
0893  58          CLI
0894  A9 05       LDA #$05
0896  8D 01 C0    STA $C001
0899  4C F2 08    JMP program_end
            ; Raster IRQ dispatcher
089C        irq_dispatch:
089C  48          PHA
089D  8A          TXA
089E  48          PHA
089F  98          TYA
08A0  48          PHA
08A1  AD 19 D0    LDA $D019
08A4  29 01       AND #$01
08A6  D0 08       BNE irq_dispatch_vic_raster
08A8  68          PLA
08A9  A8          TAY
08AA  68          PLA
08AB  AA          TAX
08AC  68          PLA
08AD  4C 31 EA    JMP $EA31
08B0        irq_dispatch_vic_raster:
08B0  A9 01       LDA #$01
08B2  8D 19 D0    STA $D019
08B5  AD FE C0    LDA $C0FE
08B8  C9 00       CMP #$00
08BA  F0 03       BEQ irq_dispatch_match_0
08BC  4C C2 08    JMP irq_dispatch_next_0
08BF        irq_dispatch_match_0:
08BF  4C C5 08    JMP irq_handler_0
08C2        irq_dispatch_next_0:
08C2  4C C5 08    JMP irq_handler_0
08C5        irq_handler_0:
08C5  AD 01 C0    LDA $C001
08C8  18          CLC
08C9  69 01       ADC #$01
08CB  29 0F       AND #$0F
08CD  8D 01 C0    STA $C001
08D0  8D 20 D0    STA $D020
08D3  49 0F       EOR #$0F
08D5  8D 21 D0    STA $D021
08D8  A9 00       LDA #$00
08DA  8D FE C0    STA $C0FE
08DD  A9 F5       LDA #$F5
08DF  8D 12 D0    STA $D012
08E2  AD 11 D0    LDA $D011
08E5  29 7F       AND #$7F
08E7  8D 11 D0    STA $D011
08EA  68          PLA
08EB  A8          TAY
08EC  68          PLA
08ED  AA          TAX
08EE  68          PLA
08EF  4C 81 EA    JMP $EA81
08F2        program_end:
08F2  60          RTS
            ; String pool
08F3        str_screen_0:
08F3  0A 13 2D 03 36 34 20 16 09 03 05 20 13 08 0F 17 03 01 13 05 00 .byte $0A, $13, $2D, $03, $36, $34, $20, $16, $09, $03, $05, $20, $13, $08, $0F, $17, $03, $01, $13, $05, $00
0908        str_screen_1:
0908  09 12 11 20 04 05 0D 0F 20 12 15 0E 0E 09 0E 07 20 09 0E 20 02 01 03 0B 07 12 0F 15 0E 04 00 .byte $09, $12, $11, $20, $04, $05, $0D, $0F, $20, $12, $15, $0E, $0E, $09, $0E, $07, $20, $09, $0E, $20, $02, $01, $03, $0B, $07, $12, $0F, $15, $0E, $04, $00
0927        str_screen_2:
0927  12 05 01 04 19 20 13 08 0F 15 0C 04 20 12 05 0D 01 09 0E 20 12 05 13 10 0F 0E 13 09 16 05 00 .byte $12, $05, $01, $04, $19, $20, $13, $08, $0F, $15, $0C, $04, $20, $12, $05, $0D, $01, $09, $0E, $20, $12, $05, $13, $10, $0F, $0E, $13, $09, $16, $05, $00
0946        str_screen_3:
0946  02 0F 12 04 05 12 20 01 0E 04 20 02 07 20 0B 05 05 10 20 03 19 03 0C 09 0E 07 00 .byte $02, $0F, $12, $04, $05, $12, $20, $01, $0E, $04, $20, $02, $07, $20, $0B, $05, $05, $10, $20, $03, $19, $03, $0C, $09, $0E, $07, $00
